Apache Maven 3.3.9 (bb52d8502b132ec0a5a3f4c09453c07478323dc5; 2015-11-10T18:41:47+02:00)
Maven home: /Users/timwhelan/apache-maven-3.3.9
Java version: 1.7.0_79, vendor: Oracle Corporation
Java home: /Library/Java/JavaVirtualMachines/jdk1.7.0_79.jdk/Contents/Home/jre
Default locale: en_US, platform encoding: UTF-8
OS name: "mac os x", version: "10.11.3", arch: "x86_64", family: "mac"
[DEBUG] Created new class realm maven.api
[DEBUG] Importing foreign packages into class realm maven.api
[DEBUG]   Imported: javax.enterprise.inject.* < plexus.core
[DEBUG]   Imported: javax.enterprise.util.* < plexus.core
[DEBUG]   Imported: javax.inject.* < plexus.core
[DEBUG]   Imported: org.apache.maven.* < plexus.core
[DEBUG]   Imported: org.apache.maven.artifact < plexus.core
[DEBUG]   Imported: org.apache.maven.classrealm < plexus.core
[DEBUG]   Imported: org.apache.maven.cli < plexus.core
[DEBUG]   Imported: org.apache.maven.configuration < plexus.core
[DEBUG]   Imported: org.apache.maven.exception < plexus.core
[DEBUG]   Imported: org.apache.maven.execution < plexus.core
[DEBUG]   Imported: org.apache.maven.execution.scope < plexus.core
[DEBUG]   Imported: org.apache.maven.lifecycle < plexus.core
[DEBUG]   Imported: org.apache.maven.model < plexus.core
[DEBUG]   Imported: org.apache.maven.monitor < plexus.core
[DEBUG]   Imported: org.apache.maven.plugin < plexus.core
[DEBUG]   Imported: org.apache.maven.profiles < plexus.core
[DEBUG]   Imported: org.apache.maven.project < plexus.core
[DEBUG]   Imported: org.apache.maven.reporting < plexus.core
[DEBUG]   Imported: org.apache.maven.repository < plexus.core
[DEBUG]   Imported: org.apache.maven.rtinfo < plexus.core
[DEBUG]   Imported: org.apache.maven.settings < plexus.core
[DEBUG]   Imported: org.apache.maven.toolchain < plexus.core
[DEBUG]   Imported: org.apache.maven.usability < plexus.core
[DEBUG]   Imported: org.apache.maven.wagon.* < plexus.core
[DEBUG]   Imported: org.apache.maven.wagon.authentication < plexus.core
[DEBUG]   Imported: org.apache.maven.wagon.authorization < plexus.core
[DEBUG]   Imported: org.apache.maven.wagon.events < plexus.core
[DEBUG]   Imported: org.apache.maven.wagon.observers < plexus.core
[DEBUG]   Imported: org.apache.maven.wagon.proxy < plexus.core
[DEBUG]   Imported: org.apache.maven.wagon.repository < plexus.core
[DEBUG]   Imported: org.apache.maven.wagon.resource < plexus.core
[DEBUG]   Imported: org.codehaus.classworlds < plexus.core
[DEBUG]   Imported: org.codehaus.plexus.* < plexus.core
[DEBUG]   Imported: org.codehaus.plexus.classworlds < plexus.core
[DEBUG]   Imported: org.codehaus.plexus.component < plexus.core
[DEBUG]   Imported: org.codehaus.plexus.configuration < plexus.core
[DEBUG]   Imported: org.codehaus.plexus.container < plexus.core
[DEBUG]   Imported: org.codehaus.plexus.context < plexus.core
[DEBUG]   Imported: org.codehaus.plexus.lifecycle < plexus.core
[DEBUG]   Imported: org.codehaus.plexus.logging < plexus.core
[DEBUG]   Imported: org.codehaus.plexus.personality < plexus.core
[DEBUG]   Imported: org.codehaus.plexus.util.xml.Xpp3Dom < plexus.core
[DEBUG]   Imported: org.codehaus.plexus.util.xml.pull.XmlPullParser < plexus.core
[DEBUG]   Imported: org.codehaus.plexus.util.xml.pull.XmlPullParserException < plexus.core
[DEBUG]   Imported: org.codehaus.plexus.util.xml.pull.XmlSerializer < plexus.core
[DEBUG]   Imported: org.eclipse.aether.* < plexus.core
[DEBUG]   Imported: org.eclipse.aether.artifact < plexus.core
[DEBUG]   Imported: org.eclipse.aether.collection < plexus.core
[DEBUG]   Imported: org.eclipse.aether.deployment < plexus.core
[DEBUG]   Imported: org.eclipse.aether.graph < plexus.core
[DEBUG]   Imported: org.eclipse.aether.impl < plexus.core
[DEBUG]   Imported: org.eclipse.aether.installation < plexus.core
[DEBUG]   Imported: org.eclipse.aether.internal.impl < plexus.core
[DEBUG]   Imported: org.eclipse.aether.metadata < plexus.core
[DEBUG]   Imported: org.eclipse.aether.repository < plexus.core
[DEBUG]   Imported: org.eclipse.aether.resolution < plexus.core
[DEBUG]   Imported: org.eclipse.aether.spi < plexus.core
[DEBUG]   Imported: org.eclipse.aether.transfer < plexus.core
[DEBUG]   Imported: org.eclipse.aether.version < plexus.core
[DEBUG]   Imported: org.slf4j.* < plexus.core
[DEBUG]   Imported: org.slf4j.helpers.* < plexus.core
[DEBUG]   Imported: org.slf4j.spi.* < plexus.core
[DEBUG] Populating class realm maven.api
[INFO] Error stacktraces are turned on.
[DEBUG] Reading global settings from /Users/timwhelan/apache-maven-3.3.9/conf/settings.xml
[DEBUG] Reading user settings from /Users/timwhelan/.m2/settings.xml
[DEBUG] Reading global toolchains from /Users/timwhelan/apache-maven-3.3.9/conf/toolchains.xml
[DEBUG] Reading user toolchains from /Users/timwhelan/.m2/toolchains.xml
[DEBUG] Using local repository at /Users/timwhelan/.m2/repository
[DEBUG] Using manager EnhancedLocalRepositoryManager with priority 10.0 for /Users/timwhelan/.m2/repository
[INFO] Scanning for projects...
[DEBUG] Extension realms for project io.electrum:giftcard-service-test-pack:jar:1.0.0: (none)
[DEBUG] Looking up lifecyle mappings for packaging jar from ClassRealm[plexus.core, parent: null]
[DEBUG] === REACTOR BUILD PLAN ================================================
[DEBUG] Project: io.electrum:giftcard-service-test-pack:jar:1.0.0
[DEBUG] Tasks:   [clean, install]
[DEBUG] Style:   Regular
[DEBUG] =======================================================================
[INFO]                                                                         
[INFO] ------------------------------------------------------------------------
[INFO] Building Giftcard Test Pack 1.0.0
[INFO] ------------------------------------------------------------------------
[DEBUG] Lifecycle default -> [validate, initialize, generate-sources, process-sources, generate-resources, process-resources, compile, process-classes, generate-test-sources, process-test-sources, generate-test-resources, process-test-resources, test-compile, process-test-classes, test, prepare-package, package, pre-integration-test, integration-test, post-integration-test, verify, install, deploy]
[DEBUG] Lifecycle clean -> [pre-clean, clean, post-clean]
[DEBUG] Lifecycle site -> [pre-site, site, post-site, site-deploy]
[DEBUG] Lifecycle default -> [validate, initialize, generate-sources, process-sources, generate-resources, process-resources, compile, process-classes, generate-test-sources, process-test-sources, generate-test-resources, process-test-resources, test-compile, process-test-classes, test, prepare-package, package, pre-integration-test, integration-test, post-integration-test, verify, install, deploy]
[DEBUG] Lifecycle clean -> [pre-clean, clean, post-clean]
[DEBUG] Lifecycle site -> [pre-site, site, post-site, site-deploy]
[DEBUG] Lifecycle default -> [validate, initialize, generate-sources, process-sources, generate-resources, process-resources, compile, process-classes, generate-test-sources, process-test-sources, generate-test-resources, process-test-resources, test-compile, process-test-classes, test, prepare-package, package, pre-integration-test, integration-test, post-integration-test, verify, install, deploy]
[DEBUG] Lifecycle clean -> [pre-clean, clean, post-clean]
[DEBUG] Lifecycle site -> [pre-site, site, post-site, site-deploy]
[DEBUG] Lifecycle default -> [validate, initialize, generate-sources, process-sources, generate-resources, process-resources, compile, process-classes, generate-test-sources, process-test-sources, generate-test-resources, process-test-resources, test-compile, process-test-classes, test, prepare-package, package, pre-integration-test, integration-test, post-integration-test, verify, install, deploy]
[DEBUG] Lifecycle clean -> [pre-clean, clean, post-clean]
[DEBUG] Lifecycle site -> [pre-site, site, post-site, site-deploy]
[DEBUG] Lifecycle default -> [validate, initialize, generate-sources, process-sources, generate-resources, process-resources, compile, process-classes, generate-test-sources, process-test-sources, generate-test-resources, process-test-resources, test-compile, process-test-classes, test, prepare-package, package, pre-integration-test, integration-test, post-integration-test, verify, install, deploy]
[DEBUG] Lifecycle clean -> [pre-clean, clean, post-clean]
[DEBUG] Lifecycle site -> [pre-site, site, post-site, site-deploy]
[DEBUG] Lifecycle default -> [validate, initialize, generate-sources, process-sources, generate-resources, process-resources, compile, process-classes, generate-test-sources, process-test-sources, generate-test-resources, process-test-resources, test-compile, process-test-classes, test, prepare-package, package, pre-integration-test, integration-test, post-integration-test, verify, install, deploy]
[DEBUG] Lifecycle clean -> [pre-clean, clean, post-clean]
[DEBUG] Lifecycle site -> [pre-site, site, post-site, site-deploy]
[DEBUG] Lifecycle default -> [validate, initialize, generate-sources, process-sources, generate-resources, process-resources, compile, process-classes, generate-test-sources, process-test-sources, generate-test-resources, process-test-resources, test-compile, process-test-classes, test, prepare-package, package, pre-integration-test, integration-test, post-integration-test, verify, install, deploy]
[DEBUG] Lifecycle clean -> [pre-clean, clean, post-clean]
[DEBUG] Lifecycle site -> [pre-site, site, post-site, site-deploy]
[DEBUG] Lifecycle default -> [validate, initialize, generate-sources, process-sources, generate-resources, process-resources, compile, process-classes, generate-test-sources, process-test-sources, generate-test-resources, process-test-resources, test-compile, process-test-classes, test, prepare-package, package, pre-integration-test, integration-test, post-integration-test, verify, install, deploy]
[DEBUG] Lifecycle clean -> [pre-clean, clean, post-clean]
[DEBUG] Lifecycle site -> [pre-site, site, post-site, site-deploy]
[DEBUG] Lifecycle default -> [validate, initialize, generate-sources, process-sources, generate-resources, process-resources, compile, process-classes, generate-test-sources, process-test-sources, generate-test-resources, process-test-resources, test-compile, process-test-classes, test, prepare-package, package, pre-integration-test, integration-test, post-integration-test, verify, install, deploy]
[DEBUG] Lifecycle clean -> [pre-clean, clean, post-clean]
[DEBUG] Lifecycle site -> [pre-site, site, post-site, site-deploy]
[DEBUG] Lifecycle default -> [validate, initialize, generate-sources, process-sources, generate-resources, process-resources, compile, process-classes, generate-test-sources, process-test-sources, generate-test-resources, process-test-resources, test-compile, process-test-classes, test, prepare-package, package, pre-integration-test, integration-test, post-integration-test, verify, install, deploy]
[DEBUG] Lifecycle clean -> [pre-clean, clean, post-clean]
[DEBUG] Lifecycle site -> [pre-site, site, post-site, site-deploy]
[DEBUG] Lifecycle default -> [validate, initialize, generate-sources, process-sources, generate-resources, process-resources, compile, process-classes, generate-test-sources, process-test-sources, generate-test-resources, process-test-resources, test-compile, process-test-classes, test, prepare-package, package, pre-integration-test, integration-test, post-integration-test, verify, install, deploy]
[DEBUG] Lifecycle clean -> [pre-clean, clean, post-clean]
[DEBUG] Lifecycle site -> [pre-site, site, post-site, site-deploy]
[DEBUG] === PROJECT BUILD PLAN ================================================
[DEBUG] Project:       io.electrum:giftcard-service-test-pack:1.0.0
[DEBUG] Dependencies (collect): []
[DEBUG] Dependencies (resolve): [compile, compile+runtime, runtime, test]
[DEBUG] Repositories (dependencies): [central (https://electrum.artifactoryonline.com/electrum/libs-release, default, releases), snapshots (https://electrum.artifactoryonline.com/electrum/libs-snapshot, default, releases+snapshots)]
[DEBUG] Repositories (plugins)     : [central (https://electrum.artifactoryonline.com/electrum/plugins-release, default, releases), snapshots (https://electrum.artifactoryonline.com/electrum/plugins-snapshot, default, releases+snapshots)]
[DEBUG] -----------------------------------------------------------------------
[DEBUG] Goal:          org.apache.maven.plugins:maven-clean-plugin:2.5:clean (default-clean)
[DEBUG] Style:         Regular
[DEBUG] Configuration: <?xml version="1.0" encoding="UTF-8"?>
<configuration>
  <directory default-value="${project.build.directory}"/>
  <excludeDefaultDirectories default-value="false">${clean.excludeDefaultDirectories}</excludeDefaultDirectories>
  <failOnError default-value="true">${maven.clean.failOnError}</failOnError>
  <followSymLinks default-value="false">${clean.followSymLinks}</followSymLinks>
  <outputDirectory default-value="${project.build.outputDirectory}"/>
  <reportDirectory default-value="${project.reporting.outputDirectory}"/>
  <retryOnError default-value="true">${maven.clean.retryOnError}</retryOnError>
  <skip default-value="false">${clean.skip}</skip>
  <testOutputDirectory default-value="${project.build.testOutputDirectory}"/>
  <verbose>${clean.verbose}</verbose>
</configuration>
[DEBUG] -----------------------------------------------------------------------
[DEBUG] Goal:          org.apache.maven.plugins:maven-resources-plugin:2.7:resources (default-resources)
[DEBUG] Style:         Regular
[DEBUG] Configuration: <?xml version="1.0" encoding="UTF-8"?>
<configuration>
  <buildFilters default-value="${project.build.filters}"/>
  <encoding default-value="${project.build.sourceEncoding}">${encoding}</encoding>
  <escapeString>${maven.resources.escapeString}</escapeString>
  <escapeWindowsPaths default-value="true">${maven.resources.escapeWindowsPaths}</escapeWindowsPaths>
  <includeEmptyDirs default-value="false">${maven.resources.includeEmptyDirs}</includeEmptyDirs>
  <outputDirectory default-value="${project.build.outputDirectory}"/>
  <overwrite default-value="false">${maven.resources.overwrite}</overwrite>
  <project default-value="${project}"/>
  <resources default-value="${project.resources}"/>
  <session default-value="${session}"/>
  <supportMultiLineFiltering default-value="false">${maven.resources.supportMultiLineFiltering}</supportMultiLineFiltering>
  <useBuildFilters default-value="true"/>
  <useDefaultDelimiters default-value="true"/>
</configuration>
[DEBUG] -----------------------------------------------------------------------
[DEBUG] Goal:          org.apache.maven.plugins:maven-compiler-plugin:3.1:compile (default-compile)
[DEBUG] Style:         Regular
[DEBUG] Configuration: <?xml version="1.0" encoding="UTF-8"?>
<configuration>
  <basedir default-value="${basedir}"/>
  <buildDirectory default-value="${project.build.directory}"/>
  <classpathElements default-value="${project.compileClasspathElements}"/>
  <compileSourceRoots default-value="${project.compileSourceRoots}"/>
  <compilerId default-value="javac">${maven.compiler.compilerId}</compilerId>
  <compilerReuseStrategy default-value="${reuseCreated}">${maven.compiler.compilerReuseStrategy}</compilerReuseStrategy>
  <compilerVersion>${maven.compiler.compilerVersion}</compilerVersion>
  <debug default-value="true">${maven.compiler.debug}</debug>
  <debuglevel>${maven.compiler.debuglevel}</debuglevel>
  <encoding default-value="${project.build.sourceEncoding}">${encoding}</encoding>
  <executable>${maven.compiler.executable}</executable>
  <failOnError default-value="true">${maven.compiler.failOnError}</failOnError>
  <forceJavacCompilerUse default-value="false">${maven.compiler.forceJavacCompilerUse}</forceJavacCompilerUse>
  <fork default-value="false">${maven.compiler.fork}</fork>
  <generatedSourcesDirectory default-value="${project.build.directory}/generated-sources/annotations"/>
  <maxmem>${maven.compiler.maxmem}</maxmem>
  <meminitial>${maven.compiler.meminitial}</meminitial>
  <mojoExecution>${mojoExecution}</mojoExecution>
  <optimize default-value="false">${maven.compiler.optimize}</optimize>
  <outputDirectory default-value="${project.build.outputDirectory}"/>
  <projectArtifact default-value="${project.artifact}"/>
  <showDeprecation default-value="false">${maven.compiler.showDeprecation}</showDeprecation>
  <showWarnings default-value="false">${maven.compiler.showWarnings}</showWarnings>
  <skipMain>${maven.main.skip}</skipMain>
  <skipMultiThreadWarning default-value="false">${maven.compiler.skipMultiThreadWarning}</skipMultiThreadWarning>
  <source default-value="1.5">1.7</source>
  <staleMillis default-value="0">${lastModGranularityMs}</staleMillis>
  <target default-value="1.5">1.7</target>
  <useIncrementalCompilation default-value="true">${maven.compiler.useIncrementalCompilation}</useIncrementalCompilation>
  <verbose default-value="false">${maven.compiler.verbose}</verbose>
  <mavenSession default-value="${session}"/>
  <session default-value="${session}"/>
</configuration>
[DEBUG] -----------------------------------------------------------------------
[DEBUG] Goal:          com.github.kongchen:swagger-maven-plugin:3.1.3:generate (default)
[DEBUG] Style:         Regular
[DEBUG] Configuration: <?xml version="1.0" encoding="UTF-8"?>
<configuration>
  <apiSources>
    <apiSource>
      <typesToSkip>
        <typeToSkip>io.electrum.giftcard.api.model.ActivationConfirmation</typeToSkip>
        <typeToSkip>io.electrum.giftcard.api.model.Card</typeToSkip>
        <typeToSkip>io.electrum.giftcard.api.model.LoadResponse</typeToSkip>
        <typeToSkip>io.electrum.giftcard.api.model.PosInfo</typeToSkip>
        <typeToSkip>io.electrum.giftcard.api.model.RedemptionReversal</typeToSkip>
        <typeToSkip>io.electrum.giftcard.api.model.VoidReversal</typeToSkip>
        <typeToSkip>io.electrum.giftcard.api.model.ActivationRequest</typeToSkip>
        <typeToSkip>io.electrum.giftcard.api.model.ErrorDetail</typeToSkip>
        <typeToSkip>io.electrum.giftcard.api.model.LoadReversal</typeToSkip>
        <typeToSkip>io.electrum.giftcard.api.model.Product</typeToSkip>
        <typeToSkip>io.electrum.giftcard.api.model.SlipData</typeToSkip>
        <typeToSkip>io.electrum.giftcard.api.model.ActivationResponse</typeToSkip>
        <typeToSkip>io.electrum.giftcard.api.model.Item</typeToSkip>
        <typeToSkip>io.electrum.giftcard.api.model.LookupRequest</typeToSkip>
        <typeToSkip>io.electrum.giftcard.api.model.RedemptionConfirmation</typeToSkip>
        <typeToSkip>io.electrum.giftcard.api.model.VoidConfirmation</typeToSkip>
        <typeToSkip>io.electrum.giftcard.api.model.ActivationReversal</typeToSkip>
        <typeToSkip>io.electrum.giftcard.api.model.LoadConfirmation</typeToSkip>
        <typeToSkip>io.electrum.giftcard.api.model.LookupResponse</typeToSkip>
        <typeToSkip>io.electrum.giftcard.api.model.RedemptionRequest</typeToSkip>
        <typeToSkip>io.electrum.giftcard.api.model.VoidRequest</typeToSkip>
        <typeToSkip>io.electrum.giftcard.api.model.Basket</typeToSkip>
        <typeToSkip>io.electrum.giftcard.api.model.LoadRequest</typeToSkip>
        <typeToSkip>io.electrum.giftcard.api.model.PosEntryMode</typeToSkip>
        <typeToSkip>io.electrum.giftcard.api.model.RedemptionResponse</typeToSkip>
        <typeToSkip>io.electrum.giftcard.api.model.VoidResponse</typeToSkip>
        <typeToSkip>io.electrum.vas.model.Amounts</typeToSkip>
        <typeToSkip>io.electrum.vas.model.BasicReversal</typeToSkip>
        <typeToSkip>io.electrum.vas.model.Institution</typeToSkip>
        <typeToSkip>io.electrum.vas.model.Merchant</typeToSkip>
        <typeToSkip>io.electrum.vas.model.Originator</typeToSkip>
        <typeToSkip>io.electrum.vas.model.TenderAdvice</typeToSkip>
        <typeToSkip>io.electrum.vas.model.Transaction</typeToSkip>
        <typeToSkip>io.electrum.vas.model.BasicAdvice</typeToSkip>
        <typeToSkip>io.electrum.vas.model.Customer</typeToSkip>
        <typeToSkip>io.electrum.vas.model.LedgerAmount</typeToSkip>
        <typeToSkip>io.electrum.vas.model.MerchantName</typeToSkip>
        <typeToSkip>io.electrum.vas.model.Tender</typeToSkip>
        <typeToSkip>io.electrum.vas.model.ThirdPartyIdentifier</typeToSkip>
      </typesToSkip>
      <apiModelPropertyAccessExclusions>
        <apiModelPropertyAccessExclusion>core-property</apiModelPropertyAccessExclusion>
      </apiModelPropertyAccessExclusions>
      <springmvc>false</springmvc>
      <locations>io.electrum.giftcard.server.api</locations>
      <schemes>https</schemes>
      <host>sandbox.electrum.io</host>
      <basePath>/giftcard/v2</basePath>
      <info>
        <title>Giftcard Service Interface Test Server</title>
        <version>1.0.0</version>
        <description>The Electrum Giftcard Service Interface Test Server expands upon the API described in the Electrum Giftcard Service Interface.
                  This expansion does not form part of the core Giftcard Service Interface but is described here for the benefit of anyone making use
                  of the Giftcard Service Interface Test Server.</description>
        <contact>
          <email>support@electrum.co.za</email>
          <name>Electrum Support</name>
          <url>http://io.electrum</url>
        </contact>
        <license>
          <url>http://www.apache.org/licenses/LICENSE-2.0.html</url>
          <name>Apache 2.0</name>
        </license>
      </info>
      <securityDefinitions>
        <securityDefinition>
          <name>httpBasic</name>
          <type>basic</type>
          <description>All requests require HTTP basic authentication, where user name equals the value used in
                    Originator.Institution.id and password has been agreed with Electrum.</description>
        </securityDefinition>
      </securityDefinitions>
      <templatePath>/Users/timwhelan/Documents/workspace/giftcard-service-test-pack/src/docs/devguide/handlebars-templates/swaggerfile.hbs</templatePath>
      <outputPath>/Users/timwhelan/Documents/workspace/giftcard-service-test-pack/target/devguide/testing/specification.md</outputPath>
      <outputFormats>yaml</outputFormats>
      <swaggerDirectory>/Users/timwhelan/Documents/workspace/giftcard-service-test-pack/target/swagger</swaggerDirectory>
    </apiSource>
  </apiSources>
  <project default-value="${project}"/>
  <skipSwaggerGeneration default-value="false"/>
</configuration>
[DEBUG] -----------------------------------------------------------------------
[DEBUG] Goal:          org.apache.maven.plugins:maven-resources-plugin:2.7:testResources (default-testResources)
[DEBUG] Style:         Regular
[DEBUG] Configuration: <?xml version="1.0" encoding="UTF-8"?>
<configuration>
  <buildFilters default-value="${project.build.filters}"/>
  <encoding default-value="${project.build.sourceEncoding}">${encoding}</encoding>
  <escapeString>${maven.resources.escapeString}</escapeString>
  <escapeWindowsPaths default-value="true">${maven.resources.escapeWindowsPaths}</escapeWindowsPaths>
  <includeEmptyDirs default-value="false">${maven.resources.includeEmptyDirs}</includeEmptyDirs>
  <outputDirectory default-value="${project.build.testOutputDirectory}"/>
  <overwrite default-value="false">${maven.resources.overwrite}</overwrite>
  <project default-value="${project}"/>
  <resources default-value="${project.testResources}"/>
  <session default-value="${session}"/>
  <skip>${maven.test.skip}</skip>
  <supportMultiLineFiltering default-value="false">${maven.resources.supportMultiLineFiltering}</supportMultiLineFiltering>
  <useBuildFilters default-value="true"/>
  <useDefaultDelimiters default-value="true"/>
</configuration>
[DEBUG] -----------------------------------------------------------------------
[DEBUG] Goal:          org.apache.maven.plugins:maven-compiler-plugin:3.1:testCompile (default-testCompile)
[DEBUG] Style:         Regular
[DEBUG] Configuration: <?xml version="1.0" encoding="UTF-8"?>
<configuration>
  <basedir default-value="${basedir}"/>
  <buildDirectory default-value="${project.build.directory}"/>
  <classpathElements default-value="${project.testClasspathElements}"/>
  <compileSourceRoots default-value="${project.testCompileSourceRoots}"/>
  <compilerId default-value="javac">${maven.compiler.compilerId}</compilerId>
  <compilerReuseStrategy default-value="${reuseCreated}">${maven.compiler.compilerReuseStrategy}</compilerReuseStrategy>
  <compilerVersion>${maven.compiler.compilerVersion}</compilerVersion>
  <debug default-value="true">${maven.compiler.debug}</debug>
  <debuglevel>${maven.compiler.debuglevel}</debuglevel>
  <encoding default-value="${project.build.sourceEncoding}">${encoding}</encoding>
  <executable>${maven.compiler.executable}</executable>
  <failOnError default-value="true">${maven.compiler.failOnError}</failOnError>
  <forceJavacCompilerUse default-value="false">${maven.compiler.forceJavacCompilerUse}</forceJavacCompilerUse>
  <fork default-value="false">${maven.compiler.fork}</fork>
  <generatedTestSourcesDirectory default-value="${project.build.directory}/generated-test-sources/test-annotations"/>
  <maxmem>${maven.compiler.maxmem}</maxmem>
  <meminitial>${maven.compiler.meminitial}</meminitial>
  <mojoExecution>${mojoExecution}</mojoExecution>
  <optimize default-value="false">${maven.compiler.optimize}</optimize>
  <outputDirectory default-value="${project.build.testOutputDirectory}"/>
  <showDeprecation default-value="false">${maven.compiler.showDeprecation}</showDeprecation>
  <showWarnings default-value="false">${maven.compiler.showWarnings}</showWarnings>
  <skip>${maven.test.skip}</skip>
  <skipMultiThreadWarning default-value="false">${maven.compiler.skipMultiThreadWarning}</skipMultiThreadWarning>
  <source default-value="1.5">1.7</source>
  <staleMillis default-value="0">${lastModGranularityMs}</staleMillis>
  <target default-value="1.5">1.7</target>
  <testSource>${maven.compiler.testSource}</testSource>
  <testTarget>${maven.compiler.testTarget}</testTarget>
  <useIncrementalCompilation default-value="true">${maven.compiler.useIncrementalCompilation}</useIncrementalCompilation>
  <verbose default-value="false">${maven.compiler.verbose}</verbose>
  <mavenSession default-value="${session}"/>
  <session default-value="${session}"/>
</configuration>
[DEBUG] -----------------------------------------------------------------------
[DEBUG] Goal:          org.apache.maven.plugins:maven-surefire-plugin:2.12.4:test (default-test)
[DEBUG] Style:         Regular
[DEBUG] Configuration: <?xml version="1.0" encoding="UTF-8"?>
<configuration>
  <argLine>${argLine}</argLine>
  <basedir default-value="${basedir}"/>
  <childDelegation default-value="false">${childDelegation}</childDelegation>
  <classesDirectory default-value="${project.build.outputDirectory}"/>
  <debugForkedProcess>${maven.surefire.debug}</debugForkedProcess>
  <disableXmlReport default-value="false">${disableXmlReport}</disableXmlReport>
  <enableAssertions default-value="true">${enableAssertions}</enableAssertions>
  <excludedGroups>${excludedGroups}</excludedGroups>
  <failIfNoSpecifiedTests>${surefire.failIfNoSpecifiedTests}</failIfNoSpecifiedTests>
  <failIfNoTests>${failIfNoTests}</failIfNoTests>
  <forkMode default-value="once">${forkMode}</forkMode>
  <forkedProcessTimeoutInSeconds>${surefire.timeout}</forkedProcessTimeoutInSeconds>
  <groups>${groups}</groups>
  <junitArtifactName default-value="junit:junit">${junitArtifactName}</junitArtifactName>
  <jvm>${jvm}</jvm>
  <localRepository default-value="${localRepository}"/>
  <objectFactory>${objectFactory}</objectFactory>
  <parallel>${parallel}</parallel>
  <parallelMavenExecution default-value="${session.parallel}"/>
  <perCoreThreadCount default-value="true">${perCoreThreadCount}</perCoreThreadCount>
  <pluginArtifactMap>${plugin.artifactMap}</pluginArtifactMap>
  <pluginDescriptor default-value="${plugin}"/>
  <printSummary default-value="true">${surefire.printSummary}</printSummary>
  <projectArtifactMap>${project.artifactMap}</projectArtifactMap>
  <redirectTestOutputToFile default-value="false">${maven.test.redirectTestOutputToFile}</redirectTestOutputToFile>
  <remoteRepositories default-value="${project.pluginArtifactRepositories}"/>
  <reportFormat default-value="brief">${surefire.reportFormat}</reportFormat>
  <reportNameSuffix default-value="">${surefire.reportNameSuffix}</reportNameSuffix>
  <reportsDirectory default-value="${project.build.directory}/surefire-reports"/>
  <runOrder default-value="filesystem"/>
  <skip default-value="false">${maven.test.skip}</skip>
  <skipExec>${maven.test.skip.exec}</skipExec>
  <skipTests default-value="false">${skipTests}</skipTests>
  <test>${test}</test>
  <testClassesDirectory default-value="${project.build.testOutputDirectory}"/>
  <testFailureIgnore default-value="false">${maven.test.failure.ignore}</testFailureIgnore>
  <testNGArtifactName default-value="org.testng:testng">${testNGArtifactName}</testNGArtifactName>
  <testSourceDirectory default-value="${project.build.testSourceDirectory}"/>
  <threadCount>${threadCount}</threadCount>
  <trimStackTrace default-value="true">${trimStackTrace}</trimStackTrace>
  <useFile default-value="true">${surefire.useFile}</useFile>
  <useManifestOnlyJar default-value="true">${surefire.useManifestOnlyJar}</useManifestOnlyJar>
  <useSystemClassLoader default-value="true">${surefire.useSystemClassLoader}</useSystemClassLoader>
  <useUnlimitedThreads default-value="false">${useUnlimitedThreads}</useUnlimitedThreads>
  <workingDirectory>${basedir}</workingDirectory>
  <project default-value="${project}"/>
  <session default-value="${session}"/>
</configuration>
[DEBUG] -----------------------------------------------------------------------
[DEBUG] Goal:          org.apache.maven.plugins:maven-jar-plugin:2.4:jar (default-jar)
[DEBUG] Style:         Regular
[DEBUG] Configuration: <?xml version="1.0" encoding="UTF-8"?>
<configuration>
  <classesDirectory default-value="${project.build.outputDirectory}"/>
  <defaultManifestFile default-value="${project.build.outputDirectory}/META-INF/MANIFEST.MF"/>
  <finalName default-value="${project.build.finalName}">${jar.finalName}</finalName>
  <forceCreation default-value="false">${jar.forceCreation}</forceCreation>
  <outputDirectory default-value="${project.build.directory}"/>
  <project default-value="${project}"/>
  <session default-value="${session}"/>
  <skipIfEmpty default-value="false">${jar.skipIfEmpty}</skipIfEmpty>
  <useDefaultManifestFile default-value="false">${jar.useDefaultManifestFile}</useDefaultManifestFile>
</configuration>
[DEBUG] -----------------------------------------------------------------------
[DEBUG] Goal:          org.apache.maven.plugins:maven-assembly-plugin:2.2-beta-5:single (jar-with-dependencies)
[DEBUG] Style:         Regular
[DEBUG] Configuration: <?xml version="1.0" encoding="UTF-8"?>
<configuration>
  <appendAssemblyId default-value="true">${appendAssemblyId}</appendAssemblyId>
  <archive>
    <manifest>
      <mainClass>io.electrum.giftcard.server.GiftcardTestServerRunner</mainClass>
    </manifest>
  </archive>
  <attach default-value="true">${attach}</attach>
  <basedir default-value="${basedir}"/>
  <classifier>${classifier}</classifier>
  <descriptor>${descriptor}</descriptor>
  <descriptorId>${descriptorId}</descriptorId>
  <descriptorRefs>
    <descriptorRef>jar-with-dependencies</descriptorRef>
  </descriptorRefs>
  <dryRun default-value="false">${assembly.dryRun}</dryRun>
  <finalName default-value="${project.build.finalName}"/>
  <ignoreDirFormatExtensions default-value="true"/>
  <ignoreMissingDescriptor default-value="false">${ignoreMissingDescriptor}</ignoreMissingDescriptor>
  <includeSite default-value="false">${includeSite}</includeSite>
  <localRepository default-value="${localRepository}"/>
  <mavenSession>${session}</mavenSession>
  <outputDirectory default-value="${project.build.directory}"/>
  <project default-value="${project}"/>
  <reactorProjects default-value="${reactorProjects}"/>
  <remoteRepositories default-value="${project.remoteArtifactRepositories}"/>
  <runOnlyAtExecutionRoot default-value="false">${runOnlyAtExecutionRoot}</runOnlyAtExecutionRoot>
  <siteDirectory default-value="${project.reporting.outputDirectory}"/>
  <skipAssembly default-value="false">${skipAssembly}</skipAssembly>
  <tarLongFileMode default-value="warn">${tarLongFileMode}</tarLongFileMode>
  <tempRoot default-value="${project.build.directory}/archive-tmp"/>
  <workDirectory default-value="${project.build.directory}/assembly/work"/>
</configuration>
[DEBUG] -----------------------------------------------------------------------
[DEBUG] Goal:          org.apache.maven.plugins:maven-source-plugin:2.2.1:jar-no-fork (attach-sources)
[DEBUG] Style:         Regular
[DEBUG] Configuration: <?xml version="1.0" encoding="UTF-8"?>
<configuration>
  <attach default-value="true">${attach}</attach>
  <classifier default-value="sources">${maven.source.classifier}</classifier>
  <defaultManifestFile default-value="${project.build.outputDirectory}/META-INF/MANIFEST.MF"/>
  <excludeResources default-value="false">${source.excludeResources}</excludeResources>
  <finalName default-value="${project.build.finalName}"/>
  <forceCreation default-value="false">${source.forceCreation}</forceCreation>
  <includePom default-value="false">${source.includePom}</includePom>
  <outputDirectory default-value="${project.build.directory}"/>
  <project default-value="${project}"/>
  <reactorProjects default-value="${reactorProjects}"/>
  <skipSource default-value="false">${source.skip}</skipSource>
  <useDefaultExcludes default-value="true"/>
  <useDefaultManifestFile default-value="false"/>
</configuration>
[DEBUG] -----------------------------------------------------------------------
[DEBUG] Goal:          org.apache.maven.plugins:maven-javadoc-plugin:2.9:jar (attach-javadocs)
[DEBUG] Style:         Regular
[DEBUG] Configuration: <?xml version="1.0" encoding="UTF-8"?>
<configuration>
  <additionalJOption>${additionalJOption}</additionalJOption>
  <additionalparam>${additionalparam}</additionalparam>
  <aggregate default-value="false">${aggregate}</aggregate>
  <attach default-value="true">${attach}</attach>
  <author default-value="true">${author}</author>
  <bootclasspath>${bootclasspath}</bootclasspath>
  <bootclasspathArtifacts>${bootclasspathArtifacts}</bootclasspathArtifacts>
  <bottom default-value="Copyright &amp;#169; {inceptionYear}-{currentYear} {organizationName}. All Rights Reserved.">${bottom}</bottom>
  <breakiterator default-value="false">${breakiterator}</breakiterator>
  <charset>${charset}</charset>
  <debug default-value="false">${debug}</debug>
  <defaultManifestFile default-value="${project.build.outputDirectory}/META-INF/MANIFEST.MF"/>
  <destDir>${destDir}</destDir>
  <detectJavaApiLink default-value="true">${detectJavaApiLink}</detectJavaApiLink>
  <detectLinks default-value="false">${detectLinks}</detectLinks>
  <detectOfflineLinks default-value="true">${detectOfflineLinks}</detectOfflineLinks>
  <docencoding default-value="${project.reporting.outputEncoding}">${docencoding}</docencoding>
  <docfilessubdirs default-value="false">${docfilessubdirs}</docfilessubdirs>
  <doclet>${doclet}</doclet>
  <docletArtifact>${docletArtifact}</docletArtifact>
  <docletArtifacts>${docletArtifacts}</docletArtifacts>
  <docletPath>${docletPath}</docletPath>
  <doctitle default-value="${project.name} ${project.version} API">${doctitle}</doctitle>
  <encoding default-value="${project.build.sourceEncoding}">${encoding}</encoding>
  <excludePackageNames>${excludePackageNames}</excludePackageNames>
  <excludedocfilessubdir>${excludedocfilessubdir}</excludedocfilessubdir>
  <extdirs>${extdirs}</extdirs>
  <failOnError default-value="true">${maven.javadoc.failOnError}</failOnError>
  <finalName>${project.build.finalName}</finalName>
  <footer>${footer}</footer>
  <groups>${groups}</groups>
  <header>${header}</header>
  <helpfile>${helpfile}</helpfile>
  <includeDependencySources default-value="false"/>
  <includeTransitiveDependencySources default-value="false"/>
  <isOffline default-value="${settings.offline}"/>
  <jarOutputDirectory>${project.build.directory}</jarOutputDirectory>
  <javaApiLinks>${javaApiLinks}</javaApiLinks>
  <javadocDirectory default-value="${basedir}/src/main/javadoc"/>
  <javadocExecutable>${javadocExecutable}</javadocExecutable>
  <javadocOptionsDir default-value="${project.build.directory}/javadoc-bundle-options"/>
  <javadocVersion>${javadocVersion}</javadocVersion>
  <keywords default-value="false">${keywords}</keywords>
  <links>${links}</links>
  <linksource default-value="false">${linksource}</linksource>
  <localRepository>${localRepository}</localRepository>
  <locale>${locale}</locale>
  <maxmemory>${maxmemory}</maxmemory>
  <minmemory>${minmemory}</minmemory>
  <nocomment default-value="false">${nocomment}</nocomment>
  <nodeprecated default-value="false">${nodeprecated}</nodeprecated>
  <nodeprecatedlist default-value="false">${nodeprecatedlist}</nodeprecatedlist>
  <nohelp default-value="false">${nohelp}</nohelp>
  <noindex default-value="false">${noindex}</noindex>
  <nonavbar default-value="false">${nonavbar}</nonavbar>
  <nooverview default-value="false">${nooverview}</nooverview>
  <noqualifier>${noqualifier}</noqualifier>
  <nosince default-value="false">${nosince}</nosince>
  <notimestamp default-value="false">${notimestamp}</notimestamp>
  <notree default-value="false">${notree}</notree>
  <offlineLinks>${offlineLinks}</offlineLinks>
  <old default-value="false">${old}</old>
  <outputDirectory default-value="${project.build.directory}/apidocs">${destDir}</outputDirectory>
  <overview default-value="${basedir}/src/main/javadoc/overview.html">${overview}</overview>
  <packagesheader>${packagesheader}</packagesheader>
  <proxyHost>${proxyHost}</proxyHost>
  <proxyPort>${proxyPort}</proxyPort>
  <quiet default-value="false">${quiet}</quiet>
  <reactorProjects>${reactorProjects}</reactorProjects>
  <remoteRepositories>${project.remoteArtifactRepositories}</remoteRepositories>
  <resourcesArtifacts>${resourcesArtifacts}</resourcesArtifacts>
  <serialwarn default-value="false">${serialwarn}</serialwarn>
  <show default-value="protected">${show}</show>
  <skip default-value="false">${maven.javadoc.skip}</skip>
  <source>${source}</source>
  <sourceDependencyCacheDir default-value="${project.build.directory}/distro-javadoc-sources"/>
  <sourcepath>${sourcepath}</sourcepath>
  <sourcetab>${sourcetab}</sourcetab>
  <splitindex default-value="false">${splitindex}</splitindex>
  <stylesheet default-value="java">${stylesheet}</stylesheet>
  <stylesheetfile>${stylesheetfile}</stylesheetfile>
  <subpackages>${subpackages}</subpackages>
  <taglet>${taglet}</taglet>
  <tagletArtifact>${tagletArtifact}</tagletArtifact>
  <tagletArtifacts>${tagletArtifacts}</tagletArtifacts>
  <tagletpath>${tagletpath}</tagletpath>
  <taglets>${taglets}</taglets>
  <tags>${tags}</tags>
  <top>${top}</top>
  <use default-value="true">${use}</use>
  <useDefaultManifestFile default-value="false"/>
  <useStandardDocletOptions default-value="true">${useStandardDocletOptions}</useStandardDocletOptions>
  <validateLinks default-value="false">${validateLinks}</validateLinks>
  <verbose default-value="false">${verbose}</verbose>
  <version default-value="true">${version}</version>
  <windowtitle default-value="${project.name} ${project.version} API">${windowtitle}</windowtitle>
  <project default-value="${project}"/>
  <session default-value="${session}"/>
  <settings default-value="${settings}"/>
</configuration>
[DEBUG] -----------------------------------------------------------------------
[DEBUG] Goal:          org.codehaus.mojo:exec-maven-plugin:1.4.0:exec (build-devguide)
[DEBUG] Style:         Regular
[DEBUG] Configuration: <?xml version="1.0" encoding="UTF-8"?>
<configuration>
  <arguments>
    <argument>run.sh</argument>
    <argument>/Users/timwhelan/Documents/workspace/giftcard-service-test-pack</argument>
  </arguments>
  <basedir default-value="${basedir}"/>
  <classpathScope default-value="runtime">${exec.classpathScope}</classpathScope>
  <commandlineArgs>${exec.args}</commandlineArgs>
  <executable>sh</executable>
  <longClasspath default-value="false">${exec.longClasspath}</longClasspath>
  <outputFile>${exec.outputFile}</outputFile>
  <project default-value="${project}"/>
  <session default-value="${session}"/>
  <skip default-value="false">${exec.skip}</skip>
  <sourceRoot>${sourceRoot}</sourceRoot>
  <testSourceRoot>${testSourceRoot}</testSourceRoot>
  <workingDirectory>/Users/timwhelan/Documents/workspace/giftcard-service-test-pack/src/docs/devguide/hugo/</workingDirectory>
</configuration>
[DEBUG] -----------------------------------------------------------------------
[DEBUG] Goal:          org.apache.maven.plugins:maven-install-plugin:2.4:install (default-install)
[DEBUG] Style:         Regular
[DEBUG] Configuration: <?xml version="1.0" encoding="UTF-8"?>
<configuration>
  <artifact default-value="${project.artifact}"/>
  <attachedArtifacts default-value="${project.attachedArtifacts}"/>
  <createChecksum default-value="false">${createChecksum}</createChecksum>
  <localRepository>${localRepository}</localRepository>
  <packaging default-value="${project.packaging}"/>
  <pomFile default-value="${project.file}"/>
  <skip default-value="false">${maven.install.skip}</skip>
  <updateReleaseInfo default-value="false">${updateReleaseInfo}</updateReleaseInfo>
</configuration>
[DEBUG] -----------------------------------------------------------------------
[DEBUG] Goal:          org.apache.maven.plugins:maven-resources-plugin:2.7:copy-resources (copy-resource-docker)
[DEBUG] Style:         Regular
[DEBUG] Configuration: <?xml version="1.0" encoding="UTF-8"?>
<configuration>
  <buildFilters default-value="${project.build.filters}"/>
  <encoding default-value="${project.build.sourceEncoding}">${encoding}</encoding>
  <escapeString>${maven.resources.escapeString}</escapeString>
  <escapeWindowsPaths default-value="true">${maven.resources.escapeWindowsPaths}</escapeWindowsPaths>
  <includeEmptyDirs default-value="false">${maven.resources.includeEmptyDirs}</includeEmptyDirs>
  <outputDirectory>/Users/timwhelan/Documents/workspace/giftcard-service-test-pack/target</outputDirectory>
  <overwrite default-value="false">${maven.resources.overwrite}</overwrite>
  <project default-value="${project}"/>
  <resources>
    <resource>
      <directory>/Users/timwhelan/Documents/workspace/giftcard-service-test-pack/target/classes</directory>
      <includes>
        <include>Dockerfile</include>
      </includes>
    </resource>
  </resources>
  <session default-value="${session}"/>
  <supportMultiLineFiltering default-value="false">${maven.resources.supportMultiLineFiltering}</supportMultiLineFiltering>
  <useBuildFilters default-value="true"/>
  <useDefaultDelimiters default-value="true"/>
</configuration>
[DEBUG] -----------------------------------------------------------------------
[DEBUG] Goal:          org.apache.maven.plugins:maven-resources-plugin:2.7:copy-resources (copy-resource-heroku)
[DEBUG] Style:         Regular
[DEBUG] Configuration: <?xml version="1.0" encoding="UTF-8"?>
<configuration>
  <buildFilters default-value="${project.build.filters}"/>
  <encoding default-value="${project.build.sourceEncoding}">${encoding}</encoding>
  <escapeString>${maven.resources.escapeString}</escapeString>
  <escapeWindowsPaths default-value="true">${maven.resources.escapeWindowsPaths}</escapeWindowsPaths>
  <includeEmptyDirs default-value="false">${maven.resources.includeEmptyDirs}</includeEmptyDirs>
  <outputDirectory>/Users/timwhelan/Documents/workspace/giftcard-service-test-pack</outputDirectory>
  <overwrite default-value="false">${maven.resources.overwrite}</overwrite>
  <project default-value="${project}"/>
  <resources>
    <resource>
      <directory>/Users/timwhelan/Documents/workspace/giftcard-service-test-pack/target/classes</directory>
      <includes>
        <include>heroku_run.sh</include>
        <include>Procfile</include>
      </includes>
    </resource>
  </resources>
  <session default-value="${session}"/>
  <supportMultiLineFiltering default-value="false">${maven.resources.supportMultiLineFiltering}</supportMultiLineFiltering>
  <useBuildFilters default-value="true"/>
  <useDefaultDelimiters default-value="true"/>
</configuration>
[DEBUG] -----------------------------------------------------------------------
[DEBUG] Goal:          org.apache.maven.plugins:maven-antrun-plugin:1.3:run (default)
[DEBUG] Style:         Regular
[DEBUG] Configuration: <?xml version="1.0" encoding="UTF-8"?>
<configuration>
  <pluginArtifacts>${plugin.artifacts}</pluginArtifacts>
  <project>${project}</project>
  <sourceRoot>${sourceRoot}</sourceRoot>
  <tasks if="newman.test">
    <exec executable="/Users/timwhelan/Documents/workspace/giftcard-service-test-pack/test/postman/run_tests.sh" failonerror="true">
      <arg value="/Users/timwhelan/Documents/workspace/giftcard-service-test-pack"/>
      <arg value="/Users/timwhelan/Documents/workspace/giftcard-service-test-pack/test/postman"/>
    </exec>${tasks}</tasks>
  <testSourceRoot>${testSourceRoot}</testSourceRoot>
</configuration>
[DEBUG] =======================================================================
[DEBUG] Dependency collection stats: {ConflictMarker.analyzeTime=2, ConflictMarker.markTime=1, ConflictMarker.nodeCount=263, ConflictIdSorter.graphTime=1, ConflictIdSorter.topsortTime=1, ConflictIdSorter.conflictIdCount=66, ConflictIdSorter.conflictIdCycleCount=0, ConflictResolver.totalTime=20, ConflictResolver.conflictItemCount=143, DefaultDependencyCollector.collectTime=639, DefaultDependencyCollector.transformTime=27}
[DEBUG] io.electrum:giftcard-service-test-pack:jar:1.0.0
[DEBUG]    net.sourceforge.javacsv:javacsv:jar:2.0:compile
[DEBUG]    joda-time:joda-time:jar:2.9.4:compile
[DEBUG]    org.eclipse.jetty:jetty-server:jar:9.2.14.v20151106:compile
[DEBUG]       javax.servlet:javax.servlet-api:jar:3.1.0:compile
[DEBUG]       org.eclipse.jetty:jetty-http:jar:9.2.14.v20151106:compile
[DEBUG]          org.eclipse.jetty:jetty-util:jar:9.2.14.v20151106:compile
[DEBUG]       org.eclipse.jetty:jetty-io:jar:9.2.14.v20151106:compile
[DEBUG]    org.glassfish.jersey.core:jersey-common:jar:2.22.1:compile
[DEBUG]       javax.ws.rs:javax.ws.rs-api:jar:2.0.1:compile
[DEBUG]       javax.annotation:javax.annotation-api:jar:1.2:compile
[DEBUG]       org.glassfish.jersey.bundles.repackaged:jersey-guava:jar:2.22.1:compile
[DEBUG]       org.glassfish.hk2:hk2-api:jar:2.4.0-b31:compile
[DEBUG]          org.glassfish.hk2:hk2-utils:jar:2.4.0-b31:compile
[DEBUG]          org.glassfish.hk2.external:aopalliance-repackaged:jar:2.4.0-b31:compile
[DEBUG]       org.glassfish.hk2.external:javax.inject:jar:2.4.0-b31:compile
[DEBUG]       org.glassfish.hk2:hk2-locator:jar:2.4.0-b31:compile
[DEBUG]          org.javassist:javassist:jar:3.18.1-GA:compile
[DEBUG]       org.glassfish.hk2:osgi-resource-locator:jar:1.0.1:compile
[DEBUG]    org.glassfish.jersey.media:jersey-media-json-jackson:jar:2.22.1:compile
[DEBUG]       org.glassfish.jersey.ext:jersey-entity-filtering:jar:2.22.1:compile
[DEBUG]       com.fasterxml.jackson.jaxrs:jackson-jaxrs-base:jar:2.5.4:compile
[DEBUG]          com.fasterxml.jackson.core:jackson-core:jar:2.5.4:compile
[DEBUG]          com.fasterxml.jackson.core:jackson-databind:jar:2.5.4:compile
[DEBUG]       com.fasterxml.jackson.jaxrs:jackson-jaxrs-json-provider:jar:2.5.4:compile
[DEBUG]          com.fasterxml.jackson.module:jackson-module-jaxb-annotations:jar:2.5.4:compile
[DEBUG]       com.fasterxml.jackson.core:jackson-annotations:jar:2.5.4:compile
[DEBUG]    org.hibernate:hibernate-validator:jar:5.2.2.Final:compile
[DEBUG]       javax.validation:validation-api:jar:1.1.0.Final:compile
[DEBUG]       org.jboss.logging:jboss-logging:jar:3.2.1.Final:compile
[DEBUG]       com.fasterxml:classmate:jar:1.1.0:compile
[DEBUG]    javax.el:javax.el-api:jar:2.2.4:compile
[DEBUG]    org.glassfish.web:javax.el:jar:2.2.4:compile
[DEBUG]    org.slf4j:slf4j-api:jar:1.7.5:compile
[DEBUG]    org.eclipse.jetty:jetty-webapp:jar:9.2.14.v20151106:compile
[DEBUG]       org.eclipse.jetty:jetty-xml:jar:9.2.14.v20151106:compile
[DEBUG]       org.eclipse.jetty:jetty-servlet:jar:9.2.14.v20151106:compile
[DEBUG]          org.eclipse.jetty:jetty-security:jar:9.2.14.v20151106:compile
[DEBUG]    org.glassfish.jersey.containers:jersey-container-servlet:jar:2.22.1:compile
[DEBUG]       org.glassfish.jersey.containers:jersey-container-servlet-core:jar:2.22.1:compile
[DEBUG]    org.glassfish.jersey.core:jersey-client:jar:2.22.1:compile
[DEBUG]    org.glassfish.jersey.core:jersey-server:jar:2.22.1:compile
[DEBUG]       org.glassfish.jersey.media:jersey-media-jaxb:jar:2.22.1:compile
[DEBUG]    io.electrum:giftcard-service-interface:jar:2.0.0:compile
[DEBUG]       io.electrum:service-interface-base:jar:2.0.9:compile
[DEBUG]       io.swagger:swagger-hibernate-validations:jar:1.5.9:compile
[DEBUG]    ch.qos.logback:logback-classic:jar:1.0.13:compile
[DEBUG]       ch.qos.logback:logback-core:jar:1.0.13:compile
[DEBUG]    io.swagger:swagger-jersey2-jaxrs:jar:1.5.9:compile
[DEBUG]       io.swagger:swagger-jaxrs:jar:1.5.9:compile
[DEBUG]          com.fasterxml.jackson.dataformat:jackson-dataformat-yaml:jar:2.4.5:compile
[DEBUG]             org.yaml:snakeyaml:jar:1.12:compile
[DEBUG]          com.fasterxml.jackson.dataformat:jackson-dataformat-xml:jar:2.4.5:compile
[DEBUG]             org.codehaus.woodstox:stax2-api:jar:3.1.4:compile
[DEBUG]          io.swagger:swagger-core:jar:1.5.9:compile
[DEBUG]             org.apache.commons:commons-lang3:jar:3.2.1:compile
[DEBUG]             com.fasterxml.jackson.datatype:jackson-datatype-joda:jar:2.4.5:compile
[DEBUG]             io.swagger:swagger-models:jar:1.5.9:compile
[DEBUG]                io.swagger:swagger-annotations:jar:1.5.9:compile
[DEBUG]          org.reflections:reflections:jar:0.9.10:compile
[DEBUG]             com.google.code.findbugs:annotations:jar:2.0.1:compile
[DEBUG]          com.google.guava:guava:jar:18.0:compile
[DEBUG]       org.glassfish.jersey.media:jersey-media-multipart:jar:2.1:compile
[DEBUG]          org.jvnet.mimepull:mimepull:jar:1.8:compile
[INFO] 
[INFO] --- maven-clean-plugin:2.5:clean (default-clean) @ giftcard-service-test-pack ---
[DEBUG] Dependency collection stats: {ConflictMarker.analyzeTime=0, ConflictMarker.markTime=0, ConflictMarker.nodeCount=3, ConflictIdSorter.graphTime=0, ConflictIdSorter.topsortTime=0, ConflictIdSorter.conflictIdCount=3, ConflictIdSorter.conflictIdCycleCount=0, ConflictResolver.totalTime=0, ConflictResolver.conflictItemCount=3, DefaultDependencyCollector.collectTime=12, DefaultDependencyCollector.transformTime=0}
[DEBUG] org.apache.maven.plugins:maven-clean-plugin:jar:2.5:
[DEBUG]    org.apache.maven:maven-plugin-api:jar:2.0.6:compile
[DEBUG]    org.codehaus.plexus:plexus-utils:jar:3.0:compile
[DEBUG] Created new class realm plugin>org.apache.maven.plugins:maven-clean-plugin:2.5
[DEBUG] Importing foreign packages into class realm plugin>org.apache.maven.plugins:maven-clean-plugin:2.5
[DEBUG]   Imported:  < maven.api
[DEBUG] Populating class realm plugin>org.apache.maven.plugins:maven-clean-plugin:2.5
[DEBUG]   Included: org.apache.maven.plugins:maven-clean-plugin:jar:2.5
[DEBUG]   Included: org.codehaus.plexus:plexus-utils:jar:3.0
[DEBUG] Configuring mojo org.apache.maven.plugins:maven-clean-plugin:2.5:clean from plugin realm ClassRealm[plugin>org.apache.maven.plugins:maven-clean-plugin:2.5, parent: sun.misc.Launcher$AppClassLoader@2f78743b]
[DEBUG] Configuring mojo 'org.apache.maven.plugins:maven-clean-plugin:2.5:clean' with basic configurator -->
[DEBUG]   (f) directory = /Users/timwhelan/Documents/workspace/giftcard-service-test-pack/target
[DEBUG]   (f) excludeDefaultDirectories = false
[DEBUG]   (f) failOnError = true
[DEBUG]   (f) followSymLinks = false
[DEBUG]   (f) outputDirectory = /Users/timwhelan/Documents/workspace/giftcard-service-test-pack/target/classes
[DEBUG]   (f) reportDirectory = /Users/timwhelan/Documents/workspace/giftcard-service-test-pack/target/site
[DEBUG]   (f) retryOnError = true
[DEBUG]   (f) skip = false
[DEBUG]   (f) testOutputDirectory = /Users/timwhelan/Documents/workspace/giftcard-service-test-pack/target/test-classes
[DEBUG] -- end configuration --
[INFO] Deleting /Users/timwhelan/Documents/workspace/giftcard-service-test-pack/target
[INFO] Deleting file /Users/timwhelan/Documents/workspace/giftcard-service-test-pack/target/maven-status/maven-compiler-plugin/compile/default-compile/inputFiles.lst
[INFO] Deleting file /Users/timwhelan/Documents/workspace/giftcard-service-test-pack/target/maven-status/maven-compiler-plugin/compile/default-compile/createdFiles.lst
[INFO] Deleting directory /Users/timwhelan/Documents/workspace/giftcard-service-test-pack/target/maven-status/maven-compiler-plugin/compile/default-compile
[INFO] Deleting directory /Users/timwhelan/Documents/workspace/giftcard-service-test-pack/target/maven-status/maven-compiler-plugin/compile
[INFO] Deleting directory /Users/timwhelan/Documents/workspace/giftcard-service-test-pack/target/maven-status/maven-compiler-plugin
[INFO] Deleting directory /Users/timwhelan/Documents/workspace/giftcard-service-test-pack/target/maven-status
[INFO] Deleting directory /Users/timwhelan/Documents/workspace/giftcard-service-test-pack/target/generated-sources/annotations
[INFO] Deleting directory /Users/timwhelan/Documents/workspace/giftcard-service-test-pack/target/generated-sources
[INFO] Deleting file /Users/timwhelan/Documents/workspace/giftcard-service-test-pack/target/classes/products.csv
[INFO] Deleting file /Users/timwhelan/Documents/workspace/giftcard-service-test-pack/target/classes/Procfile
[INFO] Deleting file /Users/timwhelan/Documents/workspace/giftcard-service-test-pack/target/classes/log4j2.xml
[INFO] Deleting file /Users/timwhelan/Documents/workspace/giftcard-service-test-pack/target/classes/io/electrum/giftcard/server/util/RandomData.class
[INFO] Deleting file /Users/timwhelan/Documents/workspace/giftcard-service-test-pack/target/classes/io/electrum/giftcard/server/util/GiftcardModelUtils.class
[INFO] Deleting directory /Users/timwhelan/Documents/workspace/giftcard-service-test-pack/target/classes/io/electrum/giftcard/server/util
[INFO] Deleting file /Users/timwhelan/Documents/workspace/giftcard-service-test-pack/target/classes/io/electrum/giftcard/server/GiftcardTestServerRunner.class
[INFO] Deleting file /Users/timwhelan/Documents/workspace/giftcard-service-test-pack/target/classes/io/electrum/giftcard/server/backend/tables/VoidsTable.class
[INFO] Deleting file /Users/timwhelan/Documents/workspace/giftcard-service-test-pack/target/classes/io/electrum/giftcard/server/backend/tables/VoidReversalsTable.class
[INFO] Deleting file /Users/timwhelan/Documents/workspace/giftcard-service-test-pack/target/classes/io/electrum/giftcard/server/backend/tables/VoidConfirmationsTable.class
[INFO] Deleting file /Users/timwhelan/Documents/workspace/giftcard-service-test-pack/target/classes/io/electrum/giftcard/server/backend/tables/RedemptionsTable.class
[INFO] Deleting file /Users/timwhelan/Documents/workspace/giftcard-service-test-pack/target/classes/io/electrum/giftcard/server/backend/tables/RedemptionReversalsTable.class
[INFO] Deleting file /Users/timwhelan/Documents/workspace/giftcard-service-test-pack/target/classes/io/electrum/giftcard/server/backend/tables/RedemptionConfirmationsTable.class
[INFO] Deleting file /Users/timwhelan/Documents/workspace/giftcard-service-test-pack/target/classes/io/electrum/giftcard/server/backend/tables/ProductTable.class
[INFO] Deleting file /Users/timwhelan/Documents/workspace/giftcard-service-test-pack/target/classes/io/electrum/giftcard/server/backend/tables/LookupsTable.class
[INFO] Deleting file /Users/timwhelan/Documents/workspace/giftcard-service-test-pack/target/classes/io/electrum/giftcard/server/backend/tables/LoadsTable.class
[INFO] Deleting file /Users/timwhelan/Documents/workspace/giftcard-service-test-pack/target/classes/io/electrum/giftcard/server/backend/tables/LoadReversalsTable.class
[INFO] Deleting file /Users/timwhelan/Documents/workspace/giftcard-service-test-pack/target/classes/io/electrum/giftcard/server/backend/tables/LoadConfirmationsTable.class
[INFO] Deleting file /Users/timwhelan/Documents/workspace/giftcard-service-test-pack/target/classes/io/electrum/giftcard/server/backend/tables/GiftcardTable.class
[INFO] Deleting file /Users/timwhelan/Documents/workspace/giftcard-service-test-pack/target/classes/io/electrum/giftcard/server/backend/tables/CardTable.class
[INFO] Deleting file /Users/timwhelan/Documents/workspace/giftcard-service-test-pack/target/classes/io/electrum/giftcard/server/backend/tables/ActivationsTable.class
[INFO] Deleting file /Users/timwhelan/Documents/workspace/giftcard-service-test-pack/target/classes/io/electrum/giftcard/server/backend/tables/ActivationReversalsTable.class
[INFO] Deleting file /Users/timwhelan/Documents/workspace/giftcard-service-test-pack/target/classes/io/electrum/giftcard/server/backend/tables/ActivationConfirmationsTable.class
[INFO] Deleting directory /Users/timwhelan/Documents/workspace/giftcard-service-test-pack/target/classes/io/electrum/giftcard/server/backend/tables
[INFO] Deleting file /Users/timwhelan/Documents/workspace/giftcard-service-test-pack/target/classes/io/electrum/giftcard/server/backend/records/VoidReversalRecord.class
[INFO] Deleting file /Users/timwhelan/Documents/workspace/giftcard-service-test-pack/target/classes/io/electrum/giftcard/server/backend/records/VoidRecord.class
[INFO] Deleting file /Users/timwhelan/Documents/workspace/giftcard-service-test-pack/target/classes/io/electrum/giftcard/server/backend/records/VoidConfirmationRecord.class
[INFO] Deleting file /Users/timwhelan/Documents/workspace/giftcard-service-test-pack/target/classes/io/electrum/giftcard/server/backend/records/RequestRecord.class
[INFO] Deleting file /Users/timwhelan/Documents/workspace/giftcard-service-test-pack/target/classes/io/electrum/giftcard/server/backend/records/RequestRecord$State.class
[INFO] Deleting file /Users/timwhelan/Documents/workspace/giftcard-service-test-pack/target/classes/io/electrum/giftcard/server/backend/records/RedemptionReversalRecord.class
[INFO] Deleting file /Users/timwhelan/Documents/workspace/giftcard-service-test-pack/target/classes/io/electrum/giftcard/server/backend/records/RedemptionRecord.class
[INFO] Deleting file /Users/timwhelan/Documents/workspace/giftcard-service-test-pack/target/classes/io/electrum/giftcard/server/backend/records/RedemptionConfirmationRecord.class
[INFO] Deleting file /Users/timwhelan/Documents/workspace/giftcard-service-test-pack/target/classes/io/electrum/giftcard/server/backend/records/ProductRecord.class
[INFO] Deleting file /Users/timwhelan/Documents/workspace/giftcard-service-test-pack/target/classes/io/electrum/giftcard/server/backend/records/LookupRecord.class
[INFO] Deleting file /Users/timwhelan/Documents/workspace/giftcard-service-test-pack/target/classes/io/electrum/giftcard/server/backend/records/LoadReversalRecord.class
[INFO] Deleting file /Users/timwhelan/Documents/workspace/giftcard-service-test-pack/target/classes/io/electrum/giftcard/server/backend/records/LoadRecord.class
[INFO] Deleting file /Users/timwhelan/Documents/workspace/giftcard-service-test-pack/target/classes/io/electrum/giftcard/server/backend/records/LoadConfirmationRecord.class
[INFO] Deleting file /Users/timwhelan/Documents/workspace/giftcard-service-test-pack/target/classes/io/electrum/giftcard/server/backend/records/GiftcardRecord.class
[INFO] Deleting file /Users/timwhelan/Documents/workspace/giftcard-service-test-pack/target/classes/io/electrum/giftcard/server/backend/records/CardRecord.class
[INFO] Deleting file /Users/timwhelan/Documents/workspace/giftcard-service-test-pack/target/classes/io/electrum/giftcard/server/backend/records/CardRecord$Status.class
[INFO] Deleting file /Users/timwhelan/Documents/workspace/giftcard-service-test-pack/target/classes/io/electrum/giftcard/server/backend/records/ActivationReversalRecord.class
[INFO] Deleting file /Users/timwhelan/Documents/workspace/giftcard-service-test-pack/target/classes/io/electrum/giftcard/server/backend/records/ActivationRecord.class
[INFO] Deleting file /Users/timwhelan/Documents/workspace/giftcard-service-test-pack/target/classes/io/electrum/giftcard/server/backend/records/ActivationConfirmationRecord.class
[INFO] Deleting directory /Users/timwhelan/Documents/workspace/giftcard-service-test-pack/target/classes/io/electrum/giftcard/server/backend/records
[INFO] Deleting file /Users/timwhelan/Documents/workspace/giftcard-service-test-pack/target/classes/io/electrum/giftcard/server/backend/ProductLoader.class
[INFO] Deleting file /Users/timwhelan/Documents/workspace/giftcard-service-test-pack/target/classes/io/electrum/giftcard/server/backend/GiftcardBackend.class
[INFO] Deleting file /Users/timwhelan/Documents/workspace/giftcard-service-test-pack/target/classes/io/electrum/giftcard/server/backend/db/MockGiftcardDb.class
[INFO] Deleting directory /Users/timwhelan/Documents/workspace/giftcard-service-test-pack/target/classes/io/electrum/giftcard/server/backend/db
[INFO] Deleting file /Users/timwhelan/Documents/workspace/giftcard-service-test-pack/target/classes/io/electrum/giftcard/server/backend/CardLoader.class
[INFO] Deleting directory /Users/timwhelan/Documents/workspace/giftcard-service-test-pack/target/classes/io/electrum/giftcard/server/backend
[INFO] Deleting file /Users/timwhelan/Documents/workspace/giftcard-service-test-pack/target/classes/io/electrum/giftcard/server/api/resource/impl/VoidsResourceImpl.class
[INFO] Deleting file /Users/timwhelan/Documents/workspace/giftcard-service-test-pack/target/classes/io/electrum/giftcard/server/api/resource/impl/TestServerAdminResourceImpl.class
[INFO] Deleting file /Users/timwhelan/Documents/workspace/giftcard-service-test-pack/target/classes/io/electrum/giftcard/server/api/resource/impl/RedemptionsResourceImpl.class
[INFO] Deleting file /Users/timwhelan/Documents/workspace/giftcard-service-test-pack/target/classes/io/electrum/giftcard/server/api/resource/impl/LookupGiftcardResourceImpl.class
[INFO] Deleting file /Users/timwhelan/Documents/workspace/giftcard-service-test-pack/target/classes/io/electrum/giftcard/server/api/resource/impl/LoadsResourceImpl.class
[INFO] Deleting file /Users/timwhelan/Documents/workspace/giftcard-service-test-pack/target/classes/io/electrum/giftcard/server/api/resource/impl/GiftcardTestServer.class
[INFO] Deleting file /Users/timwhelan/Documents/workspace/giftcard-service-test-pack/target/classes/io/electrum/giftcard/server/api/resource/impl/GiftcardTestServer$MyObjectMapperProvider.class
[INFO] Deleting file /Users/timwhelan/Documents/workspace/giftcard-service-test-pack/target/classes/io/electrum/giftcard/server/api/resource/impl/ActivationsResourceImpl.class
[INFO] Deleting directory /Users/timwhelan/Documents/workspace/giftcard-service-test-pack/target/classes/io/electrum/giftcard/server/api/resource/impl
[INFO] Deleting directory /Users/timwhelan/Documents/workspace/giftcard-service-test-pack/target/classes/io/electrum/giftcard/server/api/resource
[INFO] Deleting file /Users/timwhelan/Documents/workspace/giftcard-service-test-pack/target/classes/io/electrum/giftcard/server/api/model/ResetResponse.class
[INFO] Deleting file /Users/timwhelan/Documents/workspace/giftcard-service-test-pack/target/classes/io/electrum/giftcard/server/api/model/ResetResponse$Outcomes.class
[INFO] Deleting file /Users/timwhelan/Documents/workspace/giftcard-service-test-pack/target/classes/io/electrum/giftcard/server/api/model/ResetRequest.class
[INFO] Deleting file /Users/timwhelan/Documents/workspace/giftcard-service-test-pack/target/classes/io/electrum/giftcard/server/api/model/ResetRequest$Declarations.class
[INFO] Deleting file /Users/timwhelan/Documents/workspace/giftcard-service-test-pack/target/classes/io/electrum/giftcard/server/api/model/ResetRequest$Acknowledgments.class
[INFO] Deleting file /Users/timwhelan/Documents/workspace/giftcard-service-test-pack/target/classes/io/electrum/giftcard/server/api/model/ProductData.class
[INFO] Deleting file /Users/timwhelan/Documents/workspace/giftcard-service-test-pack/target/classes/io/electrum/giftcard/server/api/model/FormatError.class
[INFO] Deleting file /Users/timwhelan/Documents/workspace/giftcard-service-test-pack/target/classes/io/electrum/giftcard/server/api/model/DetailMessage.class
[INFO] Deleting file /Users/timwhelan/Documents/workspace/giftcard-service-test-pack/target/classes/io/electrum/giftcard/server/api/model/DataResponse.class
[INFO] Deleting file /Users/timwhelan/Documents/workspace/giftcard-service-test-pack/target/classes/io/electrum/giftcard/server/api/model/CardData.class
[INFO] Deleting directory /Users/timwhelan/Documents/workspace/giftcard-service-test-pack/target/classes/io/electrum/giftcard/server/api/model
[INFO] Deleting directory /Users/timwhelan/Documents/workspace/giftcard-service-test-pack/target/classes/io/electrum/giftcard/server/api
[INFO] Deleting directory /Users/timwhelan/Documents/workspace/giftcard-service-test-pack/target/classes/io/electrum/giftcard/server
[INFO] Deleting file /Users/timwhelan/Documents/workspace/giftcard-service-test-pack/target/classes/io/electrum/giftcard/handler/VoidHandler.class
[INFO] Deleting file /Users/timwhelan/Documents/workspace/giftcard-service-test-pack/target/classes/io/electrum/giftcard/handler/VoidHandler$1.class
[INFO] Deleting file /Users/timwhelan/Documents/workspace/giftcard-service-test-pack/target/classes/io/electrum/giftcard/handler/ReverseVoidHandler.class
[INFO] Deleting file /Users/timwhelan/Documents/workspace/giftcard-service-test-pack/target/classes/io/electrum/giftcard/handler/ReverseVoidHandler$1.class
[INFO] Deleting file /Users/timwhelan/Documents/workspace/giftcard-service-test-pack/target/classes/io/electrum/giftcard/handler/ReverseRedemptionHandler.class
[INFO] Deleting file /Users/timwhelan/Documents/workspace/giftcard-service-test-pack/target/classes/io/electrum/giftcard/handler/ReverseRedemptionHandler$1.class
[INFO] Deleting file /Users/timwhelan/Documents/workspace/giftcard-service-test-pack/target/classes/io/electrum/giftcard/handler/ReverseLoadHandler.class
[INFO] Deleting file /Users/timwhelan/Documents/workspace/giftcard-service-test-pack/target/classes/io/electrum/giftcard/handler/ReverseLoadHandler$1.class
[INFO] Deleting file /Users/timwhelan/Documents/workspace/giftcard-service-test-pack/target/classes/io/electrum/giftcard/handler/ReverseActivationHandler.class
[INFO] Deleting file /Users/timwhelan/Documents/workspace/giftcard-service-test-pack/target/classes/io/electrum/giftcard/handler/ReverseActivationHandler$1.class
[INFO] Deleting file /Users/timwhelan/Documents/workspace/giftcard-service-test-pack/target/classes/io/electrum/giftcard/handler/ResetHandler.class
[INFO] Deleting file /Users/timwhelan/Documents/workspace/giftcard-service-test-pack/target/classes/io/electrum/giftcard/handler/RedemptionHandler.class
[INFO] Deleting file /Users/timwhelan/Documents/workspace/giftcard-service-test-pack/target/classes/io/electrum/giftcard/handler/RedemptionHandler$1.class
[INFO] Deleting file /Users/timwhelan/Documents/workspace/giftcard-service-test-pack/target/classes/io/electrum/giftcard/handler/LookupGiftcardHandler.class
[INFO] Deleting file /Users/timwhelan/Documents/workspace/giftcard-service-test-pack/target/classes/io/electrum/giftcard/handler/LoadHandler.class
[INFO] Deleting file /Users/timwhelan/Documents/workspace/giftcard-service-test-pack/target/classes/io/electrum/giftcard/handler/LoadHandler$1.class
[INFO] Deleting file /Users/timwhelan/Documents/workspace/giftcard-service-test-pack/target/classes/io/electrum/giftcard/handler/GiftcardMessageHandlerFactory.class
[INFO] Deleting file /Users/timwhelan/Documents/workspace/giftcard-service-test-pack/target/classes/io/electrum/giftcard/handler/DataHandler.class
[INFO] Deleting file /Users/timwhelan/Documents/workspace/giftcard-service-test-pack/target/classes/io/electrum/giftcard/handler/ConfirmVoidHandler.class
[INFO] Deleting file /Users/timwhelan/Documents/workspace/giftcard-service-test-pack/target/classes/io/electrum/giftcard/handler/ConfirmRedemptionHandler.class
[INFO] Deleting file /Users/timwhelan/Documents/workspace/giftcard-service-test-pack/target/classes/io/electrum/giftcard/handler/ConfirmLoadHandler.class
[INFO] Deleting file /Users/timwhelan/Documents/workspace/giftcard-service-test-pack/target/classes/io/electrum/giftcard/handler/ConfirmActivationHandler.class
[INFO] Deleting file /Users/timwhelan/Documents/workspace/giftcard-service-test-pack/target/classes/io/electrum/giftcard/handler/ActivationHandler.class
[INFO] Deleting file /Users/timwhelan/Documents/workspace/giftcard-service-test-pack/target/classes/io/electrum/giftcard/handler/ActivationHandler$1.class
[INFO] Deleting directory /Users/timwhelan/Documents/workspace/giftcard-service-test-pack/target/classes/io/electrum/giftcard/handler
[INFO] Deleting directory /Users/timwhelan/Documents/workspace/giftcard-service-test-pack/target/classes/io/electrum/giftcard
[INFO] Deleting directory /Users/timwhelan/Documents/workspace/giftcard-service-test-pack/target/classes/io/electrum
[INFO] Deleting directory /Users/timwhelan/Documents/workspace/giftcard-service-test-pack/target/classes/io
[INFO] Deleting file /Users/timwhelan/Documents/workspace/giftcard-service-test-pack/target/classes/hugo/swagger-template.md
[INFO] Deleting file /Users/timwhelan/Documents/workspace/giftcard-service-test-pack/target/classes/hugo/site/themes/hugo-material-docs/theme.toml
[INFO] Deleting file /Users/timwhelan/Documents/workspace/giftcard-service-test-pack/target/classes/hugo/site/themes/hugo-material-docs/static/stylesheets/palettes.css
[INFO] Deleting file /Users/timwhelan/Documents/workspace/giftcard-service-test-pack/target/classes/hugo/site/themes/hugo-material-docs/static/stylesheets/highlight/highlight.css
[INFO] Deleting directory /Users/timwhelan/Documents/workspace/giftcard-service-test-pack/target/classes/hugo/site/themes/hugo-material-docs/static/stylesheets/highlight
[INFO] Deleting file /Users/timwhelan/Documents/workspace/giftcard-service-test-pack/target/classes/hugo/site/themes/hugo-material-docs/static/stylesheets/application.css
[INFO] Deleting directory /Users/timwhelan/Documents/workspace/giftcard-service-test-pack/target/classes/hugo/site/themes/hugo-material-docs/static/stylesheets
[INFO] Deleting file /Users/timwhelan/Documents/workspace/giftcard-service-test-pack/target/classes/hugo/site/themes/hugo-material-docs/static/javascripts/modernizr.js
[INFO] Deleting file /Users/timwhelan/Documents/workspace/giftcard-service-test-pack/target/classes/hugo/site/themes/hugo-material-docs/static/javascripts/application.js
[INFO] Deleting directory /Users/timwhelan/Documents/workspace/giftcard-service-test-pack/target/classes/hugo/site/themes/hugo-material-docs/static/javascripts
[INFO] Deleting file /Users/timwhelan/Documents/workspace/giftcard-service-test-pack/target/classes/hugo/site/themes/hugo-material-docs/static/fonts/icon.woff
[INFO] Deleting file /Users/timwhelan/Documents/workspace/giftcard-service-test-pack/target/classes/hugo/site/themes/hugo-material-docs/static/fonts/icon.ttf
[INFO] Deleting file /Users/timwhelan/Documents/workspace/giftcard-service-test-pack/target/classes/hugo/site/themes/hugo-material-docs/static/fonts/icon.svg
[INFO] Deleting file /Users/timwhelan/Documents/workspace/giftcard-service-test-pack/target/classes/hugo/site/themes/hugo-material-docs/static/fonts/icon.eot
[INFO] Deleting directory /Users/timwhelan/Documents/workspace/giftcard-service-test-pack/target/classes/hugo/site/themes/hugo-material-docs/static/fonts
[INFO] Deleting directory /Users/timwhelan/Documents/workspace/giftcard-service-test-pack/target/classes/hugo/site/themes/hugo-material-docs/static
[INFO] Deleting file /Users/timwhelan/Documents/workspace/giftcard-service-test-pack/target/classes/hugo/site/themes/hugo-material-docs/README.md
[INFO] Deleting file /Users/timwhelan/Documents/workspace/giftcard-service-test-pack/target/classes/hugo/site/themes/hugo-material-docs/LICENSE.md
[INFO] Deleting file /Users/timwhelan/Documents/workspace/giftcard-service-test-pack/target/classes/hugo/site/themes/hugo-material-docs/layouts/shortcodes/warning.html
[INFO] Deleting file /Users/timwhelan/Documents/workspace/giftcard-service-test-pack/target/classes/hugo/site/themes/hugo-material-docs/layouts/shortcodes/note.html
[INFO] Deleting directory /Users/timwhelan/Documents/workspace/giftcard-service-test-pack/target/classes/hugo/site/themes/hugo-material-docs/layouts/shortcodes
[INFO] Deleting file /Users/timwhelan/Documents/workspace/giftcard-service-test-pack/target/classes/hugo/site/themes/hugo-material-docs/layouts/partials/nav_link.html
[INFO] Deleting file /Users/timwhelan/Documents/workspace/giftcard-service-test-pack/target/classes/hugo/site/themes/hugo-material-docs/layouts/partials/nav.html
[INFO] Deleting file /Users/timwhelan/Documents/workspace/giftcard-service-test-pack/target/classes/hugo/site/themes/hugo-material-docs/layouts/partials/header.html
[INFO] Deleting file /Users/timwhelan/Documents/workspace/giftcard-service-test-pack/target/classes/hugo/site/themes/hugo-material-docs/layouts/partials/head.html
[INFO] Deleting file /Users/timwhelan/Documents/workspace/giftcard-service-test-pack/target/classes/hugo/site/themes/hugo-material-docs/layouts/partials/footer_js.html
[INFO] Deleting file /Users/timwhelan/Documents/workspace/giftcard-service-test-pack/target/classes/hugo/site/themes/hugo-material-docs/layouts/partials/footer.html
[INFO] Deleting file /Users/timwhelan/Documents/workspace/giftcard-service-test-pack/target/classes/hugo/site/themes/hugo-material-docs/layouts/partials/drawer.html
[INFO] Deleting directory /Users/timwhelan/Documents/workspace/giftcard-service-test-pack/target/classes/hugo/site/themes/hugo-material-docs/layouts/partials
[INFO] Deleting file /Users/timwhelan/Documents/workspace/giftcard-service-test-pack/target/classes/hugo/site/themes/hugo-material-docs/layouts/index.html
[INFO] Deleting file /Users/timwhelan/Documents/workspace/giftcard-service-test-pack/target/classes/hugo/site/themes/hugo-material-docs/layouts/_default/single.html
[INFO] Deleting file /Users/timwhelan/Documents/workspace/giftcard-service-test-pack/target/classes/hugo/site/themes/hugo-material-docs/layouts/_default/list.html
[INFO] Deleting directory /Users/timwhelan/Documents/workspace/giftcard-service-test-pack/target/classes/hugo/site/themes/hugo-material-docs/layouts/_default
[INFO] Deleting file /Users/timwhelan/Documents/workspace/giftcard-service-test-pack/target/classes/hugo/site/themes/hugo-material-docs/layouts/404.html
[INFO] Deleting directory /Users/timwhelan/Documents/workspace/giftcard-service-test-pack/target/classes/hugo/site/themes/hugo-material-docs/layouts
[INFO] Deleting file /Users/timwhelan/Documents/workspace/giftcard-service-test-pack/target/classes/hugo/site/themes/hugo-material-docs/CHANGELOG.md
[INFO] Deleting file /Users/timwhelan/Documents/workspace/giftcard-service-test-pack/target/classes/hugo/site/themes/hugo-material-docs/archetypes/default.md
[INFO] Deleting directory /Users/timwhelan/Documents/workspace/giftcard-service-test-pack/target/classes/hugo/site/themes/hugo-material-docs/archetypes
[INFO] Deleting directory /Users/timwhelan/Documents/workspace/giftcard-service-test-pack/target/classes/hugo/site/themes/hugo-material-docs
[INFO] Deleting directory /Users/timwhelan/Documents/workspace/giftcard-service-test-pack/target/classes/hugo/site/themes
[INFO] Deleting file /Users/timwhelan/Documents/workspace/giftcard-service-test-pack/target/classes/hugo/site/static/images/logo-square.png
[INFO] Deleting file /Users/timwhelan/Documents/workspace/giftcard-service-test-pack/target/classes/hugo/site/static/images/logo-small.png
[INFO] Deleting file /Users/timwhelan/Documents/workspace/giftcard-service-test-pack/target/classes/hugo/site/static/images/logo-small-white.png
[INFO] Deleting file /Users/timwhelan/Documents/workspace/giftcard-service-test-pack/target/classes/hugo/site/static/images/favicon.ico
[INFO] Deleting directory /Users/timwhelan/Documents/workspace/giftcard-service-test-pack/target/classes/hugo/site/static/images
[INFO] Deleting directory /Users/timwhelan/Documents/workspace/giftcard-service-test-pack/target/classes/hugo/site/static
[INFO] Deleting file /Users/timwhelan/Documents/workspace/giftcard-service-test-pack/target/classes/hugo/site/content/testing/test_server.md
[INFO] Deleting file /Users/timwhelan/Documents/workspace/giftcard-service-test-pack/target/classes/hugo/site/content/testing/index.md
[INFO] Deleting directory /Users/timwhelan/Documents/workspace/giftcard-service-test-pack/target/classes/hugo/site/content/testing
[INFO] Deleting directory /Users/timwhelan/Documents/workspace/giftcard-service-test-pack/target/classes/hugo/site/content
[INFO] Deleting file /Users/timwhelan/Documents/workspace/giftcard-service-test-pack/target/classes/hugo/site/config.toml
[INFO] Deleting directory /Users/timwhelan/Documents/workspace/giftcard-service-test-pack/target/classes/hugo/site
[INFO] Deleting file /Users/timwhelan/Documents/workspace/giftcard-service-test-pack/target/classes/hugo/run.sh
[INFO] Deleting file /Users/timwhelan/Documents/workspace/giftcard-service-test-pack/target/classes/hugo/hugoPreProcessing.sh
[INFO] Deleting file /Users/timwhelan/Documents/workspace/giftcard-service-test-pack/target/classes/hugo/hugoBuild.sh
[INFO] Deleting directory /Users/timwhelan/Documents/workspace/giftcard-service-test-pack/target/classes/hugo
[INFO] Deleting file /Users/timwhelan/Documents/workspace/giftcard-service-test-pack/target/classes/heroku_run.sh
[INFO] Deleting file /Users/timwhelan/Documents/workspace/giftcard-service-test-pack/target/classes/handlebars-templates/swaggerfile.hbs
[INFO] Deleting file /Users/timwhelan/Documents/workspace/giftcard-service-test-pack/target/classes/handlebars-templates/security.hbs
[INFO] Deleting file /Users/timwhelan/Documents/workspace/giftcard-service-test-pack/target/classes/handlebars-templates/operation.hbs
[INFO] Deleting directory /Users/timwhelan/Documents/workspace/giftcard-service-test-pack/target/classes/handlebars-templates
[INFO] Deleting file /Users/timwhelan/Documents/workspace/giftcard-service-test-pack/target/classes/Dockerfile
[INFO] Deleting file /Users/timwhelan/Documents/workspace/giftcard-service-test-pack/target/classes/config.properties
[INFO] Deleting file /Users/timwhelan/Documents/workspace/giftcard-service-test-pack/target/classes/cards.csv
[INFO] Deleting directory /Users/timwhelan/Documents/workspace/giftcard-service-test-pack/target/classes
[INFO] Deleting directory /Users/timwhelan/Documents/workspace/giftcard-service-test-pack/target
[DEBUG] Skipping non-existing directory /Users/timwhelan/Documents/workspace/giftcard-service-test-pack/target/classes
[DEBUG] Skipping non-existing directory /Users/timwhelan/Documents/workspace/giftcard-service-test-pack/target/test-classes
[DEBUG] Skipping non-existing directory /Users/timwhelan/Documents/workspace/giftcard-service-test-pack/target/site
[INFO] 
[INFO] --- maven-resources-plugin:2.7:resources (default-resources) @ giftcard-service-test-pack ---
[DEBUG] Dependency collection stats: {ConflictMarker.analyzeTime=1, ConflictMarker.markTime=0, ConflictMarker.nodeCount=143, ConflictIdSorter.graphTime=0, ConflictIdSorter.topsortTime=0, ConflictIdSorter.conflictIdCount=36, ConflictIdSorter.conflictIdCycleCount=0, ConflictResolver.totalTime=6, ConflictResolver.conflictItemCount=88, DefaultDependencyCollector.collectTime=181, DefaultDependencyCollector.transformTime=7}
[DEBUG] org.apache.maven.plugins:maven-resources-plugin:jar:2.7:
[DEBUG]    org.apache.maven:maven-plugin-api:jar:2.2.1:compile
[DEBUG]    org.apache.maven:maven-project:jar:2.2.1:compile
[DEBUG]       org.apache.maven:maven-profile:jar:2.2.1:compile
[DEBUG]       org.apache.maven:maven-artifact-manager:jar:2.2.1:compile
[DEBUG]          backport-util-concurrent:backport-util-concurrent:jar:3.1:compile
[DEBUG]       org.apache.maven:maven-plugin-registry:jar:2.2.1:compile
[DEBUG]       org.codehaus.plexus:plexus-container-default:jar:1.0-alpha-9-stable-1:compile
[DEBUG]          junit:junit:jar:3.8.1:compile
[DEBUG]    org.apache.maven:maven-core:jar:2.2.1:compile
[DEBUG]       org.apache.maven:maven-plugin-parameter-documenter:jar:2.2.1:compile
[DEBUG]       org.slf4j:slf4j-jdk14:jar:1.5.6:runtime
[DEBUG]          org.slf4j:slf4j-api:jar:1.5.6:runtime
[DEBUG]       org.slf4j:jcl-over-slf4j:jar:1.5.6:runtime
[DEBUG]       org.apache.maven.reporting:maven-reporting-api:jar:2.2.1:compile
[DEBUG]          org.apache.maven.doxia:doxia-sink-api:jar:1.1:compile
[DEBUG]          org.apache.maven.doxia:doxia-logging-api:jar:1.1:compile
[DEBUG]       org.apache.maven:maven-repository-metadata:jar:2.2.1:compile
[DEBUG]       org.apache.maven:maven-error-diagnostics:jar:2.2.1:compile
[DEBUG]       commons-cli:commons-cli:jar:1.2:compile
[DEBUG]       org.apache.maven:maven-plugin-descriptor:jar:2.2.1:compile
[DEBUG]       org.codehaus.plexus:plexus-interactivity-api:jar:1.0-alpha-4:compile
[DEBUG]       classworlds:classworlds:jar:1.1:compile
[DEBUG]       org.sonatype.plexus:plexus-sec-dispatcher:jar:1.3:compile
[DEBUG]          org.sonatype.plexus:plexus-cipher:jar:1.4:compile
[DEBUG]    org.apache.maven:maven-artifact:jar:2.2.1:compile
[DEBUG]    org.apache.maven:maven-settings:jar:2.2.1:compile
[DEBUG]    org.apache.maven:maven-model:jar:2.2.1:compile
[DEBUG]    org.apache.maven:maven-monitor:jar:2.2.1:compile
[DEBUG]    org.codehaus.plexus:plexus-utils:jar:3.0.15:compile
[DEBUG]    org.apache.maven.shared:maven-filtering:jar:1.2:compile
[DEBUG]       org.apache.maven.shared:maven-shared-utils:jar:0.3:compile
[DEBUG]          com.google.code.findbugs:jsr305:jar:2.0.1:compile
[DEBUG]       org.sonatype.plexus:plexus-build-api:jar:0.0.4:compile
[DEBUG]    org.codehaus.plexus:plexus-interpolation:jar:1.19:compile
[DEBUG] Created new class realm plugin>org.apache.maven.plugins:maven-resources-plugin:2.7
[DEBUG] Importing foreign packages into class realm plugin>org.apache.maven.plugins:maven-resources-plugin:2.7
[DEBUG]   Imported:  < maven.api
[DEBUG] Populating class realm plugin>org.apache.maven.plugins:maven-resources-plugin:2.7
[DEBUG]   Included: org.apache.maven.plugins:maven-resources-plugin:jar:2.7
[DEBUG]   Included: backport-util-concurrent:backport-util-concurrent:jar:3.1
[DEBUG]   Included: junit:junit:jar:3.8.1
[DEBUG]   Included: org.slf4j:slf4j-jdk14:jar:1.5.6
[DEBUG]   Included: org.slf4j:jcl-over-slf4j:jar:1.5.6
[DEBUG]   Included: org.apache.maven.reporting:maven-reporting-api:jar:2.2.1
[DEBUG]   Included: org.apache.maven.doxia:doxia-sink-api:jar:1.1
[DEBUG]   Included: org.apache.maven.doxia:doxia-logging-api:jar:1.1
[DEBUG]   Included: commons-cli:commons-cli:jar:1.2
[DEBUG]   Included: org.codehaus.plexus:plexus-interactivity-api:jar:1.0-alpha-4
[DEBUG]   Included: org.sonatype.plexus:plexus-sec-dispatcher:jar:1.3
[DEBUG]   Included: org.sonatype.plexus:plexus-cipher:jar:1.4
[DEBUG]   Included: org.codehaus.plexus:plexus-utils:jar:3.0.15
[DEBUG]   Included: org.apache.maven.shared:maven-filtering:jar:1.2
[DEBUG]   Included: org.apache.maven.shared:maven-shared-utils:jar:0.3
[DEBUG]   Included: com.google.code.findbugs:jsr305:jar:2.0.1
[DEBUG]   Included: org.sonatype.plexus:plexus-build-api:jar:0.0.4
[DEBUG]   Included: org.codehaus.plexus:plexus-interpolation:jar:1.19
[DEBUG] Configuring mojo org.apache.maven.plugins:maven-resources-plugin:2.7:resources from plugin realm ClassRealm[plugin>org.apache.maven.plugins:maven-resources-plugin:2.7, parent: sun.misc.Launcher$AppClassLoader@2f78743b]
[DEBUG] Configuring mojo 'org.apache.maven.plugins:maven-resources-plugin:2.7:resources' with basic configurator -->
[DEBUG]   (f) buildFilters = []
[DEBUG]   (f) encoding = UTF-8
[DEBUG]   (f) escapeWindowsPaths = true
[DEBUG]   (s) includeEmptyDirs = false
[DEBUG]   (s) outputDirectory = /Users/timwhelan/Documents/workspace/giftcard-service-test-pack/target/classes
[DEBUG]   (s) overwrite = false
[DEBUG]   (f) project = MavenProject: io.electrum:giftcard-service-test-pack:1.0.0 @ /Users/timwhelan/Documents/workspace/giftcard-service-test-pack/pom.xml
[DEBUG]   (s) resources = [Resource {targetPath: null, filtering: false, FileSet {directory: /Users/timwhelan/Documents/workspace/giftcard-service-test-pack/src/main/resources, PatternSet [includes: {}, excludes: {}]}}, Resource {targetPath: null, filtering: true, FileSet {directory: /Users/timwhelan/Documents/workspace/giftcard-service-test-pack/src/dist, PatternSet [includes: {}, excludes: {}]}}, Resource {targetPath: null, filtering: false, FileSet {directory: /Users/timwhelan/Documents/workspace/giftcard-service-test-pack/src/docs/devguide, PatternSet [includes: {}, excludes: {}]}}]
[DEBUG]   (f) session = org.apache.maven.execution.MavenSession@a820829
[DEBUG]   (f) supportMultiLineFiltering = false
[DEBUG]   (f) useBuildFilters = true
[DEBUG]   (s) useDefaultDelimiters = true
[DEBUG] -- end configuration --
[DEBUG] properties used {java.vendor=Oracle Corporation, sun.java.launcher=SUN_STANDARD, env.XPC_SERVICE_NAME=0, sun.management.compiler=HotSpot 64-Bit Tiered Compilers, env.SECURITYSESSIONID=186a9, os.name=Mac OS X, sun.boot.class.path=/Library/Java/JavaVirtualMachines/jdk1.7.0_79.jdk/Contents/Home/jre/lib/resources.jar:/Library/Java/JavaVirtualMachines/jdk1.7.0_79.jdk/Contents/Home/jre/lib/rt.jar:/Library/Java/JavaVirtualMachines/jdk1.7.0_79.jdk/Contents/Home/jre/lib/sunrsasign.jar:/Library/Java/JavaVirtualMachines/jdk1.7.0_79.jdk/Contents/Home/jre/lib/jsse.jar:/Library/Java/JavaVirtualMachines/jdk1.7.0_79.jdk/Contents/Home/jre/lib/jce.jar:/Library/Java/JavaVirtualMachines/jdk1.7.0_79.jdk/Contents/Home/jre/lib/charsets.jar:/Library/Java/JavaVirtualMachines/jdk1.7.0_79.jdk/Contents/Home/jre/lib/jfr.jar:/Library/Java/JavaVirtualMachines/jdk1.7.0_79.jdk/Contents/Home/jre/classes, env.TMPDIR=/var/folders/xt/bgqcr_6j5h732_8p0cqb6qqh0000gn/T/, env.PWD=/Users/timwhelan/Documents/workspace/giftcard-service-test-pack, swagger-maven-plugin-version=3.1.3, user.country.format=ZA, java.vm.specification.vendor=Oracle Corporation, java.runtime.version=1.7.0_79-b15, jersey-version=2.22.1, slf4j-version=1.7.5, env.Apple_PubSub_Socket_Render=/private/tmp/com.apple.launchd.pThrQ13B4b/Render, project.build.sourceEncoding=UTF-8, user.name=timwhelan, maven.build.version=Apache Maven 3.3.9 (bb52d8502b132ec0a5a3f4c09453c07478323dc5; 2015-11-10T18:41:47+02:00), env.USER=timwhelan, env.SHELL=/bin/bash, env.__CF_USER_TEXT_ENCODING=0x1F5:0x0:0x0, jetty-version=9.2.14.v20151106, env.PATH=/Users/timwhelan/apache-maven-3.3.9/bin:/usr/local/bin:/usr/bin:/bin:/usr/sbin:/sbin:/Library/Java/JavaVirtualMachines/jdk1.7.0_79.jdk/Contents/Home/bin:/usr/local/mysql-5.7.13-osx10.11-x86_64/bin, user.language=en, sun.boot.library.path=/Library/Java/JavaVirtualMachines/jdk1.7.0_79.jdk/Contents/Home/jre/lib, classworlds.conf=/Users/timwhelan/apache-maven-3.3.9/bin/m2.conf, env.XPC_FLAGS=0x0, env.LC_CTYPE=UTF-8, java.version=1.7.0_79, user.timezone=Africa/Johannesburg, sun.arch.data.model=64, swagger-version=1.5.9, http.nonProxyHosts=local|*.local|169.254/16|*.169.254/16, java.endorsed.dirs=/Library/Java/JavaVirtualMachines/jdk1.7.0_79.jdk/Contents/Home/jre/lib/endorsed, sun.cpu.isalist=, sun.jnu.encoding=UTF-8, file.encoding.pkg=sun.io, env.SHLVL=1, file.separator=/, java.specification.name=Java Platform API Specification, java.class.version=51.0, org.slf4j.simpleLogger.defaultLogLevel=debug, el-version=2.2.4, user.country=US, java.home=/Library/Java/JavaVirtualMachines/jdk1.7.0_79.jdk/Contents/Home/jre, java.vm.info=mixed mode, env.LOGNAME=timwhelan, env.JAVA_MAIN_CLASS_4384=org.codehaus.plexus.classworlds.launcher.Launcher, os.version=10.11.3, env.TERM_PROGRAM_VERSION=361.1, path.separator=:, hibernate-validator-version=5.2.2.Final, java.vm.version=24.79-b02, env.JAVA_HOME=/Library/Java/JavaVirtualMachines/jdk1.7.0_79.jdk/Contents/Home, java.awt.printerjob=sun.lwawt.macosx.CPrinterJob, env.TERM=xterm-256color, sun.io.unicode.encoding=UnicodeBig, awt.toolkit=sun.lwawt.macosx.LWCToolkit, socksNonProxyHosts=local|*.local|169.254/16|*.169.254/16, ftp.nonProxyHosts=local|*.local|169.254/16|*.169.254/16, user.home=/Users/timwhelan, env.OLDPWD=/Users/timwhelan/Documents/workspace/giftcard-service-test-pack, java.specification.vendor=Oracle Corporation, env.TERM_PROGRAM=Apple_Terminal, java.library.path=/Users/timwhelan/Library/Java/Extensions:/Library/Java/Extensions:/Network/Library/Java/Extensions:/System/Library/Java/Extensions:/usr/lib/java:., java.vendor.url=http://java.oracle.com/, env.MAVEN_CMD_LINE_ARGS= -e -X clean install, java.vm.vendor=Oracle Corporation, gopherProxySet=false, maven.home=/Users/timwhelan/apache-maven-3.3.9, java.runtime.name=Java(TM) SE Runtime Environment, sun.java.command=org.codehaus.plexus.classworlds.launcher.Launcher -e -X clean install, java.class.path=/Users/timwhelan/apache-maven-3.3.9/boot/plexus-classworlds-2.5.2.jar, env.TERM_SESSION_ID=06CF1B1E-F4DE-44AF-BFB5-921A70726031, maven.version=3.3.9, java.vm.specification.name=Java Virtual Machine Specification, java.vm.specification.version=1.7, sun.cpu.endian=little, sun.os.patch.level=unknown, logback-version=1.0.13, env.HOME=/Users/timwhelan, java.io.tmpdir=/var/folders/xt/bgqcr_6j5h732_8p0cqb6qqh0000gn/T/, java.vendor.url.bug=http://bugreport.sun.com/bugreport/, maven.multiModuleProjectDirectory=/Users/timwhelan/Documents/workspace/giftcard-service-test-pack, env.SSH_AUTH_SOCK=/private/tmp/com.apple.launchd.CiPPEsD5uW/Listeners, os.arch=x86_64, java.awt.graphicsenv=sun.awt.CGraphicsEnvironment, java.ext.dirs=/Users/timwhelan/Library/Java/Extensions:/Library/Java/JavaVirtualMachines/jdk1.7.0_79.jdk/Contents/Home/jre/lib/ext:/Library/Java/Extensions:/Network/Library/Java/Extensions:/System/Library/Java/Extensions:/usr/lib/java, user.dir=/Users/timwhelan/Documents/workspace/giftcard-service-test-pack, line.separator=
, giftcard-version=2.0.0, java.vm.name=Java HotSpot(TM) 64-Bit Server VM, file.encoding=UTF-8, giftcard-major-version=2, java.specification.version=1.7, joda-time-version=2.9.4, env.MAVEN_PROJECTBASEDIR=/Users/timwhelan/Documents/workspace/giftcard-service-test-pack}
[INFO] Using 'UTF-8' encoding to copy filtered resources.
[DEBUG] resource with targetPath null
directory /Users/timwhelan/Documents/workspace/giftcard-service-test-pack/src/main/resources
excludes []
includes []
[DEBUG] ignoreDelta true
[INFO] Copying 4 resources
[DEBUG] file cards.csv has a filtered file extension
[DEBUG] copy /Users/timwhelan/Documents/workspace/giftcard-service-test-pack/src/main/resources/cards.csv to /Users/timwhelan/Documents/workspace/giftcard-service-test-pack/target/classes/cards.csv
[DEBUG] file config.properties has a filtered file extension
[DEBUG] copy /Users/timwhelan/Documents/workspace/giftcard-service-test-pack/src/main/resources/config.properties to /Users/timwhelan/Documents/workspace/giftcard-service-test-pack/target/classes/config.properties
[DEBUG] file log4j2.xml has a filtered file extension
[DEBUG] copy /Users/timwhelan/Documents/workspace/giftcard-service-test-pack/src/main/resources/log4j2.xml to /Users/timwhelan/Documents/workspace/giftcard-service-test-pack/target/classes/log4j2.xml
[DEBUG] file products.csv has a filtered file extension
[DEBUG] copy /Users/timwhelan/Documents/workspace/giftcard-service-test-pack/src/main/resources/products.csv to /Users/timwhelan/Documents/workspace/giftcard-service-test-pack/target/classes/products.csv
[DEBUG] resource with targetPath null
directory /Users/timwhelan/Documents/workspace/giftcard-service-test-pack/src/dist
excludes []
includes []
[DEBUG] ignoreDelta true
[INFO] Copying 3 resources
[DEBUG] file Dockerfile has a filtered file extension
[DEBUG] filtering /Users/timwhelan/Documents/workspace/giftcard-service-test-pack/src/dist/Dockerfile to /Users/timwhelan/Documents/workspace/giftcard-service-test-pack/target/classes/Dockerfile
[DEBUG] file heroku_run.sh has a filtered file extension
[DEBUG] filtering /Users/timwhelan/Documents/workspace/giftcard-service-test-pack/src/dist/heroku_run.sh to /Users/timwhelan/Documents/workspace/giftcard-service-test-pack/target/classes/heroku_run.sh
[DEBUG] file Procfile has a filtered file extension
[DEBUG] filtering /Users/timwhelan/Documents/workspace/giftcard-service-test-pack/src/dist/Procfile to /Users/timwhelan/Documents/workspace/giftcard-service-test-pack/target/classes/Procfile
[DEBUG] resource with targetPath null
directory /Users/timwhelan/Documents/workspace/giftcard-service-test-pack/src/docs/devguide
excludes []
includes []
[DEBUG] ignoreDelta true
[INFO] Copying 41 resources
[DEBUG] file operation.hbs has a filtered file extension
[DEBUG] copy /Users/timwhelan/Documents/workspace/giftcard-service-test-pack/src/docs/devguide/handlebars-templates/operation.hbs to /Users/timwhelan/Documents/workspace/giftcard-service-test-pack/target/classes/handlebars-templates/operation.hbs
[DEBUG] file security.hbs has a filtered file extension
[DEBUG] copy /Users/timwhelan/Documents/workspace/giftcard-service-test-pack/src/docs/devguide/handlebars-templates/security.hbs to /Users/timwhelan/Documents/workspace/giftcard-service-test-pack/target/classes/handlebars-templates/security.hbs
[DEBUG] file swaggerfile.hbs has a filtered file extension
[DEBUG] copy /Users/timwhelan/Documents/workspace/giftcard-service-test-pack/src/docs/devguide/handlebars-templates/swaggerfile.hbs to /Users/timwhelan/Documents/workspace/giftcard-service-test-pack/target/classes/handlebars-templates/swaggerfile.hbs
[DEBUG] file hugoBuild.sh has a filtered file extension
[DEBUG] copy /Users/timwhelan/Documents/workspace/giftcard-service-test-pack/src/docs/devguide/hugo/hugoBuild.sh to /Users/timwhelan/Documents/workspace/giftcard-service-test-pack/target/classes/hugo/hugoBuild.sh
[DEBUG] file hugoPreProcessing.sh has a filtered file extension
[DEBUG] copy /Users/timwhelan/Documents/workspace/giftcard-service-test-pack/src/docs/devguide/hugo/hugoPreProcessing.sh to /Users/timwhelan/Documents/workspace/giftcard-service-test-pack/target/classes/hugo/hugoPreProcessing.sh
[DEBUG] file run.sh has a filtered file extension
[DEBUG] copy /Users/timwhelan/Documents/workspace/giftcard-service-test-pack/src/docs/devguide/hugo/run.sh to /Users/timwhelan/Documents/workspace/giftcard-service-test-pack/target/classes/hugo/run.sh
[DEBUG] file config.toml has a filtered file extension
[DEBUG] copy /Users/timwhelan/Documents/workspace/giftcard-service-test-pack/src/docs/devguide/hugo/site/config.toml to /Users/timwhelan/Documents/workspace/giftcard-service-test-pack/target/classes/hugo/site/config.toml
[DEBUG] file index.md has a filtered file extension
[DEBUG] copy /Users/timwhelan/Documents/workspace/giftcard-service-test-pack/src/docs/devguide/hugo/site/content/testing/index.md to /Users/timwhelan/Documents/workspace/giftcard-service-test-pack/target/classes/hugo/site/content/testing/index.md
[DEBUG] file test_server.md has a filtered file extension
[DEBUG] copy /Users/timwhelan/Documents/workspace/giftcard-service-test-pack/src/docs/devguide/hugo/site/content/testing/test_server.md to /Users/timwhelan/Documents/workspace/giftcard-service-test-pack/target/classes/hugo/site/content/testing/test_server.md
[DEBUG] file favicon.ico has a filtered file extension
[DEBUG] copy /Users/timwhelan/Documents/workspace/giftcard-service-test-pack/src/docs/devguide/hugo/site/static/images/favicon.ico to /Users/timwhelan/Documents/workspace/giftcard-service-test-pack/target/classes/hugo/site/static/images/favicon.ico
[DEBUG] file logo-small-white.png has a non filtered file extension
[DEBUG] copy /Users/timwhelan/Documents/workspace/giftcard-service-test-pack/src/docs/devguide/hugo/site/static/images/logo-small-white.png to /Users/timwhelan/Documents/workspace/giftcard-service-test-pack/target/classes/hugo/site/static/images/logo-small-white.png
[DEBUG] file logo-small.png has a non filtered file extension
[DEBUG] copy /Users/timwhelan/Documents/workspace/giftcard-service-test-pack/src/docs/devguide/hugo/site/static/images/logo-small.png to /Users/timwhelan/Documents/workspace/giftcard-service-test-pack/target/classes/hugo/site/static/images/logo-small.png
[DEBUG] file logo-square.png has a non filtered file extension
[DEBUG] copy /Users/timwhelan/Documents/workspace/giftcard-service-test-pack/src/docs/devguide/hugo/site/static/images/logo-square.png to /Users/timwhelan/Documents/workspace/giftcard-service-test-pack/target/classes/hugo/site/static/images/logo-square.png
[DEBUG] file default.md has a filtered file extension
[DEBUG] copy /Users/timwhelan/Documents/workspace/giftcard-service-test-pack/src/docs/devguide/hugo/site/themes/hugo-material-docs/archetypes/default.md to /Users/timwhelan/Documents/workspace/giftcard-service-test-pack/target/classes/hugo/site/themes/hugo-material-docs/archetypes/default.md
[DEBUG] file CHANGELOG.md has a filtered file extension
[DEBUG] copy /Users/timwhelan/Documents/workspace/giftcard-service-test-pack/src/docs/devguide/hugo/site/themes/hugo-material-docs/CHANGELOG.md to /Users/timwhelan/Documents/workspace/giftcard-service-test-pack/target/classes/hugo/site/themes/hugo-material-docs/CHANGELOG.md
[DEBUG] file 404.html has a filtered file extension
[DEBUG] copy /Users/timwhelan/Documents/workspace/giftcard-service-test-pack/src/docs/devguide/hugo/site/themes/hugo-material-docs/layouts/404.html to /Users/timwhelan/Documents/workspace/giftcard-service-test-pack/target/classes/hugo/site/themes/hugo-material-docs/layouts/404.html
[DEBUG] file list.html has a filtered file extension
[DEBUG] copy /Users/timwhelan/Documents/workspace/giftcard-service-test-pack/src/docs/devguide/hugo/site/themes/hugo-material-docs/layouts/_default/list.html to /Users/timwhelan/Documents/workspace/giftcard-service-test-pack/target/classes/hugo/site/themes/hugo-material-docs/layouts/_default/list.html
[DEBUG] file single.html has a filtered file extension
[DEBUG] copy /Users/timwhelan/Documents/workspace/giftcard-service-test-pack/src/docs/devguide/hugo/site/themes/hugo-material-docs/layouts/_default/single.html to /Users/timwhelan/Documents/workspace/giftcard-service-test-pack/target/classes/hugo/site/themes/hugo-material-docs/layouts/_default/single.html
[DEBUG] file index.html has a filtered file extension
[DEBUG] copy /Users/timwhelan/Documents/workspace/giftcard-service-test-pack/src/docs/devguide/hugo/site/themes/hugo-material-docs/layouts/index.html to /Users/timwhelan/Documents/workspace/giftcard-service-test-pack/target/classes/hugo/site/themes/hugo-material-docs/layouts/index.html
[DEBUG] file drawer.html has a filtered file extension
[DEBUG] copy /Users/timwhelan/Documents/workspace/giftcard-service-test-pack/src/docs/devguide/hugo/site/themes/hugo-material-docs/layouts/partials/drawer.html to /Users/timwhelan/Documents/workspace/giftcard-service-test-pack/target/classes/hugo/site/themes/hugo-material-docs/layouts/partials/drawer.html
[DEBUG] file footer.html has a filtered file extension
[DEBUG] copy /Users/timwhelan/Documents/workspace/giftcard-service-test-pack/src/docs/devguide/hugo/site/themes/hugo-material-docs/layouts/partials/footer.html to /Users/timwhelan/Documents/workspace/giftcard-service-test-pack/target/classes/hugo/site/themes/hugo-material-docs/layouts/partials/footer.html
[DEBUG] file footer_js.html has a filtered file extension
[DEBUG] copy /Users/timwhelan/Documents/workspace/giftcard-service-test-pack/src/docs/devguide/hugo/site/themes/hugo-material-docs/layouts/partials/footer_js.html to /Users/timwhelan/Documents/workspace/giftcard-service-test-pack/target/classes/hugo/site/themes/hugo-material-docs/layouts/partials/footer_js.html
[DEBUG] file head.html has a filtered file extension
[DEBUG] copy /Users/timwhelan/Documents/workspace/giftcard-service-test-pack/src/docs/devguide/hugo/site/themes/hugo-material-docs/layouts/partials/head.html to /Users/timwhelan/Documents/workspace/giftcard-service-test-pack/target/classes/hugo/site/themes/hugo-material-docs/layouts/partials/head.html
[DEBUG] file header.html has a filtered file extension
[DEBUG] copy /Users/timwhelan/Documents/workspace/giftcard-service-test-pack/src/docs/devguide/hugo/site/themes/hugo-material-docs/layouts/partials/header.html to /Users/timwhelan/Documents/workspace/giftcard-service-test-pack/target/classes/hugo/site/themes/hugo-material-docs/layouts/partials/header.html
[DEBUG] file nav.html has a filtered file extension
[DEBUG] copy /Users/timwhelan/Documents/workspace/giftcard-service-test-pack/src/docs/devguide/hugo/site/themes/hugo-material-docs/layouts/partials/nav.html to /Users/timwhelan/Documents/workspace/giftcard-service-test-pack/target/classes/hugo/site/themes/hugo-material-docs/layouts/partials/nav.html
[DEBUG] file nav_link.html has a filtered file extension
[DEBUG] copy /Users/timwhelan/Documents/workspace/giftcard-service-test-pack/src/docs/devguide/hugo/site/themes/hugo-material-docs/layouts/partials/nav_link.html to /Users/timwhelan/Documents/workspace/giftcard-service-test-pack/target/classes/hugo/site/themes/hugo-material-docs/layouts/partials/nav_link.html
[DEBUG] file note.html has a filtered file extension
[DEBUG] copy /Users/timwhelan/Documents/workspace/giftcard-service-test-pack/src/docs/devguide/hugo/site/themes/hugo-material-docs/layouts/shortcodes/note.html to /Users/timwhelan/Documents/workspace/giftcard-service-test-pack/target/classes/hugo/site/themes/hugo-material-docs/layouts/shortcodes/note.html
[DEBUG] file warning.html has a filtered file extension
[DEBUG] copy /Users/timwhelan/Documents/workspace/giftcard-service-test-pack/src/docs/devguide/hugo/site/themes/hugo-material-docs/layouts/shortcodes/warning.html to /Users/timwhelan/Documents/workspace/giftcard-service-test-pack/target/classes/hugo/site/themes/hugo-material-docs/layouts/shortcodes/warning.html
[DEBUG] file LICENSE.md has a filtered file extension
[DEBUG] copy /Users/timwhelan/Documents/workspace/giftcard-service-test-pack/src/docs/devguide/hugo/site/themes/hugo-material-docs/LICENSE.md to /Users/timwhelan/Documents/workspace/giftcard-service-test-pack/target/classes/hugo/site/themes/hugo-material-docs/LICENSE.md
[DEBUG] file README.md has a filtered file extension
[DEBUG] copy /Users/timwhelan/Documents/workspace/giftcard-service-test-pack/src/docs/devguide/hugo/site/themes/hugo-material-docs/README.md to /Users/timwhelan/Documents/workspace/giftcard-service-test-pack/target/classes/hugo/site/themes/hugo-material-docs/README.md
[DEBUG] file icon.eot has a filtered file extension
[DEBUG] copy /Users/timwhelan/Documents/workspace/giftcard-service-test-pack/src/docs/devguide/hugo/site/themes/hugo-material-docs/static/fonts/icon.eot to /Users/timwhelan/Documents/workspace/giftcard-service-test-pack/target/classes/hugo/site/themes/hugo-material-docs/static/fonts/icon.eot
[DEBUG] file icon.svg has a filtered file extension
[DEBUG] copy /Users/timwhelan/Documents/workspace/giftcard-service-test-pack/src/docs/devguide/hugo/site/themes/hugo-material-docs/static/fonts/icon.svg to /Users/timwhelan/Documents/workspace/giftcard-service-test-pack/target/classes/hugo/site/themes/hugo-material-docs/static/fonts/icon.svg
[DEBUG] file icon.ttf has a filtered file extension
[DEBUG] copy /Users/timwhelan/Documents/workspace/giftcard-service-test-pack/src/docs/devguide/hugo/site/themes/hugo-material-docs/static/fonts/icon.ttf to /Users/timwhelan/Documents/workspace/giftcard-service-test-pack/target/classes/hugo/site/themes/hugo-material-docs/static/fonts/icon.ttf
[DEBUG] file icon.woff has a filtered file extension
[DEBUG] copy /Users/timwhelan/Documents/workspace/giftcard-service-test-pack/src/docs/devguide/hugo/site/themes/hugo-material-docs/static/fonts/icon.woff to /Users/timwhelan/Documents/workspace/giftcard-service-test-pack/target/classes/hugo/site/themes/hugo-material-docs/static/fonts/icon.woff
[DEBUG] file application.js has a filtered file extension
[DEBUG] copy /Users/timwhelan/Documents/workspace/giftcard-service-test-pack/src/docs/devguide/hugo/site/themes/hugo-material-docs/static/javascripts/application.js to /Users/timwhelan/Documents/workspace/giftcard-service-test-pack/target/classes/hugo/site/themes/hugo-material-docs/static/javascripts/application.js
[DEBUG] file modernizr.js has a filtered file extension
[DEBUG] copy /Users/timwhelan/Documents/workspace/giftcard-service-test-pack/src/docs/devguide/hugo/site/themes/hugo-material-docs/static/javascripts/modernizr.js to /Users/timwhelan/Documents/workspace/giftcard-service-test-pack/target/classes/hugo/site/themes/hugo-material-docs/static/javascripts/modernizr.js
[DEBUG] file application.css has a filtered file extension
[DEBUG] copy /Users/timwhelan/Documents/workspace/giftcard-service-test-pack/src/docs/devguide/hugo/site/themes/hugo-material-docs/static/stylesheets/application.css to /Users/timwhelan/Documents/workspace/giftcard-service-test-pack/target/classes/hugo/site/themes/hugo-material-docs/static/stylesheets/application.css
[DEBUG] file highlight.css has a filtered file extension
[DEBUG] copy /Users/timwhelan/Documents/workspace/giftcard-service-test-pack/src/docs/devguide/hugo/site/themes/hugo-material-docs/static/stylesheets/highlight/highlight.css to /Users/timwhelan/Documents/workspace/giftcard-service-test-pack/target/classes/hugo/site/themes/hugo-material-docs/static/stylesheets/highlight/highlight.css
[DEBUG] file palettes.css has a filtered file extension
[DEBUG] copy /Users/timwhelan/Documents/workspace/giftcard-service-test-pack/src/docs/devguide/hugo/site/themes/hugo-material-docs/static/stylesheets/palettes.css to /Users/timwhelan/Documents/workspace/giftcard-service-test-pack/target/classes/hugo/site/themes/hugo-material-docs/static/stylesheets/palettes.css
[DEBUG] file theme.toml has a filtered file extension
[DEBUG] copy /Users/timwhelan/Documents/workspace/giftcard-service-test-pack/src/docs/devguide/hugo/site/themes/hugo-material-docs/theme.toml to /Users/timwhelan/Documents/workspace/giftcard-service-test-pack/target/classes/hugo/site/themes/hugo-material-docs/theme.toml
[DEBUG] file swagger-template.md has a filtered file extension
[DEBUG] copy /Users/timwhelan/Documents/workspace/giftcard-service-test-pack/src/docs/devguide/hugo/swagger-template.md to /Users/timwhelan/Documents/workspace/giftcard-service-test-pack/target/classes/hugo/swagger-template.md
[DEBUG] no use filter components
[INFO] 
[INFO] --- maven-compiler-plugin:3.1:compile (default-compile) @ giftcard-service-test-pack ---
[DEBUG] Dependency collection stats: {ConflictMarker.analyzeTime=1, ConflictMarker.markTime=1, ConflictMarker.nodeCount=160, ConflictIdSorter.graphTime=0, ConflictIdSorter.topsortTime=0, ConflictIdSorter.conflictIdCount=43, ConflictIdSorter.conflictIdCycleCount=0, ConflictResolver.totalTime=6, ConflictResolver.conflictItemCount=63, DefaultDependencyCollector.collectTime=104, DefaultDependencyCollector.transformTime=8}
[DEBUG] org.apache.maven.plugins:maven-compiler-plugin:jar:3.1:
[DEBUG]    org.apache.maven:maven-plugin-api:jar:2.0.9:compile
[DEBUG]    org.apache.maven:maven-artifact:jar:2.0.9:compile
[DEBUG]       org.codehaus.plexus:plexus-utils:jar:1.5.1:compile
[DEBUG]    org.apache.maven:maven-core:jar:2.0.9:compile
[DEBUG]       org.apache.maven:maven-settings:jar:2.0.9:compile
[DEBUG]       org.apache.maven:maven-plugin-parameter-documenter:jar:2.0.9:compile
[DEBUG]       org.apache.maven:maven-profile:jar:2.0.9:compile
[DEBUG]       org.apache.maven:maven-model:jar:2.0.9:compile
[DEBUG]       org.apache.maven:maven-repository-metadata:jar:2.0.9:compile
[DEBUG]       org.apache.maven:maven-error-diagnostics:jar:2.0.9:compile
[DEBUG]       org.apache.maven:maven-project:jar:2.0.9:compile
[DEBUG]          org.apache.maven:maven-plugin-registry:jar:2.0.9:compile
[DEBUG]       org.apache.maven:maven-plugin-descriptor:jar:2.0.9:compile
[DEBUG]       org.apache.maven:maven-artifact-manager:jar:2.0.9:compile
[DEBUG]       org.apache.maven:maven-monitor:jar:2.0.9:compile
[DEBUG]    org.apache.maven:maven-toolchain:jar:1.0:compile
[DEBUG]    org.apache.maven.shared:maven-shared-utils:jar:0.1:compile
[DEBUG]       com.google.code.findbugs:jsr305:jar:2.0.1:compile
[DEBUG]    org.apache.maven.shared:maven-shared-incremental:jar:1.1:compile
[DEBUG]       org.codehaus.plexus:plexus-component-annotations:jar:1.5.5:compile
[DEBUG]    org.codehaus.plexus:plexus-compiler-api:jar:2.2:compile
[DEBUG]    org.codehaus.plexus:plexus-compiler-manager:jar:2.2:compile
[DEBUG]    org.codehaus.plexus:plexus-compiler-javac:jar:2.2:runtime
[DEBUG]    org.codehaus.plexus:plexus-container-default:jar:1.5.5:compile
[DEBUG]       org.codehaus.plexus:plexus-classworlds:jar:2.2.2:compile
[DEBUG]       org.apache.xbean:xbean-reflect:jar:3.4:compile
[DEBUG]          log4j:log4j:jar:1.2.12:compile
[DEBUG]          commons-logging:commons-logging-api:jar:1.1:compile
[DEBUG]       com.google.collections:google-collections:jar:1.0:compile
[DEBUG]       junit:junit:jar:3.8.2:compile
[DEBUG] Created new class realm plugin>org.apache.maven.plugins:maven-compiler-plugin:3.1
[DEBUG] Importing foreign packages into class realm plugin>org.apache.maven.plugins:maven-compiler-plugin:3.1
[DEBUG]   Imported:  < maven.api
[DEBUG] Populating class realm plugin>org.apache.maven.plugins:maven-compiler-plugin:3.1
[DEBUG]   Included: org.apache.maven.plugins:maven-compiler-plugin:jar:3.1
[DEBUG]   Included: org.codehaus.plexus:plexus-utils:jar:1.5.1
[DEBUG]   Included: org.apache.maven.shared:maven-shared-utils:jar:0.1
[DEBUG]   Included: com.google.code.findbugs:jsr305:jar:2.0.1
[DEBUG]   Included: org.apache.maven.shared:maven-shared-incremental:jar:1.1
[DEBUG]   Included: org.codehaus.plexus:plexus-component-annotations:jar:1.5.5
[DEBUG]   Included: org.codehaus.plexus:plexus-compiler-api:jar:2.2
[DEBUG]   Included: org.codehaus.plexus:plexus-compiler-manager:jar:2.2
[DEBUG]   Included: org.codehaus.plexus:plexus-compiler-javac:jar:2.2
[DEBUG]   Included: org.apache.xbean:xbean-reflect:jar:3.4
[DEBUG]   Included: log4j:log4j:jar:1.2.12
[DEBUG]   Included: commons-logging:commons-logging-api:jar:1.1
[DEBUG]   Included: com.google.collections:google-collections:jar:1.0
[DEBUG]   Included: junit:junit:jar:3.8.2
[DEBUG] Configuring mojo org.apache.maven.plugins:maven-compiler-plugin:3.1:compile from plugin realm ClassRealm[plugin>org.apache.maven.plugins:maven-compiler-plugin:3.1, parent: sun.misc.Launcher$AppClassLoader@2f78743b]
[DEBUG] Configuring mojo 'org.apache.maven.plugins:maven-compiler-plugin:3.1:compile' with basic configurator -->
[DEBUG]   (f) basedir = /Users/timwhelan/Documents/workspace/giftcard-service-test-pack
[DEBUG]   (f) buildDirectory = /Users/timwhelan/Documents/workspace/giftcard-service-test-pack/target
[DEBUG]   (f) classpathElements = [/Users/timwhelan/Documents/workspace/giftcard-service-test-pack/target/classes, /Users/timwhelan/.m2/repository/net/sourceforge/javacsv/javacsv/2.0/javacsv-2.0.jar, /Users/timwhelan/.m2/repository/joda-time/joda-time/2.9.4/joda-time-2.9.4.jar, /Users/timwhelan/.m2/repository/org/eclipse/jetty/jetty-server/9.2.14.v20151106/jetty-server-9.2.14.v20151106.jar, /Users/timwhelan/.m2/repository/javax/servlet/javax.servlet-api/3.1.0/javax.servlet-api-3.1.0.jar, /Users/timwhelan/.m2/repository/org/eclipse/jetty/jetty-http/9.2.14.v20151106/jetty-http-9.2.14.v20151106.jar, /Users/timwhelan/.m2/repository/org/eclipse/jetty/jetty-util/9.2.14.v20151106/jetty-util-9.2.14.v20151106.jar, /Users/timwhelan/.m2/repository/org/eclipse/jetty/jetty-io/9.2.14.v20151106/jetty-io-9.2.14.v20151106.jar, /Users/timwhelan/.m2/repository/org/glassfish/jersey/core/jersey-common/2.22.1/jersey-common-2.22.1.jar, /Users/timwhelan/.m2/repository/javax/ws/rs/javax.ws.rs-api/2.0.1/javax.ws.rs-api-2.0.1.jar, /Users/timwhelan/.m2/repository/javax/annotation/javax.annotation-api/1.2/javax.annotation-api-1.2.jar, /Users/timwhelan/.m2/repository/org/glassfish/jersey/bundles/repackaged/jersey-guava/2.22.1/jersey-guava-2.22.1.jar, /Users/timwhelan/.m2/repository/org/glassfish/hk2/hk2-api/2.4.0-b31/hk2-api-2.4.0-b31.jar, /Users/timwhelan/.m2/repository/org/glassfish/hk2/hk2-utils/2.4.0-b31/hk2-utils-2.4.0-b31.jar, /Users/timwhelan/.m2/repository/org/glassfish/hk2/external/aopalliance-repackaged/2.4.0-b31/aopalliance-repackaged-2.4.0-b31.jar, /Users/timwhelan/.m2/repository/org/glassfish/hk2/external/javax.inject/2.4.0-b31/javax.inject-2.4.0-b31.jar, /Users/timwhelan/.m2/repository/org/glassfish/hk2/hk2-locator/2.4.0-b31/hk2-locator-2.4.0-b31.jar, /Users/timwhelan/.m2/repository/org/javassist/javassist/3.18.1-GA/javassist-3.18.1-GA.jar, /Users/timwhelan/.m2/repository/org/glassfish/hk2/osgi-resource-locator/1.0.1/osgi-resource-locator-1.0.1.jar, /Users/timwhelan/.m2/repository/org/glassfish/jersey/media/jersey-media-json-jackson/2.22.1/jersey-media-json-jackson-2.22.1.jar, /Users/timwhelan/.m2/repository/org/glassfish/jersey/ext/jersey-entity-filtering/2.22.1/jersey-entity-filtering-2.22.1.jar, /Users/timwhelan/.m2/repository/com/fasterxml/jackson/jaxrs/jackson-jaxrs-base/2.5.4/jackson-jaxrs-base-2.5.4.jar, /Users/timwhelan/.m2/repository/com/fasterxml/jackson/core/jackson-core/2.5.4/jackson-core-2.5.4.jar, /Users/timwhelan/.m2/repository/com/fasterxml/jackson/core/jackson-databind/2.5.4/jackson-databind-2.5.4.jar, /Users/timwhelan/.m2/repository/com/fasterxml/jackson/jaxrs/jackson-jaxrs-json-provider/2.5.4/jackson-jaxrs-json-provider-2.5.4.jar, /Users/timwhelan/.m2/repository/com/fasterxml/jackson/module/jackson-module-jaxb-annotations/2.5.4/jackson-module-jaxb-annotations-2.5.4.jar, /Users/timwhelan/.m2/repository/com/fasterxml/jackson/core/jackson-annotations/2.5.4/jackson-annotations-2.5.4.jar, /Users/timwhelan/.m2/repository/org/hibernate/hibernate-validator/5.2.2.Final/hibernate-validator-5.2.2.Final.jar, /Users/timwhelan/.m2/repository/javax/validation/validation-api/1.1.0.Final/validation-api-1.1.0.Final.jar, /Users/timwhelan/.m2/repository/org/jboss/logging/jboss-logging/3.2.1.Final/jboss-logging-3.2.1.Final.jar, /Users/timwhelan/.m2/repository/com/fasterxml/classmate/1.1.0/classmate-1.1.0.jar, /Users/timwhelan/.m2/repository/javax/el/javax.el-api/2.2.4/javax.el-api-2.2.4.jar, /Users/timwhelan/.m2/repository/org/glassfish/web/javax.el/2.2.4/javax.el-2.2.4.jar, /Users/timwhelan/.m2/repository/org/slf4j/slf4j-api/1.7.5/slf4j-api-1.7.5.jar, /Users/timwhelan/.m2/repository/org/eclipse/jetty/jetty-webapp/9.2.14.v20151106/jetty-webapp-9.2.14.v20151106.jar, /Users/timwhelan/.m2/repository/org/eclipse/jetty/jetty-xml/9.2.14.v20151106/jetty-xml-9.2.14.v20151106.jar, /Users/timwhelan/.m2/repository/org/eclipse/jetty/jetty-servlet/9.2.14.v20151106/jetty-servlet-9.2.14.v20151106.jar, /Users/timwhelan/.m2/repository/org/eclipse/jetty/jetty-security/9.2.14.v20151106/jetty-security-9.2.14.v20151106.jar, /Users/timwhelan/.m2/repository/org/glassfish/jersey/containers/jersey-container-servlet/2.22.1/jersey-container-servlet-2.22.1.jar, /Users/timwhelan/.m2/repository/org/glassfish/jersey/containers/jersey-container-servlet-core/2.22.1/jersey-container-servlet-core-2.22.1.jar, /Users/timwhelan/.m2/repository/org/glassfish/jersey/core/jersey-client/2.22.1/jersey-client-2.22.1.jar, /Users/timwhelan/.m2/repository/org/glassfish/jersey/core/jersey-server/2.22.1/jersey-server-2.22.1.jar, /Users/timwhelan/.m2/repository/org/glassfish/jersey/media/jersey-media-jaxb/2.22.1/jersey-media-jaxb-2.22.1.jar, /Users/timwhelan/.m2/repository/io/electrum/giftcard-service-interface/2.0.0/giftcard-service-interface-2.0.0.jar, /Users/timwhelan/.m2/repository/io/electrum/service-interface-base/2.0.9/service-interface-base-2.0.9.jar, /Users/timwhelan/.m2/repository/io/swagger/swagger-hibernate-validations/1.5.9/swagger-hibernate-validations-1.5.9.jar, /Users/timwhelan/.m2/repository/ch/qos/logback/logback-classic/1.0.13/logback-classic-1.0.13.jar, /Users/timwhelan/.m2/repository/ch/qos/logback/logback-core/1.0.13/logback-core-1.0.13.jar, /Users/timwhelan/.m2/repository/io/swagger/swagger-jersey2-jaxrs/1.5.9/swagger-jersey2-jaxrs-1.5.9.jar, /Users/timwhelan/.m2/repository/io/swagger/swagger-jaxrs/1.5.9/swagger-jaxrs-1.5.9.jar, /Users/timwhelan/.m2/repository/com/fasterxml/jackson/dataformat/jackson-dataformat-yaml/2.4.5/jackson-dataformat-yaml-2.4.5.jar, /Users/timwhelan/.m2/repository/org/yaml/snakeyaml/1.12/snakeyaml-1.12.jar, /Users/timwhelan/.m2/repository/com/fasterxml/jackson/dataformat/jackson-dataformat-xml/2.4.5/jackson-dataformat-xml-2.4.5.jar, /Users/timwhelan/.m2/repository/org/codehaus/woodstox/stax2-api/3.1.4/stax2-api-3.1.4.jar, /Users/timwhelan/.m2/repository/io/swagger/swagger-core/1.5.9/swagger-core-1.5.9.jar, /Users/timwhelan/.m2/repository/org/apache/commons/commons-lang3/3.2.1/commons-lang3-3.2.1.jar, /Users/timwhelan/.m2/repository/com/fasterxml/jackson/datatype/jackson-datatype-joda/2.4.5/jackson-datatype-joda-2.4.5.jar, /Users/timwhelan/.m2/repository/io/swagger/swagger-models/1.5.9/swagger-models-1.5.9.jar, /Users/timwhelan/.m2/repository/io/swagger/swagger-annotations/1.5.9/swagger-annotations-1.5.9.jar, /Users/timwhelan/.m2/repository/org/reflections/reflections/0.9.10/reflections-0.9.10.jar, /Users/timwhelan/.m2/repository/com/google/code/findbugs/annotations/2.0.1/annotations-2.0.1.jar, /Users/timwhelan/.m2/repository/com/google/guava/guava/18.0/guava-18.0.jar, /Users/timwhelan/.m2/repository/org/glassfish/jersey/media/jersey-media-multipart/2.1/jersey-media-multipart-2.1.jar, /Users/timwhelan/.m2/repository/org/jvnet/mimepull/mimepull/1.8/mimepull-1.8.jar]
[DEBUG]   (f) compileSourceRoots = [/Users/timwhelan/Documents/workspace/giftcard-service-test-pack/src/main/java]
[DEBUG]   (f) compilerId = javac
[DEBUG]   (f) debug = true
[DEBUG]   (f) encoding = UTF-8
[DEBUG]   (f) failOnError = true
[DEBUG]   (f) forceJavacCompilerUse = false
[DEBUG]   (f) fork = false
[DEBUG]   (f) generatedSourcesDirectory = /Users/timwhelan/Documents/workspace/giftcard-service-test-pack/target/generated-sources/annotations
[DEBUG]   (f) mojoExecution = org.apache.maven.plugins:maven-compiler-plugin:3.1:compile {execution: default-compile}
[DEBUG]   (f) optimize = false
[DEBUG]   (f) outputDirectory = /Users/timwhelan/Documents/workspace/giftcard-service-test-pack/target/classes
[DEBUG]   (f) projectArtifact = io.electrum:giftcard-service-test-pack:jar:1.0.0
[DEBUG]   (f) showDeprecation = false
[DEBUG]   (f) showWarnings = false
[DEBUG]   (f) skipMultiThreadWarning = false
[DEBUG]   (f) source = 1.7
[DEBUG]   (f) staleMillis = 0
[DEBUG]   (f) target = 1.7
[DEBUG]   (f) useIncrementalCompilation = true
[DEBUG]   (f) verbose = false
[DEBUG]   (f) mavenSession = org.apache.maven.execution.MavenSession@a820829
[DEBUG]   (f) session = org.apache.maven.execution.MavenSession@a820829
[DEBUG] -- end configuration --
[DEBUG] Using compiler 'javac'.
[DEBUG] Source directories: [/Users/timwhelan/Documents/workspace/giftcard-service-test-pack/src/main/java]
[DEBUG] Classpath: [/Users/timwhelan/Documents/workspace/giftcard-service-test-pack/target/classes
 /Users/timwhelan/.m2/repository/net/sourceforge/javacsv/javacsv/2.0/javacsv-2.0.jar
 /Users/timwhelan/.m2/repository/joda-time/joda-time/2.9.4/joda-time-2.9.4.jar
 /Users/timwhelan/.m2/repository/org/eclipse/jetty/jetty-server/9.2.14.v20151106/jetty-server-9.2.14.v20151106.jar
 /Users/timwhelan/.m2/repository/javax/servlet/javax.servlet-api/3.1.0/javax.servlet-api-3.1.0.jar
 /Users/timwhelan/.m2/repository/org/eclipse/jetty/jetty-http/9.2.14.v20151106/jetty-http-9.2.14.v20151106.jar
 /Users/timwhelan/.m2/repository/org/eclipse/jetty/jetty-util/9.2.14.v20151106/jetty-util-9.2.14.v20151106.jar
 /Users/timwhelan/.m2/repository/org/eclipse/jetty/jetty-io/9.2.14.v20151106/jetty-io-9.2.14.v20151106.jar
 /Users/timwhelan/.m2/repository/org/glassfish/jersey/core/jersey-common/2.22.1/jersey-common-2.22.1.jar
 /Users/timwhelan/.m2/repository/javax/ws/rs/javax.ws.rs-api/2.0.1/javax.ws.rs-api-2.0.1.jar
 /Users/timwhelan/.m2/repository/javax/annotation/javax.annotation-api/1.2/javax.annotation-api-1.2.jar
 /Users/timwhelan/.m2/repository/org/glassfish/jersey/bundles/repackaged/jersey-guava/2.22.1/jersey-guava-2.22.1.jar
 /Users/timwhelan/.m2/repository/org/glassfish/hk2/hk2-api/2.4.0-b31/hk2-api-2.4.0-b31.jar
 /Users/timwhelan/.m2/repository/org/glassfish/hk2/hk2-utils/2.4.0-b31/hk2-utils-2.4.0-b31.jar
 /Users/timwhelan/.m2/repository/org/glassfish/hk2/external/aopalliance-repackaged/2.4.0-b31/aopalliance-repackaged-2.4.0-b31.jar
 /Users/timwhelan/.m2/repository/org/glassfish/hk2/external/javax.inject/2.4.0-b31/javax.inject-2.4.0-b31.jar
 /Users/timwhelan/.m2/repository/org/glassfish/hk2/hk2-locator/2.4.0-b31/hk2-locator-2.4.0-b31.jar
 /Users/timwhelan/.m2/repository/org/javassist/javassist/3.18.1-GA/javassist-3.18.1-GA.jar
 /Users/timwhelan/.m2/repository/org/glassfish/hk2/osgi-resource-locator/1.0.1/osgi-resource-locator-1.0.1.jar
 /Users/timwhelan/.m2/repository/org/glassfish/jersey/media/jersey-media-json-jackson/2.22.1/jersey-media-json-jackson-2.22.1.jar
 /Users/timwhelan/.m2/repository/org/glassfish/jersey/ext/jersey-entity-filtering/2.22.1/jersey-entity-filtering-2.22.1.jar
 /Users/timwhelan/.m2/repository/com/fasterxml/jackson/jaxrs/jackson-jaxrs-base/2.5.4/jackson-jaxrs-base-2.5.4.jar
 /Users/timwhelan/.m2/repository/com/fasterxml/jackson/core/jackson-core/2.5.4/jackson-core-2.5.4.jar
 /Users/timwhelan/.m2/repository/com/fasterxml/jackson/core/jackson-databind/2.5.4/jackson-databind-2.5.4.jar
 /Users/timwhelan/.m2/repository/com/fasterxml/jackson/jaxrs/jackson-jaxrs-json-provider/2.5.4/jackson-jaxrs-json-provider-2.5.4.jar
 /Users/timwhelan/.m2/repository/com/fasterxml/jackson/module/jackson-module-jaxb-annotations/2.5.4/jackson-module-jaxb-annotations-2.5.4.jar
 /Users/timwhelan/.m2/repository/com/fasterxml/jackson/core/jackson-annotations/2.5.4/jackson-annotations-2.5.4.jar
 /Users/timwhelan/.m2/repository/org/hibernate/hibernate-validator/5.2.2.Final/hibernate-validator-5.2.2.Final.jar
 /Users/timwhelan/.m2/repository/javax/validation/validation-api/1.1.0.Final/validation-api-1.1.0.Final.jar
 /Users/timwhelan/.m2/repository/org/jboss/logging/jboss-logging/3.2.1.Final/jboss-logging-3.2.1.Final.jar
 /Users/timwhelan/.m2/repository/com/fasterxml/classmate/1.1.0/classmate-1.1.0.jar
 /Users/timwhelan/.m2/repository/javax/el/javax.el-api/2.2.4/javax.el-api-2.2.4.jar
 /Users/timwhelan/.m2/repository/org/glassfish/web/javax.el/2.2.4/javax.el-2.2.4.jar
 /Users/timwhelan/.m2/repository/org/slf4j/slf4j-api/1.7.5/slf4j-api-1.7.5.jar
 /Users/timwhelan/.m2/repository/org/eclipse/jetty/jetty-webapp/9.2.14.v20151106/jetty-webapp-9.2.14.v20151106.jar
 /Users/timwhelan/.m2/repository/org/eclipse/jetty/jetty-xml/9.2.14.v20151106/jetty-xml-9.2.14.v20151106.jar
 /Users/timwhelan/.m2/repository/org/eclipse/jetty/jetty-servlet/9.2.14.v20151106/jetty-servlet-9.2.14.v20151106.jar
 /Users/timwhelan/.m2/repository/org/eclipse/jetty/jetty-security/9.2.14.v20151106/jetty-security-9.2.14.v20151106.jar
 /Users/timwhelan/.m2/repository/org/glassfish/jersey/containers/jersey-container-servlet/2.22.1/jersey-container-servlet-2.22.1.jar
 /Users/timwhelan/.m2/repository/org/glassfish/jersey/containers/jersey-container-servlet-core/2.22.1/jersey-container-servlet-core-2.22.1.jar
 /Users/timwhelan/.m2/repository/org/glassfish/jersey/core/jersey-client/2.22.1/jersey-client-2.22.1.jar
 /Users/timwhelan/.m2/repository/org/glassfish/jersey/core/jersey-server/2.22.1/jersey-server-2.22.1.jar
 /Users/timwhelan/.m2/repository/org/glassfish/jersey/media/jersey-media-jaxb/2.22.1/jersey-media-jaxb-2.22.1.jar
 /Users/timwhelan/.m2/repository/io/electrum/giftcard-service-interface/2.0.0/giftcard-service-interface-2.0.0.jar
 /Users/timwhelan/.m2/repository/io/electrum/service-interface-base/2.0.9/service-interface-base-2.0.9.jar
 /Users/timwhelan/.m2/repository/io/swagger/swagger-hibernate-validations/1.5.9/swagger-hibernate-validations-1.5.9.jar
 /Users/timwhelan/.m2/repository/ch/qos/logback/logback-classic/1.0.13/logback-classic-1.0.13.jar
 /Users/timwhelan/.m2/repository/ch/qos/logback/logback-core/1.0.13/logback-core-1.0.13.jar
 /Users/timwhelan/.m2/repository/io/swagger/swagger-jersey2-jaxrs/1.5.9/swagger-jersey2-jaxrs-1.5.9.jar
 /Users/timwhelan/.m2/repository/io/swagger/swagger-jaxrs/1.5.9/swagger-jaxrs-1.5.9.jar
 /Users/timwhelan/.m2/repository/com/fasterxml/jackson/dataformat/jackson-dataformat-yaml/2.4.5/jackson-dataformat-yaml-2.4.5.jar
 /Users/timwhelan/.m2/repository/org/yaml/snakeyaml/1.12/snakeyaml-1.12.jar
 /Users/timwhelan/.m2/repository/com/fasterxml/jackson/dataformat/jackson-dataformat-xml/2.4.5/jackson-dataformat-xml-2.4.5.jar
 /Users/timwhelan/.m2/repository/org/codehaus/woodstox/stax2-api/3.1.4/stax2-api-3.1.4.jar
 /Users/timwhelan/.m2/repository/io/swagger/swagger-core/1.5.9/swagger-core-1.5.9.jar
 /Users/timwhelan/.m2/repository/org/apache/commons/commons-lang3/3.2.1/commons-lang3-3.2.1.jar
 /Users/timwhelan/.m2/repository/com/fasterxml/jackson/datatype/jackson-datatype-joda/2.4.5/jackson-datatype-joda-2.4.5.jar
 /Users/timwhelan/.m2/repository/io/swagger/swagger-models/1.5.9/swagger-models-1.5.9.jar
 /Users/timwhelan/.m2/repository/io/swagger/swagger-annotations/1.5.9/swagger-annotations-1.5.9.jar
 /Users/timwhelan/.m2/repository/org/reflections/reflections/0.9.10/reflections-0.9.10.jar
 /Users/timwhelan/.m2/repository/com/google/code/findbugs/annotations/2.0.1/annotations-2.0.1.jar
 /Users/timwhelan/.m2/repository/com/google/guava/guava/18.0/guava-18.0.jar
 /Users/timwhelan/.m2/repository/org/glassfish/jersey/media/jersey-media-multipart/2.1/jersey-media-multipart-2.1.jar
 /Users/timwhelan/.m2/repository/org/jvnet/mimepull/mimepull/1.8/mimepull-1.8.jar]
[DEBUG] Output directory: /Users/timwhelan/Documents/workspace/giftcard-service-test-pack/target/classes
[DEBUG] CompilerReuseStrategy: reuseCreated
[DEBUG] useIncrementalCompilation enabled
[DEBUG] Stale source detected: /Users/timwhelan/Documents/workspace/giftcard-service-test-pack/src/main/java/io/electrum/giftcard/server/backend/records/LoadRecord.java
[DEBUG] Stale source detected: /Users/timwhelan/Documents/workspace/giftcard-service-test-pack/src/main/java/io/electrum/giftcard/server/backend/tables/RedemptionConfirmationsTable.java
[DEBUG] Stale source detected: /Users/timwhelan/Documents/workspace/giftcard-service-test-pack/src/main/java/io/electrum/giftcard/server/api/resource/impl/RedemptionsResourceImpl.java
[DEBUG] Stale source detected: /Users/timwhelan/Documents/workspace/giftcard-service-test-pack/src/main/java/io/electrum/giftcard/handler/LookupGiftcardHandler.java
[DEBUG] Stale source detected: /Users/timwhelan/Documents/workspace/giftcard-service-test-pack/src/main/java/io/electrum/giftcard/server/backend/records/RequestRecord.java
[DEBUG] Stale source detected: /Users/timwhelan/Documents/workspace/giftcard-service-test-pack/src/main/java/io/electrum/giftcard/server/GiftcardTestServerRunner.java
[DEBUG] Stale source detected: /Users/timwhelan/Documents/workspace/giftcard-service-test-pack/src/main/java/io/electrum/giftcard/server/backend/tables/GiftcardTable.java
[DEBUG] Stale source detected: /Users/timwhelan/Documents/workspace/giftcard-service-test-pack/src/main/java/io/electrum/giftcard/server/api/model/DetailMessage.java
[DEBUG] Stale source detected: /Users/timwhelan/Documents/workspace/giftcard-service-test-pack/src/main/java/io/electrum/giftcard/handler/ReverseRedemptionHandler.java
[DEBUG] Stale source detected: /Users/timwhelan/Documents/workspace/giftcard-service-test-pack/src/main/java/io/electrum/giftcard/server/api/resource/impl/TestServerAdminResourceImpl.java
[DEBUG] Stale source detected: /Users/timwhelan/Documents/workspace/giftcard-service-test-pack/src/main/java/io/electrum/giftcard/handler/LoadHandler.java
[DEBUG] Stale source detected: /Users/timwhelan/Documents/workspace/giftcard-service-test-pack/src/main/java/io/electrum/giftcard/server/api/model/CardData.java
[DEBUG] Stale source detected: /Users/timwhelan/Documents/workspace/giftcard-service-test-pack/src/main/java/io/electrum/giftcard/server/backend/GiftcardBackend.java
[DEBUG] Stale source detected: /Users/timwhelan/Documents/workspace/giftcard-service-test-pack/src/main/java/io/electrum/giftcard/handler/ReverseActivationHandler.java
[DEBUG] Stale source detected: /Users/timwhelan/Documents/workspace/giftcard-service-test-pack/src/main/java/io/electrum/giftcard/server/backend/records/ActivationReversalRecord.java
[DEBUG] Stale source detected: /Users/timwhelan/Documents/workspace/giftcard-service-test-pack/src/main/java/io/electrum/giftcard/server/api/resource/impl/GiftcardTestServer.java
[DEBUG] Stale source detected: /Users/timwhelan/Documents/workspace/giftcard-service-test-pack/src/main/java/io/electrum/giftcard/server/backend/records/LoadConfirmationRecord.java
[DEBUG] Stale source detected: /Users/timwhelan/Documents/workspace/giftcard-service-test-pack/src/main/java/io/electrum/giftcard/server/backend/tables/VoidsTable.java
[DEBUG] Stale source detected: /Users/timwhelan/Documents/workspace/giftcard-service-test-pack/src/main/java/io/electrum/giftcard/server/backend/db/MockGiftcardDb.java
[DEBUG] Stale source detected: /Users/timwhelan/Documents/workspace/giftcard-service-test-pack/src/main/java/io/electrum/giftcard/server/api/model/ResetResponse.java
[DEBUG] Stale source detected: /Users/timwhelan/Documents/workspace/giftcard-service-test-pack/src/main/java/io/electrum/giftcard/server/backend/records/RedemptionConfirmationRecord.java
[DEBUG] Stale source detected: /Users/timwhelan/Documents/workspace/giftcard-service-test-pack/src/main/java/io/electrum/giftcard/server/api/resource/impl/ActivationsResourceImpl.java
[DEBUG] Stale source detected: /Users/timwhelan/Documents/workspace/giftcard-service-test-pack/src/main/java/io/electrum/giftcard/handler/ConfirmActivationHandler.java
[DEBUG] Stale source detected: /Users/timwhelan/Documents/workspace/giftcard-service-test-pack/src/main/java/io/electrum/giftcard/server/backend/records/GiftcardRecord.java
[DEBUG] Stale source detected: /Users/timwhelan/Documents/workspace/giftcard-service-test-pack/src/main/java/io/electrum/giftcard/handler/ConfirmVoidHandler.java
[DEBUG] Stale source detected: /Users/timwhelan/Documents/workspace/giftcard-service-test-pack/src/main/java/io/electrum/giftcard/handler/ReverseVoidHandler.java
[DEBUG] Stale source detected: /Users/timwhelan/Documents/workspace/giftcard-service-test-pack/src/main/java/io/electrum/giftcard/server/backend/tables/ActivationConfirmationsTable.java
[DEBUG] Stale source detected: /Users/timwhelan/Documents/workspace/giftcard-service-test-pack/src/main/java/io/electrum/giftcard/server/backend/tables/ActivationReversalsTable.java
[DEBUG] Stale source detected: /Users/timwhelan/Documents/workspace/giftcard-service-test-pack/src/main/java/io/electrum/giftcard/server/backend/tables/LoadReversalsTable.java
[DEBUG] Stale source detected: /Users/timwhelan/Documents/workspace/giftcard-service-test-pack/src/main/java/io/electrum/giftcard/server/backend/tables/CardTable.java
[DEBUG] Stale source detected: /Users/timwhelan/Documents/workspace/giftcard-service-test-pack/src/main/java/io/electrum/giftcard/server/backend/records/ProductRecord.java
[DEBUG] Stale source detected: /Users/timwhelan/Documents/workspace/giftcard-service-test-pack/src/main/java/io/electrum/giftcard/server/util/GiftcardModelUtils.java
[DEBUG] Stale source detected: /Users/timwhelan/Documents/workspace/giftcard-service-test-pack/src/main/java/io/electrum/giftcard/server/backend/tables/RedemptionsTable.java
[DEBUG] Stale source detected: /Users/timwhelan/Documents/workspace/giftcard-service-test-pack/src/main/java/io/electrum/giftcard/handler/DataHandler.java
[DEBUG] Stale source detected: /Users/timwhelan/Documents/workspace/giftcard-service-test-pack/src/main/java/io/electrum/giftcard/server/backend/records/CardRecord.java
[DEBUG] Stale source detected: /Users/timwhelan/Documents/workspace/giftcard-service-test-pack/src/main/java/io/electrum/giftcard/server/api/model/ResetRequest.java
[DEBUG] Stale source detected: /Users/timwhelan/Documents/workspace/giftcard-service-test-pack/src/main/java/io/electrum/giftcard/server/backend/tables/VoidReversalsTable.java
[DEBUG] Stale source detected: /Users/timwhelan/Documents/workspace/giftcard-service-test-pack/src/main/java/io/electrum/giftcard/server/backend/records/ActivationRecord.java
[DEBUG] Stale source detected: /Users/timwhelan/Documents/workspace/giftcard-service-test-pack/src/main/java/io/electrum/giftcard/server/backend/records/RedemptionReversalRecord.java
[DEBUG] Stale source detected: /Users/timwhelan/Documents/workspace/giftcard-service-test-pack/src/main/java/io/electrum/giftcard/server/backend/tables/RedemptionReversalsTable.java
[DEBUG] Stale source detected: /Users/timwhelan/Documents/workspace/giftcard-service-test-pack/src/main/java/io/electrum/giftcard/server/api/model/FormatError.java
[DEBUG] Stale source detected: /Users/timwhelan/Documents/workspace/giftcard-service-test-pack/src/main/java/io/electrum/giftcard/server/backend/records/LookupRecord.java
[DEBUG] Stale source detected: /Users/timwhelan/Documents/workspace/giftcard-service-test-pack/src/main/java/io/electrum/giftcard/server/backend/ProductLoader.java
[DEBUG] Stale source detected: /Users/timwhelan/Documents/workspace/giftcard-service-test-pack/src/main/java/io/electrum/giftcard/server/util/RandomData.java
[DEBUG] Stale source detected: /Users/timwhelan/Documents/workspace/giftcard-service-test-pack/src/main/java/io/electrum/giftcard/handler/RedemptionHandler.java
[DEBUG] Stale source detected: /Users/timwhelan/Documents/workspace/giftcard-service-test-pack/src/main/java/io/electrum/giftcard/server/backend/tables/ActivationsTable.java
[DEBUG] Stale source detected: /Users/timwhelan/Documents/workspace/giftcard-service-test-pack/src/main/java/io/electrum/giftcard/handler/ReverseLoadHandler.java
[DEBUG] Stale source detected: /Users/timwhelan/Documents/workspace/giftcard-service-test-pack/src/main/java/io/electrum/giftcard/server/backend/CardLoader.java
[DEBUG] Stale source detected: /Users/timwhelan/Documents/workspace/giftcard-service-test-pack/src/main/java/io/electrum/giftcard/handler/VoidHandler.java
[DEBUG] Stale source detected: /Users/timwhelan/Documents/workspace/giftcard-service-test-pack/src/main/java/io/electrum/giftcard/handler/GiftcardMessageHandlerFactory.java
[DEBUG] Stale source detected: /Users/timwhelan/Documents/workspace/giftcard-service-test-pack/src/main/java/io/electrum/giftcard/server/api/model/DataResponse.java
[DEBUG] Stale source detected: /Users/timwhelan/Documents/workspace/giftcard-service-test-pack/src/main/java/io/electrum/giftcard/server/api/resource/impl/LookupGiftcardResourceImpl.java
[DEBUG] Stale source detected: /Users/timwhelan/Documents/workspace/giftcard-service-test-pack/src/main/java/io/electrum/giftcard/handler/ResetHandler.java
[DEBUG] Stale source detected: /Users/timwhelan/Documents/workspace/giftcard-service-test-pack/src/main/java/io/electrum/giftcard/server/backend/records/ActivationConfirmationRecord.java
[DEBUG] Stale source detected: /Users/timwhelan/Documents/workspace/giftcard-service-test-pack/src/main/java/io/electrum/giftcard/handler/ConfirmRedemptionHandler.java
[DEBUG] Stale source detected: /Users/timwhelan/Documents/workspace/giftcard-service-test-pack/src/main/java/io/electrum/giftcard/server/backend/tables/LoadsTable.java
[DEBUG] Stale source detected: /Users/timwhelan/Documents/workspace/giftcard-service-test-pack/src/main/java/io/electrum/giftcard/handler/ConfirmLoadHandler.java
[DEBUG] Stale source detected: /Users/timwhelan/Documents/workspace/giftcard-service-test-pack/src/main/java/io/electrum/giftcard/server/api/model/ProductData.java
[DEBUG] Stale source detected: /Users/timwhelan/Documents/workspace/giftcard-service-test-pack/src/main/java/io/electrum/giftcard/server/backend/records/VoidConfirmationRecord.java
[DEBUG] Stale source detected: /Users/timwhelan/Documents/workspace/giftcard-service-test-pack/src/main/java/io/electrum/giftcard/server/backend/records/VoidRecord.java
[DEBUG] Stale source detected: /Users/timwhelan/Documents/workspace/giftcard-service-test-pack/src/main/java/io/electrum/giftcard/server/backend/tables/LoadConfirmationsTable.java
[DEBUG] Stale source detected: /Users/timwhelan/Documents/workspace/giftcard-service-test-pack/src/main/java/io/electrum/giftcard/server/backend/tables/VoidConfirmationsTable.java
[DEBUG] Stale source detected: /Users/timwhelan/Documents/workspace/giftcard-service-test-pack/src/main/java/io/electrum/giftcard/server/api/resource/impl/LoadsResourceImpl.java
[DEBUG] Stale source detected: /Users/timwhelan/Documents/workspace/giftcard-service-test-pack/src/main/java/io/electrum/giftcard/server/backend/tables/LookupsTable.java
[DEBUG] Stale source detected: /Users/timwhelan/Documents/workspace/giftcard-service-test-pack/src/main/java/io/electrum/giftcard/server/backend/records/LoadReversalRecord.java
[DEBUG] Stale source detected: /Users/timwhelan/Documents/workspace/giftcard-service-test-pack/src/main/java/io/electrum/giftcard/server/backend/tables/ProductTable.java
[DEBUG] Stale source detected: /Users/timwhelan/Documents/workspace/giftcard-service-test-pack/src/main/java/io/electrum/giftcard/handler/ActivationHandler.java
[DEBUG] Stale source detected: /Users/timwhelan/Documents/workspace/giftcard-service-test-pack/src/main/java/io/electrum/giftcard/server/api/resource/impl/VoidsResourceImpl.java
[DEBUG] Stale source detected: /Users/timwhelan/Documents/workspace/giftcard-service-test-pack/src/main/java/io/electrum/giftcard/server/backend/records/RedemptionRecord.java
[DEBUG] Stale source detected: /Users/timwhelan/Documents/workspace/giftcard-service-test-pack/src/main/java/io/electrum/giftcard/server/backend/records/VoidReversalRecord.java
[INFO] Changes detected - recompiling the module!
[DEBUG] Classpath:
[DEBUG]  /Users/timwhelan/Documents/workspace/giftcard-service-test-pack/target/classes
[DEBUG]  /Users/timwhelan/.m2/repository/net/sourceforge/javacsv/javacsv/2.0/javacsv-2.0.jar
[DEBUG]  /Users/timwhelan/.m2/repository/joda-time/joda-time/2.9.4/joda-time-2.9.4.jar
[DEBUG]  /Users/timwhelan/.m2/repository/org/eclipse/jetty/jetty-server/9.2.14.v20151106/jetty-server-9.2.14.v20151106.jar
[DEBUG]  /Users/timwhelan/.m2/repository/javax/servlet/javax.servlet-api/3.1.0/javax.servlet-api-3.1.0.jar
[DEBUG]  /Users/timwhelan/.m2/repository/org/eclipse/jetty/jetty-http/9.2.14.v20151106/jetty-http-9.2.14.v20151106.jar
[DEBUG]  /Users/timwhelan/.m2/repository/org/eclipse/jetty/jetty-util/9.2.14.v20151106/jetty-util-9.2.14.v20151106.jar
[DEBUG]  /Users/timwhelan/.m2/repository/org/eclipse/jetty/jetty-io/9.2.14.v20151106/jetty-io-9.2.14.v20151106.jar
[DEBUG]  /Users/timwhelan/.m2/repository/org/glassfish/jersey/core/jersey-common/2.22.1/jersey-common-2.22.1.jar
[DEBUG]  /Users/timwhelan/.m2/repository/javax/ws/rs/javax.ws.rs-api/2.0.1/javax.ws.rs-api-2.0.1.jar
[DEBUG]  /Users/timwhelan/.m2/repository/javax/annotation/javax.annotation-api/1.2/javax.annotation-api-1.2.jar
[DEBUG]  /Users/timwhelan/.m2/repository/org/glassfish/jersey/bundles/repackaged/jersey-guava/2.22.1/jersey-guava-2.22.1.jar
[DEBUG]  /Users/timwhelan/.m2/repository/org/glassfish/hk2/hk2-api/2.4.0-b31/hk2-api-2.4.0-b31.jar
[DEBUG]  /Users/timwhelan/.m2/repository/org/glassfish/hk2/hk2-utils/2.4.0-b31/hk2-utils-2.4.0-b31.jar
[DEBUG]  /Users/timwhelan/.m2/repository/org/glassfish/hk2/external/aopalliance-repackaged/2.4.0-b31/aopalliance-repackaged-2.4.0-b31.jar
[DEBUG]  /Users/timwhelan/.m2/repository/org/glassfish/hk2/external/javax.inject/2.4.0-b31/javax.inject-2.4.0-b31.jar
[DEBUG]  /Users/timwhelan/.m2/repository/org/glassfish/hk2/hk2-locator/2.4.0-b31/hk2-locator-2.4.0-b31.jar
[DEBUG]  /Users/timwhelan/.m2/repository/org/javassist/javassist/3.18.1-GA/javassist-3.18.1-GA.jar
[DEBUG]  /Users/timwhelan/.m2/repository/org/glassfish/hk2/osgi-resource-locator/1.0.1/osgi-resource-locator-1.0.1.jar
[DEBUG]  /Users/timwhelan/.m2/repository/org/glassfish/jersey/media/jersey-media-json-jackson/2.22.1/jersey-media-json-jackson-2.22.1.jar
[DEBUG]  /Users/timwhelan/.m2/repository/org/glassfish/jersey/ext/jersey-entity-filtering/2.22.1/jersey-entity-filtering-2.22.1.jar
[DEBUG]  /Users/timwhelan/.m2/repository/com/fasterxml/jackson/jaxrs/jackson-jaxrs-base/2.5.4/jackson-jaxrs-base-2.5.4.jar
[DEBUG]  /Users/timwhelan/.m2/repository/com/fasterxml/jackson/core/jackson-core/2.5.4/jackson-core-2.5.4.jar
[DEBUG]  /Users/timwhelan/.m2/repository/com/fasterxml/jackson/core/jackson-databind/2.5.4/jackson-databind-2.5.4.jar
[DEBUG]  /Users/timwhelan/.m2/repository/com/fasterxml/jackson/jaxrs/jackson-jaxrs-json-provider/2.5.4/jackson-jaxrs-json-provider-2.5.4.jar
[DEBUG]  /Users/timwhelan/.m2/repository/com/fasterxml/jackson/module/jackson-module-jaxb-annotations/2.5.4/jackson-module-jaxb-annotations-2.5.4.jar
[DEBUG]  /Users/timwhelan/.m2/repository/com/fasterxml/jackson/core/jackson-annotations/2.5.4/jackson-annotations-2.5.4.jar
[DEBUG]  /Users/timwhelan/.m2/repository/org/hibernate/hibernate-validator/5.2.2.Final/hibernate-validator-5.2.2.Final.jar
[DEBUG]  /Users/timwhelan/.m2/repository/javax/validation/validation-api/1.1.0.Final/validation-api-1.1.0.Final.jar
[DEBUG]  /Users/timwhelan/.m2/repository/org/jboss/logging/jboss-logging/3.2.1.Final/jboss-logging-3.2.1.Final.jar
[DEBUG]  /Users/timwhelan/.m2/repository/com/fasterxml/classmate/1.1.0/classmate-1.1.0.jar
[DEBUG]  /Users/timwhelan/.m2/repository/javax/el/javax.el-api/2.2.4/javax.el-api-2.2.4.jar
[DEBUG]  /Users/timwhelan/.m2/repository/org/glassfish/web/javax.el/2.2.4/javax.el-2.2.4.jar
[DEBUG]  /Users/timwhelan/.m2/repository/org/slf4j/slf4j-api/1.7.5/slf4j-api-1.7.5.jar
[DEBUG]  /Users/timwhelan/.m2/repository/org/eclipse/jetty/jetty-webapp/9.2.14.v20151106/jetty-webapp-9.2.14.v20151106.jar
[DEBUG]  /Users/timwhelan/.m2/repository/org/eclipse/jetty/jetty-xml/9.2.14.v20151106/jetty-xml-9.2.14.v20151106.jar
[DEBUG]  /Users/timwhelan/.m2/repository/org/eclipse/jetty/jetty-servlet/9.2.14.v20151106/jetty-servlet-9.2.14.v20151106.jar
[DEBUG]  /Users/timwhelan/.m2/repository/org/eclipse/jetty/jetty-security/9.2.14.v20151106/jetty-security-9.2.14.v20151106.jar
[DEBUG]  /Users/timwhelan/.m2/repository/org/glassfish/jersey/containers/jersey-container-servlet/2.22.1/jersey-container-servlet-2.22.1.jar
[DEBUG]  /Users/timwhelan/.m2/repository/org/glassfish/jersey/containers/jersey-container-servlet-core/2.22.1/jersey-container-servlet-core-2.22.1.jar
[DEBUG]  /Users/timwhelan/.m2/repository/org/glassfish/jersey/core/jersey-client/2.22.1/jersey-client-2.22.1.jar
[DEBUG]  /Users/timwhelan/.m2/repository/org/glassfish/jersey/core/jersey-server/2.22.1/jersey-server-2.22.1.jar
[DEBUG]  /Users/timwhelan/.m2/repository/org/glassfish/jersey/media/jersey-media-jaxb/2.22.1/jersey-media-jaxb-2.22.1.jar
[DEBUG]  /Users/timwhelan/.m2/repository/io/electrum/giftcard-service-interface/2.0.0/giftcard-service-interface-2.0.0.jar
[DEBUG]  /Users/timwhelan/.m2/repository/io/electrum/service-interface-base/2.0.9/service-interface-base-2.0.9.jar
[DEBUG]  /Users/timwhelan/.m2/repository/io/swagger/swagger-hibernate-validations/1.5.9/swagger-hibernate-validations-1.5.9.jar
[DEBUG]  /Users/timwhelan/.m2/repository/ch/qos/logback/logback-classic/1.0.13/logback-classic-1.0.13.jar
[DEBUG]  /Users/timwhelan/.m2/repository/ch/qos/logback/logback-core/1.0.13/logback-core-1.0.13.jar
[DEBUG]  /Users/timwhelan/.m2/repository/io/swagger/swagger-jersey2-jaxrs/1.5.9/swagger-jersey2-jaxrs-1.5.9.jar
[DEBUG]  /Users/timwhelan/.m2/repository/io/swagger/swagger-jaxrs/1.5.9/swagger-jaxrs-1.5.9.jar
[DEBUG]  /Users/timwhelan/.m2/repository/com/fasterxml/jackson/dataformat/jackson-dataformat-yaml/2.4.5/jackson-dataformat-yaml-2.4.5.jar
[DEBUG]  /Users/timwhelan/.m2/repository/org/yaml/snakeyaml/1.12/snakeyaml-1.12.jar
[DEBUG]  /Users/timwhelan/.m2/repository/com/fasterxml/jackson/dataformat/jackson-dataformat-xml/2.4.5/jackson-dataformat-xml-2.4.5.jar
[DEBUG]  /Users/timwhelan/.m2/repository/org/codehaus/woodstox/stax2-api/3.1.4/stax2-api-3.1.4.jar
[DEBUG]  /Users/timwhelan/.m2/repository/io/swagger/swagger-core/1.5.9/swagger-core-1.5.9.jar
[DEBUG]  /Users/timwhelan/.m2/repository/org/apache/commons/commons-lang3/3.2.1/commons-lang3-3.2.1.jar
[DEBUG]  /Users/timwhelan/.m2/repository/com/fasterxml/jackson/datatype/jackson-datatype-joda/2.4.5/jackson-datatype-joda-2.4.5.jar
[DEBUG]  /Users/timwhelan/.m2/repository/io/swagger/swagger-models/1.5.9/swagger-models-1.5.9.jar
[DEBUG]  /Users/timwhelan/.m2/repository/io/swagger/swagger-annotations/1.5.9/swagger-annotations-1.5.9.jar
[DEBUG]  /Users/timwhelan/.m2/repository/org/reflections/reflections/0.9.10/reflections-0.9.10.jar
[DEBUG]  /Users/timwhelan/.m2/repository/com/google/code/findbugs/annotations/2.0.1/annotations-2.0.1.jar
[DEBUG]  /Users/timwhelan/.m2/repository/com/google/guava/guava/18.0/guava-18.0.jar
[DEBUG]  /Users/timwhelan/.m2/repository/org/glassfish/jersey/media/jersey-media-multipart/2.1/jersey-media-multipart-2.1.jar
[DEBUG]  /Users/timwhelan/.m2/repository/org/jvnet/mimepull/mimepull/1.8/mimepull-1.8.jar
[DEBUG] Source roots:
[DEBUG]  /Users/timwhelan/Documents/workspace/giftcard-service-test-pack/src/main/java
[DEBUG] Command line options:
[DEBUG] -d /Users/timwhelan/Documents/workspace/giftcard-service-test-pack/target/classes -classpath /Users/timwhelan/Documents/workspace/giftcard-service-test-pack/target/classes:/Users/timwhelan/.m2/repository/net/sourceforge/javacsv/javacsv/2.0/javacsv-2.0.jar:/Users/timwhelan/.m2/repository/joda-time/joda-time/2.9.4/joda-time-2.9.4.jar:/Users/timwhelan/.m2/repository/org/eclipse/jetty/jetty-server/9.2.14.v20151106/jetty-server-9.2.14.v20151106.jar:/Users/timwhelan/.m2/repository/javax/servlet/javax.servlet-api/3.1.0/javax.servlet-api-3.1.0.jar:/Users/timwhelan/.m2/repository/org/eclipse/jetty/jetty-http/9.2.14.v20151106/jetty-http-9.2.14.v20151106.jar:/Users/timwhelan/.m2/repository/org/eclipse/jetty/jetty-util/9.2.14.v20151106/jetty-util-9.2.14.v20151106.jar:/Users/timwhelan/.m2/repository/org/eclipse/jetty/jetty-io/9.2.14.v20151106/jetty-io-9.2.14.v20151106.jar:/Users/timwhelan/.m2/repository/org/glassfish/jersey/core/jersey-common/2.22.1/jersey-common-2.22.1.jar:/Users/timwhelan/.m2/repository/javax/ws/rs/javax.ws.rs-api/2.0.1/javax.ws.rs-api-2.0.1.jar:/Users/timwhelan/.m2/repository/javax/annotation/javax.annotation-api/1.2/javax.annotation-api-1.2.jar:/Users/timwhelan/.m2/repository/org/glassfish/jersey/bundles/repackaged/jersey-guava/2.22.1/jersey-guava-2.22.1.jar:/Users/timwhelan/.m2/repository/org/glassfish/hk2/hk2-api/2.4.0-b31/hk2-api-2.4.0-b31.jar:/Users/timwhelan/.m2/repository/org/glassfish/hk2/hk2-utils/2.4.0-b31/hk2-utils-2.4.0-b31.jar:/Users/timwhelan/.m2/repository/org/glassfish/hk2/external/aopalliance-repackaged/2.4.0-b31/aopalliance-repackaged-2.4.0-b31.jar:/Users/timwhelan/.m2/repository/org/glassfish/hk2/external/javax.inject/2.4.0-b31/javax.inject-2.4.0-b31.jar:/Users/timwhelan/.m2/repository/org/glassfish/hk2/hk2-locator/2.4.0-b31/hk2-locator-2.4.0-b31.jar:/Users/timwhelan/.m2/repository/org/javassist/javassist/3.18.1-GA/javassist-3.18.1-GA.jar:/Users/timwhelan/.m2/repository/org/glassfish/hk2/osgi-resource-locator/1.0.1/osgi-resource-locator-1.0.1.jar:/Users/timwhelan/.m2/repository/org/glassfish/jersey/media/jersey-media-json-jackson/2.22.1/jersey-media-json-jackson-2.22.1.jar:/Users/timwhelan/.m2/repository/org/glassfish/jersey/ext/jersey-entity-filtering/2.22.1/jersey-entity-filtering-2.22.1.jar:/Users/timwhelan/.m2/repository/com/fasterxml/jackson/jaxrs/jackson-jaxrs-base/2.5.4/jackson-jaxrs-base-2.5.4.jar:/Users/timwhelan/.m2/repository/com/fasterxml/jackson/core/jackson-core/2.5.4/jackson-core-2.5.4.jar:/Users/timwhelan/.m2/repository/com/fasterxml/jackson/core/jackson-databind/2.5.4/jackson-databind-2.5.4.jar:/Users/timwhelan/.m2/repository/com/fasterxml/jackson/jaxrs/jackson-jaxrs-json-provider/2.5.4/jackson-jaxrs-json-provider-2.5.4.jar:/Users/timwhelan/.m2/repository/com/fasterxml/jackson/module/jackson-module-jaxb-annotations/2.5.4/jackson-module-jaxb-annotations-2.5.4.jar:/Users/timwhelan/.m2/repository/com/fasterxml/jackson/core/jackson-annotations/2.5.4/jackson-annotations-2.5.4.jar:/Users/timwhelan/.m2/repository/org/hibernate/hibernate-validator/5.2.2.Final/hibernate-validator-5.2.2.Final.jar:/Users/timwhelan/.m2/repository/javax/validation/validation-api/1.1.0.Final/validation-api-1.1.0.Final.jar:/Users/timwhelan/.m2/repository/org/jboss/logging/jboss-logging/3.2.1.Final/jboss-logging-3.2.1.Final.jar:/Users/timwhelan/.m2/repository/com/fasterxml/classmate/1.1.0/classmate-1.1.0.jar:/Users/timwhelan/.m2/repository/javax/el/javax.el-api/2.2.4/javax.el-api-2.2.4.jar:/Users/timwhelan/.m2/repository/org/glassfish/web/javax.el/2.2.4/javax.el-2.2.4.jar:/Users/timwhelan/.m2/repository/org/slf4j/slf4j-api/1.7.5/slf4j-api-1.7.5.jar:/Users/timwhelan/.m2/repository/org/eclipse/jetty/jetty-webapp/9.2.14.v20151106/jetty-webapp-9.2.14.v20151106.jar:/Users/timwhelan/.m2/repository/org/eclipse/jetty/jetty-xml/9.2.14.v20151106/jetty-xml-9.2.14.v20151106.jar:/Users/timwhelan/.m2/repository/org/eclipse/jetty/jetty-servlet/9.2.14.v20151106/jetty-servlet-9.2.14.v20151106.jar:/Users/timwhelan/.m2/repository/org/eclipse/jetty/jetty-security/9.2.14.v20151106/jetty-security-9.2.14.v20151106.jar:/Users/timwhelan/.m2/repository/org/glassfish/jersey/containers/jersey-container-servlet/2.22.1/jersey-container-servlet-2.22.1.jar:/Users/timwhelan/.m2/repository/org/glassfish/jersey/containers/jersey-container-servlet-core/2.22.1/jersey-container-servlet-core-2.22.1.jar:/Users/timwhelan/.m2/repository/org/glassfish/jersey/core/jersey-client/2.22.1/jersey-client-2.22.1.jar:/Users/timwhelan/.m2/repository/org/glassfish/jersey/core/jersey-server/2.22.1/jersey-server-2.22.1.jar:/Users/timwhelan/.m2/repository/org/glassfish/jersey/media/jersey-media-jaxb/2.22.1/jersey-media-jaxb-2.22.1.jar:/Users/timwhelan/.m2/repository/io/electrum/giftcard-service-interface/2.0.0/giftcard-service-interface-2.0.0.jar:/Users/timwhelan/.m2/repository/io/electrum/service-interface-base/2.0.9/service-interface-base-2.0.9.jar:/Users/timwhelan/.m2/repository/io/swagger/swagger-hibernate-validations/1.5.9/swagger-hibernate-validations-1.5.9.jar:/Users/timwhelan/.m2/repository/ch/qos/logback/logback-classic/1.0.13/logback-classic-1.0.13.jar:/Users/timwhelan/.m2/repository/ch/qos/logback/logback-core/1.0.13/logback-core-1.0.13.jar:/Users/timwhelan/.m2/repository/io/swagger/swagger-jersey2-jaxrs/1.5.9/swagger-jersey2-jaxrs-1.5.9.jar:/Users/timwhelan/.m2/repository/io/swagger/swagger-jaxrs/1.5.9/swagger-jaxrs-1.5.9.jar:/Users/timwhelan/.m2/repository/com/fasterxml/jackson/dataformat/jackson-dataformat-yaml/2.4.5/jackson-dataformat-yaml-2.4.5.jar:/Users/timwhelan/.m2/repository/org/yaml/snakeyaml/1.12/snakeyaml-1.12.jar:/Users/timwhelan/.m2/repository/com/fasterxml/jackson/dataformat/jackson-dataformat-xml/2.4.5/jackson-dataformat-xml-2.4.5.jar:/Users/timwhelan/.m2/repository/org/codehaus/woodstox/stax2-api/3.1.4/stax2-api-3.1.4.jar:/Users/timwhelan/.m2/repository/io/swagger/swagger-core/1.5.9/swagger-core-1.5.9.jar:/Users/timwhelan/.m2/repository/org/apache/commons/commons-lang3/3.2.1/commons-lang3-3.2.1.jar:/Users/timwhelan/.m2/repository/com/fasterxml/jackson/datatype/jackson-datatype-joda/2.4.5/jackson-datatype-joda-2.4.5.jar:/Users/timwhelan/.m2/repository/io/swagger/swagger-models/1.5.9/swagger-models-1.5.9.jar:/Users/timwhelan/.m2/repository/io/swagger/swagger-annotations/1.5.9/swagger-annotations-1.5.9.jar:/Users/timwhelan/.m2/repository/org/reflections/reflections/0.9.10/reflections-0.9.10.jar:/Users/timwhelan/.m2/repository/com/google/code/findbugs/annotations/2.0.1/annotations-2.0.1.jar:/Users/timwhelan/.m2/repository/com/google/guava/guava/18.0/guava-18.0.jar:/Users/timwhelan/.m2/repository/org/glassfish/jersey/media/jersey-media-multipart/2.1/jersey-media-multipart-2.1.jar:/Users/timwhelan/.m2/repository/org/jvnet/mimepull/mimepull/1.8/mimepull-1.8.jar: -sourcepath /Users/timwhelan/Documents/workspace/giftcard-service-test-pack/src/main/java: -s /Users/timwhelan/Documents/workspace/giftcard-service-test-pack/target/generated-sources/annotations -g -nowarn -target 1.7 -source 1.7 -encoding UTF-8
[DEBUG] incrementalBuildHelper#beforeRebuildExecution
[INFO] Compiling 70 source files to /Users/timwhelan/Documents/workspace/giftcard-service-test-pack/target/classes
[DEBUG] incrementalBuildHelper#afterRebuildExecution
[INFO] 
[INFO] --- swagger-maven-plugin:3.1.3:generate (default) @ giftcard-service-test-pack ---
[DEBUG] Dependency collection stats: {ConflictMarker.analyzeTime=1, ConflictMarker.markTime=0, ConflictMarker.nodeCount=181, ConflictIdSorter.graphTime=0, ConflictIdSorter.topsortTime=1, ConflictIdSorter.conflictIdCount=80, ConflictIdSorter.conflictIdCycleCount=0, ConflictResolver.totalTime=7, ConflictResolver.conflictItemCount=151, DefaultDependencyCollector.collectTime=78, DefaultDependencyCollector.transformTime=9}
[DEBUG] com.github.kongchen:swagger-maven-plugin:jar:3.1.3:
[DEBUG]    org.apache.maven:maven-artifact:jar:2.2.1:compile
[DEBUG]       org.codehaus.plexus:plexus-utils:jar:1.5.15:compile
[DEBUG]    org.apache.maven:maven-plugin-api:jar:2.2.1:compile
[DEBUG]    org.apache.maven:maven-project:jar:2.2.1:compile
[DEBUG]       org.apache.maven:maven-settings:jar:2.2.1:compile
[DEBUG]       org.apache.maven:maven-profile:jar:2.2.1:compile
[DEBUG]       org.apache.maven:maven-artifact-manager:jar:2.2.1:compile
[DEBUG]          backport-util-concurrent:backport-util-concurrent:jar:3.1:compile
[DEBUG]       org.apache.maven:maven-plugin-registry:jar:2.2.1:compile
[DEBUG]       org.codehaus.plexus:plexus-interpolation:jar:1.11:compile
[DEBUG]       org.codehaus.plexus:plexus-container-default:jar:1.0-alpha-9-stable-1:compile
[DEBUG]          junit:junit:jar:3.8.1:compile
[DEBUG]    org.apache.maven:maven-model:jar:2.2.1:compile
[DEBUG]    org.apache.maven:maven-core:jar:2.0.9:compile
[DEBUG]       org.apache.maven:maven-plugin-parameter-documenter:jar:2.0.9:compile
[DEBUG]       org.apache.maven.reporting:maven-reporting-api:jar:2.0.9:compile
[DEBUG]          org.apache.maven.doxia:doxia-sink-api:jar:1.0-alpha-10:compile
[DEBUG]       org.apache.maven:maven-repository-metadata:jar:2.0.9:compile
[DEBUG]       org.apache.maven:maven-error-diagnostics:jar:2.0.9:compile
[DEBUG]       commons-cli:commons-cli:jar:1.0:compile
[DEBUG]       org.apache.maven:maven-plugin-descriptor:jar:2.0.9:compile
[DEBUG]       org.codehaus.plexus:plexus-interactivity-api:jar:1.0-alpha-4:compile
[DEBUG]       org.apache.maven:maven-monitor:jar:2.0.9:compile
[DEBUG]       classworlds:classworlds:jar:1.1:compile
[DEBUG]    org.apache.httpcomponents:httpclient:jar:4.2.2:compile
[DEBUG]       org.apache.httpcomponents:httpcore:jar:4.2.2:compile
[DEBUG]       commons-logging:commons-logging:jar:1.1.1:compile
[DEBUG]       commons-codec:commons-codec:jar:1.6:compile
[DEBUG]    com.github.jknack:handlebars:jar:1.3.2:compile
[DEBUG]       org.apache.commons:commons-lang3:jar:3.1:compile
[DEBUG]       org.antlr:antlr4-runtime:jar:4.2.2:compile
[DEBUG]          org.antlr:antlr4-annotations:jar:4.2.2:compile
[DEBUG]       org.mozilla:rhino:jar:1.7R4:compile
[DEBUG]       org.slf4j:slf4j-api:jar:1.6.4:compile
[DEBUG]    io.swagger:swagger-jaxrs:jar:1.5.4:compile
[DEBUG]       com.fasterxml.jackson.dataformat:jackson-dataformat-yaml:jar:2.4.5:compile
[DEBUG]          com.fasterxml.jackson.core:jackson-core:jar:2.4.5:compile
[DEBUG]          org.yaml:snakeyaml:jar:1.12:compile
[DEBUG]       com.fasterxml.jackson.dataformat:jackson-dataformat-xml:jar:2.4.5:compile
[DEBUG]          com.fasterxml.jackson.core:jackson-databind:jar:2.4.5:compile
[DEBUG]          com.fasterxml.jackson.module:jackson-module-jaxb-annotations:jar:2.4.5:compile
[DEBUG]          org.codehaus.woodstox:stax2-api:jar:3.1.4:compile
[DEBUG]       io.swagger:swagger-core:jar:1.5.4:compile
[DEBUG]          com.fasterxml.jackson.core:jackson-annotations:jar:2.4.5:compile
[DEBUG]          com.fasterxml.jackson.datatype:jackson-datatype-joda:jar:2.4.5:compile
[DEBUG]             joda-time:joda-time:jar:2.2:compile
[DEBUG]          io.swagger:swagger-models:jar:1.5.4:compile
[DEBUG]             io.swagger:swagger-annotations:jar:1.5.4:compile
[DEBUG]          javax.validation:validation-api:jar:1.1.0.Final:compile
[DEBUG]       javax.ws.rs:jsr311-api:jar:1.1.1:compile
[DEBUG]       com.google.guava:guava:jar:18.0:compile
[DEBUG]       com.fasterxml.jackson.jaxrs:jackson-jaxrs-json-provider:jar:2.4.5:compile
[DEBUG]          com.fasterxml.jackson.jaxrs:jackson-jaxrs-base:jar:2.4.5:compile
[DEBUG]    org.reflections:reflections:jar:0.9.9-RC2:compile
[DEBUG]       org.javassist:javassist:jar:3.18.2-GA:compile
[DEBUG]       com.google.code.findbugs:annotations:jar:2.0.1:compile
[DEBUG]       dom4j:dom4j:jar:1.6.1:compile
[DEBUG]          xml-apis:xml-apis:jar:1.0.b2:compile
[DEBUG]    commons-io:commons-io:jar:2.0.1:compile
[DEBUG]    log4j:log4j:jar:1.2.16:compile
[DEBUG]    javax.ws.rs:javax.ws.rs-api:jar:2.0.1:compile
[DEBUG]    io.swagger:swagger-jersey-jaxrs:jar:1.5.4:compile
[DEBUG]       com.sun.jersey.contribs:jersey-multipart:jar:1.13:compile
[DEBUG]          org.jvnet:mimepull:jar:1.6:compile
[DEBUG]       com.sun.jersey:jersey-servlet:jar:1.13:compile
[DEBUG]       com.sun.jersey:jersey-client:jar:1.13:compile
[DEBUG]       com.sun.jersey:jersey-core:jar:1.13:compile
[DEBUG]       com.sun.jersey:jersey-server:jar:1.13:compile
[DEBUG]          asm:asm:jar:3.1:compile
[DEBUG]    org.springframework:spring-context:jar:4.0.5.RELEASE:compile
[DEBUG]       org.springframework:spring-aop:jar:4.0.5.RELEASE:compile
[DEBUG]          aopalliance:aopalliance:jar:1.0:compile
[DEBUG]       org.springframework:spring-beans:jar:4.0.5.RELEASE:compile
[DEBUG]       org.springframework:spring-core:jar:4.0.5.RELEASE:compile
[DEBUG]       org.springframework:spring-expression:jar:4.0.5.RELEASE:compile
[DEBUG]    org.springframework:spring-web:jar:4.0.5.RELEASE:compile
[DEBUG]    org.codehaus.jackson:jackson-core-asl:jar:1.9.13:compile
[DEBUG]    org.codehaus.jackson:jackson-mapper-asl:jar:1.9.13:compile
[DEBUG]    javax.servlet:servlet-api:jar:2.5:compile
[DEBUG] Created new class realm plugin>com.github.kongchen:swagger-maven-plugin:3.1.3
[DEBUG] Importing foreign packages into class realm plugin>com.github.kongchen:swagger-maven-plugin:3.1.3
[DEBUG]   Imported:  < maven.api
[DEBUG] Populating class realm plugin>com.github.kongchen:swagger-maven-plugin:3.1.3
[DEBUG]   Included: com.github.kongchen:swagger-maven-plugin:jar:3.1.3
[DEBUG]   Included: org.codehaus.plexus:plexus-utils:jar:1.5.15
[DEBUG]   Included: backport-util-concurrent:backport-util-concurrent:jar:3.1
[DEBUG]   Included: org.codehaus.plexus:plexus-interpolation:jar:1.11
[DEBUG]   Included: junit:junit:jar:3.8.1
[DEBUG]   Included: org.apache.maven.reporting:maven-reporting-api:jar:2.0.9
[DEBUG]   Included: org.apache.maven.doxia:doxia-sink-api:jar:1.0-alpha-10
[DEBUG]   Included: commons-cli:commons-cli:jar:1.0
[DEBUG]   Included: org.codehaus.plexus:plexus-interactivity-api:jar:1.0-alpha-4
[DEBUG]   Included: org.apache.httpcomponents:httpclient:jar:4.2.2
[DEBUG]   Included: org.apache.httpcomponents:httpcore:jar:4.2.2
[DEBUG]   Included: commons-logging:commons-logging:jar:1.1.1
[DEBUG]   Included: commons-codec:commons-codec:jar:1.6
[DEBUG]   Included: com.github.jknack:handlebars:jar:1.3.2
[DEBUG]   Included: org.apache.commons:commons-lang3:jar:3.1
[DEBUG]   Included: org.antlr:antlr4-runtime:jar:4.2.2
[DEBUG]   Included: org.antlr:antlr4-annotations:jar:4.2.2
[DEBUG]   Included: org.mozilla:rhino:jar:1.7R4
[DEBUG]   Included: io.swagger:swagger-jaxrs:jar:1.5.4
[DEBUG]   Included: com.fasterxml.jackson.dataformat:jackson-dataformat-yaml:jar:2.4.5
[DEBUG]   Included: com.fasterxml.jackson.core:jackson-core:jar:2.4.5
[DEBUG]   Included: org.yaml:snakeyaml:jar:1.12
[DEBUG]   Included: com.fasterxml.jackson.dataformat:jackson-dataformat-xml:jar:2.4.5
[DEBUG]   Included: com.fasterxml.jackson.core:jackson-databind:jar:2.4.5
[DEBUG]   Included: com.fasterxml.jackson.module:jackson-module-jaxb-annotations:jar:2.4.5
[DEBUG]   Included: org.codehaus.woodstox:stax2-api:jar:3.1.4
[DEBUG]   Included: io.swagger:swagger-core:jar:1.5.4
[DEBUG]   Included: com.fasterxml.jackson.core:jackson-annotations:jar:2.4.5
[DEBUG]   Included: com.fasterxml.jackson.datatype:jackson-datatype-joda:jar:2.4.5
[DEBUG]   Included: joda-time:joda-time:jar:2.2
[DEBUG]   Included: io.swagger:swagger-models:jar:1.5.4
[DEBUG]   Included: io.swagger:swagger-annotations:jar:1.5.4
[DEBUG]   Included: javax.validation:validation-api:jar:1.1.0.Final
[DEBUG]   Included: javax.ws.rs:jsr311-api:jar:1.1.1
[DEBUG]   Included: com.google.guava:guava:jar:18.0
[DEBUG]   Included: com.fasterxml.jackson.jaxrs:jackson-jaxrs-json-provider:jar:2.4.5
[DEBUG]   Included: com.fasterxml.jackson.jaxrs:jackson-jaxrs-base:jar:2.4.5
[DEBUG]   Included: org.reflections:reflections:jar:0.9.9-RC2
[DEBUG]   Included: org.javassist:javassist:jar:3.18.2-GA
[DEBUG]   Included: com.google.code.findbugs:annotations:jar:2.0.1
[DEBUG]   Included: dom4j:dom4j:jar:1.6.1
[DEBUG]   Included: xml-apis:xml-apis:jar:1.0.b2
[DEBUG]   Included: commons-io:commons-io:jar:2.0.1
[DEBUG]   Included: log4j:log4j:jar:1.2.16
[DEBUG]   Included: javax.ws.rs:javax.ws.rs-api:jar:2.0.1
[DEBUG]   Included: io.swagger:swagger-jersey-jaxrs:jar:1.5.4
[DEBUG]   Included: com.sun.jersey.contribs:jersey-multipart:jar:1.13
[DEBUG]   Included: org.jvnet:mimepull:jar:1.6
[DEBUG]   Included: com.sun.jersey:jersey-servlet:jar:1.13
[DEBUG]   Included: com.sun.jersey:jersey-client:jar:1.13
[DEBUG]   Included: com.sun.jersey:jersey-core:jar:1.13
[DEBUG]   Included: com.sun.jersey:jersey-server:jar:1.13
[DEBUG]   Included: asm:asm:jar:3.1
[DEBUG]   Included: org.springframework:spring-context:jar:4.0.5.RELEASE
[DEBUG]   Included: org.springframework:spring-aop:jar:4.0.5.RELEASE
[DEBUG]   Included: aopalliance:aopalliance:jar:1.0
[DEBUG]   Included: org.springframework:spring-beans:jar:4.0.5.RELEASE
[DEBUG]   Included: org.springframework:spring-core:jar:4.0.5.RELEASE
[DEBUG]   Included: org.springframework:spring-expression:jar:4.0.5.RELEASE
[DEBUG]   Included: org.springframework:spring-web:jar:4.0.5.RELEASE
[DEBUG]   Included: org.codehaus.jackson:jackson-core-asl:jar:1.9.13
[DEBUG]   Included: org.codehaus.jackson:jackson-mapper-asl:jar:1.9.13
[DEBUG]   Included: javax.servlet:servlet-api:jar:2.5
[DEBUG] Configuring mojo com.github.kongchen:swagger-maven-plugin:3.1.3:generate from plugin realm ClassRealm[plugin>com.github.kongchen:swagger-maven-plugin:3.1.3, parent: sun.misc.Launcher$AppClassLoader@2f78743b]
[DEBUG] Configuring mojo 'com.github.kongchen:swagger-maven-plugin:3.1.3:generate' with include-project-dependencies configurator -->
[DEBUG]   (s) typesToSkip = [io.electrum.giftcard.api.model.ActivationConfirmation, io.electrum.giftcard.api.model.Card, io.electrum.giftcard.api.model.LoadResponse, io.electrum.giftcard.api.model.PosInfo, io.electrum.giftcard.api.model.RedemptionReversal, io.electrum.giftcard.api.model.VoidReversal, io.electrum.giftcard.api.model.ActivationRequest, io.electrum.giftcard.api.model.ErrorDetail, io.electrum.giftcard.api.model.LoadReversal, io.electrum.giftcard.api.model.Product, io.electrum.giftcard.api.model.SlipData, io.electrum.giftcard.api.model.ActivationResponse, io.electrum.giftcard.api.model.Item, io.electrum.giftcard.api.model.LookupRequest, io.electrum.giftcard.api.model.RedemptionConfirmation, io.electrum.giftcard.api.model.VoidConfirmation, io.electrum.giftcard.api.model.ActivationReversal, io.electrum.giftcard.api.model.LoadConfirmation, io.electrum.giftcard.api.model.LookupResponse, io.electrum.giftcard.api.model.RedemptionRequest, io.electrum.giftcard.api.model.VoidRequest, io.electrum.giftcard.api.model.Basket, io.electrum.giftcard.api.model.LoadRequest, io.electrum.giftcard.api.model.PosEntryMode, io.electrum.giftcard.api.model.RedemptionResponse, io.electrum.giftcard.api.model.VoidResponse, io.electrum.vas.model.Amounts, io.electrum.vas.model.BasicReversal, io.electrum.vas.model.Institution, io.electrum.vas.model.Merchant, io.electrum.vas.model.Originator, io.electrum.vas.model.TenderAdvice, io.electrum.vas.model.Transaction, io.electrum.vas.model.BasicAdvice, io.electrum.vas.model.Customer, io.electrum.vas.model.LedgerAmount, io.electrum.vas.model.MerchantName, io.electrum.vas.model.Tender, io.electrum.vas.model.ThirdPartyIdentifier]
[DEBUG]   (f) apiModelPropertyAccessExclusions = [core-property]
[DEBUG]   (s) springmvc = false
[DEBUG]   (s) locations = io.electrum.giftcard.server.api
[DEBUG]   (s) schemes = https
[DEBUG]   (s) host = sandbox.electrum.io
[DEBUG]   (s) basePath = /giftcard/v2
[DEBUG]   (s) title = Giftcard Service Interface Test Server
[DEBUG]   (s) version = 1.0.0
[DEBUG]   (s) description = The Electrum Giftcard Service Interface Test Server expands upon the API described in the Electrum Giftcard Service Interface.
                  This expansion does not form part of the core Giftcard Service Interface but is described here for the benefit of anyone making use
                  of the Giftcard Service Interface Test Server.
[DEBUG]   (s) email = support@electrum.co.za
[DEBUG]   (s) name = Electrum Support
[DEBUG]   (s) url = http://io.electrum
[DEBUG]   (s) contact = io.swagger.models.Contact@c9c55d0d
[DEBUG]   (s) url = http://www.apache.org/licenses/LICENSE-2.0.html
[DEBUG]   (s) name = Apache 2.0
[DEBUG]   (s) license = io.swagger.models.License@8057026b
[DEBUG]   (s) info = io.swagger.models.Info@14e9a1cc
[DEBUG]   (s) name = httpBasic
[DEBUG]   (s) type = basic
[DEBUG]   (f) description = All requests require HTTP basic authentication, where user name equals the value used in
                    Originator.Institution.id and password has been agreed with Electrum.
[DEBUG]   (s) securityDefinitions = [com.github.kongchen.swagger.docgen.mavenplugin.SecurityDefinition@560b2e71]
[DEBUG]   (s) templatePath = /Users/timwhelan/Documents/workspace/giftcard-service-test-pack/src/docs/devguide/handlebars-templates/swaggerfile.hbs
[DEBUG]   (s) outputPath = /Users/timwhelan/Documents/workspace/giftcard-service-test-pack/target/devguide/testing/specification.md
[DEBUG]   (s) outputFormats = yaml
[DEBUG]   (s) swaggerDirectory = /Users/timwhelan/Documents/workspace/giftcard-service-test-pack/target/swagger
[DEBUG]   (s) apiSources = [com.github.kongchen.swagger.docgen.mavenplugin.ApiSource@781628d8]
[DEBUG]   (f) project = MavenProject: io.electrum:giftcard-service-test-pack:1.0.0 @ /Users/timwhelan/Documents/workspace/giftcard-service-test-pack/pom.xml
[DEBUG]   (f) skipSwaggerGeneration = false
[DEBUG] -- end configuration --
[DEBUG] [com.github.kongchen.swagger.docgen.mavenplugin.ApiSource@781628d8]
[DEBUG] adding ModelConverter: io.swagger.validator.BeanValidator@28730c5a
[DEBUG] adding extension io.swagger.jersey.SwaggerJerseyJaxrs@1bf27b79
[DEBUG] adding extension io.swagger.jersey.SwaggerJersey2Jaxrs@17c23d6f
[DEBUG] going to scan these urls:
file:/Users/timwhelan/Documents/workspace/giftcard-service-test-pack/target/classes/
[INFO] Reflections took 57 ms to scan 1 urls, producing 19 keys and 37 values 
[DEBUG] picking up response class from method public final void io.electrum.giftcard.api.LookupGiftcardsResource.lookupGiftcard(java.util.UUID,io.electrum.giftcard.api.model.LookupRequest,javax.ws.rs.core.SecurityContext,javax.ws.rs.container.AsyncResponse,javax.ws.rs.core.HttpHeaders,javax.ws.rs.core.UriInfo,javax.servlet.http.HttpServletRequest)
[DEBUG] resolveProperty void
[DEBUG] resolveProperty [simple type, class void]
[DEBUG] resolve [simple type, class void]
[DEBUG] trying extension com.github.kongchen.swagger.docgen.reader.ModelModifier@5f85ed26
[DEBUG] Can't check class [simple type, class void], void
[DEBUG] defineModel void io.swagger.models.ModelImpl@bafd15c1
[DEBUG] resolveProperty class java.lang.String
[DEBUG] resolveProperty [simple type, class java.lang.String]
[DEBUG] resolve class io.electrum.giftcard.api.model.LookupResponse
[DEBUG] trying extension com.github.kongchen.swagger.docgen.reader.ModelModifier@5f85ed26
[DEBUG] defineModel LookupResponse io.swagger.models.ModelImpl@2e070ebf
[DEBUG] resolveProperty [simple type, class java.util.UUID]
[DEBUG] Can't check class [simple type, class java.util.UUID], java.util.UUID
[DEBUG] resolveProperty [simple type, class java.util.UUID]
[DEBUG] resolveProperty [simple type, class org.joda.time.DateTime]
[DEBUG] Can't check class [simple type, class org.joda.time.DateTime], org.joda.time.DateTime
[DEBUG] resolveProperty [simple type, class org.joda.time.DateTime]
[DEBUG] resolveProperty [simple type, class io.electrum.vas.model.Originator]
[DEBUG] Can't check class [simple type, class io.electrum.vas.model.Originator], io.electrum.vas.model.Originator
[DEBUG] resolveProperty [simple type, class io.electrum.vas.model.Originator]
[DEBUG] resolve [simple type, class io.electrum.vas.model.Originator]
[DEBUG] trying extension com.github.kongchen.swagger.docgen.reader.ModelModifier@5f85ed26
[DEBUG] Can't check class [simple type, class io.electrum.vas.model.Originator], io.electrum.vas.model.Originator
[DEBUG] defineModel Originator io.swagger.models.ModelImpl@b5a2eab5
[DEBUG] resolveProperty [simple type, class io.electrum.vas.model.Institution]
[DEBUG] Can't check class [simple type, class io.electrum.vas.model.Institution], io.electrum.vas.model.Institution
[DEBUG] resolveProperty [simple type, class io.electrum.vas.model.Institution]
[DEBUG] resolve [simple type, class io.electrum.vas.model.Institution]
[DEBUG] trying extension com.github.kongchen.swagger.docgen.reader.ModelModifier@5f85ed26
[DEBUG] Can't check class [simple type, class io.electrum.vas.model.Institution], io.electrum.vas.model.Institution
[DEBUG] defineModel Institution io.swagger.models.ModelImpl@d03232cb
[DEBUG] resolveProperty [simple type, class java.lang.String]
[DEBUG] Can't check class [simple type, class java.lang.String], java.lang.String
[DEBUG] resolveProperty [simple type, class java.lang.String]
[DEBUG] resolveProperty [simple type, class java.lang.String]
[DEBUG] Can't check class [simple type, class java.lang.String], java.lang.String
[DEBUG] resolveProperty [simple type, class java.lang.String]
[DEBUG] resolveProperty [simple type, class java.lang.String]
[DEBUG] Can't check class [simple type, class java.lang.String], java.lang.String
[DEBUG] resolveProperty [simple type, class java.lang.String]
[DEBUG] resolveProperty [simple type, class io.electrum.vas.model.Merchant]
[DEBUG] Can't check class [simple type, class io.electrum.vas.model.Merchant], io.electrum.vas.model.Merchant
[DEBUG] resolveProperty [simple type, class io.electrum.vas.model.Merchant]
[DEBUG] resolve [simple type, class io.electrum.vas.model.Merchant]
[DEBUG] trying extension com.github.kongchen.swagger.docgen.reader.ModelModifier@5f85ed26
[DEBUG] Can't check class [simple type, class io.electrum.vas.model.Merchant], io.electrum.vas.model.Merchant
[DEBUG] defineModel Merchant io.swagger.models.ModelImpl@df763188
[DEBUG] resolveProperty [simple type, class java.lang.String]
[DEBUG] Can't check class [simple type, class java.lang.String], java.lang.String
[DEBUG] resolveProperty [simple type, class java.lang.String]
[DEBUG] resolveProperty [simple type, class java.lang.String]
[DEBUG] Can't check class [simple type, class java.lang.String], java.lang.String
[DEBUG] resolveProperty [simple type, class java.lang.String]
[DEBUG] resolveProperty [simple type, class io.electrum.vas.model.MerchantName]
[DEBUG] Can't check class [simple type, class io.electrum.vas.model.MerchantName], io.electrum.vas.model.MerchantName
[DEBUG] resolveProperty [simple type, class io.electrum.vas.model.MerchantName]
[DEBUG] resolve [simple type, class io.electrum.vas.model.MerchantName]
[DEBUG] trying extension com.github.kongchen.swagger.docgen.reader.ModelModifier@5f85ed26
[DEBUG] Can't check class [simple type, class io.electrum.vas.model.MerchantName], io.electrum.vas.model.MerchantName
[DEBUG] defineModel MerchantName io.swagger.models.ModelImpl@d4b5ad4f
[DEBUG] resolveProperty [simple type, class java.lang.String]
[DEBUG] Can't check class [simple type, class java.lang.String], java.lang.String
[DEBUG] resolveProperty [simple type, class java.lang.String]
[DEBUG] resolveProperty [simple type, class java.lang.String]
[DEBUG] Can't check class [simple type, class java.lang.String], java.lang.String
[DEBUG] resolveProperty [simple type, class java.lang.String]
[DEBUG] resolveProperty [simple type, class java.lang.String]
[DEBUG] Can't check class [simple type, class java.lang.String], java.lang.String
[DEBUG] resolveProperty [simple type, class java.lang.String]
[DEBUG] resolveProperty [simple type, class java.lang.String]
[DEBUG] Can't check class [simple type, class java.lang.String], java.lang.String
[DEBUG] resolveProperty [simple type, class java.lang.String]
[DEBUG] resolveProperty [simple type, class io.electrum.vas.model.Institution]
[DEBUG] Can't check class [simple type, class io.electrum.vas.model.Institution], io.electrum.vas.model.Institution
[DEBUG] resolveProperty [simple type, class io.electrum.vas.model.Institution]
[DEBUG] resolveProperty [simple type, class io.electrum.vas.model.Institution]
[DEBUG] Can't check class [simple type, class io.electrum.vas.model.Institution], io.electrum.vas.model.Institution
[DEBUG] resolveProperty [simple type, class io.electrum.vas.model.Institution]
[DEBUG] resolveProperty [simple type, class io.electrum.vas.model.Institution]
[DEBUG] Can't check class [simple type, class io.electrum.vas.model.Institution], io.electrum.vas.model.Institution
[DEBUG] resolveProperty [simple type, class io.electrum.vas.model.Institution]
[DEBUG] resolveProperty [collection type; class java.util.List, contains [simple type, class io.electrum.vas.model.ThirdPartyIdentifier]]
[DEBUG] Can't check class [collection type; class java.util.List, contains [simple type, class io.electrum.vas.model.ThirdPartyIdentifier]], java.util.List
[DEBUG] resolveProperty [collection type; class java.util.List, contains [simple type, class io.electrum.vas.model.ThirdPartyIdentifier]]
[DEBUG] resolveProperty [simple type, class io.electrum.vas.model.ThirdPartyIdentifier]
[DEBUG] Can't check class [simple type, class io.electrum.vas.model.ThirdPartyIdentifier], io.electrum.vas.model.ThirdPartyIdentifier
[DEBUG] resolveProperty [simple type, class io.electrum.vas.model.ThirdPartyIdentifier]
[DEBUG] resolve [simple type, class io.electrum.vas.model.ThirdPartyIdentifier]
[DEBUG] trying extension com.github.kongchen.swagger.docgen.reader.ModelModifier@5f85ed26
[DEBUG] Can't check class [simple type, class io.electrum.vas.model.ThirdPartyIdentifier], io.electrum.vas.model.ThirdPartyIdentifier
[DEBUG] defineModel ThirdPartyIdentifier io.swagger.models.ModelImpl@e8191324
[DEBUG] resolveProperty [simple type, class java.lang.String]
[DEBUG] Can't check class [simple type, class java.lang.String], java.lang.String
[DEBUG] resolveProperty [simple type, class java.lang.String]
[DEBUG] resolveProperty [simple type, class java.lang.String]
[DEBUG] Can't check class [simple type, class java.lang.String], java.lang.String
[DEBUG] resolveProperty [simple type, class java.lang.String]
[DEBUG] resolveProperty [simple type, class io.electrum.vas.model.Amounts]
[DEBUG] Can't check class [simple type, class io.electrum.vas.model.Amounts], io.electrum.vas.model.Amounts
[DEBUG] resolveProperty [simple type, class io.electrum.vas.model.Amounts]
[DEBUG] resolve [simple type, class io.electrum.vas.model.Amounts]
[DEBUG] trying extension com.github.kongchen.swagger.docgen.reader.ModelModifier@5f85ed26
[DEBUG] Can't check class [simple type, class io.electrum.vas.model.Amounts], io.electrum.vas.model.Amounts
[DEBUG] defineModel Amounts io.swagger.models.ModelImpl@e5de713d
[DEBUG] resolveProperty [simple type, class io.electrum.vas.model.LedgerAmount]
[DEBUG] Can't check class [simple type, class io.electrum.vas.model.LedgerAmount], io.electrum.vas.model.LedgerAmount
[DEBUG] resolveProperty [simple type, class io.electrum.vas.model.LedgerAmount]
[DEBUG] resolve [simple type, class io.electrum.vas.model.LedgerAmount]
[DEBUG] trying extension com.github.kongchen.swagger.docgen.reader.ModelModifier@5f85ed26
[DEBUG] Can't check class [simple type, class io.electrum.vas.model.LedgerAmount], io.electrum.vas.model.LedgerAmount
[DEBUG] defineModel LedgerAmount io.swagger.models.ModelImpl@d9bc4218
[DEBUG] resolveProperty [simple type, class java.lang.Long]
[DEBUG] Can't check class [simple type, class java.lang.Long], java.lang.Long
[DEBUG] resolveProperty [simple type, class java.lang.Long]
[DEBUG] resolveProperty [simple type, class java.lang.String]
[DEBUG] Can't check class [simple type, class java.lang.String], java.lang.String
[DEBUG] resolveProperty [simple type, class java.lang.String]
[DEBUG] resolveProperty [simple type, class io.electrum.vas.model.LedgerAmount$LedgerIndicator]
[DEBUG] Can't check class [simple type, class io.electrum.vas.model.LedgerAmount$LedgerIndicator], io.electrum.vas.model.LedgerAmount$LedgerIndicator
[DEBUG] resolveProperty [simple type, class io.electrum.vas.model.LedgerAmount$LedgerIndicator]
[DEBUG] resolveProperty [simple type, class io.electrum.vas.model.LedgerAmount]
[DEBUG] Can't check class [simple type, class io.electrum.vas.model.LedgerAmount], io.electrum.vas.model.LedgerAmount
[DEBUG] resolveProperty [simple type, class io.electrum.vas.model.LedgerAmount]
[DEBUG] resolveProperty [simple type, class io.electrum.vas.model.LedgerAmount]
[DEBUG] Can't check class [simple type, class io.electrum.vas.model.LedgerAmount], io.electrum.vas.model.LedgerAmount
[DEBUG] resolveProperty [simple type, class io.electrum.vas.model.LedgerAmount]
[DEBUG] resolveProperty [simple type, class io.electrum.vas.model.LedgerAmount]
[DEBUG] Can't check class [simple type, class io.electrum.vas.model.LedgerAmount], io.electrum.vas.model.LedgerAmount
[DEBUG] resolveProperty [simple type, class io.electrum.vas.model.LedgerAmount]
[DEBUG] resolveProperty [simple type, class io.electrum.giftcard.api.model.Card]
[DEBUG] Can't check class [simple type, class io.electrum.giftcard.api.model.Card], io.electrum.giftcard.api.model.Card
[DEBUG] resolveProperty [simple type, class io.electrum.giftcard.api.model.Card]
[DEBUG] resolve [simple type, class io.electrum.giftcard.api.model.Card]
[DEBUG] trying extension com.github.kongchen.swagger.docgen.reader.ModelModifier@5f85ed26
[DEBUG] Can't check class [simple type, class io.electrum.giftcard.api.model.Card], io.electrum.giftcard.api.model.Card
[DEBUG] defineModel Card io.swagger.models.ModelImpl@4866fd27
[DEBUG] resolveProperty [simple type, class java.lang.String]
[DEBUG] Can't check class [simple type, class java.lang.String], java.lang.String
[DEBUG] resolveProperty [simple type, class java.lang.String]
[DEBUG] resolveProperty [simple type, class java.lang.String]
[DEBUG] Can't check class [simple type, class java.lang.String], java.lang.String
[DEBUG] resolveProperty [simple type, class java.lang.String]
[DEBUG] resolveProperty [simple type, class java.lang.String]
[DEBUG] Can't check class [simple type, class java.lang.String], java.lang.String
[DEBUG] resolveProperty [simple type, class java.lang.String]
[DEBUG] resolveProperty [simple type, class java.lang.String]
[DEBUG] Can't check class [simple type, class java.lang.String], java.lang.String
[DEBUG] resolveProperty [simple type, class java.lang.String]
[DEBUG] resolveProperty [simple type, class io.electrum.giftcard.api.model.PosInfo]
[DEBUG] Can't check class [simple type, class io.electrum.giftcard.api.model.PosInfo], io.electrum.giftcard.api.model.PosInfo
[DEBUG] resolveProperty [simple type, class io.electrum.giftcard.api.model.PosInfo]
[DEBUG] resolve [simple type, class io.electrum.giftcard.api.model.PosInfo]
[DEBUG] trying extension com.github.kongchen.swagger.docgen.reader.ModelModifier@5f85ed26
[DEBUG] Can't check class [simple type, class io.electrum.giftcard.api.model.PosInfo], io.electrum.giftcard.api.model.PosInfo
[DEBUG] defineModel PosInfo io.swagger.models.ModelImpl@54a3fbf6
[DEBUG] resolveProperty [simple type, class io.electrum.giftcard.api.model.PosEntryMode]
[DEBUG] Can't check class [simple type, class io.electrum.giftcard.api.model.PosEntryMode], io.electrum.giftcard.api.model.PosEntryMode
[DEBUG] resolveProperty [simple type, class io.electrum.giftcard.api.model.PosEntryMode]
[DEBUG] resolve [simple type, class io.electrum.giftcard.api.model.PosEntryMode]
[DEBUG] trying extension com.github.kongchen.swagger.docgen.reader.ModelModifier@5f85ed26
[DEBUG] Can't check class [simple type, class io.electrum.giftcard.api.model.PosEntryMode], io.electrum.giftcard.api.model.PosEntryMode
[DEBUG] defineModel PosEntryMode io.swagger.models.ModelImpl@4728cd75
[DEBUG] resolveProperty [simple type, class io.electrum.giftcard.api.model.PosEntryMode$PanEntryMode]
[DEBUG] Can't check class [simple type, class io.electrum.giftcard.api.model.PosEntryMode$PanEntryMode], io.electrum.giftcard.api.model.PosEntryMode$PanEntryMode
[DEBUG] resolveProperty [simple type, class io.electrum.giftcard.api.model.PosEntryMode$PanEntryMode]
[DEBUG] resolveProperty [simple type, class io.electrum.giftcard.api.model.PosEntryMode$PinEntryCapability]
[DEBUG] Can't check class [simple type, class io.electrum.giftcard.api.model.PosEntryMode$PinEntryCapability], io.electrum.giftcard.api.model.PosEntryMode$PinEntryCapability
[DEBUG] resolveProperty [simple type, class io.electrum.giftcard.api.model.PosEntryMode$PinEntryCapability]
[DEBUG] resolveProperty [simple type, class io.electrum.giftcard.api.model.Product]
[DEBUG] Can't check class [simple type, class io.electrum.giftcard.api.model.Product], io.electrum.giftcard.api.model.Product
[DEBUG] resolveProperty [simple type, class io.electrum.giftcard.api.model.Product]
[DEBUG] resolve [simple type, class io.electrum.giftcard.api.model.Product]
[DEBUG] trying extension com.github.kongchen.swagger.docgen.reader.ModelModifier@5f85ed26
[DEBUG] Can't check class [simple type, class io.electrum.giftcard.api.model.Product], io.electrum.giftcard.api.model.Product
[DEBUG] defineModel Product io.swagger.models.ModelImpl@b0b973
[DEBUG] resolveProperty [simple type, class java.lang.String]
[DEBUG] Can't check class [simple type, class java.lang.String], java.lang.String
[DEBUG] resolveProperty [simple type, class java.lang.String]
[DEBUG] resolveProperty [simple type, class java.lang.String]
[DEBUG] Can't check class [simple type, class java.lang.String], java.lang.String
[DEBUG] resolveProperty [simple type, class java.lang.String]
[DEBUG] resolveProperty [simple type, class java.lang.String]
[DEBUG] Can't check class [simple type, class java.lang.String], java.lang.String
[DEBUG] resolveProperty [simple type, class java.lang.String]
[DEBUG] resolveProperty [simple type, class io.electrum.giftcard.api.model.SlipData]
[DEBUG] Can't check class [simple type, class io.electrum.giftcard.api.model.SlipData], io.electrum.giftcard.api.model.SlipData
[DEBUG] resolveProperty [simple type, class io.electrum.giftcard.api.model.SlipData]
[DEBUG] resolve [simple type, class io.electrum.giftcard.api.model.SlipData]
[DEBUG] trying extension com.github.kongchen.swagger.docgen.reader.ModelModifier@5f85ed26
[DEBUG] Can't check class [simple type, class io.electrum.giftcard.api.model.SlipData], io.electrum.giftcard.api.model.SlipData
[DEBUG] defineModel SlipData io.swagger.models.ModelImpl@c9b6b57e
[DEBUG] resolveProperty [simple type, class java.lang.String]
[DEBUG] Can't check class [simple type, class java.lang.String], java.lang.String
[DEBUG] resolveProperty [simple type, class java.lang.String]
[DEBUG] resolveProperty [collection type; class java.util.List, contains [simple type, class java.lang.String]]
[DEBUG] Can't check class [collection type; class java.util.List, contains [simple type, class java.lang.String]], java.util.List
[DEBUG] resolveProperty [collection type; class java.util.List, contains [simple type, class java.lang.String]]
[DEBUG] resolveProperty [simple type, class java.lang.String]
[DEBUG] Can't check class [simple type, class java.lang.String], java.lang.String
[DEBUG] resolveProperty [simple type, class java.lang.String]
[DEBUG] ModelConverters readAll from class io.electrum.giftcard.api.model.LookupResponse
[DEBUG] resolve class io.electrum.giftcard.api.model.LookupResponse
[DEBUG] trying extension com.github.kongchen.swagger.docgen.reader.ModelModifier@5f85ed26
[DEBUG] defineModel LookupResponse io.swagger.models.ModelImpl@2e070ebf
[DEBUG] resolveProperty [simple type, class java.util.UUID]
[DEBUG] Can't check class [simple type, class java.util.UUID], java.util.UUID
[DEBUG] resolveProperty [simple type, class java.util.UUID]
[DEBUG] resolveProperty [simple type, class org.joda.time.DateTime]
[DEBUG] Can't check class [simple type, class org.joda.time.DateTime], org.joda.time.DateTime
[DEBUG] resolveProperty [simple type, class org.joda.time.DateTime]
[DEBUG] resolveProperty [simple type, class io.electrum.vas.model.Originator]
[DEBUG] Can't check class [simple type, class io.electrum.vas.model.Originator], io.electrum.vas.model.Originator
[DEBUG] resolveProperty [simple type, class io.electrum.vas.model.Originator]
[DEBUG] resolve [simple type, class io.electrum.vas.model.Originator]
[DEBUG] trying extension com.github.kongchen.swagger.docgen.reader.ModelModifier@5f85ed26
[DEBUG] Can't check class [simple type, class io.electrum.vas.model.Originator], io.electrum.vas.model.Originator
[DEBUG] defineModel Originator io.swagger.models.ModelImpl@b5a2eab5
[DEBUG] resolveProperty [simple type, class io.electrum.vas.model.Institution]
[DEBUG] Can't check class [simple type, class io.electrum.vas.model.Institution], io.electrum.vas.model.Institution
[DEBUG] resolveProperty [simple type, class io.electrum.vas.model.Institution]
[DEBUG] resolve [simple type, class io.electrum.vas.model.Institution]
[DEBUG] trying extension com.github.kongchen.swagger.docgen.reader.ModelModifier@5f85ed26
[DEBUG] Can't check class [simple type, class io.electrum.vas.model.Institution], io.electrum.vas.model.Institution
[DEBUG] defineModel Institution io.swagger.models.ModelImpl@d03232cb
[DEBUG] resolveProperty [simple type, class java.lang.String]
[DEBUG] Can't check class [simple type, class java.lang.String], java.lang.String
[DEBUG] resolveProperty [simple type, class java.lang.String]
[DEBUG] resolveProperty [simple type, class java.lang.String]
[DEBUG] Can't check class [simple type, class java.lang.String], java.lang.String
[DEBUG] resolveProperty [simple type, class java.lang.String]
[DEBUG] resolveProperty [simple type, class java.lang.String]
[DEBUG] Can't check class [simple type, class java.lang.String], java.lang.String
[DEBUG] resolveProperty [simple type, class java.lang.String]
[DEBUG] resolveProperty [simple type, class io.electrum.vas.model.Merchant]
[DEBUG] Can't check class [simple type, class io.electrum.vas.model.Merchant], io.electrum.vas.model.Merchant
[DEBUG] resolveProperty [simple type, class io.electrum.vas.model.Merchant]
[DEBUG] resolve [simple type, class io.electrum.vas.model.Merchant]
[DEBUG] trying extension com.github.kongchen.swagger.docgen.reader.ModelModifier@5f85ed26
[DEBUG] Can't check class [simple type, class io.electrum.vas.model.Merchant], io.electrum.vas.model.Merchant
[DEBUG] defineModel Merchant io.swagger.models.ModelImpl@df763188
[DEBUG] resolveProperty [simple type, class java.lang.String]
[DEBUG] Can't check class [simple type, class java.lang.String], java.lang.String
[DEBUG] resolveProperty [simple type, class java.lang.String]
[DEBUG] resolveProperty [simple type, class java.lang.String]
[DEBUG] Can't check class [simple type, class java.lang.String], java.lang.String
[DEBUG] resolveProperty [simple type, class java.lang.String]
[DEBUG] resolveProperty [simple type, class io.electrum.vas.model.MerchantName]
[DEBUG] Can't check class [simple type, class io.electrum.vas.model.MerchantName], io.electrum.vas.model.MerchantName
[DEBUG] resolveProperty [simple type, class io.electrum.vas.model.MerchantName]
[DEBUG] resolve [simple type, class io.electrum.vas.model.MerchantName]
[DEBUG] trying extension com.github.kongchen.swagger.docgen.reader.ModelModifier@5f85ed26
[DEBUG] Can't check class [simple type, class io.electrum.vas.model.MerchantName], io.electrum.vas.model.MerchantName
[DEBUG] defineModel MerchantName io.swagger.models.ModelImpl@d4b5ad4f
[DEBUG] resolveProperty [simple type, class java.lang.String]
[DEBUG] Can't check class [simple type, class java.lang.String], java.lang.String
[DEBUG] resolveProperty [simple type, class java.lang.String]
[DEBUG] resolveProperty [simple type, class java.lang.String]
[DEBUG] Can't check class [simple type, class java.lang.String], java.lang.String
[DEBUG] resolveProperty [simple type, class java.lang.String]
[DEBUG] resolveProperty [simple type, class java.lang.String]
[DEBUG] Can't check class [simple type, class java.lang.String], java.lang.String
[DEBUG] resolveProperty [simple type, class java.lang.String]
[DEBUG] resolveProperty [simple type, class java.lang.String]
[DEBUG] Can't check class [simple type, class java.lang.String], java.lang.String
[DEBUG] resolveProperty [simple type, class java.lang.String]
[DEBUG] resolveProperty [simple type, class io.electrum.vas.model.Institution]
[DEBUG] Can't check class [simple type, class io.electrum.vas.model.Institution], io.electrum.vas.model.Institution
[DEBUG] resolveProperty [simple type, class io.electrum.vas.model.Institution]
[DEBUG] resolveProperty [simple type, class io.electrum.vas.model.Institution]
[DEBUG] Can't check class [simple type, class io.electrum.vas.model.Institution], io.electrum.vas.model.Institution
[DEBUG] resolveProperty [simple type, class io.electrum.vas.model.Institution]
[DEBUG] resolveProperty [simple type, class io.electrum.vas.model.Institution]
[DEBUG] Can't check class [simple type, class io.electrum.vas.model.Institution], io.electrum.vas.model.Institution
[DEBUG] resolveProperty [simple type, class io.electrum.vas.model.Institution]
[DEBUG] resolveProperty [collection type; class java.util.List, contains [simple type, class io.electrum.vas.model.ThirdPartyIdentifier]]
[DEBUG] Can't check class [collection type; class java.util.List, contains [simple type, class io.electrum.vas.model.ThirdPartyIdentifier]], java.util.List
[DEBUG] resolveProperty [collection type; class java.util.List, contains [simple type, class io.electrum.vas.model.ThirdPartyIdentifier]]
[DEBUG] resolveProperty [simple type, class io.electrum.vas.model.ThirdPartyIdentifier]
[DEBUG] Can't check class [simple type, class io.electrum.vas.model.ThirdPartyIdentifier], io.electrum.vas.model.ThirdPartyIdentifier
[DEBUG] resolveProperty [simple type, class io.electrum.vas.model.ThirdPartyIdentifier]
[DEBUG] resolve [simple type, class io.electrum.vas.model.ThirdPartyIdentifier]
[DEBUG] trying extension com.github.kongchen.swagger.docgen.reader.ModelModifier@5f85ed26
[DEBUG] Can't check class [simple type, class io.electrum.vas.model.ThirdPartyIdentifier], io.electrum.vas.model.ThirdPartyIdentifier
[DEBUG] defineModel ThirdPartyIdentifier io.swagger.models.ModelImpl@e8191324
[DEBUG] resolveProperty [simple type, class java.lang.String]
[DEBUG] Can't check class [simple type, class java.lang.String], java.lang.String
[DEBUG] resolveProperty [simple type, class java.lang.String]
[DEBUG] resolveProperty [simple type, class java.lang.String]
[DEBUG] Can't check class [simple type, class java.lang.String], java.lang.String
[DEBUG] resolveProperty [simple type, class java.lang.String]
[DEBUG] resolveProperty [simple type, class io.electrum.vas.model.Amounts]
[DEBUG] Can't check class [simple type, class io.electrum.vas.model.Amounts], io.electrum.vas.model.Amounts
[DEBUG] resolveProperty [simple type, class io.electrum.vas.model.Amounts]
[DEBUG] resolve [simple type, class io.electrum.vas.model.Amounts]
[DEBUG] trying extension com.github.kongchen.swagger.docgen.reader.ModelModifier@5f85ed26
[DEBUG] Can't check class [simple type, class io.electrum.vas.model.Amounts], io.electrum.vas.model.Amounts
[DEBUG] defineModel Amounts io.swagger.models.ModelImpl@e5de713d
[DEBUG] resolveProperty [simple type, class io.electrum.vas.model.LedgerAmount]
[DEBUG] Can't check class [simple type, class io.electrum.vas.model.LedgerAmount], io.electrum.vas.model.LedgerAmount
[DEBUG] resolveProperty [simple type, class io.electrum.vas.model.LedgerAmount]
[DEBUG] resolve [simple type, class io.electrum.vas.model.LedgerAmount]
[DEBUG] trying extension com.github.kongchen.swagger.docgen.reader.ModelModifier@5f85ed26
[DEBUG] Can't check class [simple type, class io.electrum.vas.model.LedgerAmount], io.electrum.vas.model.LedgerAmount
[DEBUG] defineModel LedgerAmount io.swagger.models.ModelImpl@d9bc4218
[DEBUG] resolveProperty [simple type, class java.lang.Long]
[DEBUG] Can't check class [simple type, class java.lang.Long], java.lang.Long
[DEBUG] resolveProperty [simple type, class java.lang.Long]
[DEBUG] resolveProperty [simple type, class java.lang.String]
[DEBUG] Can't check class [simple type, class java.lang.String], java.lang.String
[DEBUG] resolveProperty [simple type, class java.lang.String]
[DEBUG] resolveProperty [simple type, class io.electrum.vas.model.LedgerAmount$LedgerIndicator]
[DEBUG] Can't check class [simple type, class io.electrum.vas.model.LedgerAmount$LedgerIndicator], io.electrum.vas.model.LedgerAmount$LedgerIndicator
[DEBUG] resolveProperty [simple type, class io.electrum.vas.model.LedgerAmount$LedgerIndicator]
[DEBUG] resolveProperty [simple type, class io.electrum.vas.model.LedgerAmount]
[DEBUG] Can't check class [simple type, class io.electrum.vas.model.LedgerAmount], io.electrum.vas.model.LedgerAmount
[DEBUG] resolveProperty [simple type, class io.electrum.vas.model.LedgerAmount]
[DEBUG] resolveProperty [simple type, class io.electrum.vas.model.LedgerAmount]
[DEBUG] Can't check class [simple type, class io.electrum.vas.model.LedgerAmount], io.electrum.vas.model.LedgerAmount
[DEBUG] resolveProperty [simple type, class io.electrum.vas.model.LedgerAmount]
[DEBUG] resolveProperty [simple type, class io.electrum.vas.model.LedgerAmount]
[DEBUG] Can't check class [simple type, class io.electrum.vas.model.LedgerAmount], io.electrum.vas.model.LedgerAmount
[DEBUG] resolveProperty [simple type, class io.electrum.vas.model.LedgerAmount]
[DEBUG] resolveProperty [simple type, class io.electrum.giftcard.api.model.Card]
[DEBUG] Can't check class [simple type, class io.electrum.giftcard.api.model.Card], io.electrum.giftcard.api.model.Card
[DEBUG] resolveProperty [simple type, class io.electrum.giftcard.api.model.Card]
[DEBUG] resolve [simple type, class io.electrum.giftcard.api.model.Card]
[DEBUG] trying extension com.github.kongchen.swagger.docgen.reader.ModelModifier@5f85ed26
[DEBUG] Can't check class [simple type, class io.electrum.giftcard.api.model.Card], io.electrum.giftcard.api.model.Card
[DEBUG] defineModel Card io.swagger.models.ModelImpl@4866fd27
[DEBUG] resolveProperty [simple type, class java.lang.String]
[DEBUG] Can't check class [simple type, class java.lang.String], java.lang.String
[DEBUG] resolveProperty [simple type, class java.lang.String]
[DEBUG] resolveProperty [simple type, class java.lang.String]
[DEBUG] Can't check class [simple type, class java.lang.String], java.lang.String
[DEBUG] resolveProperty [simple type, class java.lang.String]
[DEBUG] resolveProperty [simple type, class java.lang.String]
[DEBUG] Can't check class [simple type, class java.lang.String], java.lang.String
[DEBUG] resolveProperty [simple type, class java.lang.String]
[DEBUG] resolveProperty [simple type, class java.lang.String]
[DEBUG] Can't check class [simple type, class java.lang.String], java.lang.String
[DEBUG] resolveProperty [simple type, class java.lang.String]
[DEBUG] resolveProperty [simple type, class io.electrum.giftcard.api.model.PosInfo]
[DEBUG] Can't check class [simple type, class io.electrum.giftcard.api.model.PosInfo], io.electrum.giftcard.api.model.PosInfo
[DEBUG] resolveProperty [simple type, class io.electrum.giftcard.api.model.PosInfo]
[DEBUG] resolve [simple type, class io.electrum.giftcard.api.model.PosInfo]
[DEBUG] trying extension com.github.kongchen.swagger.docgen.reader.ModelModifier@5f85ed26
[DEBUG] Can't check class [simple type, class io.electrum.giftcard.api.model.PosInfo], io.electrum.giftcard.api.model.PosInfo
[DEBUG] defineModel PosInfo io.swagger.models.ModelImpl@54a3fbf6
[DEBUG] resolveProperty [simple type, class io.electrum.giftcard.api.model.PosEntryMode]
[DEBUG] Can't check class [simple type, class io.electrum.giftcard.api.model.PosEntryMode], io.electrum.giftcard.api.model.PosEntryMode
[DEBUG] resolveProperty [simple type, class io.electrum.giftcard.api.model.PosEntryMode]
[DEBUG] resolve [simple type, class io.electrum.giftcard.api.model.PosEntryMode]
[DEBUG] trying extension com.github.kongchen.swagger.docgen.reader.ModelModifier@5f85ed26
[DEBUG] Can't check class [simple type, class io.electrum.giftcard.api.model.PosEntryMode], io.electrum.giftcard.api.model.PosEntryMode
[DEBUG] defineModel PosEntryMode io.swagger.models.ModelImpl@4728cd75
[DEBUG] resolveProperty [simple type, class io.electrum.giftcard.api.model.PosEntryMode$PanEntryMode]
[DEBUG] Can't check class [simple type, class io.electrum.giftcard.api.model.PosEntryMode$PanEntryMode], io.electrum.giftcard.api.model.PosEntryMode$PanEntryMode
[DEBUG] resolveProperty [simple type, class io.electrum.giftcard.api.model.PosEntryMode$PanEntryMode]
[DEBUG] resolveProperty [simple type, class io.electrum.giftcard.api.model.PosEntryMode$PinEntryCapability]
[DEBUG] Can't check class [simple type, class io.electrum.giftcard.api.model.PosEntryMode$PinEntryCapability], io.electrum.giftcard.api.model.PosEntryMode$PinEntryCapability
[DEBUG] resolveProperty [simple type, class io.electrum.giftcard.api.model.PosEntryMode$PinEntryCapability]
[DEBUG] resolveProperty [simple type, class io.electrum.giftcard.api.model.Product]
[DEBUG] Can't check class [simple type, class io.electrum.giftcard.api.model.Product], io.electrum.giftcard.api.model.Product
[DEBUG] resolveProperty [simple type, class io.electrum.giftcard.api.model.Product]
[DEBUG] resolve [simple type, class io.electrum.giftcard.api.model.Product]
[DEBUG] trying extension com.github.kongchen.swagger.docgen.reader.ModelModifier@5f85ed26
[DEBUG] Can't check class [simple type, class io.electrum.giftcard.api.model.Product], io.electrum.giftcard.api.model.Product
[DEBUG] defineModel Product io.swagger.models.ModelImpl@b0b973
[DEBUG] resolveProperty [simple type, class java.lang.String]
[DEBUG] Can't check class [simple type, class java.lang.String], java.lang.String
[DEBUG] resolveProperty [simple type, class java.lang.String]
[DEBUG] resolveProperty [simple type, class java.lang.String]
[DEBUG] Can't check class [simple type, class java.lang.String], java.lang.String
[DEBUG] resolveProperty [simple type, class java.lang.String]
[DEBUG] resolveProperty [simple type, class java.lang.String]
[DEBUG] Can't check class [simple type, class java.lang.String], java.lang.String
[DEBUG] resolveProperty [simple type, class java.lang.String]
[DEBUG] resolveProperty [simple type, class io.electrum.giftcard.api.model.SlipData]
[DEBUG] Can't check class [simple type, class io.electrum.giftcard.api.model.SlipData], io.electrum.giftcard.api.model.SlipData
[DEBUG] resolveProperty [simple type, class io.electrum.giftcard.api.model.SlipData]
[DEBUG] resolve [simple type, class io.electrum.giftcard.api.model.SlipData]
[DEBUG] trying extension com.github.kongchen.swagger.docgen.reader.ModelModifier@5f85ed26
[DEBUG] Can't check class [simple type, class io.electrum.giftcard.api.model.SlipData], io.electrum.giftcard.api.model.SlipData
[DEBUG] defineModel SlipData io.swagger.models.ModelImpl@c9b6b57e
[DEBUG] resolveProperty [simple type, class java.lang.String]
[DEBUG] Can't check class [simple type, class java.lang.String], java.lang.String
[DEBUG] resolveProperty [simple type, class java.lang.String]
[DEBUG] resolveProperty [collection type; class java.util.List, contains [simple type, class java.lang.String]]
[DEBUG] Can't check class [collection type; class java.util.List, contains [simple type, class java.lang.String]], java.util.List
[DEBUG] resolveProperty [collection type; class java.util.List, contains [simple type, class java.lang.String]]
[DEBUG] resolveProperty [simple type, class java.lang.String]
[DEBUG] Can't check class [simple type, class java.lang.String], java.lang.String
[DEBUG] resolveProperty [simple type, class java.lang.String]
[DEBUG] resolve class io.electrum.giftcard.api.model.ErrorDetail
[DEBUG] trying extension com.github.kongchen.swagger.docgen.reader.ModelModifier@5f85ed26
[DEBUG] defineModel ErrorDetail io.swagger.models.ModelImpl@871e6c0f
[DEBUG] resolveProperty [simple type, class io.electrum.giftcard.api.model.ErrorDetail$ErrorType]
[DEBUG] Can't check class [simple type, class io.electrum.giftcard.api.model.ErrorDetail$ErrorType], io.electrum.giftcard.api.model.ErrorDetail$ErrorType
[DEBUG] resolveProperty [simple type, class io.electrum.giftcard.api.model.ErrorDetail$ErrorType]
[DEBUG] resolveProperty [simple type, class java.lang.String]
[DEBUG] Can't check class [simple type, class java.lang.String], java.lang.String
[DEBUG] resolveProperty [simple type, class java.lang.String]
[DEBUG] resolveProperty [simple type, class java.lang.Object]
[DEBUG] Can't check class [simple type, class java.lang.Object], java.lang.Object
[DEBUG] resolveProperty [simple type, class java.lang.Object]
[DEBUG] ModelConverters readAll from class io.electrum.giftcard.api.model.ErrorDetail
[DEBUG] resolve class io.electrum.giftcard.api.model.ErrorDetail
[DEBUG] trying extension com.github.kongchen.swagger.docgen.reader.ModelModifier@5f85ed26
[DEBUG] defineModel ErrorDetail io.swagger.models.ModelImpl@871e6c0f
[DEBUG] resolveProperty [simple type, class io.electrum.giftcard.api.model.ErrorDetail$ErrorType]
[DEBUG] Can't check class [simple type, class io.electrum.giftcard.api.model.ErrorDetail$ErrorType], io.electrum.giftcard.api.model.ErrorDetail$ErrorType
[DEBUG] resolveProperty [simple type, class io.electrum.giftcard.api.model.ErrorDetail$ErrorType]
[DEBUG] resolveProperty [simple type, class java.lang.String]
[DEBUG] Can't check class [simple type, class java.lang.String], java.lang.String
[DEBUG] resolveProperty [simple type, class java.lang.String]
[DEBUG] resolveProperty [simple type, class java.lang.Object]
[DEBUG] Can't check class [simple type, class java.lang.Object], java.lang.Object
[DEBUG] resolveProperty [simple type, class java.lang.Object]
[DEBUG] resolve class io.electrum.giftcard.api.model.ErrorDetail
[DEBUG] trying extension com.github.kongchen.swagger.docgen.reader.ModelModifier@5f85ed26
[DEBUG] defineModel ErrorDetail io.swagger.models.ModelImpl@871e6c0f
[DEBUG] resolveProperty [simple type, class io.electrum.giftcard.api.model.ErrorDetail$ErrorType]
[DEBUG] Can't check class [simple type, class io.electrum.giftcard.api.model.ErrorDetail$ErrorType], io.electrum.giftcard.api.model.ErrorDetail$ErrorType
[DEBUG] resolveProperty [simple type, class io.electrum.giftcard.api.model.ErrorDetail$ErrorType]
[DEBUG] resolveProperty [simple type, class java.lang.String]
[DEBUG] Can't check class [simple type, class java.lang.String], java.lang.String
[DEBUG] resolveProperty [simple type, class java.lang.String]
[DEBUG] resolveProperty [simple type, class java.lang.Object]
[DEBUG] Can't check class [simple type, class java.lang.Object], java.lang.Object
[DEBUG] resolveProperty [simple type, class java.lang.Object]
[DEBUG] ModelConverters readAll from class io.electrum.giftcard.api.model.ErrorDetail
[DEBUG] resolve class io.electrum.giftcard.api.model.ErrorDetail
[DEBUG] trying extension com.github.kongchen.swagger.docgen.reader.ModelModifier@5f85ed26
[DEBUG] defineModel ErrorDetail io.swagger.models.ModelImpl@871e6c0f
[DEBUG] resolveProperty [simple type, class io.electrum.giftcard.api.model.ErrorDetail$ErrorType]
[DEBUG] Can't check class [simple type, class io.electrum.giftcard.api.model.ErrorDetail$ErrorType], io.electrum.giftcard.api.model.ErrorDetail$ErrorType
[DEBUG] resolveProperty [simple type, class io.electrum.giftcard.api.model.ErrorDetail$ErrorType]
[DEBUG] resolveProperty [simple type, class java.lang.String]
[DEBUG] Can't check class [simple type, class java.lang.String], java.lang.String
[DEBUG] resolveProperty [simple type, class java.lang.String]
[DEBUG] resolveProperty [simple type, class java.lang.Object]
[DEBUG] Can't check class [simple type, class java.lang.Object], java.lang.Object
[DEBUG] resolveProperty [simple type, class java.lang.Object]
[DEBUG] resolve class io.electrum.giftcard.api.model.ErrorDetail
[DEBUG] trying extension com.github.kongchen.swagger.docgen.reader.ModelModifier@5f85ed26
[DEBUG] defineModel ErrorDetail io.swagger.models.ModelImpl@871e6c0f
[DEBUG] resolveProperty [simple type, class io.electrum.giftcard.api.model.ErrorDetail$ErrorType]
[DEBUG] Can't check class [simple type, class io.electrum.giftcard.api.model.ErrorDetail$ErrorType], io.electrum.giftcard.api.model.ErrorDetail$ErrorType
[DEBUG] resolveProperty [simple type, class io.electrum.giftcard.api.model.ErrorDetail$ErrorType]
[DEBUG] resolveProperty [simple type, class java.lang.String]
[DEBUG] Can't check class [simple type, class java.lang.String], java.lang.String
[DEBUG] resolveProperty [simple type, class java.lang.String]
[DEBUG] resolveProperty [simple type, class java.lang.Object]
[DEBUG] Can't check class [simple type, class java.lang.Object], java.lang.Object
[DEBUG] resolveProperty [simple type, class java.lang.Object]
[DEBUG] ModelConverters readAll from class io.electrum.giftcard.api.model.ErrorDetail
[DEBUG] resolve class io.electrum.giftcard.api.model.ErrorDetail
[DEBUG] trying extension com.github.kongchen.swagger.docgen.reader.ModelModifier@5f85ed26
[DEBUG] defineModel ErrorDetail io.swagger.models.ModelImpl@871e6c0f
[DEBUG] resolveProperty [simple type, class io.electrum.giftcard.api.model.ErrorDetail$ErrorType]
[DEBUG] Can't check class [simple type, class io.electrum.giftcard.api.model.ErrorDetail$ErrorType], io.electrum.giftcard.api.model.ErrorDetail$ErrorType
[DEBUG] resolveProperty [simple type, class io.electrum.giftcard.api.model.ErrorDetail$ErrorType]
[DEBUG] resolveProperty [simple type, class java.lang.String]
[DEBUG] Can't check class [simple type, class java.lang.String], java.lang.String
[DEBUG] resolveProperty [simple type, class java.lang.String]
[DEBUG] resolveProperty [simple type, class java.lang.Object]
[DEBUG] Can't check class [simple type, class java.lang.Object], java.lang.Object
[DEBUG] resolveProperty [simple type, class java.lang.Object]
[DEBUG] resolve class io.electrum.giftcard.api.model.ErrorDetail
[DEBUG] trying extension com.github.kongchen.swagger.docgen.reader.ModelModifier@5f85ed26
[DEBUG] defineModel ErrorDetail io.swagger.models.ModelImpl@871e6c0f
[DEBUG] resolveProperty [simple type, class io.electrum.giftcard.api.model.ErrorDetail$ErrorType]
[DEBUG] Can't check class [simple type, class io.electrum.giftcard.api.model.ErrorDetail$ErrorType], io.electrum.giftcard.api.model.ErrorDetail$ErrorType
[DEBUG] resolveProperty [simple type, class io.electrum.giftcard.api.model.ErrorDetail$ErrorType]
[DEBUG] resolveProperty [simple type, class java.lang.String]
[DEBUG] Can't check class [simple type, class java.lang.String], java.lang.String
[DEBUG] resolveProperty [simple type, class java.lang.String]
[DEBUG] resolveProperty [simple type, class java.lang.Object]
[DEBUG] Can't check class [simple type, class java.lang.Object], java.lang.Object
[DEBUG] resolveProperty [simple type, class java.lang.Object]
[DEBUG] ModelConverters readAll from class io.electrum.giftcard.api.model.ErrorDetail
[DEBUG] resolve class io.electrum.giftcard.api.model.ErrorDetail
[DEBUG] trying extension com.github.kongchen.swagger.docgen.reader.ModelModifier@5f85ed26
[DEBUG] defineModel ErrorDetail io.swagger.models.ModelImpl@871e6c0f
[DEBUG] resolveProperty [simple type, class io.electrum.giftcard.api.model.ErrorDetail$ErrorType]
[DEBUG] Can't check class [simple type, class io.electrum.giftcard.api.model.ErrorDetail$ErrorType], io.electrum.giftcard.api.model.ErrorDetail$ErrorType
[DEBUG] resolveProperty [simple type, class io.electrum.giftcard.api.model.ErrorDetail$ErrorType]
[DEBUG] resolveProperty [simple type, class java.lang.String]
[DEBUG] Can't check class [simple type, class java.lang.String], java.lang.String
[DEBUG] resolveProperty [simple type, class java.lang.String]
[DEBUG] resolveProperty [simple type, class java.lang.Object]
[DEBUG] Can't check class [simple type, class java.lang.Object], java.lang.Object
[DEBUG] resolveProperty [simple type, class java.lang.Object]
[DEBUG] resolve class io.electrum.giftcard.api.model.ErrorDetail
[DEBUG] trying extension com.github.kongchen.swagger.docgen.reader.ModelModifier@5f85ed26
[DEBUG] defineModel ErrorDetail io.swagger.models.ModelImpl@871e6c0f
[DEBUG] resolveProperty [simple type, class io.electrum.giftcard.api.model.ErrorDetail$ErrorType]
[DEBUG] Can't check class [simple type, class io.electrum.giftcard.api.model.ErrorDetail$ErrorType], io.electrum.giftcard.api.model.ErrorDetail$ErrorType
[DEBUG] resolveProperty [simple type, class io.electrum.giftcard.api.model.ErrorDetail$ErrorType]
[DEBUG] resolveProperty [simple type, class java.lang.String]
[DEBUG] Can't check class [simple type, class java.lang.String], java.lang.String
[DEBUG] resolveProperty [simple type, class java.lang.String]
[DEBUG] resolveProperty [simple type, class java.lang.Object]
[DEBUG] Can't check class [simple type, class java.lang.Object], java.lang.Object
[DEBUG] resolveProperty [simple type, class java.lang.Object]
[DEBUG] ModelConverters readAll from class io.electrum.giftcard.api.model.ErrorDetail
[DEBUG] resolve class io.electrum.giftcard.api.model.ErrorDetail
[DEBUG] trying extension com.github.kongchen.swagger.docgen.reader.ModelModifier@5f85ed26
[DEBUG] defineModel ErrorDetail io.swagger.models.ModelImpl@871e6c0f
[DEBUG] resolveProperty [simple type, class io.electrum.giftcard.api.model.ErrorDetail$ErrorType]
[DEBUG] Can't check class [simple type, class io.electrum.giftcard.api.model.ErrorDetail$ErrorType], io.electrum.giftcard.api.model.ErrorDetail$ErrorType
[DEBUG] resolveProperty [simple type, class io.electrum.giftcard.api.model.ErrorDetail$ErrorType]
[DEBUG] resolveProperty [simple type, class java.lang.String]
[DEBUG] Can't check class [simple type, class java.lang.String], java.lang.String
[DEBUG] resolveProperty [simple type, class java.lang.String]
[DEBUG] resolveProperty [simple type, class java.lang.Object]
[DEBUG] Can't check class [simple type, class java.lang.Object], java.lang.Object
[DEBUG] resolveProperty [simple type, class java.lang.Object]
[INFO] Looking for path/query/header/form/cookie params in class java.util.UUID
[INFO] trying extension com.github.kongchen.swagger.docgen.jaxrs.BeanParamInjectParamExtention@3adcbc57
[DEBUG] resolveProperty class java.util.UUID
[DEBUG] resolveProperty [simple type, class java.util.UUID]
[INFO] Looking for path/query/header/form/cookie params in class io.electrum.giftcard.api.model.LookupRequest
[INFO] trying extension com.github.kongchen.swagger.docgen.jaxrs.BeanParamInjectParamExtention@3adcbc57
[INFO] Looking for body params in class io.electrum.giftcard.api.model.LookupRequest
[DEBUG] picking up response class from method public void io.electrum.giftcard.server.api.resource.impl.TestServerAdminResourceImpl.reset(io.electrum.giftcard.server.api.model.ResetRequest,javax.ws.rs.core.SecurityContext,javax.ws.rs.container.AsyncResponse,javax.ws.rs.core.HttpHeaders,javax.ws.rs.core.UriInfo,javax.servlet.http.HttpServletRequest)
[DEBUG] resolveProperty void
[DEBUG] resolveProperty [simple type, class void]
[DEBUG] resolve [simple type, class void]
[DEBUG] trying extension com.github.kongchen.swagger.docgen.reader.ModelModifier@5f85ed26
[DEBUG] Can't check class [simple type, class void], void
[DEBUG] defineModel void io.swagger.models.ModelImpl@bafd15c1
[DEBUG] resolve class io.electrum.giftcard.server.api.model.ResetResponse
[DEBUG] trying extension com.github.kongchen.swagger.docgen.reader.ModelModifier@5f85ed26
[DEBUG] defineModel ResetResponse io.swagger.models.ModelImpl@c181e50
[DEBUG] resolveProperty [simple type, class io.electrum.giftcard.server.api.model.ResetResponse$Outcomes]
[DEBUG] Can't check class [simple type, class io.electrum.giftcard.server.api.model.ResetResponse$Outcomes], io.electrum.giftcard.server.api.model.ResetResponse$Outcomes
[DEBUG] resolveProperty [simple type, class io.electrum.giftcard.server.api.model.ResetResponse$Outcomes]
[DEBUG] ModelConverters readAll from class io.electrum.giftcard.server.api.model.ResetResponse
[DEBUG] resolve class io.electrum.giftcard.server.api.model.ResetResponse
[DEBUG] trying extension com.github.kongchen.swagger.docgen.reader.ModelModifier@5f85ed26
[DEBUG] defineModel ResetResponse io.swagger.models.ModelImpl@c181e50
[DEBUG] resolveProperty [simple type, class io.electrum.giftcard.server.api.model.ResetResponse$Outcomes]
[DEBUG] Can't check class [simple type, class io.electrum.giftcard.server.api.model.ResetResponse$Outcomes], io.electrum.giftcard.server.api.model.ResetResponse$Outcomes
[DEBUG] resolveProperty [simple type, class io.electrum.giftcard.server.api.model.ResetResponse$Outcomes]
[DEBUG] resolve class io.electrum.giftcard.server.api.model.ResetResponse
[DEBUG] trying extension com.github.kongchen.swagger.docgen.reader.ModelModifier@5f85ed26
[DEBUG] defineModel ResetResponse io.swagger.models.ModelImpl@c181e50
[DEBUG] resolveProperty [simple type, class io.electrum.giftcard.server.api.model.ResetResponse$Outcomes]
[DEBUG] Can't check class [simple type, class io.electrum.giftcard.server.api.model.ResetResponse$Outcomes], io.electrum.giftcard.server.api.model.ResetResponse$Outcomes
[DEBUG] resolveProperty [simple type, class io.electrum.giftcard.server.api.model.ResetResponse$Outcomes]
[DEBUG] ModelConverters readAll from class io.electrum.giftcard.server.api.model.ResetResponse
[DEBUG] resolve class io.electrum.giftcard.server.api.model.ResetResponse
[DEBUG] trying extension com.github.kongchen.swagger.docgen.reader.ModelModifier@5f85ed26
[DEBUG] defineModel ResetResponse io.swagger.models.ModelImpl@c181e50
[DEBUG] resolveProperty [simple type, class io.electrum.giftcard.server.api.model.ResetResponse$Outcomes]
[DEBUG] Can't check class [simple type, class io.electrum.giftcard.server.api.model.ResetResponse$Outcomes], io.electrum.giftcard.server.api.model.ResetResponse$Outcomes
[DEBUG] resolveProperty [simple type, class io.electrum.giftcard.server.api.model.ResetResponse$Outcomes]
[DEBUG] resolve class io.electrum.giftcard.server.api.model.ResetResponse
[DEBUG] trying extension com.github.kongchen.swagger.docgen.reader.ModelModifier@5f85ed26
[DEBUG] defineModel ResetResponse io.swagger.models.ModelImpl@c181e50
[DEBUG] resolveProperty [simple type, class io.electrum.giftcard.server.api.model.ResetResponse$Outcomes]
[DEBUG] Can't check class [simple type, class io.electrum.giftcard.server.api.model.ResetResponse$Outcomes], io.electrum.giftcard.server.api.model.ResetResponse$Outcomes
[DEBUG] resolveProperty [simple type, class io.electrum.giftcard.server.api.model.ResetResponse$Outcomes]
[DEBUG] ModelConverters readAll from class io.electrum.giftcard.server.api.model.ResetResponse
[DEBUG] resolve class io.electrum.giftcard.server.api.model.ResetResponse
[DEBUG] trying extension com.github.kongchen.swagger.docgen.reader.ModelModifier@5f85ed26
[DEBUG] defineModel ResetResponse io.swagger.models.ModelImpl@c181e50
[DEBUG] resolveProperty [simple type, class io.electrum.giftcard.server.api.model.ResetResponse$Outcomes]
[DEBUG] Can't check class [simple type, class io.electrum.giftcard.server.api.model.ResetResponse$Outcomes], io.electrum.giftcard.server.api.model.ResetResponse$Outcomes
[DEBUG] resolveProperty [simple type, class io.electrum.giftcard.server.api.model.ResetResponse$Outcomes]
[INFO] Looking for path/query/header/form/cookie params in class io.electrum.giftcard.server.api.model.ResetRequest
[INFO] trying extension com.github.kongchen.swagger.docgen.jaxrs.BeanParamInjectParamExtention@3adcbc57
[INFO] Looking for body params in class io.electrum.giftcard.server.api.model.ResetRequest
[DEBUG] resolveProperty class io.electrum.giftcard.server.api.model.ResetRequest
[DEBUG] resolveProperty [simple type, class io.electrum.giftcard.server.api.model.ResetRequest]
[DEBUG] resolve [simple type, class io.electrum.giftcard.server.api.model.ResetRequest]
[DEBUG] trying extension com.github.kongchen.swagger.docgen.reader.ModelModifier@5f85ed26
[DEBUG] Can't check class [simple type, class io.electrum.giftcard.server.api.model.ResetRequest], io.electrum.giftcard.server.api.model.ResetRequest
[DEBUG] defineModel ResetRequest io.swagger.models.ModelImpl@14d00495
[DEBUG] resolveProperty [simple type, class io.electrum.giftcard.server.api.model.ResetRequest$Acknowledgments]
[DEBUG] Can't check class [simple type, class io.electrum.giftcard.server.api.model.ResetRequest$Acknowledgments], io.electrum.giftcard.server.api.model.ResetRequest$Acknowledgments
[DEBUG] resolveProperty [simple type, class io.electrum.giftcard.server.api.model.ResetRequest$Acknowledgments]
[DEBUG] resolveProperty [simple type, class io.electrum.giftcard.server.api.model.ResetRequest$Declarations]
[DEBUG] Can't check class [simple type, class io.electrum.giftcard.server.api.model.ResetRequest$Declarations], io.electrum.giftcard.server.api.model.ResetRequest$Declarations
[DEBUG] resolveProperty [simple type, class io.electrum.giftcard.server.api.model.ResetRequest$Declarations]
[DEBUG] ModelConverters readAll from class io.electrum.giftcard.server.api.model.ResetRequest
[DEBUG] resolve class io.electrum.giftcard.server.api.model.ResetRequest
[DEBUG] trying extension com.github.kongchen.swagger.docgen.reader.ModelModifier@5f85ed26
[DEBUG] defineModel ResetRequest io.swagger.models.ModelImpl@14d00495
[DEBUG] resolveProperty [simple type, class io.electrum.giftcard.server.api.model.ResetRequest$Acknowledgments]
[DEBUG] Can't check class [simple type, class io.electrum.giftcard.server.api.model.ResetRequest$Acknowledgments], io.electrum.giftcard.server.api.model.ResetRequest$Acknowledgments
[DEBUG] resolveProperty [simple type, class io.electrum.giftcard.server.api.model.ResetRequest$Acknowledgments]
[DEBUG] resolveProperty [simple type, class io.electrum.giftcard.server.api.model.ResetRequest$Declarations]
[DEBUG] Can't check class [simple type, class io.electrum.giftcard.server.api.model.ResetRequest$Declarations], io.electrum.giftcard.server.api.model.ResetRequest$Declarations
[DEBUG] resolveProperty [simple type, class io.electrum.giftcard.server.api.model.ResetRequest$Declarations]
[DEBUG] picking up response class from method public void io.electrum.giftcard.server.api.resource.impl.TestServerAdminResourceImpl.data(javax.ws.rs.core.SecurityContext,javax.ws.rs.container.AsyncResponse,javax.ws.rs.core.HttpHeaders,javax.ws.rs.core.UriInfo,javax.servlet.http.HttpServletRequest)
[DEBUG] resolveProperty void
[DEBUG] resolveProperty [simple type, class void]
[DEBUG] resolve [simple type, class void]
[DEBUG] trying extension com.github.kongchen.swagger.docgen.reader.ModelModifier@5f85ed26
[DEBUG] Can't check class [simple type, class void], void
[DEBUG] defineModel void io.swagger.models.ModelImpl@bafd15c1
[DEBUG] resolve class io.electrum.giftcard.server.api.model.DataResponse
[DEBUG] trying extension com.github.kongchen.swagger.docgen.reader.ModelModifier@5f85ed26
[DEBUG] defineModel DataResponse io.swagger.models.ModelImpl@1e761b19
[DEBUG] resolveProperty [collection type; class java.util.List, contains [simple type, class io.electrum.giftcard.server.api.model.CardData]]
[DEBUG] Can't check class [collection type; class java.util.List, contains [simple type, class io.electrum.giftcard.server.api.model.CardData]], java.util.List
[DEBUG] resolveProperty [collection type; class java.util.List, contains [simple type, class io.electrum.giftcard.server.api.model.CardData]]
[DEBUG] resolveProperty [simple type, class io.electrum.giftcard.server.api.model.CardData]
[DEBUG] Can't check class [simple type, class io.electrum.giftcard.server.api.model.CardData], io.electrum.giftcard.server.api.model.CardData
[DEBUG] resolveProperty [simple type, class io.electrum.giftcard.server.api.model.CardData]
[DEBUG] resolve [simple type, class io.electrum.giftcard.server.api.model.CardData]
[DEBUG] trying extension com.github.kongchen.swagger.docgen.reader.ModelModifier@5f85ed26
[DEBUG] Can't check class [simple type, class io.electrum.giftcard.server.api.model.CardData], io.electrum.giftcard.server.api.model.CardData
[DEBUG] defineModel CardData io.swagger.models.ModelImpl@4c45da73
[DEBUG] resolveProperty [simple type, class io.electrum.giftcard.api.model.Card]
[DEBUG] Can't check class [simple type, class io.electrum.giftcard.api.model.Card], io.electrum.giftcard.api.model.Card
[DEBUG] resolveProperty [simple type, class io.electrum.giftcard.api.model.Card]
[DEBUG] resolve [simple type, class io.electrum.giftcard.api.model.Card]
[DEBUG] trying extension com.github.kongchen.swagger.docgen.reader.ModelModifier@5f85ed26
[DEBUG] Can't check class [simple type, class io.electrum.giftcard.api.model.Card], io.electrum.giftcard.api.model.Card
[DEBUG] defineModel Card io.swagger.models.ModelImpl@4866fd27
[DEBUG] resolveProperty [simple type, class java.lang.String]
[DEBUG] Can't check class [simple type, class java.lang.String], java.lang.String
[DEBUG] resolveProperty [simple type, class java.lang.String]
[DEBUG] resolveProperty [simple type, class java.lang.String]
[DEBUG] Can't check class [simple type, class java.lang.String], java.lang.String
[DEBUG] resolveProperty [simple type, class java.lang.String]
[DEBUG] resolveProperty [simple type, class java.lang.String]
[DEBUG] Can't check class [simple type, class java.lang.String], java.lang.String
[DEBUG] resolveProperty [simple type, class java.lang.String]
[DEBUG] resolveProperty [simple type, class java.lang.String]
[DEBUG] Can't check class [simple type, class java.lang.String], java.lang.String
[DEBUG] resolveProperty [simple type, class java.lang.String]
[DEBUG] resolveProperty [simple type, class io.electrum.vas.model.LedgerAmount]
[DEBUG] Can't check class [simple type, class io.electrum.vas.model.LedgerAmount], io.electrum.vas.model.LedgerAmount
[DEBUG] resolveProperty [simple type, class io.electrum.vas.model.LedgerAmount]
[DEBUG] resolve [simple type, class io.electrum.vas.model.LedgerAmount]
[DEBUG] trying extension com.github.kongchen.swagger.docgen.reader.ModelModifier@5f85ed26
[DEBUG] Can't check class [simple type, class io.electrum.vas.model.LedgerAmount], io.electrum.vas.model.LedgerAmount
[DEBUG] defineModel LedgerAmount io.swagger.models.ModelImpl@d9bc4218
[DEBUG] resolveProperty [simple type, class java.lang.Long]
[DEBUG] Can't check class [simple type, class java.lang.Long], java.lang.Long
[DEBUG] resolveProperty [simple type, class java.lang.Long]
[DEBUG] resolveProperty [simple type, class java.lang.String]
[DEBUG] Can't check class [simple type, class java.lang.String], java.lang.String
[DEBUG] resolveProperty [simple type, class java.lang.String]
[DEBUG] resolveProperty [simple type, class io.electrum.vas.model.LedgerAmount$LedgerIndicator]
[DEBUG] Can't check class [simple type, class io.electrum.vas.model.LedgerAmount$LedgerIndicator], io.electrum.vas.model.LedgerAmount$LedgerIndicator
[DEBUG] resolveProperty [simple type, class io.electrum.vas.model.LedgerAmount$LedgerIndicator]
[DEBUG] resolveProperty [simple type, class io.electrum.giftcard.server.backend.records.CardRecord$Status]
[DEBUG] Can't check class [simple type, class io.electrum.giftcard.server.backend.records.CardRecord$Status], io.electrum.giftcard.server.backend.records.CardRecord$Status
[DEBUG] resolveProperty [simple type, class io.electrum.giftcard.server.backend.records.CardRecord$Status]
[DEBUG] resolveProperty [simple type, class io.electrum.giftcard.api.model.Product]
[DEBUG] Can't check class [simple type, class io.electrum.giftcard.api.model.Product], io.electrum.giftcard.api.model.Product
[DEBUG] resolveProperty [simple type, class io.electrum.giftcard.api.model.Product]
[DEBUG] resolve [simple type, class io.electrum.giftcard.api.model.Product]
[DEBUG] trying extension com.github.kongchen.swagger.docgen.reader.ModelModifier@5f85ed26
[DEBUG] Can't check class [simple type, class io.electrum.giftcard.api.model.Product], io.electrum.giftcard.api.model.Product
[DEBUG] defineModel Product io.swagger.models.ModelImpl@b0b973
[DEBUG] resolveProperty [simple type, class java.lang.String]
[DEBUG] Can't check class [simple type, class java.lang.String], java.lang.String
[DEBUG] resolveProperty [simple type, class java.lang.String]
[DEBUG] resolveProperty [simple type, class java.lang.String]
[DEBUG] Can't check class [simple type, class java.lang.String], java.lang.String
[DEBUG] resolveProperty [simple type, class java.lang.String]
[DEBUG] resolveProperty [simple type, class java.lang.String]
[DEBUG] Can't check class [simple type, class java.lang.String], java.lang.String
[DEBUG] resolveProperty [simple type, class java.lang.String]
[DEBUG] resolveProperty [collection type; class java.util.List, contains [simple type, class io.electrum.giftcard.server.api.model.ProductData]]
[DEBUG] Can't check class [collection type; class java.util.List, contains [simple type, class io.electrum.giftcard.server.api.model.ProductData]], java.util.List
[DEBUG] resolveProperty [collection type; class java.util.List, contains [simple type, class io.electrum.giftcard.server.api.model.ProductData]]
[DEBUG] resolveProperty [simple type, class io.electrum.giftcard.server.api.model.ProductData]
[DEBUG] Can't check class [simple type, class io.electrum.giftcard.server.api.model.ProductData], io.electrum.giftcard.server.api.model.ProductData
[DEBUG] resolveProperty [simple type, class io.electrum.giftcard.server.api.model.ProductData]
[DEBUG] resolve [simple type, class io.electrum.giftcard.server.api.model.ProductData]
[DEBUG] trying extension com.github.kongchen.swagger.docgen.reader.ModelModifier@5f85ed26
[DEBUG] Can't check class [simple type, class io.electrum.giftcard.server.api.model.ProductData], io.electrum.giftcard.server.api.model.ProductData
[DEBUG] defineModel ProductData io.swagger.models.ModelImpl@f5949605
[DEBUG] resolveProperty [simple type, class io.electrum.giftcard.api.model.Product]
[DEBUG] Can't check class [simple type, class io.electrum.giftcard.api.model.Product], io.electrum.giftcard.api.model.Product
[DEBUG] resolveProperty [simple type, class io.electrum.giftcard.api.model.Product]
[DEBUG] resolveProperty [simple type, class io.electrum.vas.model.LedgerAmount]
[DEBUG] Can't check class [simple type, class io.electrum.vas.model.LedgerAmount], io.electrum.vas.model.LedgerAmount
[DEBUG] resolveProperty [simple type, class io.electrum.vas.model.LedgerAmount]
[DEBUG] ModelConverters readAll from class io.electrum.giftcard.server.api.model.DataResponse
[DEBUG] resolve class io.electrum.giftcard.server.api.model.DataResponse
[DEBUG] trying extension com.github.kongchen.swagger.docgen.reader.ModelModifier@5f85ed26
[DEBUG] defineModel DataResponse io.swagger.models.ModelImpl@1e761b19
[DEBUG] resolveProperty [collection type; class java.util.List, contains [simple type, class io.electrum.giftcard.server.api.model.CardData]]
[DEBUG] Can't check class [collection type; class java.util.List, contains [simple type, class io.electrum.giftcard.server.api.model.CardData]], java.util.List
[DEBUG] resolveProperty [collection type; class java.util.List, contains [simple type, class io.electrum.giftcard.server.api.model.CardData]]
[DEBUG] resolveProperty [simple type, class io.electrum.giftcard.server.api.model.CardData]
[DEBUG] Can't check class [simple type, class io.electrum.giftcard.server.api.model.CardData], io.electrum.giftcard.server.api.model.CardData
[DEBUG] resolveProperty [simple type, class io.electrum.giftcard.server.api.model.CardData]
[DEBUG] resolve [simple type, class io.electrum.giftcard.server.api.model.CardData]
[DEBUG] trying extension com.github.kongchen.swagger.docgen.reader.ModelModifier@5f85ed26
[DEBUG] Can't check class [simple type, class io.electrum.giftcard.server.api.model.CardData], io.electrum.giftcard.server.api.model.CardData
[DEBUG] defineModel CardData io.swagger.models.ModelImpl@4c45da73
[DEBUG] resolveProperty [simple type, class io.electrum.giftcard.api.model.Card]
[DEBUG] Can't check class [simple type, class io.electrum.giftcard.api.model.Card], io.electrum.giftcard.api.model.Card
[DEBUG] resolveProperty [simple type, class io.electrum.giftcard.api.model.Card]
[DEBUG] resolve [simple type, class io.electrum.giftcard.api.model.Card]
[DEBUG] trying extension com.github.kongchen.swagger.docgen.reader.ModelModifier@5f85ed26
[DEBUG] Can't check class [simple type, class io.electrum.giftcard.api.model.Card], io.electrum.giftcard.api.model.Card
[DEBUG] defineModel Card io.swagger.models.ModelImpl@4866fd27
[DEBUG] resolveProperty [simple type, class java.lang.String]
[DEBUG] Can't check class [simple type, class java.lang.String], java.lang.String
[DEBUG] resolveProperty [simple type, class java.lang.String]
[DEBUG] resolveProperty [simple type, class java.lang.String]
[DEBUG] Can't check class [simple type, class java.lang.String], java.lang.String
[DEBUG] resolveProperty [simple type, class java.lang.String]
[DEBUG] resolveProperty [simple type, class java.lang.String]
[DEBUG] Can't check class [simple type, class java.lang.String], java.lang.String
[DEBUG] resolveProperty [simple type, class java.lang.String]
[DEBUG] resolveProperty [simple type, class java.lang.String]
[DEBUG] Can't check class [simple type, class java.lang.String], java.lang.String
[DEBUG] resolveProperty [simple type, class java.lang.String]
[DEBUG] resolveProperty [simple type, class io.electrum.vas.model.LedgerAmount]
[DEBUG] Can't check class [simple type, class io.electrum.vas.model.LedgerAmount], io.electrum.vas.model.LedgerAmount
[DEBUG] resolveProperty [simple type, class io.electrum.vas.model.LedgerAmount]
[DEBUG] resolve [simple type, class io.electrum.vas.model.LedgerAmount]
[DEBUG] trying extension com.github.kongchen.swagger.docgen.reader.ModelModifier@5f85ed26
[DEBUG] Can't check class [simple type, class io.electrum.vas.model.LedgerAmount], io.electrum.vas.model.LedgerAmount
[DEBUG] defineModel LedgerAmount io.swagger.models.ModelImpl@d9bc4218
[DEBUG] resolveProperty [simple type, class java.lang.Long]
[DEBUG] Can't check class [simple type, class java.lang.Long], java.lang.Long
[DEBUG] resolveProperty [simple type, class java.lang.Long]
[DEBUG] resolveProperty [simple type, class java.lang.String]
[DEBUG] Can't check class [simple type, class java.lang.String], java.lang.String
[DEBUG] resolveProperty [simple type, class java.lang.String]
[DEBUG] resolveProperty [simple type, class io.electrum.vas.model.LedgerAmount$LedgerIndicator]
[DEBUG] Can't check class [simple type, class io.electrum.vas.model.LedgerAmount$LedgerIndicator], io.electrum.vas.model.LedgerAmount$LedgerIndicator
[DEBUG] resolveProperty [simple type, class io.electrum.vas.model.LedgerAmount$LedgerIndicator]
[DEBUG] resolveProperty [simple type, class io.electrum.giftcard.server.backend.records.CardRecord$Status]
[DEBUG] Can't check class [simple type, class io.electrum.giftcard.server.backend.records.CardRecord$Status], io.electrum.giftcard.server.backend.records.CardRecord$Status
[DEBUG] resolveProperty [simple type, class io.electrum.giftcard.server.backend.records.CardRecord$Status]
[DEBUG] resolveProperty [simple type, class io.electrum.giftcard.api.model.Product]
[DEBUG] Can't check class [simple type, class io.electrum.giftcard.api.model.Product], io.electrum.giftcard.api.model.Product
[DEBUG] resolveProperty [simple type, class io.electrum.giftcard.api.model.Product]
[DEBUG] resolve [simple type, class io.electrum.giftcard.api.model.Product]
[DEBUG] trying extension com.github.kongchen.swagger.docgen.reader.ModelModifier@5f85ed26
[DEBUG] Can't check class [simple type, class io.electrum.giftcard.api.model.Product], io.electrum.giftcard.api.model.Product
[DEBUG] defineModel Product io.swagger.models.ModelImpl@b0b973
[DEBUG] resolveProperty [simple type, class java.lang.String]
[DEBUG] Can't check class [simple type, class java.lang.String], java.lang.String
[DEBUG] resolveProperty [simple type, class java.lang.String]
[DEBUG] resolveProperty [simple type, class java.lang.String]
[DEBUG] Can't check class [simple type, class java.lang.String], java.lang.String
[DEBUG] resolveProperty [simple type, class java.lang.String]
[DEBUG] resolveProperty [simple type, class java.lang.String]
[DEBUG] Can't check class [simple type, class java.lang.String], java.lang.String
[DEBUG] resolveProperty [simple type, class java.lang.String]
[DEBUG] resolveProperty [collection type; class java.util.List, contains [simple type, class io.electrum.giftcard.server.api.model.ProductData]]
[DEBUG] Can't check class [collection type; class java.util.List, contains [simple type, class io.electrum.giftcard.server.api.model.ProductData]], java.util.List
[DEBUG] resolveProperty [collection type; class java.util.List, contains [simple type, class io.electrum.giftcard.server.api.model.ProductData]]
[DEBUG] resolveProperty [simple type, class io.electrum.giftcard.server.api.model.ProductData]
[DEBUG] Can't check class [simple type, class io.electrum.giftcard.server.api.model.ProductData], io.electrum.giftcard.server.api.model.ProductData
[DEBUG] resolveProperty [simple type, class io.electrum.giftcard.server.api.model.ProductData]
[DEBUG] resolve [simple type, class io.electrum.giftcard.server.api.model.ProductData]
[DEBUG] trying extension com.github.kongchen.swagger.docgen.reader.ModelModifier@5f85ed26
[DEBUG] Can't check class [simple type, class io.electrum.giftcard.server.api.model.ProductData], io.electrum.giftcard.server.api.model.ProductData
[DEBUG] defineModel ProductData io.swagger.models.ModelImpl@f5949605
[DEBUG] resolveProperty [simple type, class io.electrum.giftcard.api.model.Product]
[DEBUG] Can't check class [simple type, class io.electrum.giftcard.api.model.Product], io.electrum.giftcard.api.model.Product
[DEBUG] resolveProperty [simple type, class io.electrum.giftcard.api.model.Product]
[DEBUG] resolveProperty [simple type, class io.electrum.vas.model.LedgerAmount]
[DEBUG] Can't check class [simple type, class io.electrum.vas.model.LedgerAmount], io.electrum.vas.model.LedgerAmount
[DEBUG] resolveProperty [simple type, class io.electrum.vas.model.LedgerAmount]
[DEBUG] picking up response class from method public void io.electrum.giftcard.server.api.resource.impl.TestServerAdminResourceImpl.singleCardData(java.lang.String,javax.ws.rs.core.SecurityContext,javax.ws.rs.container.AsyncResponse,javax.ws.rs.core.HttpHeaders,javax.ws.rs.core.UriInfo,javax.servlet.http.HttpServletRequest)
[DEBUG] resolveProperty void
[DEBUG] resolveProperty [simple type, class void]
[DEBUG] resolve [simple type, class void]
[DEBUG] trying extension com.github.kongchen.swagger.docgen.reader.ModelModifier@5f85ed26
[DEBUG] Can't check class [simple type, class void], void
[DEBUG] defineModel void io.swagger.models.ModelImpl@bafd15c1
[DEBUG] resolve class io.electrum.giftcard.server.api.model.DataResponse
[DEBUG] trying extension com.github.kongchen.swagger.docgen.reader.ModelModifier@5f85ed26
[DEBUG] defineModel DataResponse io.swagger.models.ModelImpl@1e761b19
[DEBUG] resolveProperty [collection type; class java.util.List, contains [simple type, class io.electrum.giftcard.server.api.model.CardData]]
[DEBUG] Can't check class [collection type; class java.util.List, contains [simple type, class io.electrum.giftcard.server.api.model.CardData]], java.util.List
[DEBUG] resolveProperty [collection type; class java.util.List, contains [simple type, class io.electrum.giftcard.server.api.model.CardData]]
[DEBUG] resolveProperty [simple type, class io.electrum.giftcard.server.api.model.CardData]
[DEBUG] Can't check class [simple type, class io.electrum.giftcard.server.api.model.CardData], io.electrum.giftcard.server.api.model.CardData
[DEBUG] resolveProperty [simple type, class io.electrum.giftcard.server.api.model.CardData]
[DEBUG] resolve [simple type, class io.electrum.giftcard.server.api.model.CardData]
[DEBUG] trying extension com.github.kongchen.swagger.docgen.reader.ModelModifier@5f85ed26
[DEBUG] Can't check class [simple type, class io.electrum.giftcard.server.api.model.CardData], io.electrum.giftcard.server.api.model.CardData
[DEBUG] defineModel CardData io.swagger.models.ModelImpl@4c45da73
[DEBUG] resolveProperty [simple type, class io.electrum.giftcard.api.model.Card]
[DEBUG] Can't check class [simple type, class io.electrum.giftcard.api.model.Card], io.electrum.giftcard.api.model.Card
[DEBUG] resolveProperty [simple type, class io.electrum.giftcard.api.model.Card]
[DEBUG] resolve [simple type, class io.electrum.giftcard.api.model.Card]
[DEBUG] trying extension com.github.kongchen.swagger.docgen.reader.ModelModifier@5f85ed26
[DEBUG] Can't check class [simple type, class io.electrum.giftcard.api.model.Card], io.electrum.giftcard.api.model.Card
[DEBUG] defineModel Card io.swagger.models.ModelImpl@4866fd27
[DEBUG] resolveProperty [simple type, class java.lang.String]
[DEBUG] Can't check class [simple type, class java.lang.String], java.lang.String
[DEBUG] resolveProperty [simple type, class java.lang.String]
[DEBUG] resolveProperty [simple type, class java.lang.String]
[DEBUG] Can't check class [simple type, class java.lang.String], java.lang.String
[DEBUG] resolveProperty [simple type, class java.lang.String]
[DEBUG] resolveProperty [simple type, class java.lang.String]
[DEBUG] Can't check class [simple type, class java.lang.String], java.lang.String
[DEBUG] resolveProperty [simple type, class java.lang.String]
[DEBUG] resolveProperty [simple type, class java.lang.String]
[DEBUG] Can't check class [simple type, class java.lang.String], java.lang.String
[DEBUG] resolveProperty [simple type, class java.lang.String]
[DEBUG] resolveProperty [simple type, class io.electrum.vas.model.LedgerAmount]
[DEBUG] Can't check class [simple type, class io.electrum.vas.model.LedgerAmount], io.electrum.vas.model.LedgerAmount
[DEBUG] resolveProperty [simple type, class io.electrum.vas.model.LedgerAmount]
[DEBUG] resolve [simple type, class io.electrum.vas.model.LedgerAmount]
[DEBUG] trying extension com.github.kongchen.swagger.docgen.reader.ModelModifier@5f85ed26
[DEBUG] Can't check class [simple type, class io.electrum.vas.model.LedgerAmount], io.electrum.vas.model.LedgerAmount
[DEBUG] defineModel LedgerAmount io.swagger.models.ModelImpl@d9bc4218
[DEBUG] resolveProperty [simple type, class java.lang.Long]
[DEBUG] Can't check class [simple type, class java.lang.Long], java.lang.Long
[DEBUG] resolveProperty [simple type, class java.lang.Long]
[DEBUG] resolveProperty [simple type, class java.lang.String]
[DEBUG] Can't check class [simple type, class java.lang.String], java.lang.String
[DEBUG] resolveProperty [simple type, class java.lang.String]
[DEBUG] resolveProperty [simple type, class io.electrum.vas.model.LedgerAmount$LedgerIndicator]
[DEBUG] Can't check class [simple type, class io.electrum.vas.model.LedgerAmount$LedgerIndicator], io.electrum.vas.model.LedgerAmount$LedgerIndicator
[DEBUG] resolveProperty [simple type, class io.electrum.vas.model.LedgerAmount$LedgerIndicator]
[DEBUG] resolveProperty [simple type, class io.electrum.giftcard.server.backend.records.CardRecord$Status]
[DEBUG] Can't check class [simple type, class io.electrum.giftcard.server.backend.records.CardRecord$Status], io.electrum.giftcard.server.backend.records.CardRecord$Status
[DEBUG] resolveProperty [simple type, class io.electrum.giftcard.server.backend.records.CardRecord$Status]
[DEBUG] resolveProperty [simple type, class io.electrum.giftcard.api.model.Product]
[DEBUG] Can't check class [simple type, class io.electrum.giftcard.api.model.Product], io.electrum.giftcard.api.model.Product
[DEBUG] resolveProperty [simple type, class io.electrum.giftcard.api.model.Product]
[DEBUG] resolve [simple type, class io.electrum.giftcard.api.model.Product]
[DEBUG] trying extension com.github.kongchen.swagger.docgen.reader.ModelModifier@5f85ed26
[DEBUG] Can't check class [simple type, class io.electrum.giftcard.api.model.Product], io.electrum.giftcard.api.model.Product
[DEBUG] defineModel Product io.swagger.models.ModelImpl@b0b973
[DEBUG] resolveProperty [simple type, class java.lang.String]
[DEBUG] Can't check class [simple type, class java.lang.String], java.lang.String
[DEBUG] resolveProperty [simple type, class java.lang.String]
[DEBUG] resolveProperty [simple type, class java.lang.String]
[DEBUG] Can't check class [simple type, class java.lang.String], java.lang.String
[DEBUG] resolveProperty [simple type, class java.lang.String]
[DEBUG] resolveProperty [simple type, class java.lang.String]
[DEBUG] Can't check class [simple type, class java.lang.String], java.lang.String
[DEBUG] resolveProperty [simple type, class java.lang.String]
[DEBUG] resolveProperty [collection type; class java.util.List, contains [simple type, class io.electrum.giftcard.server.api.model.ProductData]]
[DEBUG] Can't check class [collection type; class java.util.List, contains [simple type, class io.electrum.giftcard.server.api.model.ProductData]], java.util.List
[DEBUG] resolveProperty [collection type; class java.util.List, contains [simple type, class io.electrum.giftcard.server.api.model.ProductData]]
[DEBUG] resolveProperty [simple type, class io.electrum.giftcard.server.api.model.ProductData]
[DEBUG] Can't check class [simple type, class io.electrum.giftcard.server.api.model.ProductData], io.electrum.giftcard.server.api.model.ProductData
[DEBUG] resolveProperty [simple type, class io.electrum.giftcard.server.api.model.ProductData]
[DEBUG] resolve [simple type, class io.electrum.giftcard.server.api.model.ProductData]
[DEBUG] trying extension com.github.kongchen.swagger.docgen.reader.ModelModifier@5f85ed26
[DEBUG] Can't check class [simple type, class io.electrum.giftcard.server.api.model.ProductData], io.electrum.giftcard.server.api.model.ProductData
[DEBUG] defineModel ProductData io.swagger.models.ModelImpl@f5949605
[DEBUG] resolveProperty [simple type, class io.electrum.giftcard.api.model.Product]
[DEBUG] Can't check class [simple type, class io.electrum.giftcard.api.model.Product], io.electrum.giftcard.api.model.Product
[DEBUG] resolveProperty [simple type, class io.electrum.giftcard.api.model.Product]
[DEBUG] resolveProperty [simple type, class io.electrum.vas.model.LedgerAmount]
[DEBUG] Can't check class [simple type, class io.electrum.vas.model.LedgerAmount], io.electrum.vas.model.LedgerAmount
[DEBUG] resolveProperty [simple type, class io.electrum.vas.model.LedgerAmount]
[DEBUG] ModelConverters readAll from class io.electrum.giftcard.server.api.model.DataResponse
[DEBUG] resolve class io.electrum.giftcard.server.api.model.DataResponse
[DEBUG] trying extension com.github.kongchen.swagger.docgen.reader.ModelModifier@5f85ed26
[DEBUG] defineModel DataResponse io.swagger.models.ModelImpl@1e761b19
[DEBUG] resolveProperty [collection type; class java.util.List, contains [simple type, class io.electrum.giftcard.server.api.model.CardData]]
[DEBUG] Can't check class [collection type; class java.util.List, contains [simple type, class io.electrum.giftcard.server.api.model.CardData]], java.util.List
[DEBUG] resolveProperty [collection type; class java.util.List, contains [simple type, class io.electrum.giftcard.server.api.model.CardData]]
[DEBUG] resolveProperty [simple type, class io.electrum.giftcard.server.api.model.CardData]
[DEBUG] Can't check class [simple type, class io.electrum.giftcard.server.api.model.CardData], io.electrum.giftcard.server.api.model.CardData
[DEBUG] resolveProperty [simple type, class io.electrum.giftcard.server.api.model.CardData]
[DEBUG] resolve [simple type, class io.electrum.giftcard.server.api.model.CardData]
[DEBUG] trying extension com.github.kongchen.swagger.docgen.reader.ModelModifier@5f85ed26
[DEBUG] Can't check class [simple type, class io.electrum.giftcard.server.api.model.CardData], io.electrum.giftcard.server.api.model.CardData
[DEBUG] defineModel CardData io.swagger.models.ModelImpl@4c45da73
[DEBUG] resolveProperty [simple type, class io.electrum.giftcard.api.model.Card]
[DEBUG] Can't check class [simple type, class io.electrum.giftcard.api.model.Card], io.electrum.giftcard.api.model.Card
[DEBUG] resolveProperty [simple type, class io.electrum.giftcard.api.model.Card]
[DEBUG] resolve [simple type, class io.electrum.giftcard.api.model.Card]
[DEBUG] trying extension com.github.kongchen.swagger.docgen.reader.ModelModifier@5f85ed26
[DEBUG] Can't check class [simple type, class io.electrum.giftcard.api.model.Card], io.electrum.giftcard.api.model.Card
[DEBUG] defineModel Card io.swagger.models.ModelImpl@4866fd27
[DEBUG] resolveProperty [simple type, class java.lang.String]
[DEBUG] Can't check class [simple type, class java.lang.String], java.lang.String
[DEBUG] resolveProperty [simple type, class java.lang.String]
[DEBUG] resolveProperty [simple type, class java.lang.String]
[DEBUG] Can't check class [simple type, class java.lang.String], java.lang.String
[DEBUG] resolveProperty [simple type, class java.lang.String]
[DEBUG] resolveProperty [simple type, class java.lang.String]
[DEBUG] Can't check class [simple type, class java.lang.String], java.lang.String
[DEBUG] resolveProperty [simple type, class java.lang.String]
[DEBUG] resolveProperty [simple type, class java.lang.String]
[DEBUG] Can't check class [simple type, class java.lang.String], java.lang.String
[DEBUG] resolveProperty [simple type, class java.lang.String]
[DEBUG] resolveProperty [simple type, class io.electrum.vas.model.LedgerAmount]
[DEBUG] Can't check class [simple type, class io.electrum.vas.model.LedgerAmount], io.electrum.vas.model.LedgerAmount
[DEBUG] resolveProperty [simple type, class io.electrum.vas.model.LedgerAmount]
[DEBUG] resolve [simple type, class io.electrum.vas.model.LedgerAmount]
[DEBUG] trying extension com.github.kongchen.swagger.docgen.reader.ModelModifier@5f85ed26
[DEBUG] Can't check class [simple type, class io.electrum.vas.model.LedgerAmount], io.electrum.vas.model.LedgerAmount
[DEBUG] defineModel LedgerAmount io.swagger.models.ModelImpl@d9bc4218
[DEBUG] resolveProperty [simple type, class java.lang.Long]
[DEBUG] Can't check class [simple type, class java.lang.Long], java.lang.Long
[DEBUG] resolveProperty [simple type, class java.lang.Long]
[DEBUG] resolveProperty [simple type, class java.lang.String]
[DEBUG] Can't check class [simple type, class java.lang.String], java.lang.String
[DEBUG] resolveProperty [simple type, class java.lang.String]
[DEBUG] resolveProperty [simple type, class io.electrum.vas.model.LedgerAmount$LedgerIndicator]
[DEBUG] Can't check class [simple type, class io.electrum.vas.model.LedgerAmount$LedgerIndicator], io.electrum.vas.model.LedgerAmount$LedgerIndicator
[DEBUG] resolveProperty [simple type, class io.electrum.vas.model.LedgerAmount$LedgerIndicator]
[DEBUG] resolveProperty [simple type, class io.electrum.giftcard.server.backend.records.CardRecord$Status]
[DEBUG] Can't check class [simple type, class io.electrum.giftcard.server.backend.records.CardRecord$Status], io.electrum.giftcard.server.backend.records.CardRecord$Status
[DEBUG] resolveProperty [simple type, class io.electrum.giftcard.server.backend.records.CardRecord$Status]
[DEBUG] resolveProperty [simple type, class io.electrum.giftcard.api.model.Product]
[DEBUG] Can't check class [simple type, class io.electrum.giftcard.api.model.Product], io.electrum.giftcard.api.model.Product
[DEBUG] resolveProperty [simple type, class io.electrum.giftcard.api.model.Product]
[DEBUG] resolve [simple type, class io.electrum.giftcard.api.model.Product]
[DEBUG] trying extension com.github.kongchen.swagger.docgen.reader.ModelModifier@5f85ed26
[DEBUG] Can't check class [simple type, class io.electrum.giftcard.api.model.Product], io.electrum.giftcard.api.model.Product
[DEBUG] defineModel Product io.swagger.models.ModelImpl@b0b973
[DEBUG] resolveProperty [simple type, class java.lang.String]
[DEBUG] Can't check class [simple type, class java.lang.String], java.lang.String
[DEBUG] resolveProperty [simple type, class java.lang.String]
[DEBUG] resolveProperty [simple type, class java.lang.String]
[DEBUG] Can't check class [simple type, class java.lang.String], java.lang.String
[DEBUG] resolveProperty [simple type, class java.lang.String]
[DEBUG] resolveProperty [simple type, class java.lang.String]
[DEBUG] Can't check class [simple type, class java.lang.String], java.lang.String
[DEBUG] resolveProperty [simple type, class java.lang.String]
[DEBUG] resolveProperty [collection type; class java.util.List, contains [simple type, class io.electrum.giftcard.server.api.model.ProductData]]
[DEBUG] Can't check class [collection type; class java.util.List, contains [simple type, class io.electrum.giftcard.server.api.model.ProductData]], java.util.List
[DEBUG] resolveProperty [collection type; class java.util.List, contains [simple type, class io.electrum.giftcard.server.api.model.ProductData]]
[DEBUG] resolveProperty [simple type, class io.electrum.giftcard.server.api.model.ProductData]
[DEBUG] Can't check class [simple type, class io.electrum.giftcard.server.api.model.ProductData], io.electrum.giftcard.server.api.model.ProductData
[DEBUG] resolveProperty [simple type, class io.electrum.giftcard.server.api.model.ProductData]
[DEBUG] resolve [simple type, class io.electrum.giftcard.server.api.model.ProductData]
[DEBUG] trying extension com.github.kongchen.swagger.docgen.reader.ModelModifier@5f85ed26
[DEBUG] Can't check class [simple type, class io.electrum.giftcard.server.api.model.ProductData], io.electrum.giftcard.server.api.model.ProductData
[DEBUG] defineModel ProductData io.swagger.models.ModelImpl@f5949605
[DEBUG] resolveProperty [simple type, class io.electrum.giftcard.api.model.Product]
[DEBUG] Can't check class [simple type, class io.electrum.giftcard.api.model.Product], io.electrum.giftcard.api.model.Product
[DEBUG] resolveProperty [simple type, class io.electrum.giftcard.api.model.Product]
[DEBUG] resolveProperty [simple type, class io.electrum.vas.model.LedgerAmount]
[DEBUG] Can't check class [simple type, class io.electrum.vas.model.LedgerAmount], io.electrum.vas.model.LedgerAmount
[DEBUG] resolveProperty [simple type, class io.electrum.vas.model.LedgerAmount]
[INFO] Looking for path/query/header/form/cookie params in class java.lang.String
[INFO] trying extension com.github.kongchen.swagger.docgen.jaxrs.BeanParamInjectParamExtention@3adcbc57
[DEBUG] resolveProperty class java.lang.String
[DEBUG] resolveProperty [simple type, class java.lang.String]
[DEBUG] picking up response class from method public void io.electrum.giftcard.server.api.resource.impl.TestServerAdminResourceImpl.singleProductData(java.lang.String,javax.ws.rs.core.SecurityContext,javax.ws.rs.container.AsyncResponse,javax.ws.rs.core.HttpHeaders,javax.ws.rs.core.UriInfo,javax.servlet.http.HttpServletRequest)
[DEBUG] resolveProperty void
[DEBUG] resolveProperty [simple type, class void]
[DEBUG] resolve [simple type, class void]
[DEBUG] trying extension com.github.kongchen.swagger.docgen.reader.ModelModifier@5f85ed26
[DEBUG] Can't check class [simple type, class void], void
[DEBUG] defineModel void io.swagger.models.ModelImpl@bafd15c1
[DEBUG] resolve class io.electrum.giftcard.server.api.model.DataResponse
[DEBUG] trying extension com.github.kongchen.swagger.docgen.reader.ModelModifier@5f85ed26
[DEBUG] defineModel DataResponse io.swagger.models.ModelImpl@1e761b19
[DEBUG] resolveProperty [collection type; class java.util.List, contains [simple type, class io.electrum.giftcard.server.api.model.CardData]]
[DEBUG] Can't check class [collection type; class java.util.List, contains [simple type, class io.electrum.giftcard.server.api.model.CardData]], java.util.List
[DEBUG] resolveProperty [collection type; class java.util.List, contains [simple type, class io.electrum.giftcard.server.api.model.CardData]]
[DEBUG] resolveProperty [simple type, class io.electrum.giftcard.server.api.model.CardData]
[DEBUG] Can't check class [simple type, class io.electrum.giftcard.server.api.model.CardData], io.electrum.giftcard.server.api.model.CardData
[DEBUG] resolveProperty [simple type, class io.electrum.giftcard.server.api.model.CardData]
[DEBUG] resolve [simple type, class io.electrum.giftcard.server.api.model.CardData]
[DEBUG] trying extension com.github.kongchen.swagger.docgen.reader.ModelModifier@5f85ed26
[DEBUG] Can't check class [simple type, class io.electrum.giftcard.server.api.model.CardData], io.electrum.giftcard.server.api.model.CardData
[DEBUG] defineModel CardData io.swagger.models.ModelImpl@4c45da73
[DEBUG] resolveProperty [simple type, class io.electrum.giftcard.api.model.Card]
[DEBUG] Can't check class [simple type, class io.electrum.giftcard.api.model.Card], io.electrum.giftcard.api.model.Card
[DEBUG] resolveProperty [simple type, class io.electrum.giftcard.api.model.Card]
[DEBUG] resolve [simple type, class io.electrum.giftcard.api.model.Card]
[DEBUG] trying extension com.github.kongchen.swagger.docgen.reader.ModelModifier@5f85ed26
[DEBUG] Can't check class [simple type, class io.electrum.giftcard.api.model.Card], io.electrum.giftcard.api.model.Card
[DEBUG] defineModel Card io.swagger.models.ModelImpl@4866fd27
[DEBUG] resolveProperty [simple type, class java.lang.String]
[DEBUG] Can't check class [simple type, class java.lang.String], java.lang.String
[DEBUG] resolveProperty [simple type, class java.lang.String]
[DEBUG] resolveProperty [simple type, class java.lang.String]
[DEBUG] Can't check class [simple type, class java.lang.String], java.lang.String
[DEBUG] resolveProperty [simple type, class java.lang.String]
[DEBUG] resolveProperty [simple type, class java.lang.String]
[DEBUG] Can't check class [simple type, class java.lang.String], java.lang.String
[DEBUG] resolveProperty [simple type, class java.lang.String]
[DEBUG] resolveProperty [simple type, class java.lang.String]
[DEBUG] Can't check class [simple type, class java.lang.String], java.lang.String
[DEBUG] resolveProperty [simple type, class java.lang.String]
[DEBUG] resolveProperty [simple type, class io.electrum.vas.model.LedgerAmount]
[DEBUG] Can't check class [simple type, class io.electrum.vas.model.LedgerAmount], io.electrum.vas.model.LedgerAmount
[DEBUG] resolveProperty [simple type, class io.electrum.vas.model.LedgerAmount]
[DEBUG] resolve [simple type, class io.electrum.vas.model.LedgerAmount]
[DEBUG] trying extension com.github.kongchen.swagger.docgen.reader.ModelModifier@5f85ed26
[DEBUG] Can't check class [simple type, class io.electrum.vas.model.LedgerAmount], io.electrum.vas.model.LedgerAmount
[DEBUG] defineModel LedgerAmount io.swagger.models.ModelImpl@d9bc4218
[DEBUG] resolveProperty [simple type, class java.lang.Long]
[DEBUG] Can't check class [simple type, class java.lang.Long], java.lang.Long
[DEBUG] resolveProperty [simple type, class java.lang.Long]
[DEBUG] resolveProperty [simple type, class java.lang.String]
[DEBUG] Can't check class [simple type, class java.lang.String], java.lang.String
[DEBUG] resolveProperty [simple type, class java.lang.String]
[DEBUG] resolveProperty [simple type, class io.electrum.vas.model.LedgerAmount$LedgerIndicator]
[DEBUG] Can't check class [simple type, class io.electrum.vas.model.LedgerAmount$LedgerIndicator], io.electrum.vas.model.LedgerAmount$LedgerIndicator
[DEBUG] resolveProperty [simple type, class io.electrum.vas.model.LedgerAmount$LedgerIndicator]
[DEBUG] resolveProperty [simple type, class io.electrum.giftcard.server.backend.records.CardRecord$Status]
[DEBUG] Can't check class [simple type, class io.electrum.giftcard.server.backend.records.CardRecord$Status], io.electrum.giftcard.server.backend.records.CardRecord$Status
[DEBUG] resolveProperty [simple type, class io.electrum.giftcard.server.backend.records.CardRecord$Status]
[DEBUG] resolveProperty [simple type, class io.electrum.giftcard.api.model.Product]
[DEBUG] Can't check class [simple type, class io.electrum.giftcard.api.model.Product], io.electrum.giftcard.api.model.Product
[DEBUG] resolveProperty [simple type, class io.electrum.giftcard.api.model.Product]
[DEBUG] resolve [simple type, class io.electrum.giftcard.api.model.Product]
[DEBUG] trying extension com.github.kongchen.swagger.docgen.reader.ModelModifier@5f85ed26
[DEBUG] Can't check class [simple type, class io.electrum.giftcard.api.model.Product], io.electrum.giftcard.api.model.Product
[DEBUG] defineModel Product io.swagger.models.ModelImpl@b0b973
[DEBUG] resolveProperty [simple type, class java.lang.String]
[DEBUG] Can't check class [simple type, class java.lang.String], java.lang.String
[DEBUG] resolveProperty [simple type, class java.lang.String]
[DEBUG] resolveProperty [simple type, class java.lang.String]
[DEBUG] Can't check class [simple type, class java.lang.String], java.lang.String
[DEBUG] resolveProperty [simple type, class java.lang.String]
[DEBUG] resolveProperty [simple type, class java.lang.String]
[DEBUG] Can't check class [simple type, class java.lang.String], java.lang.String
[DEBUG] resolveProperty [simple type, class java.lang.String]
[DEBUG] resolveProperty [collection type; class java.util.List, contains [simple type, class io.electrum.giftcard.server.api.model.ProductData]]
[DEBUG] Can't check class [collection type; class java.util.List, contains [simple type, class io.electrum.giftcard.server.api.model.ProductData]], java.util.List
[DEBUG] resolveProperty [collection type; class java.util.List, contains [simple type, class io.electrum.giftcard.server.api.model.ProductData]]
[DEBUG] resolveProperty [simple type, class io.electrum.giftcard.server.api.model.ProductData]
[DEBUG] Can't check class [simple type, class io.electrum.giftcard.server.api.model.ProductData], io.electrum.giftcard.server.api.model.ProductData
[DEBUG] resolveProperty [simple type, class io.electrum.giftcard.server.api.model.ProductData]
[DEBUG] resolve [simple type, class io.electrum.giftcard.server.api.model.ProductData]
[DEBUG] trying extension com.github.kongchen.swagger.docgen.reader.ModelModifier@5f85ed26
[DEBUG] Can't check class [simple type, class io.electrum.giftcard.server.api.model.ProductData], io.electrum.giftcard.server.api.model.ProductData
[DEBUG] defineModel ProductData io.swagger.models.ModelImpl@f5949605
[DEBUG] resolveProperty [simple type, class io.electrum.giftcard.api.model.Product]
[DEBUG] Can't check class [simple type, class io.electrum.giftcard.api.model.Product], io.electrum.giftcard.api.model.Product
[DEBUG] resolveProperty [simple type, class io.electrum.giftcard.api.model.Product]
[DEBUG] resolveProperty [simple type, class io.electrum.vas.model.LedgerAmount]
[DEBUG] Can't check class [simple type, class io.electrum.vas.model.LedgerAmount], io.electrum.vas.model.LedgerAmount
[DEBUG] resolveProperty [simple type, class io.electrum.vas.model.LedgerAmount]
[DEBUG] ModelConverters readAll from class io.electrum.giftcard.server.api.model.DataResponse
[DEBUG] resolve class io.electrum.giftcard.server.api.model.DataResponse
[DEBUG] trying extension com.github.kongchen.swagger.docgen.reader.ModelModifier@5f85ed26
[DEBUG] defineModel DataResponse io.swagger.models.ModelImpl@1e761b19
[DEBUG] resolveProperty [collection type; class java.util.List, contains [simple type, class io.electrum.giftcard.server.api.model.CardData]]
[DEBUG] Can't check class [collection type; class java.util.List, contains [simple type, class io.electrum.giftcard.server.api.model.CardData]], java.util.List
[DEBUG] resolveProperty [collection type; class java.util.List, contains [simple type, class io.electrum.giftcard.server.api.model.CardData]]
[DEBUG] resolveProperty [simple type, class io.electrum.giftcard.server.api.model.CardData]
[DEBUG] Can't check class [simple type, class io.electrum.giftcard.server.api.model.CardData], io.electrum.giftcard.server.api.model.CardData
[DEBUG] resolveProperty [simple type, class io.electrum.giftcard.server.api.model.CardData]
[DEBUG] resolve [simple type, class io.electrum.giftcard.server.api.model.CardData]
[DEBUG] trying extension com.github.kongchen.swagger.docgen.reader.ModelModifier@5f85ed26
[DEBUG] Can't check class [simple type, class io.electrum.giftcard.server.api.model.CardData], io.electrum.giftcard.server.api.model.CardData
[DEBUG] defineModel CardData io.swagger.models.ModelImpl@4c45da73
[DEBUG] resolveProperty [simple type, class io.electrum.giftcard.api.model.Card]
[DEBUG] Can't check class [simple type, class io.electrum.giftcard.api.model.Card], io.electrum.giftcard.api.model.Card
[DEBUG] resolveProperty [simple type, class io.electrum.giftcard.api.model.Card]
[DEBUG] resolve [simple type, class io.electrum.giftcard.api.model.Card]
[DEBUG] trying extension com.github.kongchen.swagger.docgen.reader.ModelModifier@5f85ed26
[DEBUG] Can't check class [simple type, class io.electrum.giftcard.api.model.Card], io.electrum.giftcard.api.model.Card
[DEBUG] defineModel Card io.swagger.models.ModelImpl@4866fd27
[DEBUG] resolveProperty [simple type, class java.lang.String]
[DEBUG] Can't check class [simple type, class java.lang.String], java.lang.String
[DEBUG] resolveProperty [simple type, class java.lang.String]
[DEBUG] resolveProperty [simple type, class java.lang.String]
[DEBUG] Can't check class [simple type, class java.lang.String], java.lang.String
[DEBUG] resolveProperty [simple type, class java.lang.String]
[DEBUG] resolveProperty [simple type, class java.lang.String]
[DEBUG] Can't check class [simple type, class java.lang.String], java.lang.String
[DEBUG] resolveProperty [simple type, class java.lang.String]
[DEBUG] resolveProperty [simple type, class java.lang.String]
[DEBUG] Can't check class [simple type, class java.lang.String], java.lang.String
[DEBUG] resolveProperty [simple type, class java.lang.String]
[DEBUG] resolveProperty [simple type, class io.electrum.vas.model.LedgerAmount]
[DEBUG] Can't check class [simple type, class io.electrum.vas.model.LedgerAmount], io.electrum.vas.model.LedgerAmount
[DEBUG] resolveProperty [simple type, class io.electrum.vas.model.LedgerAmount]
[DEBUG] resolve [simple type, class io.electrum.vas.model.LedgerAmount]
[DEBUG] trying extension com.github.kongchen.swagger.docgen.reader.ModelModifier@5f85ed26
[DEBUG] Can't check class [simple type, class io.electrum.vas.model.LedgerAmount], io.electrum.vas.model.LedgerAmount
[DEBUG] defineModel LedgerAmount io.swagger.models.ModelImpl@d9bc4218
[DEBUG] resolveProperty [simple type, class java.lang.Long]
[DEBUG] Can't check class [simple type, class java.lang.Long], java.lang.Long
[DEBUG] resolveProperty [simple type, class java.lang.Long]
[DEBUG] resolveProperty [simple type, class java.lang.String]
[DEBUG] Can't check class [simple type, class java.lang.String], java.lang.String
[DEBUG] resolveProperty [simple type, class java.lang.String]
[DEBUG] resolveProperty [simple type, class io.electrum.vas.model.LedgerAmount$LedgerIndicator]
[DEBUG] Can't check class [simple type, class io.electrum.vas.model.LedgerAmount$LedgerIndicator], io.electrum.vas.model.LedgerAmount$LedgerIndicator
[DEBUG] resolveProperty [simple type, class io.electrum.vas.model.LedgerAmount$LedgerIndicator]
[DEBUG] resolveProperty [simple type, class io.electrum.giftcard.server.backend.records.CardRecord$Status]
[DEBUG] Can't check class [simple type, class io.electrum.giftcard.server.backend.records.CardRecord$Status], io.electrum.giftcard.server.backend.records.CardRecord$Status
[DEBUG] resolveProperty [simple type, class io.electrum.giftcard.server.backend.records.CardRecord$Status]
[DEBUG] resolveProperty [simple type, class io.electrum.giftcard.api.model.Product]
[DEBUG] Can't check class [simple type, class io.electrum.giftcard.api.model.Product], io.electrum.giftcard.api.model.Product
[DEBUG] resolveProperty [simple type, class io.electrum.giftcard.api.model.Product]
[DEBUG] resolve [simple type, class io.electrum.giftcard.api.model.Product]
[DEBUG] trying extension com.github.kongchen.swagger.docgen.reader.ModelModifier@5f85ed26
[DEBUG] Can't check class [simple type, class io.electrum.giftcard.api.model.Product], io.electrum.giftcard.api.model.Product
[DEBUG] defineModel Product io.swagger.models.ModelImpl@b0b973
[DEBUG] resolveProperty [simple type, class java.lang.String]
[DEBUG] Can't check class [simple type, class java.lang.String], java.lang.String
[DEBUG] resolveProperty [simple type, class java.lang.String]
[DEBUG] resolveProperty [simple type, class java.lang.String]
[DEBUG] Can't check class [simple type, class java.lang.String], java.lang.String
[DEBUG] resolveProperty [simple type, class java.lang.String]
[DEBUG] resolveProperty [simple type, class java.lang.String]
[DEBUG] Can't check class [simple type, class java.lang.String], java.lang.String
[DEBUG] resolveProperty [simple type, class java.lang.String]
[DEBUG] resolveProperty [collection type; class java.util.List, contains [simple type, class io.electrum.giftcard.server.api.model.ProductData]]
[DEBUG] Can't check class [collection type; class java.util.List, contains [simple type, class io.electrum.giftcard.server.api.model.ProductData]], java.util.List
[DEBUG] resolveProperty [collection type; class java.util.List, contains [simple type, class io.electrum.giftcard.server.api.model.ProductData]]
[DEBUG] resolveProperty [simple type, class io.electrum.giftcard.server.api.model.ProductData]
[DEBUG] Can't check class [simple type, class io.electrum.giftcard.server.api.model.ProductData], io.electrum.giftcard.server.api.model.ProductData
[DEBUG] resolveProperty [simple type, class io.electrum.giftcard.server.api.model.ProductData]
[DEBUG] resolve [simple type, class io.electrum.giftcard.server.api.model.ProductData]
[DEBUG] trying extension com.github.kongchen.swagger.docgen.reader.ModelModifier@5f85ed26
[DEBUG] Can't check class [simple type, class io.electrum.giftcard.server.api.model.ProductData], io.electrum.giftcard.server.api.model.ProductData
[DEBUG] defineModel ProductData io.swagger.models.ModelImpl@f5949605
[DEBUG] resolveProperty [simple type, class io.electrum.giftcard.api.model.Product]
[DEBUG] Can't check class [simple type, class io.electrum.giftcard.api.model.Product], io.electrum.giftcard.api.model.Product
[DEBUG] resolveProperty [simple type, class io.electrum.giftcard.api.model.Product]
[DEBUG] resolveProperty [simple type, class io.electrum.vas.model.LedgerAmount]
[DEBUG] Can't check class [simple type, class io.electrum.vas.model.LedgerAmount], io.electrum.vas.model.LedgerAmount
[DEBUG] resolveProperty [simple type, class io.electrum.vas.model.LedgerAmount]
[INFO] Looking for path/query/header/form/cookie params in class java.lang.String
[INFO] trying extension com.github.kongchen.swagger.docgen.jaxrs.BeanParamInjectParamExtention@3adcbc57
[DEBUG] resolveProperty class java.lang.String
[DEBUG] resolveProperty [simple type, class java.lang.String]
[DEBUG] picking up response class from method public final void io.electrum.giftcard.api.RedemptionsResource.confirmRedemption(java.util.UUID,java.util.UUID,io.electrum.giftcard.api.model.RedemptionConfirmation,javax.ws.rs.core.SecurityContext,javax.ws.rs.container.AsyncResponse,javax.ws.rs.core.HttpHeaders,javax.ws.rs.core.UriInfo,javax.servlet.http.HttpServletRequest)
[DEBUG] resolveProperty void
[DEBUG] resolveProperty [simple type, class void]
[DEBUG] resolve [simple type, class void]
[DEBUG] trying extension com.github.kongchen.swagger.docgen.reader.ModelModifier@5f85ed26
[DEBUG] Can't check class [simple type, class void], void
[DEBUG] defineModel void io.swagger.models.ModelImpl@bafd15c1
[DEBUG] resolve class io.electrum.giftcard.api.model.ErrorDetail
[DEBUG] trying extension com.github.kongchen.swagger.docgen.reader.ModelModifier@5f85ed26
[DEBUG] defineModel ErrorDetail io.swagger.models.ModelImpl@871e6c0f
[DEBUG] resolveProperty [simple type, class io.electrum.giftcard.api.model.ErrorDetail$ErrorType]
[DEBUG] Can't check class [simple type, class io.electrum.giftcard.api.model.ErrorDetail$ErrorType], io.electrum.giftcard.api.model.ErrorDetail$ErrorType
[DEBUG] resolveProperty [simple type, class io.electrum.giftcard.api.model.ErrorDetail$ErrorType]
[DEBUG] resolveProperty [simple type, class java.lang.String]
[DEBUG] Can't check class [simple type, class java.lang.String], java.lang.String
[DEBUG] resolveProperty [simple type, class java.lang.String]
[DEBUG] resolveProperty [simple type, class java.lang.Object]
[DEBUG] Can't check class [simple type, class java.lang.Object], java.lang.Object
[DEBUG] resolveProperty [simple type, class java.lang.Object]
[DEBUG] ModelConverters readAll from class io.electrum.giftcard.api.model.ErrorDetail
[DEBUG] resolve class io.electrum.giftcard.api.model.ErrorDetail
[DEBUG] trying extension com.github.kongchen.swagger.docgen.reader.ModelModifier@5f85ed26
[DEBUG] defineModel ErrorDetail io.swagger.models.ModelImpl@871e6c0f
[DEBUG] resolveProperty [simple type, class io.electrum.giftcard.api.model.ErrorDetail$ErrorType]
[DEBUG] Can't check class [simple type, class io.electrum.giftcard.api.model.ErrorDetail$ErrorType], io.electrum.giftcard.api.model.ErrorDetail$ErrorType
[DEBUG] resolveProperty [simple type, class io.electrum.giftcard.api.model.ErrorDetail$ErrorType]
[DEBUG] resolveProperty [simple type, class java.lang.String]
[DEBUG] Can't check class [simple type, class java.lang.String], java.lang.String
[DEBUG] resolveProperty [simple type, class java.lang.String]
[DEBUG] resolveProperty [simple type, class java.lang.Object]
[DEBUG] Can't check class [simple type, class java.lang.Object], java.lang.Object
[DEBUG] resolveProperty [simple type, class java.lang.Object]
[DEBUG] resolve class io.electrum.giftcard.api.model.ErrorDetail
[DEBUG] trying extension com.github.kongchen.swagger.docgen.reader.ModelModifier@5f85ed26
[DEBUG] defineModel ErrorDetail io.swagger.models.ModelImpl@871e6c0f
[DEBUG] resolveProperty [simple type, class io.electrum.giftcard.api.model.ErrorDetail$ErrorType]
[DEBUG] Can't check class [simple type, class io.electrum.giftcard.api.model.ErrorDetail$ErrorType], io.electrum.giftcard.api.model.ErrorDetail$ErrorType
[DEBUG] resolveProperty [simple type, class io.electrum.giftcard.api.model.ErrorDetail$ErrorType]
[DEBUG] resolveProperty [simple type, class java.lang.String]
[DEBUG] Can't check class [simple type, class java.lang.String], java.lang.String
[DEBUG] resolveProperty [simple type, class java.lang.String]
[DEBUG] resolveProperty [simple type, class java.lang.Object]
[DEBUG] Can't check class [simple type, class java.lang.Object], java.lang.Object
[DEBUG] resolveProperty [simple type, class java.lang.Object]
[DEBUG] ModelConverters readAll from class io.electrum.giftcard.api.model.ErrorDetail
[DEBUG] resolve class io.electrum.giftcard.api.model.ErrorDetail
[DEBUG] trying extension com.github.kongchen.swagger.docgen.reader.ModelModifier@5f85ed26
[DEBUG] defineModel ErrorDetail io.swagger.models.ModelImpl@871e6c0f
[DEBUG] resolveProperty [simple type, class io.electrum.giftcard.api.model.ErrorDetail$ErrorType]
[DEBUG] Can't check class [simple type, class io.electrum.giftcard.api.model.ErrorDetail$ErrorType], io.electrum.giftcard.api.model.ErrorDetail$ErrorType
[DEBUG] resolveProperty [simple type, class io.electrum.giftcard.api.model.ErrorDetail$ErrorType]
[DEBUG] resolveProperty [simple type, class java.lang.String]
[DEBUG] Can't check class [simple type, class java.lang.String], java.lang.String
[DEBUG] resolveProperty [simple type, class java.lang.String]
[DEBUG] resolveProperty [simple type, class java.lang.Object]
[DEBUG] Can't check class [simple type, class java.lang.Object], java.lang.Object
[DEBUG] resolveProperty [simple type, class java.lang.Object]
[DEBUG] resolve class io.electrum.giftcard.api.model.ErrorDetail
[DEBUG] trying extension com.github.kongchen.swagger.docgen.reader.ModelModifier@5f85ed26
[DEBUG] defineModel ErrorDetail io.swagger.models.ModelImpl@871e6c0f
[DEBUG] resolveProperty [simple type, class io.electrum.giftcard.api.model.ErrorDetail$ErrorType]
[DEBUG] Can't check class [simple type, class io.electrum.giftcard.api.model.ErrorDetail$ErrorType], io.electrum.giftcard.api.model.ErrorDetail$ErrorType
[DEBUG] resolveProperty [simple type, class io.electrum.giftcard.api.model.ErrorDetail$ErrorType]
[DEBUG] resolveProperty [simple type, class java.lang.String]
[DEBUG] Can't check class [simple type, class java.lang.String], java.lang.String
[DEBUG] resolveProperty [simple type, class java.lang.String]
[DEBUG] resolveProperty [simple type, class java.lang.Object]
[DEBUG] Can't check class [simple type, class java.lang.Object], java.lang.Object
[DEBUG] resolveProperty [simple type, class java.lang.Object]
[DEBUG] ModelConverters readAll from class io.electrum.giftcard.api.model.ErrorDetail
[DEBUG] resolve class io.electrum.giftcard.api.model.ErrorDetail
[DEBUG] trying extension com.github.kongchen.swagger.docgen.reader.ModelModifier@5f85ed26
[DEBUG] defineModel ErrorDetail io.swagger.models.ModelImpl@871e6c0f
[DEBUG] resolveProperty [simple type, class io.electrum.giftcard.api.model.ErrorDetail$ErrorType]
[DEBUG] Can't check class [simple type, class io.electrum.giftcard.api.model.ErrorDetail$ErrorType], io.electrum.giftcard.api.model.ErrorDetail$ErrorType
[DEBUG] resolveProperty [simple type, class io.electrum.giftcard.api.model.ErrorDetail$ErrorType]
[DEBUG] resolveProperty [simple type, class java.lang.String]
[DEBUG] Can't check class [simple type, class java.lang.String], java.lang.String
[DEBUG] resolveProperty [simple type, class java.lang.String]
[DEBUG] resolveProperty [simple type, class java.lang.Object]
[DEBUG] Can't check class [simple type, class java.lang.Object], java.lang.Object
[DEBUG] resolveProperty [simple type, class java.lang.Object]
[DEBUG] resolve class io.electrum.giftcard.api.model.ErrorDetail
[DEBUG] trying extension com.github.kongchen.swagger.docgen.reader.ModelModifier@5f85ed26
[DEBUG] defineModel ErrorDetail io.swagger.models.ModelImpl@871e6c0f
[DEBUG] resolveProperty [simple type, class io.electrum.giftcard.api.model.ErrorDetail$ErrorType]
[DEBUG] Can't check class [simple type, class io.electrum.giftcard.api.model.ErrorDetail$ErrorType], io.electrum.giftcard.api.model.ErrorDetail$ErrorType
[DEBUG] resolveProperty [simple type, class io.electrum.giftcard.api.model.ErrorDetail$ErrorType]
[DEBUG] resolveProperty [simple type, class java.lang.String]
[DEBUG] Can't check class [simple type, class java.lang.String], java.lang.String
[DEBUG] resolveProperty [simple type, class java.lang.String]
[DEBUG] resolveProperty [simple type, class java.lang.Object]
[DEBUG] Can't check class [simple type, class java.lang.Object], java.lang.Object
[DEBUG] resolveProperty [simple type, class java.lang.Object]
[DEBUG] ModelConverters readAll from class io.electrum.giftcard.api.model.ErrorDetail
[DEBUG] resolve class io.electrum.giftcard.api.model.ErrorDetail
[DEBUG] trying extension com.github.kongchen.swagger.docgen.reader.ModelModifier@5f85ed26
[DEBUG] defineModel ErrorDetail io.swagger.models.ModelImpl@871e6c0f
[DEBUG] resolveProperty [simple type, class io.electrum.giftcard.api.model.ErrorDetail$ErrorType]
[DEBUG] Can't check class [simple type, class io.electrum.giftcard.api.model.ErrorDetail$ErrorType], io.electrum.giftcard.api.model.ErrorDetail$ErrorType
[DEBUG] resolveProperty [simple type, class io.electrum.giftcard.api.model.ErrorDetail$ErrorType]
[DEBUG] resolveProperty [simple type, class java.lang.String]
[DEBUG] Can't check class [simple type, class java.lang.String], java.lang.String
[DEBUG] resolveProperty [simple type, class java.lang.String]
[DEBUG] resolveProperty [simple type, class java.lang.Object]
[DEBUG] Can't check class [simple type, class java.lang.Object], java.lang.Object
[DEBUG] resolveProperty [simple type, class java.lang.Object]
[DEBUG] resolve class io.electrum.giftcard.api.model.ErrorDetail
[DEBUG] trying extension com.github.kongchen.swagger.docgen.reader.ModelModifier@5f85ed26
[DEBUG] defineModel ErrorDetail io.swagger.models.ModelImpl@871e6c0f
[DEBUG] resolveProperty [simple type, class io.electrum.giftcard.api.model.ErrorDetail$ErrorType]
[DEBUG] Can't check class [simple type, class io.electrum.giftcard.api.model.ErrorDetail$ErrorType], io.electrum.giftcard.api.model.ErrorDetail$ErrorType
[DEBUG] resolveProperty [simple type, class io.electrum.giftcard.api.model.ErrorDetail$ErrorType]
[DEBUG] resolveProperty [simple type, class java.lang.String]
[DEBUG] Can't check class [simple type, class java.lang.String], java.lang.String
[DEBUG] resolveProperty [simple type, class java.lang.String]
[DEBUG] resolveProperty [simple type, class java.lang.Object]
[DEBUG] Can't check class [simple type, class java.lang.Object], java.lang.Object
[DEBUG] resolveProperty [simple type, class java.lang.Object]
[DEBUG] ModelConverters readAll from class io.electrum.giftcard.api.model.ErrorDetail
[DEBUG] resolve class io.electrum.giftcard.api.model.ErrorDetail
[DEBUG] trying extension com.github.kongchen.swagger.docgen.reader.ModelModifier@5f85ed26
[DEBUG] defineModel ErrorDetail io.swagger.models.ModelImpl@871e6c0f
[DEBUG] resolveProperty [simple type, class io.electrum.giftcard.api.model.ErrorDetail$ErrorType]
[DEBUG] Can't check class [simple type, class io.electrum.giftcard.api.model.ErrorDetail$ErrorType], io.electrum.giftcard.api.model.ErrorDetail$ErrorType
[DEBUG] resolveProperty [simple type, class io.electrum.giftcard.api.model.ErrorDetail$ErrorType]
[DEBUG] resolveProperty [simple type, class java.lang.String]
[DEBUG] Can't check class [simple type, class java.lang.String], java.lang.String
[DEBUG] resolveProperty [simple type, class java.lang.String]
[DEBUG] resolveProperty [simple type, class java.lang.Object]
[DEBUG] Can't check class [simple type, class java.lang.Object], java.lang.Object
[DEBUG] resolveProperty [simple type, class java.lang.Object]
[INFO] Looking for path/query/header/form/cookie params in class java.util.UUID
[INFO] trying extension com.github.kongchen.swagger.docgen.jaxrs.BeanParamInjectParamExtention@3adcbc57
[DEBUG] resolveProperty class java.util.UUID
[DEBUG] resolveProperty [simple type, class java.util.UUID]
[INFO] Looking for path/query/header/form/cookie params in class java.util.UUID
[INFO] trying extension com.github.kongchen.swagger.docgen.jaxrs.BeanParamInjectParamExtention@3adcbc57
[DEBUG] resolveProperty class java.util.UUID
[DEBUG] resolveProperty [simple type, class java.util.UUID]
[INFO] Looking for path/query/header/form/cookie params in class io.electrum.giftcard.api.model.RedemptionConfirmation
[INFO] trying extension com.github.kongchen.swagger.docgen.jaxrs.BeanParamInjectParamExtention@3adcbc57
[INFO] Looking for body params in class io.electrum.giftcard.api.model.RedemptionConfirmation
[DEBUG] picking up response class from method public final void io.electrum.giftcard.api.RedemptionsResource.redeem(java.util.UUID,io.electrum.giftcard.api.model.RedemptionRequest,javax.ws.rs.core.SecurityContext,javax.ws.rs.container.AsyncResponse,javax.ws.rs.core.HttpHeaders,javax.ws.rs.core.UriInfo,javax.servlet.http.HttpServletRequest)
[DEBUG] resolveProperty void
[DEBUG] resolveProperty [simple type, class void]
[DEBUG] resolve [simple type, class void]
[DEBUG] trying extension com.github.kongchen.swagger.docgen.reader.ModelModifier@5f85ed26
[DEBUG] Can't check class [simple type, class void], void
[DEBUG] defineModel void io.swagger.models.ModelImpl@bafd15c1
[DEBUG] resolveProperty class java.lang.String
[DEBUG] resolveProperty [simple type, class java.lang.String]
[DEBUG] resolve class io.electrum.giftcard.api.model.RedemptionResponse
[DEBUG] trying extension com.github.kongchen.swagger.docgen.reader.ModelModifier@5f85ed26
[DEBUG] defineModel RedemptionResponse io.swagger.models.ModelImpl@ecde1bbb
[DEBUG] resolveProperty [simple type, class java.util.UUID]
[DEBUG] Can't check class [simple type, class java.util.UUID], java.util.UUID
[DEBUG] resolveProperty [simple type, class java.util.UUID]
[DEBUG] resolveProperty [simple type, class org.joda.time.DateTime]
[DEBUG] Can't check class [simple type, class org.joda.time.DateTime], org.joda.time.DateTime
[DEBUG] resolveProperty [simple type, class org.joda.time.DateTime]
[DEBUG] resolveProperty [simple type, class io.electrum.vas.model.Originator]
[DEBUG] Can't check class [simple type, class io.electrum.vas.model.Originator], io.electrum.vas.model.Originator
[DEBUG] resolveProperty [simple type, class io.electrum.vas.model.Originator]
[DEBUG] resolve [simple type, class io.electrum.vas.model.Originator]
[DEBUG] trying extension com.github.kongchen.swagger.docgen.reader.ModelModifier@5f85ed26
[DEBUG] Can't check class [simple type, class io.electrum.vas.model.Originator], io.electrum.vas.model.Originator
[DEBUG] defineModel Originator io.swagger.models.ModelImpl@b5a2eab5
[DEBUG] resolveProperty [simple type, class io.electrum.vas.model.Institution]
[DEBUG] Can't check class [simple type, class io.electrum.vas.model.Institution], io.electrum.vas.model.Institution
[DEBUG] resolveProperty [simple type, class io.electrum.vas.model.Institution]
[DEBUG] resolve [simple type, class io.electrum.vas.model.Institution]
[DEBUG] trying extension com.github.kongchen.swagger.docgen.reader.ModelModifier@5f85ed26
[DEBUG] Can't check class [simple type, class io.electrum.vas.model.Institution], io.electrum.vas.model.Institution
[DEBUG] defineModel Institution io.swagger.models.ModelImpl@d03232cb
[DEBUG] resolveProperty [simple type, class java.lang.String]
[DEBUG] Can't check class [simple type, class java.lang.String], java.lang.String
[DEBUG] resolveProperty [simple type, class java.lang.String]
[DEBUG] resolveProperty [simple type, class java.lang.String]
[DEBUG] Can't check class [simple type, class java.lang.String], java.lang.String
[DEBUG] resolveProperty [simple type, class java.lang.String]
[DEBUG] resolveProperty [simple type, class java.lang.String]
[DEBUG] Can't check class [simple type, class java.lang.String], java.lang.String
[DEBUG] resolveProperty [simple type, class java.lang.String]
[DEBUG] resolveProperty [simple type, class io.electrum.vas.model.Merchant]
[DEBUG] Can't check class [simple type, class io.electrum.vas.model.Merchant], io.electrum.vas.model.Merchant
[DEBUG] resolveProperty [simple type, class io.electrum.vas.model.Merchant]
[DEBUG] resolve [simple type, class io.electrum.vas.model.Merchant]
[DEBUG] trying extension com.github.kongchen.swagger.docgen.reader.ModelModifier@5f85ed26
[DEBUG] Can't check class [simple type, class io.electrum.vas.model.Merchant], io.electrum.vas.model.Merchant
[DEBUG] defineModel Merchant io.swagger.models.ModelImpl@df763188
[DEBUG] resolveProperty [simple type, class java.lang.String]
[DEBUG] Can't check class [simple type, class java.lang.String], java.lang.String
[DEBUG] resolveProperty [simple type, class java.lang.String]
[DEBUG] resolveProperty [simple type, class java.lang.String]
[DEBUG] Can't check class [simple type, class java.lang.String], java.lang.String
[DEBUG] resolveProperty [simple type, class java.lang.String]
[DEBUG] resolveProperty [simple type, class io.electrum.vas.model.MerchantName]
[DEBUG] Can't check class [simple type, class io.electrum.vas.model.MerchantName], io.electrum.vas.model.MerchantName
[DEBUG] resolveProperty [simple type, class io.electrum.vas.model.MerchantName]
[DEBUG] resolve [simple type, class io.electrum.vas.model.MerchantName]
[DEBUG] trying extension com.github.kongchen.swagger.docgen.reader.ModelModifier@5f85ed26
[DEBUG] Can't check class [simple type, class io.electrum.vas.model.MerchantName], io.electrum.vas.model.MerchantName
[DEBUG] defineModel MerchantName io.swagger.models.ModelImpl@d4b5ad4f
[DEBUG] resolveProperty [simple type, class java.lang.String]
[DEBUG] Can't check class [simple type, class java.lang.String], java.lang.String
[DEBUG] resolveProperty [simple type, class java.lang.String]
[DEBUG] resolveProperty [simple type, class java.lang.String]
[DEBUG] Can't check class [simple type, class java.lang.String], java.lang.String
[DEBUG] resolveProperty [simple type, class java.lang.String]
[DEBUG] resolveProperty [simple type, class java.lang.String]
[DEBUG] Can't check class [simple type, class java.lang.String], java.lang.String
[DEBUG] resolveProperty [simple type, class java.lang.String]
[DEBUG] resolveProperty [simple type, class java.lang.String]
[DEBUG] Can't check class [simple type, class java.lang.String], java.lang.String
[DEBUG] resolveProperty [simple type, class java.lang.String]
[DEBUG] resolveProperty [simple type, class io.electrum.vas.model.Institution]
[DEBUG] Can't check class [simple type, class io.electrum.vas.model.Institution], io.electrum.vas.model.Institution
[DEBUG] resolveProperty [simple type, class io.electrum.vas.model.Institution]
[DEBUG] resolveProperty [simple type, class io.electrum.vas.model.Institution]
[DEBUG] Can't check class [simple type, class io.electrum.vas.model.Institution], io.electrum.vas.model.Institution
[DEBUG] resolveProperty [simple type, class io.electrum.vas.model.Institution]
[DEBUG] resolveProperty [simple type, class io.electrum.vas.model.Institution]
[DEBUG] Can't check class [simple type, class io.electrum.vas.model.Institution], io.electrum.vas.model.Institution
[DEBUG] resolveProperty [simple type, class io.electrum.vas.model.Institution]
[DEBUG] resolveProperty [collection type; class java.util.List, contains [simple type, class io.electrum.vas.model.ThirdPartyIdentifier]]
[DEBUG] Can't check class [collection type; class java.util.List, contains [simple type, class io.electrum.vas.model.ThirdPartyIdentifier]], java.util.List
[DEBUG] resolveProperty [collection type; class java.util.List, contains [simple type, class io.electrum.vas.model.ThirdPartyIdentifier]]
[DEBUG] resolveProperty [simple type, class io.electrum.vas.model.ThirdPartyIdentifier]
[DEBUG] Can't check class [simple type, class io.electrum.vas.model.ThirdPartyIdentifier], io.electrum.vas.model.ThirdPartyIdentifier
[DEBUG] resolveProperty [simple type, class io.electrum.vas.model.ThirdPartyIdentifier]
[DEBUG] resolve [simple type, class io.electrum.vas.model.ThirdPartyIdentifier]
[DEBUG] trying extension com.github.kongchen.swagger.docgen.reader.ModelModifier@5f85ed26
[DEBUG] Can't check class [simple type, class io.electrum.vas.model.ThirdPartyIdentifier], io.electrum.vas.model.ThirdPartyIdentifier
[DEBUG] defineModel ThirdPartyIdentifier io.swagger.models.ModelImpl@e8191324
[DEBUG] resolveProperty [simple type, class java.lang.String]
[DEBUG] Can't check class [simple type, class java.lang.String], java.lang.String
[DEBUG] resolveProperty [simple type, class java.lang.String]
[DEBUG] resolveProperty [simple type, class java.lang.String]
[DEBUG] Can't check class [simple type, class java.lang.String], java.lang.String
[DEBUG] resolveProperty [simple type, class java.lang.String]
[DEBUG] resolveProperty [simple type, class io.electrum.vas.model.Amounts]
[DEBUG] Can't check class [simple type, class io.electrum.vas.model.Amounts], io.electrum.vas.model.Amounts
[DEBUG] resolveProperty [simple type, class io.electrum.vas.model.Amounts]
[DEBUG] resolve [simple type, class io.electrum.vas.model.Amounts]
[DEBUG] trying extension com.github.kongchen.swagger.docgen.reader.ModelModifier@5f85ed26
[DEBUG] Can't check class [simple type, class io.electrum.vas.model.Amounts], io.electrum.vas.model.Amounts
[DEBUG] defineModel Amounts io.swagger.models.ModelImpl@e5de713d
[DEBUG] resolveProperty [simple type, class io.electrum.vas.model.LedgerAmount]
[DEBUG] Can't check class [simple type, class io.electrum.vas.model.LedgerAmount], io.electrum.vas.model.LedgerAmount
[DEBUG] resolveProperty [simple type, class io.electrum.vas.model.LedgerAmount]
[DEBUG] resolve [simple type, class io.electrum.vas.model.LedgerAmount]
[DEBUG] trying extension com.github.kongchen.swagger.docgen.reader.ModelModifier@5f85ed26
[DEBUG] Can't check class [simple type, class io.electrum.vas.model.LedgerAmount], io.electrum.vas.model.LedgerAmount
[DEBUG] defineModel LedgerAmount io.swagger.models.ModelImpl@d9bc4218
[DEBUG] resolveProperty [simple type, class java.lang.Long]
[DEBUG] Can't check class [simple type, class java.lang.Long], java.lang.Long
[DEBUG] resolveProperty [simple type, class java.lang.Long]
[DEBUG] resolveProperty [simple type, class java.lang.String]
[DEBUG] Can't check class [simple type, class java.lang.String], java.lang.String
[DEBUG] resolveProperty [simple type, class java.lang.String]
[DEBUG] resolveProperty [simple type, class io.electrum.vas.model.LedgerAmount$LedgerIndicator]
[DEBUG] Can't check class [simple type, class io.electrum.vas.model.LedgerAmount$LedgerIndicator], io.electrum.vas.model.LedgerAmount$LedgerIndicator
[DEBUG] resolveProperty [simple type, class io.electrum.vas.model.LedgerAmount$LedgerIndicator]
[DEBUG] resolveProperty [simple type, class io.electrum.vas.model.LedgerAmount]
[DEBUG] Can't check class [simple type, class io.electrum.vas.model.LedgerAmount], io.electrum.vas.model.LedgerAmount
[DEBUG] resolveProperty [simple type, class io.electrum.vas.model.LedgerAmount]
[DEBUG] resolveProperty [simple type, class io.electrum.vas.model.LedgerAmount]
[DEBUG] Can't check class [simple type, class io.electrum.vas.model.LedgerAmount], io.electrum.vas.model.LedgerAmount
[DEBUG] resolveProperty [simple type, class io.electrum.vas.model.LedgerAmount]
[DEBUG] resolveProperty [simple type, class io.electrum.vas.model.LedgerAmount]
[DEBUG] Can't check class [simple type, class io.electrum.vas.model.LedgerAmount], io.electrum.vas.model.LedgerAmount
[DEBUG] resolveProperty [simple type, class io.electrum.vas.model.LedgerAmount]
[DEBUG] resolveProperty [simple type, class io.electrum.giftcard.api.model.Card]
[DEBUG] Can't check class [simple type, class io.electrum.giftcard.api.model.Card], io.electrum.giftcard.api.model.Card
[DEBUG] resolveProperty [simple type, class io.electrum.giftcard.api.model.Card]
[DEBUG] resolve [simple type, class io.electrum.giftcard.api.model.Card]
[DEBUG] trying extension com.github.kongchen.swagger.docgen.reader.ModelModifier@5f85ed26
[DEBUG] Can't check class [simple type, class io.electrum.giftcard.api.model.Card], io.electrum.giftcard.api.model.Card
[DEBUG] defineModel Card io.swagger.models.ModelImpl@4866fd27
[DEBUG] resolveProperty [simple type, class java.lang.String]
[DEBUG] Can't check class [simple type, class java.lang.String], java.lang.String
[DEBUG] resolveProperty [simple type, class java.lang.String]
[DEBUG] resolveProperty [simple type, class java.lang.String]
[DEBUG] Can't check class [simple type, class java.lang.String], java.lang.String
[DEBUG] resolveProperty [simple type, class java.lang.String]
[DEBUG] resolveProperty [simple type, class java.lang.String]
[DEBUG] Can't check class [simple type, class java.lang.String], java.lang.String
[DEBUG] resolveProperty [simple type, class java.lang.String]
[DEBUG] resolveProperty [simple type, class java.lang.String]
[DEBUG] Can't check class [simple type, class java.lang.String], java.lang.String
[DEBUG] resolveProperty [simple type, class java.lang.String]
[DEBUG] resolveProperty [simple type, class io.electrum.giftcard.api.model.PosInfo]
[DEBUG] Can't check class [simple type, class io.electrum.giftcard.api.model.PosInfo], io.electrum.giftcard.api.model.PosInfo
[DEBUG] resolveProperty [simple type, class io.electrum.giftcard.api.model.PosInfo]
[DEBUG] resolve [simple type, class io.electrum.giftcard.api.model.PosInfo]
[DEBUG] trying extension com.github.kongchen.swagger.docgen.reader.ModelModifier@5f85ed26
[DEBUG] Can't check class [simple type, class io.electrum.giftcard.api.model.PosInfo], io.electrum.giftcard.api.model.PosInfo
[DEBUG] defineModel PosInfo io.swagger.models.ModelImpl@54a3fbf6
[DEBUG] resolveProperty [simple type, class io.electrum.giftcard.api.model.PosEntryMode]
[DEBUG] Can't check class [simple type, class io.electrum.giftcard.api.model.PosEntryMode], io.electrum.giftcard.api.model.PosEntryMode
[DEBUG] resolveProperty [simple type, class io.electrum.giftcard.api.model.PosEntryMode]
[DEBUG] resolve [simple type, class io.electrum.giftcard.api.model.PosEntryMode]
[DEBUG] trying extension com.github.kongchen.swagger.docgen.reader.ModelModifier@5f85ed26
[DEBUG] Can't check class [simple type, class io.electrum.giftcard.api.model.PosEntryMode], io.electrum.giftcard.api.model.PosEntryMode
[DEBUG] defineModel PosEntryMode io.swagger.models.ModelImpl@4728cd75
[DEBUG] resolveProperty [simple type, class io.electrum.giftcard.api.model.PosEntryMode$PanEntryMode]
[DEBUG] Can't check class [simple type, class io.electrum.giftcard.api.model.PosEntryMode$PanEntryMode], io.electrum.giftcard.api.model.PosEntryMode$PanEntryMode
[DEBUG] resolveProperty [simple type, class io.electrum.giftcard.api.model.PosEntryMode$PanEntryMode]
[DEBUG] resolveProperty [simple type, class io.electrum.giftcard.api.model.PosEntryMode$PinEntryCapability]
[DEBUG] Can't check class [simple type, class io.electrum.giftcard.api.model.PosEntryMode$PinEntryCapability], io.electrum.giftcard.api.model.PosEntryMode$PinEntryCapability
[DEBUG] resolveProperty [simple type, class io.electrum.giftcard.api.model.PosEntryMode$PinEntryCapability]
[DEBUG] resolveProperty [simple type, class io.electrum.giftcard.api.model.Product]
[DEBUG] Can't check class [simple type, class io.electrum.giftcard.api.model.Product], io.electrum.giftcard.api.model.Product
[DEBUG] resolveProperty [simple type, class io.electrum.giftcard.api.model.Product]
[DEBUG] resolve [simple type, class io.electrum.giftcard.api.model.Product]
[DEBUG] trying extension com.github.kongchen.swagger.docgen.reader.ModelModifier@5f85ed26
[DEBUG] Can't check class [simple type, class io.electrum.giftcard.api.model.Product], io.electrum.giftcard.api.model.Product
[DEBUG] defineModel Product io.swagger.models.ModelImpl@b0b973
[DEBUG] resolveProperty [simple type, class java.lang.String]
[DEBUG] Can't check class [simple type, class java.lang.String], java.lang.String
[DEBUG] resolveProperty [simple type, class java.lang.String]
[DEBUG] resolveProperty [simple type, class java.lang.String]
[DEBUG] Can't check class [simple type, class java.lang.String], java.lang.String
[DEBUG] resolveProperty [simple type, class java.lang.String]
[DEBUG] resolveProperty [simple type, class java.lang.String]
[DEBUG] Can't check class [simple type, class java.lang.String], java.lang.String
[DEBUG] resolveProperty [simple type, class java.lang.String]
[DEBUG] resolveProperty [simple type, class io.electrum.giftcard.api.model.Basket]
[DEBUG] Can't check class [simple type, class io.electrum.giftcard.api.model.Basket], io.electrum.giftcard.api.model.Basket
[DEBUG] resolveProperty [simple type, class io.electrum.giftcard.api.model.Basket]
[DEBUG] resolve [simple type, class io.electrum.giftcard.api.model.Basket]
[DEBUG] trying extension com.github.kongchen.swagger.docgen.reader.ModelModifier@5f85ed26
[DEBUG] Can't check class [simple type, class io.electrum.giftcard.api.model.Basket], io.electrum.giftcard.api.model.Basket
[DEBUG] defineModel Basket io.swagger.models.ModelImpl@7f0fa11d
[DEBUG] resolveProperty [simple type, class java.lang.String]
[DEBUG] Can't check class [simple type, class java.lang.String], java.lang.String
[DEBUG] resolveProperty [simple type, class java.lang.String]
[DEBUG] resolveProperty [collection type; class java.util.List, contains [simple type, class io.electrum.giftcard.api.model.Item]]
[DEBUG] Can't check class [collection type; class java.util.List, contains [simple type, class io.electrum.giftcard.api.model.Item]], java.util.List
[DEBUG] resolveProperty [collection type; class java.util.List, contains [simple type, class io.electrum.giftcard.api.model.Item]]
[DEBUG] resolveProperty [simple type, class io.electrum.giftcard.api.model.Item]
[DEBUG] Can't check class [simple type, class io.electrum.giftcard.api.model.Item], io.electrum.giftcard.api.model.Item
[DEBUG] resolveProperty [simple type, class io.electrum.giftcard.api.model.Item]
[DEBUG] resolve [simple type, class io.electrum.giftcard.api.model.Item]
[DEBUG] trying extension com.github.kongchen.swagger.docgen.reader.ModelModifier@5f85ed26
[DEBUG] Can't check class [simple type, class io.electrum.giftcard.api.model.Item], io.electrum.giftcard.api.model.Item
[DEBUG] defineModel Item io.swagger.models.ModelImpl@79a61d1c
[DEBUG] resolveProperty [simple type, class java.lang.String]
[DEBUG] Can't check class [simple type, class java.lang.String], java.lang.String
[DEBUG] resolveProperty [simple type, class java.lang.String]
[DEBUG] resolveProperty [simple type, class java.lang.String]
[DEBUG] Can't check class [simple type, class java.lang.String], java.lang.String
[DEBUG] resolveProperty [simple type, class java.lang.String]
[DEBUG] resolveProperty [simple type, class java.lang.String]
[DEBUG] Can't check class [simple type, class java.lang.String], java.lang.String
[DEBUG] resolveProperty [simple type, class java.lang.String]
[DEBUG] resolveProperty [simple type, class java.lang.Float]
[DEBUG] Can't check class [simple type, class java.lang.Float], java.lang.Float
[DEBUG] resolveProperty [simple type, class java.lang.Float]
[DEBUG] resolveProperty [simple type, class io.electrum.giftcard.api.model.Item$UnitEnum]
[DEBUG] Can't check class [simple type, class io.electrum.giftcard.api.model.Item$UnitEnum], io.electrum.giftcard.api.model.Item$UnitEnum
[DEBUG] resolveProperty [simple type, class io.electrum.giftcard.api.model.Item$UnitEnum]
[DEBUG] resolveProperty [simple type, class io.electrum.giftcard.api.model.SlipData]
[DEBUG] Can't check class [simple type, class io.electrum.giftcard.api.model.SlipData], io.electrum.giftcard.api.model.SlipData
[DEBUG] resolveProperty [simple type, class io.electrum.giftcard.api.model.SlipData]
[DEBUG] resolve [simple type, class io.electrum.giftcard.api.model.SlipData]
[DEBUG] trying extension com.github.kongchen.swagger.docgen.reader.ModelModifier@5f85ed26
[DEBUG] Can't check class [simple type, class io.electrum.giftcard.api.model.SlipData], io.electrum.giftcard.api.model.SlipData
[DEBUG] defineModel SlipData io.swagger.models.ModelImpl@c9b6b57e
[DEBUG] resolveProperty [simple type, class java.lang.String]
[DEBUG] Can't check class [simple type, class java.lang.String], java.lang.String
[DEBUG] resolveProperty [simple type, class java.lang.String]
[DEBUG] resolveProperty [collection type; class java.util.List, contains [simple type, class java.lang.String]]
[DEBUG] Can't check class [collection type; class java.util.List, contains [simple type, class java.lang.String]], java.util.List
[DEBUG] resolveProperty [collection type; class java.util.List, contains [simple type, class java.lang.String]]
[DEBUG] resolveProperty [simple type, class java.lang.String]
[DEBUG] Can't check class [simple type, class java.lang.String], java.lang.String
[DEBUG] resolveProperty [simple type, class java.lang.String]
[DEBUG] ModelConverters readAll from class io.electrum.giftcard.api.model.RedemptionResponse
[DEBUG] resolve class io.electrum.giftcard.api.model.RedemptionResponse
[DEBUG] trying extension com.github.kongchen.swagger.docgen.reader.ModelModifier@5f85ed26
[DEBUG] defineModel RedemptionResponse io.swagger.models.ModelImpl@ecde1bbb
[DEBUG] resolveProperty [simple type, class java.util.UUID]
[DEBUG] Can't check class [simple type, class java.util.UUID], java.util.UUID
[DEBUG] resolveProperty [simple type, class java.util.UUID]
[DEBUG] resolveProperty [simple type, class org.joda.time.DateTime]
[DEBUG] Can't check class [simple type, class org.joda.time.DateTime], org.joda.time.DateTime
[DEBUG] resolveProperty [simple type, class org.joda.time.DateTime]
[DEBUG] resolveProperty [simple type, class io.electrum.vas.model.Originator]
[DEBUG] Can't check class [simple type, class io.electrum.vas.model.Originator], io.electrum.vas.model.Originator
[DEBUG] resolveProperty [simple type, class io.electrum.vas.model.Originator]
[DEBUG] resolve [simple type, class io.electrum.vas.model.Originator]
[DEBUG] trying extension com.github.kongchen.swagger.docgen.reader.ModelModifier@5f85ed26
[DEBUG] Can't check class [simple type, class io.electrum.vas.model.Originator], io.electrum.vas.model.Originator
[DEBUG] defineModel Originator io.swagger.models.ModelImpl@b5a2eab5
[DEBUG] resolveProperty [simple type, class io.electrum.vas.model.Institution]
[DEBUG] Can't check class [simple type, class io.electrum.vas.model.Institution], io.electrum.vas.model.Institution
[DEBUG] resolveProperty [simple type, class io.electrum.vas.model.Institution]
[DEBUG] resolve [simple type, class io.electrum.vas.model.Institution]
[DEBUG] trying extension com.github.kongchen.swagger.docgen.reader.ModelModifier@5f85ed26
[DEBUG] Can't check class [simple type, class io.electrum.vas.model.Institution], io.electrum.vas.model.Institution
[DEBUG] defineModel Institution io.swagger.models.ModelImpl@d03232cb
[DEBUG] resolveProperty [simple type, class java.lang.String]
[DEBUG] Can't check class [simple type, class java.lang.String], java.lang.String
[DEBUG] resolveProperty [simple type, class java.lang.String]
[DEBUG] resolveProperty [simple type, class java.lang.String]
[DEBUG] Can't check class [simple type, class java.lang.String], java.lang.String
[DEBUG] resolveProperty [simple type, class java.lang.String]
[DEBUG] resolveProperty [simple type, class java.lang.String]
[DEBUG] Can't check class [simple type, class java.lang.String], java.lang.String
[DEBUG] resolveProperty [simple type, class java.lang.String]
[DEBUG] resolveProperty [simple type, class io.electrum.vas.model.Merchant]
[DEBUG] Can't check class [simple type, class io.electrum.vas.model.Merchant], io.electrum.vas.model.Merchant
[DEBUG] resolveProperty [simple type, class io.electrum.vas.model.Merchant]
[DEBUG] resolve [simple type, class io.electrum.vas.model.Merchant]
[DEBUG] trying extension com.github.kongchen.swagger.docgen.reader.ModelModifier@5f85ed26
[DEBUG] Can't check class [simple type, class io.electrum.vas.model.Merchant], io.electrum.vas.model.Merchant
[DEBUG] defineModel Merchant io.swagger.models.ModelImpl@df763188
[DEBUG] resolveProperty [simple type, class java.lang.String]
[DEBUG] Can't check class [simple type, class java.lang.String], java.lang.String
[DEBUG] resolveProperty [simple type, class java.lang.String]
[DEBUG] resolveProperty [simple type, class java.lang.String]
[DEBUG] Can't check class [simple type, class java.lang.String], java.lang.String
[DEBUG] resolveProperty [simple type, class java.lang.String]
[DEBUG] resolveProperty [simple type, class io.electrum.vas.model.MerchantName]
[DEBUG] Can't check class [simple type, class io.electrum.vas.model.MerchantName], io.electrum.vas.model.MerchantName
[DEBUG] resolveProperty [simple type, class io.electrum.vas.model.MerchantName]
[DEBUG] resolve [simple type, class io.electrum.vas.model.MerchantName]
[DEBUG] trying extension com.github.kongchen.swagger.docgen.reader.ModelModifier@5f85ed26
[DEBUG] Can't check class [simple type, class io.electrum.vas.model.MerchantName], io.electrum.vas.model.MerchantName
[DEBUG] defineModel MerchantName io.swagger.models.ModelImpl@d4b5ad4f
[DEBUG] resolveProperty [simple type, class java.lang.String]
[DEBUG] Can't check class [simple type, class java.lang.String], java.lang.String
[DEBUG] resolveProperty [simple type, class java.lang.String]
[DEBUG] resolveProperty [simple type, class java.lang.String]
[DEBUG] Can't check class [simple type, class java.lang.String], java.lang.String
[DEBUG] resolveProperty [simple type, class java.lang.String]
[DEBUG] resolveProperty [simple type, class java.lang.String]
[DEBUG] Can't check class [simple type, class java.lang.String], java.lang.String
[DEBUG] resolveProperty [simple type, class java.lang.String]
[DEBUG] resolveProperty [simple type, class java.lang.String]
[DEBUG] Can't check class [simple type, class java.lang.String], java.lang.String
[DEBUG] resolveProperty [simple type, class java.lang.String]
[DEBUG] resolveProperty [simple type, class io.electrum.vas.model.Institution]
[DEBUG] Can't check class [simple type, class io.electrum.vas.model.Institution], io.electrum.vas.model.Institution
[DEBUG] resolveProperty [simple type, class io.electrum.vas.model.Institution]
[DEBUG] resolveProperty [simple type, class io.electrum.vas.model.Institution]
[DEBUG] Can't check class [simple type, class io.electrum.vas.model.Institution], io.electrum.vas.model.Institution
[DEBUG] resolveProperty [simple type, class io.electrum.vas.model.Institution]
[DEBUG] resolveProperty [simple type, class io.electrum.vas.model.Institution]
[DEBUG] Can't check class [simple type, class io.electrum.vas.model.Institution], io.electrum.vas.model.Institution
[DEBUG] resolveProperty [simple type, class io.electrum.vas.model.Institution]
[DEBUG] resolveProperty [collection type; class java.util.List, contains [simple type, class io.electrum.vas.model.ThirdPartyIdentifier]]
[DEBUG] Can't check class [collection type; class java.util.List, contains [simple type, class io.electrum.vas.model.ThirdPartyIdentifier]], java.util.List
[DEBUG] resolveProperty [collection type; class java.util.List, contains [simple type, class io.electrum.vas.model.ThirdPartyIdentifier]]
[DEBUG] resolveProperty [simple type, class io.electrum.vas.model.ThirdPartyIdentifier]
[DEBUG] Can't check class [simple type, class io.electrum.vas.model.ThirdPartyIdentifier], io.electrum.vas.model.ThirdPartyIdentifier
[DEBUG] resolveProperty [simple type, class io.electrum.vas.model.ThirdPartyIdentifier]
[DEBUG] resolve [simple type, class io.electrum.vas.model.ThirdPartyIdentifier]
[DEBUG] trying extension com.github.kongchen.swagger.docgen.reader.ModelModifier@5f85ed26
[DEBUG] Can't check class [simple type, class io.electrum.vas.model.ThirdPartyIdentifier], io.electrum.vas.model.ThirdPartyIdentifier
[DEBUG] defineModel ThirdPartyIdentifier io.swagger.models.ModelImpl@e8191324
[DEBUG] resolveProperty [simple type, class java.lang.String]
[DEBUG] Can't check class [simple type, class java.lang.String], java.lang.String
[DEBUG] resolveProperty [simple type, class java.lang.String]
[DEBUG] resolveProperty [simple type, class java.lang.String]
[DEBUG] Can't check class [simple type, class java.lang.String], java.lang.String
[DEBUG] resolveProperty [simple type, class java.lang.String]
[DEBUG] resolveProperty [simple type, class io.electrum.vas.model.Amounts]
[DEBUG] Can't check class [simple type, class io.electrum.vas.model.Amounts], io.electrum.vas.model.Amounts
[DEBUG] resolveProperty [simple type, class io.electrum.vas.model.Amounts]
[DEBUG] resolve [simple type, class io.electrum.vas.model.Amounts]
[DEBUG] trying extension com.github.kongchen.swagger.docgen.reader.ModelModifier@5f85ed26
[DEBUG] Can't check class [simple type, class io.electrum.vas.model.Amounts], io.electrum.vas.model.Amounts
[DEBUG] defineModel Amounts io.swagger.models.ModelImpl@e5de713d
[DEBUG] resolveProperty [simple type, class io.electrum.vas.model.LedgerAmount]
[DEBUG] Can't check class [simple type, class io.electrum.vas.model.LedgerAmount], io.electrum.vas.model.LedgerAmount
[DEBUG] resolveProperty [simple type, class io.electrum.vas.model.LedgerAmount]
[DEBUG] resolve [simple type, class io.electrum.vas.model.LedgerAmount]
[DEBUG] trying extension com.github.kongchen.swagger.docgen.reader.ModelModifier@5f85ed26
[DEBUG] Can't check class [simple type, class io.electrum.vas.model.LedgerAmount], io.electrum.vas.model.LedgerAmount
[DEBUG] defineModel LedgerAmount io.swagger.models.ModelImpl@d9bc4218
[DEBUG] resolveProperty [simple type, class java.lang.Long]
[DEBUG] Can't check class [simple type, class java.lang.Long], java.lang.Long
[DEBUG] resolveProperty [simple type, class java.lang.Long]
[DEBUG] resolveProperty [simple type, class java.lang.String]
[DEBUG] Can't check class [simple type, class java.lang.String], java.lang.String
[DEBUG] resolveProperty [simple type, class java.lang.String]
[DEBUG] resolveProperty [simple type, class io.electrum.vas.model.LedgerAmount$LedgerIndicator]
[DEBUG] Can't check class [simple type, class io.electrum.vas.model.LedgerAmount$LedgerIndicator], io.electrum.vas.model.LedgerAmount$LedgerIndicator
[DEBUG] resolveProperty [simple type, class io.electrum.vas.model.LedgerAmount$LedgerIndicator]
[DEBUG] resolveProperty [simple type, class io.electrum.vas.model.LedgerAmount]
[DEBUG] Can't check class [simple type, class io.electrum.vas.model.LedgerAmount], io.electrum.vas.model.LedgerAmount
[DEBUG] resolveProperty [simple type, class io.electrum.vas.model.LedgerAmount]
[DEBUG] resolveProperty [simple type, class io.electrum.vas.model.LedgerAmount]
[DEBUG] Can't check class [simple type, class io.electrum.vas.model.LedgerAmount], io.electrum.vas.model.LedgerAmount
[DEBUG] resolveProperty [simple type, class io.electrum.vas.model.LedgerAmount]
[DEBUG] resolveProperty [simple type, class io.electrum.vas.model.LedgerAmount]
[DEBUG] Can't check class [simple type, class io.electrum.vas.model.LedgerAmount], io.electrum.vas.model.LedgerAmount
[DEBUG] resolveProperty [simple type, class io.electrum.vas.model.LedgerAmount]
[DEBUG] resolveProperty [simple type, class io.electrum.giftcard.api.model.Card]
[DEBUG] Can't check class [simple type, class io.electrum.giftcard.api.model.Card], io.electrum.giftcard.api.model.Card
[DEBUG] resolveProperty [simple type, class io.electrum.giftcard.api.model.Card]
[DEBUG] resolve [simple type, class io.electrum.giftcard.api.model.Card]
[DEBUG] trying extension com.github.kongchen.swagger.docgen.reader.ModelModifier@5f85ed26
[DEBUG] Can't check class [simple type, class io.electrum.giftcard.api.model.Card], io.electrum.giftcard.api.model.Card
[DEBUG] defineModel Card io.swagger.models.ModelImpl@4866fd27
[DEBUG] resolveProperty [simple type, class java.lang.String]
[DEBUG] Can't check class [simple type, class java.lang.String], java.lang.String
[DEBUG] resolveProperty [simple type, class java.lang.String]
[DEBUG] resolveProperty [simple type, class java.lang.String]
[DEBUG] Can't check class [simple type, class java.lang.String], java.lang.String
[DEBUG] resolveProperty [simple type, class java.lang.String]
[DEBUG] resolveProperty [simple type, class java.lang.String]
[DEBUG] Can't check class [simple type, class java.lang.String], java.lang.String
[DEBUG] resolveProperty [simple type, class java.lang.String]
[DEBUG] resolveProperty [simple type, class java.lang.String]
[DEBUG] Can't check class [simple type, class java.lang.String], java.lang.String
[DEBUG] resolveProperty [simple type, class java.lang.String]
[DEBUG] resolveProperty [simple type, class io.electrum.giftcard.api.model.PosInfo]
[DEBUG] Can't check class [simple type, class io.electrum.giftcard.api.model.PosInfo], io.electrum.giftcard.api.model.PosInfo
[DEBUG] resolveProperty [simple type, class io.electrum.giftcard.api.model.PosInfo]
[DEBUG] resolve [simple type, class io.electrum.giftcard.api.model.PosInfo]
[DEBUG] trying extension com.github.kongchen.swagger.docgen.reader.ModelModifier@5f85ed26
[DEBUG] Can't check class [simple type, class io.electrum.giftcard.api.model.PosInfo], io.electrum.giftcard.api.model.PosInfo
[DEBUG] defineModel PosInfo io.swagger.models.ModelImpl@54a3fbf6
[DEBUG] resolveProperty [simple type, class io.electrum.giftcard.api.model.PosEntryMode]
[DEBUG] Can't check class [simple type, class io.electrum.giftcard.api.model.PosEntryMode], io.electrum.giftcard.api.model.PosEntryMode
[DEBUG] resolveProperty [simple type, class io.electrum.giftcard.api.model.PosEntryMode]
[DEBUG] resolve [simple type, class io.electrum.giftcard.api.model.PosEntryMode]
[DEBUG] trying extension com.github.kongchen.swagger.docgen.reader.ModelModifier@5f85ed26
[DEBUG] Can't check class [simple type, class io.electrum.giftcard.api.model.PosEntryMode], io.electrum.giftcard.api.model.PosEntryMode
[DEBUG] defineModel PosEntryMode io.swagger.models.ModelImpl@4728cd75
[DEBUG] resolveProperty [simple type, class io.electrum.giftcard.api.model.PosEntryMode$PanEntryMode]
[DEBUG] Can't check class [simple type, class io.electrum.giftcard.api.model.PosEntryMode$PanEntryMode], io.electrum.giftcard.api.model.PosEntryMode$PanEntryMode
[DEBUG] resolveProperty [simple type, class io.electrum.giftcard.api.model.PosEntryMode$PanEntryMode]
[DEBUG] resolveProperty [simple type, class io.electrum.giftcard.api.model.PosEntryMode$PinEntryCapability]
[DEBUG] Can't check class [simple type, class io.electrum.giftcard.api.model.PosEntryMode$PinEntryCapability], io.electrum.giftcard.api.model.PosEntryMode$PinEntryCapability
[DEBUG] resolveProperty [simple type, class io.electrum.giftcard.api.model.PosEntryMode$PinEntryCapability]
[DEBUG] resolveProperty [simple type, class io.electrum.giftcard.api.model.Product]
[DEBUG] Can't check class [simple type, class io.electrum.giftcard.api.model.Product], io.electrum.giftcard.api.model.Product
[DEBUG] resolveProperty [simple type, class io.electrum.giftcard.api.model.Product]
[DEBUG] resolve [simple type, class io.electrum.giftcard.api.model.Product]
[DEBUG] trying extension com.github.kongchen.swagger.docgen.reader.ModelModifier@5f85ed26
[DEBUG] Can't check class [simple type, class io.electrum.giftcard.api.model.Product], io.electrum.giftcard.api.model.Product
[DEBUG] defineModel Product io.swagger.models.ModelImpl@b0b973
[DEBUG] resolveProperty [simple type, class java.lang.String]
[DEBUG] Can't check class [simple type, class java.lang.String], java.lang.String
[DEBUG] resolveProperty [simple type, class java.lang.String]
[DEBUG] resolveProperty [simple type, class java.lang.String]
[DEBUG] Can't check class [simple type, class java.lang.String], java.lang.String
[DEBUG] resolveProperty [simple type, class java.lang.String]
[DEBUG] resolveProperty [simple type, class java.lang.String]
[DEBUG] Can't check class [simple type, class java.lang.String], java.lang.String
[DEBUG] resolveProperty [simple type, class java.lang.String]
[DEBUG] resolveProperty [simple type, class io.electrum.giftcard.api.model.Basket]
[DEBUG] Can't check class [simple type, class io.electrum.giftcard.api.model.Basket], io.electrum.giftcard.api.model.Basket
[DEBUG] resolveProperty [simple type, class io.electrum.giftcard.api.model.Basket]
[DEBUG] resolve [simple type, class io.electrum.giftcard.api.model.Basket]
[DEBUG] trying extension com.github.kongchen.swagger.docgen.reader.ModelModifier@5f85ed26
[DEBUG] Can't check class [simple type, class io.electrum.giftcard.api.model.Basket], io.electrum.giftcard.api.model.Basket
[DEBUG] defineModel Basket io.swagger.models.ModelImpl@7f0fa11d
[DEBUG] resolveProperty [simple type, class java.lang.String]
[DEBUG] Can't check class [simple type, class java.lang.String], java.lang.String
[DEBUG] resolveProperty [simple type, class java.lang.String]
[DEBUG] resolveProperty [collection type; class java.util.List, contains [simple type, class io.electrum.giftcard.api.model.Item]]
[DEBUG] Can't check class [collection type; class java.util.List, contains [simple type, class io.electrum.giftcard.api.model.Item]], java.util.List
[DEBUG] resolveProperty [collection type; class java.util.List, contains [simple type, class io.electrum.giftcard.api.model.Item]]
[DEBUG] resolveProperty [simple type, class io.electrum.giftcard.api.model.Item]
[DEBUG] Can't check class [simple type, class io.electrum.giftcard.api.model.Item], io.electrum.giftcard.api.model.Item
[DEBUG] resolveProperty [simple type, class io.electrum.giftcard.api.model.Item]
[DEBUG] resolve [simple type, class io.electrum.giftcard.api.model.Item]
[DEBUG] trying extension com.github.kongchen.swagger.docgen.reader.ModelModifier@5f85ed26
[DEBUG] Can't check class [simple type, class io.electrum.giftcard.api.model.Item], io.electrum.giftcard.api.model.Item
[DEBUG] defineModel Item io.swagger.models.ModelImpl@79a61d1c
[DEBUG] resolveProperty [simple type, class java.lang.String]
[DEBUG] Can't check class [simple type, class java.lang.String], java.lang.String
[DEBUG] resolveProperty [simple type, class java.lang.String]
[DEBUG] resolveProperty [simple type, class java.lang.String]
[DEBUG] Can't check class [simple type, class java.lang.String], java.lang.String
[DEBUG] resolveProperty [simple type, class java.lang.String]
[DEBUG] resolveProperty [simple type, class java.lang.String]
[DEBUG] Can't check class [simple type, class java.lang.String], java.lang.String
[DEBUG] resolveProperty [simple type, class java.lang.String]
[DEBUG] resolveProperty [simple type, class java.lang.Float]
[DEBUG] Can't check class [simple type, class java.lang.Float], java.lang.Float
[DEBUG] resolveProperty [simple type, class java.lang.Float]
[DEBUG] resolveProperty [simple type, class io.electrum.giftcard.api.model.Item$UnitEnum]
[DEBUG] Can't check class [simple type, class io.electrum.giftcard.api.model.Item$UnitEnum], io.electrum.giftcard.api.model.Item$UnitEnum
[DEBUG] resolveProperty [simple type, class io.electrum.giftcard.api.model.Item$UnitEnum]
[DEBUG] resolveProperty [simple type, class io.electrum.giftcard.api.model.SlipData]
[DEBUG] Can't check class [simple type, class io.electrum.giftcard.api.model.SlipData], io.electrum.giftcard.api.model.SlipData
[DEBUG] resolveProperty [simple type, class io.electrum.giftcard.api.model.SlipData]
[DEBUG] resolve [simple type, class io.electrum.giftcard.api.model.SlipData]
[DEBUG] trying extension com.github.kongchen.swagger.docgen.reader.ModelModifier@5f85ed26
[DEBUG] Can't check class [simple type, class io.electrum.giftcard.api.model.SlipData], io.electrum.giftcard.api.model.SlipData
[DEBUG] defineModel SlipData io.swagger.models.ModelImpl@c9b6b57e
[DEBUG] resolveProperty [simple type, class java.lang.String]
[DEBUG] Can't check class [simple type, class java.lang.String], java.lang.String
[DEBUG] resolveProperty [simple type, class java.lang.String]
[DEBUG] resolveProperty [collection type; class java.util.List, contains [simple type, class java.lang.String]]
[DEBUG] Can't check class [collection type; class java.util.List, contains [simple type, class java.lang.String]], java.util.List
[DEBUG] resolveProperty [collection type; class java.util.List, contains [simple type, class java.lang.String]]
[DEBUG] resolveProperty [simple type, class java.lang.String]
[DEBUG] Can't check class [simple type, class java.lang.String], java.lang.String
[DEBUG] resolveProperty [simple type, class java.lang.String]
[DEBUG] resolve class io.electrum.giftcard.api.model.ErrorDetail
[DEBUG] trying extension com.github.kongchen.swagger.docgen.reader.ModelModifier@5f85ed26
[DEBUG] defineModel ErrorDetail io.swagger.models.ModelImpl@871e6c0f
[DEBUG] resolveProperty [simple type, class io.electrum.giftcard.api.model.ErrorDetail$ErrorType]
[DEBUG] Can't check class [simple type, class io.electrum.giftcard.api.model.ErrorDetail$ErrorType], io.electrum.giftcard.api.model.ErrorDetail$ErrorType
[DEBUG] resolveProperty [simple type, class io.electrum.giftcard.api.model.ErrorDetail$ErrorType]
[DEBUG] resolveProperty [simple type, class java.lang.String]
[DEBUG] Can't check class [simple type, class java.lang.String], java.lang.String
[DEBUG] resolveProperty [simple type, class java.lang.String]
[DEBUG] resolveProperty [simple type, class java.lang.Object]
[DEBUG] Can't check class [simple type, class java.lang.Object], java.lang.Object
[DEBUG] resolveProperty [simple type, class java.lang.Object]
[DEBUG] ModelConverters readAll from class io.electrum.giftcard.api.model.ErrorDetail
[DEBUG] resolve class io.electrum.giftcard.api.model.ErrorDetail
[DEBUG] trying extension com.github.kongchen.swagger.docgen.reader.ModelModifier@5f85ed26
[DEBUG] defineModel ErrorDetail io.swagger.models.ModelImpl@871e6c0f
[DEBUG] resolveProperty [simple type, class io.electrum.giftcard.api.model.ErrorDetail$ErrorType]
[DEBUG] Can't check class [simple type, class io.electrum.giftcard.api.model.ErrorDetail$ErrorType], io.electrum.giftcard.api.model.ErrorDetail$ErrorType
[DEBUG] resolveProperty [simple type, class io.electrum.giftcard.api.model.ErrorDetail$ErrorType]
[DEBUG] resolveProperty [simple type, class java.lang.String]
[DEBUG] Can't check class [simple type, class java.lang.String], java.lang.String
[DEBUG] resolveProperty [simple type, class java.lang.String]
[DEBUG] resolveProperty [simple type, class java.lang.Object]
[DEBUG] Can't check class [simple type, class java.lang.Object], java.lang.Object
[DEBUG] resolveProperty [simple type, class java.lang.Object]
[DEBUG] resolve class io.electrum.giftcard.api.model.ErrorDetail
[DEBUG] trying extension com.github.kongchen.swagger.docgen.reader.ModelModifier@5f85ed26
[DEBUG] defineModel ErrorDetail io.swagger.models.ModelImpl@871e6c0f
[DEBUG] resolveProperty [simple type, class io.electrum.giftcard.api.model.ErrorDetail$ErrorType]
[DEBUG] Can't check class [simple type, class io.electrum.giftcard.api.model.ErrorDetail$ErrorType], io.electrum.giftcard.api.model.ErrorDetail$ErrorType
[DEBUG] resolveProperty [simple type, class io.electrum.giftcard.api.model.ErrorDetail$ErrorType]
[DEBUG] resolveProperty [simple type, class java.lang.String]
[DEBUG] Can't check class [simple type, class java.lang.String], java.lang.String
[DEBUG] resolveProperty [simple type, class java.lang.String]
[DEBUG] resolveProperty [simple type, class java.lang.Object]
[DEBUG] Can't check class [simple type, class java.lang.Object], java.lang.Object
[DEBUG] resolveProperty [simple type, class java.lang.Object]
[DEBUG] ModelConverters readAll from class io.electrum.giftcard.api.model.ErrorDetail
[DEBUG] resolve class io.electrum.giftcard.api.model.ErrorDetail
[DEBUG] trying extension com.github.kongchen.swagger.docgen.reader.ModelModifier@5f85ed26
[DEBUG] defineModel ErrorDetail io.swagger.models.ModelImpl@871e6c0f
[DEBUG] resolveProperty [simple type, class io.electrum.giftcard.api.model.ErrorDetail$ErrorType]
[DEBUG] Can't check class [simple type, class io.electrum.giftcard.api.model.ErrorDetail$ErrorType], io.electrum.giftcard.api.model.ErrorDetail$ErrorType
[DEBUG] resolveProperty [simple type, class io.electrum.giftcard.api.model.ErrorDetail$ErrorType]
[DEBUG] resolveProperty [simple type, class java.lang.String]
[DEBUG] Can't check class [simple type, class java.lang.String], java.lang.String
[DEBUG] resolveProperty [simple type, class java.lang.String]
[DEBUG] resolveProperty [simple type, class java.lang.Object]
[DEBUG] Can't check class [simple type, class java.lang.Object], java.lang.Object
[DEBUG] resolveProperty [simple type, class java.lang.Object]
[DEBUG] resolve class io.electrum.giftcard.api.model.ErrorDetail
[DEBUG] trying extension com.github.kongchen.swagger.docgen.reader.ModelModifier@5f85ed26
[DEBUG] defineModel ErrorDetail io.swagger.models.ModelImpl@871e6c0f
[DEBUG] resolveProperty [simple type, class io.electrum.giftcard.api.model.ErrorDetail$ErrorType]
[DEBUG] Can't check class [simple type, class io.electrum.giftcard.api.model.ErrorDetail$ErrorType], io.electrum.giftcard.api.model.ErrorDetail$ErrorType
[DEBUG] resolveProperty [simple type, class io.electrum.giftcard.api.model.ErrorDetail$ErrorType]
[DEBUG] resolveProperty [simple type, class java.lang.String]
[DEBUG] Can't check class [simple type, class java.lang.String], java.lang.String
[DEBUG] resolveProperty [simple type, class java.lang.String]
[DEBUG] resolveProperty [simple type, class java.lang.Object]
[DEBUG] Can't check class [simple type, class java.lang.Object], java.lang.Object
[DEBUG] resolveProperty [simple type, class java.lang.Object]
[DEBUG] ModelConverters readAll from class io.electrum.giftcard.api.model.ErrorDetail
[DEBUG] resolve class io.electrum.giftcard.api.model.ErrorDetail
[DEBUG] trying extension com.github.kongchen.swagger.docgen.reader.ModelModifier@5f85ed26
[DEBUG] defineModel ErrorDetail io.swagger.models.ModelImpl@871e6c0f
[DEBUG] resolveProperty [simple type, class io.electrum.giftcard.api.model.ErrorDetail$ErrorType]
[DEBUG] Can't check class [simple type, class io.electrum.giftcard.api.model.ErrorDetail$ErrorType], io.electrum.giftcard.api.model.ErrorDetail$ErrorType
[DEBUG] resolveProperty [simple type, class io.electrum.giftcard.api.model.ErrorDetail$ErrorType]
[DEBUG] resolveProperty [simple type, class java.lang.String]
[DEBUG] Can't check class [simple type, class java.lang.String], java.lang.String
[DEBUG] resolveProperty [simple type, class java.lang.String]
[DEBUG] resolveProperty [simple type, class java.lang.Object]
[DEBUG] Can't check class [simple type, class java.lang.Object], java.lang.Object
[DEBUG] resolveProperty [simple type, class java.lang.Object]
[DEBUG] resolve class io.electrum.giftcard.api.model.ErrorDetail
[DEBUG] trying extension com.github.kongchen.swagger.docgen.reader.ModelModifier@5f85ed26
[DEBUG] defineModel ErrorDetail io.swagger.models.ModelImpl@871e6c0f
[DEBUG] resolveProperty [simple type, class io.electrum.giftcard.api.model.ErrorDetail$ErrorType]
[DEBUG] Can't check class [simple type, class io.electrum.giftcard.api.model.ErrorDetail$ErrorType], io.electrum.giftcard.api.model.ErrorDetail$ErrorType
[DEBUG] resolveProperty [simple type, class io.electrum.giftcard.api.model.ErrorDetail$ErrorType]
[DEBUG] resolveProperty [simple type, class java.lang.String]
[DEBUG] Can't check class [simple type, class java.lang.String], java.lang.String
[DEBUG] resolveProperty [simple type, class java.lang.String]
[DEBUG] resolveProperty [simple type, class java.lang.Object]
[DEBUG] Can't check class [simple type, class java.lang.Object], java.lang.Object
[DEBUG] resolveProperty [simple type, class java.lang.Object]
[DEBUG] ModelConverters readAll from class io.electrum.giftcard.api.model.ErrorDetail
[DEBUG] resolve class io.electrum.giftcard.api.model.ErrorDetail
[DEBUG] trying extension com.github.kongchen.swagger.docgen.reader.ModelModifier@5f85ed26
[DEBUG] defineModel ErrorDetail io.swagger.models.ModelImpl@871e6c0f
[DEBUG] resolveProperty [simple type, class io.electrum.giftcard.api.model.ErrorDetail$ErrorType]
[DEBUG] Can't check class [simple type, class io.electrum.giftcard.api.model.ErrorDetail$ErrorType], io.electrum.giftcard.api.model.ErrorDetail$ErrorType
[DEBUG] resolveProperty [simple type, class io.electrum.giftcard.api.model.ErrorDetail$ErrorType]
[DEBUG] resolveProperty [simple type, class java.lang.String]
[DEBUG] Can't check class [simple type, class java.lang.String], java.lang.String
[DEBUG] resolveProperty [simple type, class java.lang.String]
[DEBUG] resolveProperty [simple type, class java.lang.Object]
[DEBUG] Can't check class [simple type, class java.lang.Object], java.lang.Object
[DEBUG] resolveProperty [simple type, class java.lang.Object]
[INFO] Looking for path/query/header/form/cookie params in class java.util.UUID
[INFO] trying extension com.github.kongchen.swagger.docgen.jaxrs.BeanParamInjectParamExtention@3adcbc57
[DEBUG] resolveProperty class java.util.UUID
[DEBUG] resolveProperty [simple type, class java.util.UUID]
[INFO] Looking for path/query/header/form/cookie params in class io.electrum.giftcard.api.model.RedemptionRequest
[INFO] trying extension com.github.kongchen.swagger.docgen.jaxrs.BeanParamInjectParamExtention@3adcbc57
[INFO] Looking for body params in class io.electrum.giftcard.api.model.RedemptionRequest
[DEBUG] picking up response class from method public final void io.electrum.giftcard.api.RedemptionsResource.reverseRedemption(java.util.UUID,java.util.UUID,io.electrum.giftcard.api.model.RedemptionReversal,javax.ws.rs.core.SecurityContext,javax.ws.rs.container.AsyncResponse,javax.ws.rs.core.HttpHeaders,javax.ws.rs.core.UriInfo,javax.servlet.http.HttpServletRequest)
[DEBUG] resolveProperty void
[DEBUG] resolveProperty [simple type, class void]
[DEBUG] resolve [simple type, class void]
[DEBUG] trying extension com.github.kongchen.swagger.docgen.reader.ModelModifier@5f85ed26
[DEBUG] Can't check class [simple type, class void], void
[DEBUG] defineModel void io.swagger.models.ModelImpl@bafd15c1
[DEBUG] resolve class io.electrum.giftcard.api.model.ErrorDetail
[DEBUG] trying extension com.github.kongchen.swagger.docgen.reader.ModelModifier@5f85ed26
[DEBUG] defineModel ErrorDetail io.swagger.models.ModelImpl@871e6c0f
[DEBUG] resolveProperty [simple type, class io.electrum.giftcard.api.model.ErrorDetail$ErrorType]
[DEBUG] Can't check class [simple type, class io.electrum.giftcard.api.model.ErrorDetail$ErrorType], io.electrum.giftcard.api.model.ErrorDetail$ErrorType
[DEBUG] resolveProperty [simple type, class io.electrum.giftcard.api.model.ErrorDetail$ErrorType]
[DEBUG] resolveProperty [simple type, class java.lang.String]
[DEBUG] Can't check class [simple type, class java.lang.String], java.lang.String
[DEBUG] resolveProperty [simple type, class java.lang.String]
[DEBUG] resolveProperty [simple type, class java.lang.Object]
[DEBUG] Can't check class [simple type, class java.lang.Object], java.lang.Object
[DEBUG] resolveProperty [simple type, class java.lang.Object]
[DEBUG] ModelConverters readAll from class io.electrum.giftcard.api.model.ErrorDetail
[DEBUG] resolve class io.electrum.giftcard.api.model.ErrorDetail
[DEBUG] trying extension com.github.kongchen.swagger.docgen.reader.ModelModifier@5f85ed26
[DEBUG] defineModel ErrorDetail io.swagger.models.ModelImpl@871e6c0f
[DEBUG] resolveProperty [simple type, class io.electrum.giftcard.api.model.ErrorDetail$ErrorType]
[DEBUG] Can't check class [simple type, class io.electrum.giftcard.api.model.ErrorDetail$ErrorType], io.electrum.giftcard.api.model.ErrorDetail$ErrorType
[DEBUG] resolveProperty [simple type, class io.electrum.giftcard.api.model.ErrorDetail$ErrorType]
[DEBUG] resolveProperty [simple type, class java.lang.String]
[DEBUG] Can't check class [simple type, class java.lang.String], java.lang.String
[DEBUG] resolveProperty [simple type, class java.lang.String]
[DEBUG] resolveProperty [simple type, class java.lang.Object]
[DEBUG] Can't check class [simple type, class java.lang.Object], java.lang.Object
[DEBUG] resolveProperty [simple type, class java.lang.Object]
[DEBUG] resolve class io.electrum.giftcard.api.model.ErrorDetail
[DEBUG] trying extension com.github.kongchen.swagger.docgen.reader.ModelModifier@5f85ed26
[DEBUG] defineModel ErrorDetail io.swagger.models.ModelImpl@871e6c0f
[DEBUG] resolveProperty [simple type, class io.electrum.giftcard.api.model.ErrorDetail$ErrorType]
[DEBUG] Can't check class [simple type, class io.electrum.giftcard.api.model.ErrorDetail$ErrorType], io.electrum.giftcard.api.model.ErrorDetail$ErrorType
[DEBUG] resolveProperty [simple type, class io.electrum.giftcard.api.model.ErrorDetail$ErrorType]
[DEBUG] resolveProperty [simple type, class java.lang.String]
[DEBUG] Can't check class [simple type, class java.lang.String], java.lang.String
[DEBUG] resolveProperty [simple type, class java.lang.String]
[DEBUG] resolveProperty [simple type, class java.lang.Object]
[DEBUG] Can't check class [simple type, class java.lang.Object], java.lang.Object
[DEBUG] resolveProperty [simple type, class java.lang.Object]
[DEBUG] ModelConverters readAll from class io.electrum.giftcard.api.model.ErrorDetail
[DEBUG] resolve class io.electrum.giftcard.api.model.ErrorDetail
[DEBUG] trying extension com.github.kongchen.swagger.docgen.reader.ModelModifier@5f85ed26
[DEBUG] defineModel ErrorDetail io.swagger.models.ModelImpl@871e6c0f
[DEBUG] resolveProperty [simple type, class io.electrum.giftcard.api.model.ErrorDetail$ErrorType]
[DEBUG] Can't check class [simple type, class io.electrum.giftcard.api.model.ErrorDetail$ErrorType], io.electrum.giftcard.api.model.ErrorDetail$ErrorType
[DEBUG] resolveProperty [simple type, class io.electrum.giftcard.api.model.ErrorDetail$ErrorType]
[DEBUG] resolveProperty [simple type, class java.lang.String]
[DEBUG] Can't check class [simple type, class java.lang.String], java.lang.String
[DEBUG] resolveProperty [simple type, class java.lang.String]
[DEBUG] resolveProperty [simple type, class java.lang.Object]
[DEBUG] Can't check class [simple type, class java.lang.Object], java.lang.Object
[DEBUG] resolveProperty [simple type, class java.lang.Object]
[DEBUG] resolve class io.electrum.giftcard.api.model.ErrorDetail
[DEBUG] trying extension com.github.kongchen.swagger.docgen.reader.ModelModifier@5f85ed26
[DEBUG] defineModel ErrorDetail io.swagger.models.ModelImpl@871e6c0f
[DEBUG] resolveProperty [simple type, class io.electrum.giftcard.api.model.ErrorDetail$ErrorType]
[DEBUG] Can't check class [simple type, class io.electrum.giftcard.api.model.ErrorDetail$ErrorType], io.electrum.giftcard.api.model.ErrorDetail$ErrorType
[DEBUG] resolveProperty [simple type, class io.electrum.giftcard.api.model.ErrorDetail$ErrorType]
[DEBUG] resolveProperty [simple type, class java.lang.String]
[DEBUG] Can't check class [simple type, class java.lang.String], java.lang.String
[DEBUG] resolveProperty [simple type, class java.lang.String]
[DEBUG] resolveProperty [simple type, class java.lang.Object]
[DEBUG] Can't check class [simple type, class java.lang.Object], java.lang.Object
[DEBUG] resolveProperty [simple type, class java.lang.Object]
[DEBUG] ModelConverters readAll from class io.electrum.giftcard.api.model.ErrorDetail
[DEBUG] resolve class io.electrum.giftcard.api.model.ErrorDetail
[DEBUG] trying extension com.github.kongchen.swagger.docgen.reader.ModelModifier@5f85ed26
[DEBUG] defineModel ErrorDetail io.swagger.models.ModelImpl@871e6c0f
[DEBUG] resolveProperty [simple type, class io.electrum.giftcard.api.model.ErrorDetail$ErrorType]
[DEBUG] Can't check class [simple type, class io.electrum.giftcard.api.model.ErrorDetail$ErrorType], io.electrum.giftcard.api.model.ErrorDetail$ErrorType
[DEBUG] resolveProperty [simple type, class io.electrum.giftcard.api.model.ErrorDetail$ErrorType]
[DEBUG] resolveProperty [simple type, class java.lang.String]
[DEBUG] Can't check class [simple type, class java.lang.String], java.lang.String
[DEBUG] resolveProperty [simple type, class java.lang.String]
[DEBUG] resolveProperty [simple type, class java.lang.Object]
[DEBUG] Can't check class [simple type, class java.lang.Object], java.lang.Object
[DEBUG] resolveProperty [simple type, class java.lang.Object]
[DEBUG] resolve class io.electrum.giftcard.api.model.ErrorDetail
[DEBUG] trying extension com.github.kongchen.swagger.docgen.reader.ModelModifier@5f85ed26
[DEBUG] defineModel ErrorDetail io.swagger.models.ModelImpl@871e6c0f
[DEBUG] resolveProperty [simple type, class io.electrum.giftcard.api.model.ErrorDetail$ErrorType]
[DEBUG] Can't check class [simple type, class io.electrum.giftcard.api.model.ErrorDetail$ErrorType], io.electrum.giftcard.api.model.ErrorDetail$ErrorType
[DEBUG] resolveProperty [simple type, class io.electrum.giftcard.api.model.ErrorDetail$ErrorType]
[DEBUG] resolveProperty [simple type, class java.lang.String]
[DEBUG] Can't check class [simple type, class java.lang.String], java.lang.String
[DEBUG] resolveProperty [simple type, class java.lang.String]
[DEBUG] resolveProperty [simple type, class java.lang.Object]
[DEBUG] Can't check class [simple type, class java.lang.Object], java.lang.Object
[DEBUG] resolveProperty [simple type, class java.lang.Object]
[DEBUG] ModelConverters readAll from class io.electrum.giftcard.api.model.ErrorDetail
[DEBUG] resolve class io.electrum.giftcard.api.model.ErrorDetail
[DEBUG] trying extension com.github.kongchen.swagger.docgen.reader.ModelModifier@5f85ed26
[DEBUG] defineModel ErrorDetail io.swagger.models.ModelImpl@871e6c0f
[DEBUG] resolveProperty [simple type, class io.electrum.giftcard.api.model.ErrorDetail$ErrorType]
[DEBUG] Can't check class [simple type, class io.electrum.giftcard.api.model.ErrorDetail$ErrorType], io.electrum.giftcard.api.model.ErrorDetail$ErrorType
[DEBUG] resolveProperty [simple type, class io.electrum.giftcard.api.model.ErrorDetail$ErrorType]
[DEBUG] resolveProperty [simple type, class java.lang.String]
[DEBUG] Can't check class [simple type, class java.lang.String], java.lang.String
[DEBUG] resolveProperty [simple type, class java.lang.String]
[DEBUG] resolveProperty [simple type, class java.lang.Object]
[DEBUG] Can't check class [simple type, class java.lang.Object], java.lang.Object
[DEBUG] resolveProperty [simple type, class java.lang.Object]
[DEBUG] resolve class io.electrum.giftcard.api.model.ErrorDetail
[DEBUG] trying extension com.github.kongchen.swagger.docgen.reader.ModelModifier@5f85ed26
[DEBUG] defineModel ErrorDetail io.swagger.models.ModelImpl@871e6c0f
[DEBUG] resolveProperty [simple type, class io.electrum.giftcard.api.model.ErrorDetail$ErrorType]
[DEBUG] Can't check class [simple type, class io.electrum.giftcard.api.model.ErrorDetail$ErrorType], io.electrum.giftcard.api.model.ErrorDetail$ErrorType
[DEBUG] resolveProperty [simple type, class io.electrum.giftcard.api.model.ErrorDetail$ErrorType]
[DEBUG] resolveProperty [simple type, class java.lang.String]
[DEBUG] Can't check class [simple type, class java.lang.String], java.lang.String
[DEBUG] resolveProperty [simple type, class java.lang.String]
[DEBUG] resolveProperty [simple type, class java.lang.Object]
[DEBUG] Can't check class [simple type, class java.lang.Object], java.lang.Object
[DEBUG] resolveProperty [simple type, class java.lang.Object]
[DEBUG] ModelConverters readAll from class io.electrum.giftcard.api.model.ErrorDetail
[DEBUG] resolve class io.electrum.giftcard.api.model.ErrorDetail
[DEBUG] trying extension com.github.kongchen.swagger.docgen.reader.ModelModifier@5f85ed26
[DEBUG] defineModel ErrorDetail io.swagger.models.ModelImpl@871e6c0f
[DEBUG] resolveProperty [simple type, class io.electrum.giftcard.api.model.ErrorDetail$ErrorType]
[DEBUG] Can't check class [simple type, class io.electrum.giftcard.api.model.ErrorDetail$ErrorType], io.electrum.giftcard.api.model.ErrorDetail$ErrorType
[DEBUG] resolveProperty [simple type, class io.electrum.giftcard.api.model.ErrorDetail$ErrorType]
[DEBUG] resolveProperty [simple type, class java.lang.String]
[DEBUG] Can't check class [simple type, class java.lang.String], java.lang.String
[DEBUG] resolveProperty [simple type, class java.lang.String]
[DEBUG] resolveProperty [simple type, class java.lang.Object]
[DEBUG] Can't check class [simple type, class java.lang.Object], java.lang.Object
[DEBUG] resolveProperty [simple type, class java.lang.Object]
[INFO] Looking for path/query/header/form/cookie params in class java.util.UUID
[INFO] trying extension com.github.kongchen.swagger.docgen.jaxrs.BeanParamInjectParamExtention@3adcbc57
[DEBUG] resolveProperty class java.util.UUID
[DEBUG] resolveProperty [simple type, class java.util.UUID]
[INFO] Looking for path/query/header/form/cookie params in class java.util.UUID
[INFO] trying extension com.github.kongchen.swagger.docgen.jaxrs.BeanParamInjectParamExtention@3adcbc57
[DEBUG] resolveProperty class java.util.UUID
[DEBUG] resolveProperty [simple type, class java.util.UUID]
[INFO] Looking for path/query/header/form/cookie params in class io.electrum.giftcard.api.model.RedemptionReversal
[INFO] trying extension com.github.kongchen.swagger.docgen.jaxrs.BeanParamInjectParamExtention@3adcbc57
[INFO] Looking for body params in class io.electrum.giftcard.api.model.RedemptionReversal
[DEBUG] picking up response class from method public final void io.electrum.giftcard.api.LoadsResource.load(java.util.UUID,io.electrum.giftcard.api.model.LoadRequest,javax.ws.rs.core.SecurityContext,javax.ws.rs.container.AsyncResponse,javax.ws.rs.core.HttpHeaders,javax.ws.rs.core.UriInfo,javax.servlet.http.HttpServletRequest)
[DEBUG] resolveProperty void
[DEBUG] resolveProperty [simple type, class void]
[DEBUG] resolve [simple type, class void]
[DEBUG] trying extension com.github.kongchen.swagger.docgen.reader.ModelModifier@5f85ed26
[DEBUG] Can't check class [simple type, class void], void
[DEBUG] defineModel void io.swagger.models.ModelImpl@bafd15c1
[DEBUG] resolveProperty class java.lang.String
[DEBUG] resolveProperty [simple type, class java.lang.String]
[DEBUG] resolve class io.electrum.giftcard.api.model.LoadResponse
[DEBUG] trying extension com.github.kongchen.swagger.docgen.reader.ModelModifier@5f85ed26
[DEBUG] defineModel LoadResponse io.swagger.models.ModelImpl@a6bfc105
[DEBUG] resolveProperty [simple type, class java.util.UUID]
[DEBUG] Can't check class [simple type, class java.util.UUID], java.util.UUID
[DEBUG] resolveProperty [simple type, class java.util.UUID]
[DEBUG] resolveProperty [simple type, class org.joda.time.DateTime]
[DEBUG] Can't check class [simple type, class org.joda.time.DateTime], org.joda.time.DateTime
[DEBUG] resolveProperty [simple type, class org.joda.time.DateTime]
[DEBUG] resolveProperty [simple type, class io.electrum.vas.model.Originator]
[DEBUG] Can't check class [simple type, class io.electrum.vas.model.Originator], io.electrum.vas.model.Originator
[DEBUG] resolveProperty [simple type, class io.electrum.vas.model.Originator]
[DEBUG] resolve [simple type, class io.electrum.vas.model.Originator]
[DEBUG] trying extension com.github.kongchen.swagger.docgen.reader.ModelModifier@5f85ed26
[DEBUG] Can't check class [simple type, class io.electrum.vas.model.Originator], io.electrum.vas.model.Originator
[DEBUG] defineModel Originator io.swagger.models.ModelImpl@b5a2eab5
[DEBUG] resolveProperty [simple type, class io.electrum.vas.model.Institution]
[DEBUG] Can't check class [simple type, class io.electrum.vas.model.Institution], io.electrum.vas.model.Institution
[DEBUG] resolveProperty [simple type, class io.electrum.vas.model.Institution]
[DEBUG] resolve [simple type, class io.electrum.vas.model.Institution]
[DEBUG] trying extension com.github.kongchen.swagger.docgen.reader.ModelModifier@5f85ed26
[DEBUG] Can't check class [simple type, class io.electrum.vas.model.Institution], io.electrum.vas.model.Institution
[DEBUG] defineModel Institution io.swagger.models.ModelImpl@d03232cb
[DEBUG] resolveProperty [simple type, class java.lang.String]
[DEBUG] Can't check class [simple type, class java.lang.String], java.lang.String
[DEBUG] resolveProperty [simple type, class java.lang.String]
[DEBUG] resolveProperty [simple type, class java.lang.String]
[DEBUG] Can't check class [simple type, class java.lang.String], java.lang.String
[DEBUG] resolveProperty [simple type, class java.lang.String]
[DEBUG] resolveProperty [simple type, class java.lang.String]
[DEBUG] Can't check class [simple type, class java.lang.String], java.lang.String
[DEBUG] resolveProperty [simple type, class java.lang.String]
[DEBUG] resolveProperty [simple type, class io.electrum.vas.model.Merchant]
[DEBUG] Can't check class [simple type, class io.electrum.vas.model.Merchant], io.electrum.vas.model.Merchant
[DEBUG] resolveProperty [simple type, class io.electrum.vas.model.Merchant]
[DEBUG] resolve [simple type, class io.electrum.vas.model.Merchant]
[DEBUG] trying extension com.github.kongchen.swagger.docgen.reader.ModelModifier@5f85ed26
[DEBUG] Can't check class [simple type, class io.electrum.vas.model.Merchant], io.electrum.vas.model.Merchant
[DEBUG] defineModel Merchant io.swagger.models.ModelImpl@df763188
[DEBUG] resolveProperty [simple type, class java.lang.String]
[DEBUG] Can't check class [simple type, class java.lang.String], java.lang.String
[DEBUG] resolveProperty [simple type, class java.lang.String]
[DEBUG] resolveProperty [simple type, class java.lang.String]
[DEBUG] Can't check class [simple type, class java.lang.String], java.lang.String
[DEBUG] resolveProperty [simple type, class java.lang.String]
[DEBUG] resolveProperty [simple type, class io.electrum.vas.model.MerchantName]
[DEBUG] Can't check class [simple type, class io.electrum.vas.model.MerchantName], io.electrum.vas.model.MerchantName
[DEBUG] resolveProperty [simple type, class io.electrum.vas.model.MerchantName]
[DEBUG] resolve [simple type, class io.electrum.vas.model.MerchantName]
[DEBUG] trying extension com.github.kongchen.swagger.docgen.reader.ModelModifier@5f85ed26
[DEBUG] Can't check class [simple type, class io.electrum.vas.model.MerchantName], io.electrum.vas.model.MerchantName
[DEBUG] defineModel MerchantName io.swagger.models.ModelImpl@d4b5ad4f
[DEBUG] resolveProperty [simple type, class java.lang.String]
[DEBUG] Can't check class [simple type, class java.lang.String], java.lang.String
[DEBUG] resolveProperty [simple type, class java.lang.String]
[DEBUG] resolveProperty [simple type, class java.lang.String]
[DEBUG] Can't check class [simple type, class java.lang.String], java.lang.String
[DEBUG] resolveProperty [simple type, class java.lang.String]
[DEBUG] resolveProperty [simple type, class java.lang.String]
[DEBUG] Can't check class [simple type, class java.lang.String], java.lang.String
[DEBUG] resolveProperty [simple type, class java.lang.String]
[DEBUG] resolveProperty [simple type, class java.lang.String]
[DEBUG] Can't check class [simple type, class java.lang.String], java.lang.String
[DEBUG] resolveProperty [simple type, class java.lang.String]
[DEBUG] resolveProperty [simple type, class io.electrum.vas.model.Institution]
[DEBUG] Can't check class [simple type, class io.electrum.vas.model.Institution], io.electrum.vas.model.Institution
[DEBUG] resolveProperty [simple type, class io.electrum.vas.model.Institution]
[DEBUG] resolveProperty [simple type, class io.electrum.vas.model.Institution]
[DEBUG] Can't check class [simple type, class io.electrum.vas.model.Institution], io.electrum.vas.model.Institution
[DEBUG] resolveProperty [simple type, class io.electrum.vas.model.Institution]
[DEBUG] resolveProperty [simple type, class io.electrum.vas.model.Institution]
[DEBUG] Can't check class [simple type, class io.electrum.vas.model.Institution], io.electrum.vas.model.Institution
[DEBUG] resolveProperty [simple type, class io.electrum.vas.model.Institution]
[DEBUG] resolveProperty [collection type; class java.util.List, contains [simple type, class io.electrum.vas.model.ThirdPartyIdentifier]]
[DEBUG] Can't check class [collection type; class java.util.List, contains [simple type, class io.electrum.vas.model.ThirdPartyIdentifier]], java.util.List
[DEBUG] resolveProperty [collection type; class java.util.List, contains [simple type, class io.electrum.vas.model.ThirdPartyIdentifier]]
[DEBUG] resolveProperty [simple type, class io.electrum.vas.model.ThirdPartyIdentifier]
[DEBUG] Can't check class [simple type, class io.electrum.vas.model.ThirdPartyIdentifier], io.electrum.vas.model.ThirdPartyIdentifier
[DEBUG] resolveProperty [simple type, class io.electrum.vas.model.ThirdPartyIdentifier]
[DEBUG] resolve [simple type, class io.electrum.vas.model.ThirdPartyIdentifier]
[DEBUG] trying extension com.github.kongchen.swagger.docgen.reader.ModelModifier@5f85ed26
[DEBUG] Can't check class [simple type, class io.electrum.vas.model.ThirdPartyIdentifier], io.electrum.vas.model.ThirdPartyIdentifier
[DEBUG] defineModel ThirdPartyIdentifier io.swagger.models.ModelImpl@e8191324
[DEBUG] resolveProperty [simple type, class java.lang.String]
[DEBUG] Can't check class [simple type, class java.lang.String], java.lang.String
[DEBUG] resolveProperty [simple type, class java.lang.String]
[DEBUG] resolveProperty [simple type, class java.lang.String]
[DEBUG] Can't check class [simple type, class java.lang.String], java.lang.String
[DEBUG] resolveProperty [simple type, class java.lang.String]
[DEBUG] resolveProperty [simple type, class io.electrum.vas.model.Amounts]
[DEBUG] Can't check class [simple type, class io.electrum.vas.model.Amounts], io.electrum.vas.model.Amounts
[DEBUG] resolveProperty [simple type, class io.electrum.vas.model.Amounts]
[DEBUG] resolve [simple type, class io.electrum.vas.model.Amounts]
[DEBUG] trying extension com.github.kongchen.swagger.docgen.reader.ModelModifier@5f85ed26
[DEBUG] Can't check class [simple type, class io.electrum.vas.model.Amounts], io.electrum.vas.model.Amounts
[DEBUG] defineModel Amounts io.swagger.models.ModelImpl@e5de713d
[DEBUG] resolveProperty [simple type, class io.electrum.vas.model.LedgerAmount]
[DEBUG] Can't check class [simple type, class io.electrum.vas.model.LedgerAmount], io.electrum.vas.model.LedgerAmount
[DEBUG] resolveProperty [simple type, class io.electrum.vas.model.LedgerAmount]
[DEBUG] resolve [simple type, class io.electrum.vas.model.LedgerAmount]
[DEBUG] trying extension com.github.kongchen.swagger.docgen.reader.ModelModifier@5f85ed26
[DEBUG] Can't check class [simple type, class io.electrum.vas.model.LedgerAmount], io.electrum.vas.model.LedgerAmount
[DEBUG] defineModel LedgerAmount io.swagger.models.ModelImpl@d9bc4218
[DEBUG] resolveProperty [simple type, class java.lang.Long]
[DEBUG] Can't check class [simple type, class java.lang.Long], java.lang.Long
[DEBUG] resolveProperty [simple type, class java.lang.Long]
[DEBUG] resolveProperty [simple type, class java.lang.String]
[DEBUG] Can't check class [simple type, class java.lang.String], java.lang.String
[DEBUG] resolveProperty [simple type, class java.lang.String]
[DEBUG] resolveProperty [simple type, class io.electrum.vas.model.LedgerAmount$LedgerIndicator]
[DEBUG] Can't check class [simple type, class io.electrum.vas.model.LedgerAmount$LedgerIndicator], io.electrum.vas.model.LedgerAmount$LedgerIndicator
[DEBUG] resolveProperty [simple type, class io.electrum.vas.model.LedgerAmount$LedgerIndicator]
[DEBUG] resolveProperty [simple type, class io.electrum.vas.model.LedgerAmount]
[DEBUG] Can't check class [simple type, class io.electrum.vas.model.LedgerAmount], io.electrum.vas.model.LedgerAmount
[DEBUG] resolveProperty [simple type, class io.electrum.vas.model.LedgerAmount]
[DEBUG] resolveProperty [simple type, class io.electrum.vas.model.LedgerAmount]
[DEBUG] Can't check class [simple type, class io.electrum.vas.model.LedgerAmount], io.electrum.vas.model.LedgerAmount
[DEBUG] resolveProperty [simple type, class io.electrum.vas.model.LedgerAmount]
[DEBUG] resolveProperty [simple type, class io.electrum.vas.model.LedgerAmount]
[DEBUG] Can't check class [simple type, class io.electrum.vas.model.LedgerAmount], io.electrum.vas.model.LedgerAmount
[DEBUG] resolveProperty [simple type, class io.electrum.vas.model.LedgerAmount]
[DEBUG] resolveProperty [simple type, class io.electrum.giftcard.api.model.Card]
[DEBUG] Can't check class [simple type, class io.electrum.giftcard.api.model.Card], io.electrum.giftcard.api.model.Card
[DEBUG] resolveProperty [simple type, class io.electrum.giftcard.api.model.Card]
[DEBUG] resolve [simple type, class io.electrum.giftcard.api.model.Card]
[DEBUG] trying extension com.github.kongchen.swagger.docgen.reader.ModelModifier@5f85ed26
[DEBUG] Can't check class [simple type, class io.electrum.giftcard.api.model.Card], io.electrum.giftcard.api.model.Card
[DEBUG] defineModel Card io.swagger.models.ModelImpl@4866fd27
[DEBUG] resolveProperty [simple type, class java.lang.String]
[DEBUG] Can't check class [simple type, class java.lang.String], java.lang.String
[DEBUG] resolveProperty [simple type, class java.lang.String]
[DEBUG] resolveProperty [simple type, class java.lang.String]
[DEBUG] Can't check class [simple type, class java.lang.String], java.lang.String
[DEBUG] resolveProperty [simple type, class java.lang.String]
[DEBUG] resolveProperty [simple type, class java.lang.String]
[DEBUG] Can't check class [simple type, class java.lang.String], java.lang.String
[DEBUG] resolveProperty [simple type, class java.lang.String]
[DEBUG] resolveProperty [simple type, class java.lang.String]
[DEBUG] Can't check class [simple type, class java.lang.String], java.lang.String
[DEBUG] resolveProperty [simple type, class java.lang.String]
[DEBUG] resolveProperty [simple type, class io.electrum.giftcard.api.model.PosInfo]
[DEBUG] Can't check class [simple type, class io.electrum.giftcard.api.model.PosInfo], io.electrum.giftcard.api.model.PosInfo
[DEBUG] resolveProperty [simple type, class io.electrum.giftcard.api.model.PosInfo]
[DEBUG] resolve [simple type, class io.electrum.giftcard.api.model.PosInfo]
[DEBUG] trying extension com.github.kongchen.swagger.docgen.reader.ModelModifier@5f85ed26
[DEBUG] Can't check class [simple type, class io.electrum.giftcard.api.model.PosInfo], io.electrum.giftcard.api.model.PosInfo
[DEBUG] defineModel PosInfo io.swagger.models.ModelImpl@54a3fbf6
[DEBUG] resolveProperty [simple type, class io.electrum.giftcard.api.model.PosEntryMode]
[DEBUG] Can't check class [simple type, class io.electrum.giftcard.api.model.PosEntryMode], io.electrum.giftcard.api.model.PosEntryMode
[DEBUG] resolveProperty [simple type, class io.electrum.giftcard.api.model.PosEntryMode]
[DEBUG] resolve [simple type, class io.electrum.giftcard.api.model.PosEntryMode]
[DEBUG] trying extension com.github.kongchen.swagger.docgen.reader.ModelModifier@5f85ed26
[DEBUG] Can't check class [simple type, class io.electrum.giftcard.api.model.PosEntryMode], io.electrum.giftcard.api.model.PosEntryMode
[DEBUG] defineModel PosEntryMode io.swagger.models.ModelImpl@4728cd75
[DEBUG] resolveProperty [simple type, class io.electrum.giftcard.api.model.PosEntryMode$PanEntryMode]
[DEBUG] Can't check class [simple type, class io.electrum.giftcard.api.model.PosEntryMode$PanEntryMode], io.electrum.giftcard.api.model.PosEntryMode$PanEntryMode
[DEBUG] resolveProperty [simple type, class io.electrum.giftcard.api.model.PosEntryMode$PanEntryMode]
[DEBUG] resolveProperty [simple type, class io.electrum.giftcard.api.model.PosEntryMode$PinEntryCapability]
[DEBUG] Can't check class [simple type, class io.electrum.giftcard.api.model.PosEntryMode$PinEntryCapability], io.electrum.giftcard.api.model.PosEntryMode$PinEntryCapability
[DEBUG] resolveProperty [simple type, class io.electrum.giftcard.api.model.PosEntryMode$PinEntryCapability]
[DEBUG] resolveProperty [simple type, class io.electrum.giftcard.api.model.Product]
[DEBUG] Can't check class [simple type, class io.electrum.giftcard.api.model.Product], io.electrum.giftcard.api.model.Product
[DEBUG] resolveProperty [simple type, class io.electrum.giftcard.api.model.Product]
[DEBUG] resolve [simple type, class io.electrum.giftcard.api.model.Product]
[DEBUG] trying extension com.github.kongchen.swagger.docgen.reader.ModelModifier@5f85ed26
[DEBUG] Can't check class [simple type, class io.electrum.giftcard.api.model.Product], io.electrum.giftcard.api.model.Product
[DEBUG] defineModel Product io.swagger.models.ModelImpl@b0b973
[DEBUG] resolveProperty [simple type, class java.lang.String]
[DEBUG] Can't check class [simple type, class java.lang.String], java.lang.String
[DEBUG] resolveProperty [simple type, class java.lang.String]
[DEBUG] resolveProperty [simple type, class java.lang.String]
[DEBUG] Can't check class [simple type, class java.lang.String], java.lang.String
[DEBUG] resolveProperty [simple type, class java.lang.String]
[DEBUG] resolveProperty [simple type, class java.lang.String]
[DEBUG] Can't check class [simple type, class java.lang.String], java.lang.String
[DEBUG] resolveProperty [simple type, class java.lang.String]
[DEBUG] resolveProperty [simple type, class io.electrum.giftcard.api.model.SlipData]
[DEBUG] Can't check class [simple type, class io.electrum.giftcard.api.model.SlipData], io.electrum.giftcard.api.model.SlipData
[DEBUG] resolveProperty [simple type, class io.electrum.giftcard.api.model.SlipData]
[DEBUG] resolve [simple type, class io.electrum.giftcard.api.model.SlipData]
[DEBUG] trying extension com.github.kongchen.swagger.docgen.reader.ModelModifier@5f85ed26
[DEBUG] Can't check class [simple type, class io.electrum.giftcard.api.model.SlipData], io.electrum.giftcard.api.model.SlipData
[DEBUG] defineModel SlipData io.swagger.models.ModelImpl@c9b6b57e
[DEBUG] resolveProperty [simple type, class java.lang.String]
[DEBUG] Can't check class [simple type, class java.lang.String], java.lang.String
[DEBUG] resolveProperty [simple type, class java.lang.String]
[DEBUG] resolveProperty [collection type; class java.util.List, contains [simple type, class java.lang.String]]
[DEBUG] Can't check class [collection type; class java.util.List, contains [simple type, class java.lang.String]], java.util.List
[DEBUG] resolveProperty [collection type; class java.util.List, contains [simple type, class java.lang.String]]
[DEBUG] resolveProperty [simple type, class java.lang.String]
[DEBUG] Can't check class [simple type, class java.lang.String], java.lang.String
[DEBUG] resolveProperty [simple type, class java.lang.String]
[DEBUG] ModelConverters readAll from class io.electrum.giftcard.api.model.LoadResponse
[DEBUG] resolve class io.electrum.giftcard.api.model.LoadResponse
[DEBUG] trying extension com.github.kongchen.swagger.docgen.reader.ModelModifier@5f85ed26
[DEBUG] defineModel LoadResponse io.swagger.models.ModelImpl@a6bfc105
[DEBUG] resolveProperty [simple type, class java.util.UUID]
[DEBUG] Can't check class [simple type, class java.util.UUID], java.util.UUID
[DEBUG] resolveProperty [simple type, class java.util.UUID]
[DEBUG] resolveProperty [simple type, class org.joda.time.DateTime]
[DEBUG] Can't check class [simple type, class org.joda.time.DateTime], org.joda.time.DateTime
[DEBUG] resolveProperty [simple type, class org.joda.time.DateTime]
[DEBUG] resolveProperty [simple type, class io.electrum.vas.model.Originator]
[DEBUG] Can't check class [simple type, class io.electrum.vas.model.Originator], io.electrum.vas.model.Originator
[DEBUG] resolveProperty [simple type, class io.electrum.vas.model.Originator]
[DEBUG] resolve [simple type, class io.electrum.vas.model.Originator]
[DEBUG] trying extension com.github.kongchen.swagger.docgen.reader.ModelModifier@5f85ed26
[DEBUG] Can't check class [simple type, class io.electrum.vas.model.Originator], io.electrum.vas.model.Originator
[DEBUG] defineModel Originator io.swagger.models.ModelImpl@b5a2eab5
[DEBUG] resolveProperty [simple type, class io.electrum.vas.model.Institution]
[DEBUG] Can't check class [simple type, class io.electrum.vas.model.Institution], io.electrum.vas.model.Institution
[DEBUG] resolveProperty [simple type, class io.electrum.vas.model.Institution]
[DEBUG] resolve [simple type, class io.electrum.vas.model.Institution]
[DEBUG] trying extension com.github.kongchen.swagger.docgen.reader.ModelModifier@5f85ed26
[DEBUG] Can't check class [simple type, class io.electrum.vas.model.Institution], io.electrum.vas.model.Institution
[DEBUG] defineModel Institution io.swagger.models.ModelImpl@d03232cb
[DEBUG] resolveProperty [simple type, class java.lang.String]
[DEBUG] Can't check class [simple type, class java.lang.String], java.lang.String
[DEBUG] resolveProperty [simple type, class java.lang.String]
[DEBUG] resolveProperty [simple type, class java.lang.String]
[DEBUG] Can't check class [simple type, class java.lang.String], java.lang.String
[DEBUG] resolveProperty [simple type, class java.lang.String]
[DEBUG] resolveProperty [simple type, class java.lang.String]
[DEBUG] Can't check class [simple type, class java.lang.String], java.lang.String
[DEBUG] resolveProperty [simple type, class java.lang.String]
[DEBUG] resolveProperty [simple type, class io.electrum.vas.model.Merchant]
[DEBUG] Can't check class [simple type, class io.electrum.vas.model.Merchant], io.electrum.vas.model.Merchant
[DEBUG] resolveProperty [simple type, class io.electrum.vas.model.Merchant]
[DEBUG] resolve [simple type, class io.electrum.vas.model.Merchant]
[DEBUG] trying extension com.github.kongchen.swagger.docgen.reader.ModelModifier@5f85ed26
[DEBUG] Can't check class [simple type, class io.electrum.vas.model.Merchant], io.electrum.vas.model.Merchant
[DEBUG] defineModel Merchant io.swagger.models.ModelImpl@df763188
[DEBUG] resolveProperty [simple type, class java.lang.String]
[DEBUG] Can't check class [simple type, class java.lang.String], java.lang.String
[DEBUG] resolveProperty [simple type, class java.lang.String]
[DEBUG] resolveProperty [simple type, class java.lang.String]
[DEBUG] Can't check class [simple type, class java.lang.String], java.lang.String
[DEBUG] resolveProperty [simple type, class java.lang.String]
[DEBUG] resolveProperty [simple type, class io.electrum.vas.model.MerchantName]
[DEBUG] Can't check class [simple type, class io.electrum.vas.model.MerchantName], io.electrum.vas.model.MerchantName
[DEBUG] resolveProperty [simple type, class io.electrum.vas.model.MerchantName]
[DEBUG] resolve [simple type, class io.electrum.vas.model.MerchantName]
[DEBUG] trying extension com.github.kongchen.swagger.docgen.reader.ModelModifier@5f85ed26
[DEBUG] Can't check class [simple type, class io.electrum.vas.model.MerchantName], io.electrum.vas.model.MerchantName
[DEBUG] defineModel MerchantName io.swagger.models.ModelImpl@d4b5ad4f
[DEBUG] resolveProperty [simple type, class java.lang.String]
[DEBUG] Can't check class [simple type, class java.lang.String], java.lang.String
[DEBUG] resolveProperty [simple type, class java.lang.String]
[DEBUG] resolveProperty [simple type, class java.lang.String]
[DEBUG] Can't check class [simple type, class java.lang.String], java.lang.String
[DEBUG] resolveProperty [simple type, class java.lang.String]
[DEBUG] resolveProperty [simple type, class java.lang.String]
[DEBUG] Can't check class [simple type, class java.lang.String], java.lang.String
[DEBUG] resolveProperty [simple type, class java.lang.String]
[DEBUG] resolveProperty [simple type, class java.lang.String]
[DEBUG] Can't check class [simple type, class java.lang.String], java.lang.String
[DEBUG] resolveProperty [simple type, class java.lang.String]
[DEBUG] resolveProperty [simple type, class io.electrum.vas.model.Institution]
[DEBUG] Can't check class [simple type, class io.electrum.vas.model.Institution], io.electrum.vas.model.Institution
[DEBUG] resolveProperty [simple type, class io.electrum.vas.model.Institution]
[DEBUG] resolveProperty [simple type, class io.electrum.vas.model.Institution]
[DEBUG] Can't check class [simple type, class io.electrum.vas.model.Institution], io.electrum.vas.model.Institution
[DEBUG] resolveProperty [simple type, class io.electrum.vas.model.Institution]
[DEBUG] resolveProperty [simple type, class io.electrum.vas.model.Institution]
[DEBUG] Can't check class [simple type, class io.electrum.vas.model.Institution], io.electrum.vas.model.Institution
[DEBUG] resolveProperty [simple type, class io.electrum.vas.model.Institution]
[DEBUG] resolveProperty [collection type; class java.util.List, contains [simple type, class io.electrum.vas.model.ThirdPartyIdentifier]]
[DEBUG] Can't check class [collection type; class java.util.List, contains [simple type, class io.electrum.vas.model.ThirdPartyIdentifier]], java.util.List
[DEBUG] resolveProperty [collection type; class java.util.List, contains [simple type, class io.electrum.vas.model.ThirdPartyIdentifier]]
[DEBUG] resolveProperty [simple type, class io.electrum.vas.model.ThirdPartyIdentifier]
[DEBUG] Can't check class [simple type, class io.electrum.vas.model.ThirdPartyIdentifier], io.electrum.vas.model.ThirdPartyIdentifier
[DEBUG] resolveProperty [simple type, class io.electrum.vas.model.ThirdPartyIdentifier]
[DEBUG] resolve [simple type, class io.electrum.vas.model.ThirdPartyIdentifier]
[DEBUG] trying extension com.github.kongchen.swagger.docgen.reader.ModelModifier@5f85ed26
[DEBUG] Can't check class [simple type, class io.electrum.vas.model.ThirdPartyIdentifier], io.electrum.vas.model.ThirdPartyIdentifier
[DEBUG] defineModel ThirdPartyIdentifier io.swagger.models.ModelImpl@e8191324
[DEBUG] resolveProperty [simple type, class java.lang.String]
[DEBUG] Can't check class [simple type, class java.lang.String], java.lang.String
[DEBUG] resolveProperty [simple type, class java.lang.String]
[DEBUG] resolveProperty [simple type, class java.lang.String]
[DEBUG] Can't check class [simple type, class java.lang.String], java.lang.String
[DEBUG] resolveProperty [simple type, class java.lang.String]
[DEBUG] resolveProperty [simple type, class io.electrum.vas.model.Amounts]
[DEBUG] Can't check class [simple type, class io.electrum.vas.model.Amounts], io.electrum.vas.model.Amounts
[DEBUG] resolveProperty [simple type, class io.electrum.vas.model.Amounts]
[DEBUG] resolve [simple type, class io.electrum.vas.model.Amounts]
[DEBUG] trying extension com.github.kongchen.swagger.docgen.reader.ModelModifier@5f85ed26
[DEBUG] Can't check class [simple type, class io.electrum.vas.model.Amounts], io.electrum.vas.model.Amounts
[DEBUG] defineModel Amounts io.swagger.models.ModelImpl@e5de713d
[DEBUG] resolveProperty [simple type, class io.electrum.vas.model.LedgerAmount]
[DEBUG] Can't check class [simple type, class io.electrum.vas.model.LedgerAmount], io.electrum.vas.model.LedgerAmount
[DEBUG] resolveProperty [simple type, class io.electrum.vas.model.LedgerAmount]
[DEBUG] resolve [simple type, class io.electrum.vas.model.LedgerAmount]
[DEBUG] trying extension com.github.kongchen.swagger.docgen.reader.ModelModifier@5f85ed26
[DEBUG] Can't check class [simple type, class io.electrum.vas.model.LedgerAmount], io.electrum.vas.model.LedgerAmount
[DEBUG] defineModel LedgerAmount io.swagger.models.ModelImpl@d9bc4218
[DEBUG] resolveProperty [simple type, class java.lang.Long]
[DEBUG] Can't check class [simple type, class java.lang.Long], java.lang.Long
[DEBUG] resolveProperty [simple type, class java.lang.Long]
[DEBUG] resolveProperty [simple type, class java.lang.String]
[DEBUG] Can't check class [simple type, class java.lang.String], java.lang.String
[DEBUG] resolveProperty [simple type, class java.lang.String]
[DEBUG] resolveProperty [simple type, class io.electrum.vas.model.LedgerAmount$LedgerIndicator]
[DEBUG] Can't check class [simple type, class io.electrum.vas.model.LedgerAmount$LedgerIndicator], io.electrum.vas.model.LedgerAmount$LedgerIndicator
[DEBUG] resolveProperty [simple type, class io.electrum.vas.model.LedgerAmount$LedgerIndicator]
[DEBUG] resolveProperty [simple type, class io.electrum.vas.model.LedgerAmount]
[DEBUG] Can't check class [simple type, class io.electrum.vas.model.LedgerAmount], io.electrum.vas.model.LedgerAmount
[DEBUG] resolveProperty [simple type, class io.electrum.vas.model.LedgerAmount]
[DEBUG] resolveProperty [simple type, class io.electrum.vas.model.LedgerAmount]
[DEBUG] Can't check class [simple type, class io.electrum.vas.model.LedgerAmount], io.electrum.vas.model.LedgerAmount
[DEBUG] resolveProperty [simple type, class io.electrum.vas.model.LedgerAmount]
[DEBUG] resolveProperty [simple type, class io.electrum.vas.model.LedgerAmount]
[DEBUG] Can't check class [simple type, class io.electrum.vas.model.LedgerAmount], io.electrum.vas.model.LedgerAmount
[DEBUG] resolveProperty [simple type, class io.electrum.vas.model.LedgerAmount]
[DEBUG] resolveProperty [simple type, class io.electrum.giftcard.api.model.Card]
[DEBUG] Can't check class [simple type, class io.electrum.giftcard.api.model.Card], io.electrum.giftcard.api.model.Card
[DEBUG] resolveProperty [simple type, class io.electrum.giftcard.api.model.Card]
[DEBUG] resolve [simple type, class io.electrum.giftcard.api.model.Card]
[DEBUG] trying extension com.github.kongchen.swagger.docgen.reader.ModelModifier@5f85ed26
[DEBUG] Can't check class [simple type, class io.electrum.giftcard.api.model.Card], io.electrum.giftcard.api.model.Card
[DEBUG] defineModel Card io.swagger.models.ModelImpl@4866fd27
[DEBUG] resolveProperty [simple type, class java.lang.String]
[DEBUG] Can't check class [simple type, class java.lang.String], java.lang.String
[DEBUG] resolveProperty [simple type, class java.lang.String]
[DEBUG] resolveProperty [simple type, class java.lang.String]
[DEBUG] Can't check class [simple type, class java.lang.String], java.lang.String
[DEBUG] resolveProperty [simple type, class java.lang.String]
[DEBUG] resolveProperty [simple type, class java.lang.String]
[DEBUG] Can't check class [simple type, class java.lang.String], java.lang.String
[DEBUG] resolveProperty [simple type, class java.lang.String]
[DEBUG] resolveProperty [simple type, class java.lang.String]
[DEBUG] Can't check class [simple type, class java.lang.String], java.lang.String
[DEBUG] resolveProperty [simple type, class java.lang.String]
[DEBUG] resolveProperty [simple type, class io.electrum.giftcard.api.model.PosInfo]
[DEBUG] Can't check class [simple type, class io.electrum.giftcard.api.model.PosInfo], io.electrum.giftcard.api.model.PosInfo
[DEBUG] resolveProperty [simple type, class io.electrum.giftcard.api.model.PosInfo]
[DEBUG] resolve [simple type, class io.electrum.giftcard.api.model.PosInfo]
[DEBUG] trying extension com.github.kongchen.swagger.docgen.reader.ModelModifier@5f85ed26
[DEBUG] Can't check class [simple type, class io.electrum.giftcard.api.model.PosInfo], io.electrum.giftcard.api.model.PosInfo
[DEBUG] defineModel PosInfo io.swagger.models.ModelImpl@54a3fbf6
[DEBUG] resolveProperty [simple type, class io.electrum.giftcard.api.model.PosEntryMode]
[DEBUG] Can't check class [simple type, class io.electrum.giftcard.api.model.PosEntryMode], io.electrum.giftcard.api.model.PosEntryMode
[DEBUG] resolveProperty [simple type, class io.electrum.giftcard.api.model.PosEntryMode]
[DEBUG] resolve [simple type, class io.electrum.giftcard.api.model.PosEntryMode]
[DEBUG] trying extension com.github.kongchen.swagger.docgen.reader.ModelModifier@5f85ed26
[DEBUG] Can't check class [simple type, class io.electrum.giftcard.api.model.PosEntryMode], io.electrum.giftcard.api.model.PosEntryMode
[DEBUG] defineModel PosEntryMode io.swagger.models.ModelImpl@4728cd75
[DEBUG] resolveProperty [simple type, class io.electrum.giftcard.api.model.PosEntryMode$PanEntryMode]
[DEBUG] Can't check class [simple type, class io.electrum.giftcard.api.model.PosEntryMode$PanEntryMode], io.electrum.giftcard.api.model.PosEntryMode$PanEntryMode
[DEBUG] resolveProperty [simple type, class io.electrum.giftcard.api.model.PosEntryMode$PanEntryMode]
[DEBUG] resolveProperty [simple type, class io.electrum.giftcard.api.model.PosEntryMode$PinEntryCapability]
[DEBUG] Can't check class [simple type, class io.electrum.giftcard.api.model.PosEntryMode$PinEntryCapability], io.electrum.giftcard.api.model.PosEntryMode$PinEntryCapability
[DEBUG] resolveProperty [simple type, class io.electrum.giftcard.api.model.PosEntryMode$PinEntryCapability]
[DEBUG] resolveProperty [simple type, class io.electrum.giftcard.api.model.Product]
[DEBUG] Can't check class [simple type, class io.electrum.giftcard.api.model.Product], io.electrum.giftcard.api.model.Product
[DEBUG] resolveProperty [simple type, class io.electrum.giftcard.api.model.Product]
[DEBUG] resolve [simple type, class io.electrum.giftcard.api.model.Product]
[DEBUG] trying extension com.github.kongchen.swagger.docgen.reader.ModelModifier@5f85ed26
[DEBUG] Can't check class [simple type, class io.electrum.giftcard.api.model.Product], io.electrum.giftcard.api.model.Product
[DEBUG] defineModel Product io.swagger.models.ModelImpl@b0b973
[DEBUG] resolveProperty [simple type, class java.lang.String]
[DEBUG] Can't check class [simple type, class java.lang.String], java.lang.String
[DEBUG] resolveProperty [simple type, class java.lang.String]
[DEBUG] resolveProperty [simple type, class java.lang.String]
[DEBUG] Can't check class [simple type, class java.lang.String], java.lang.String
[DEBUG] resolveProperty [simple type, class java.lang.String]
[DEBUG] resolveProperty [simple type, class java.lang.String]
[DEBUG] Can't check class [simple type, class java.lang.String], java.lang.String
[DEBUG] resolveProperty [simple type, class java.lang.String]
[DEBUG] resolveProperty [simple type, class io.electrum.giftcard.api.model.SlipData]
[DEBUG] Can't check class [simple type, class io.electrum.giftcard.api.model.SlipData], io.electrum.giftcard.api.model.SlipData
[DEBUG] resolveProperty [simple type, class io.electrum.giftcard.api.model.SlipData]
[DEBUG] resolve [simple type, class io.electrum.giftcard.api.model.SlipData]
[DEBUG] trying extension com.github.kongchen.swagger.docgen.reader.ModelModifier@5f85ed26
[DEBUG] Can't check class [simple type, class io.electrum.giftcard.api.model.SlipData], io.electrum.giftcard.api.model.SlipData
[DEBUG] defineModel SlipData io.swagger.models.ModelImpl@c9b6b57e
[DEBUG] resolveProperty [simple type, class java.lang.String]
[DEBUG] Can't check class [simple type, class java.lang.String], java.lang.String
[DEBUG] resolveProperty [simple type, class java.lang.String]
[DEBUG] resolveProperty [collection type; class java.util.List, contains [simple type, class java.lang.String]]
[DEBUG] Can't check class [collection type; class java.util.List, contains [simple type, class java.lang.String]], java.util.List
[DEBUG] resolveProperty [collection type; class java.util.List, contains [simple type, class java.lang.String]]
[DEBUG] resolveProperty [simple type, class java.lang.String]
[DEBUG] Can't check class [simple type, class java.lang.String], java.lang.String
[DEBUG] resolveProperty [simple type, class java.lang.String]
[DEBUG] resolve class io.electrum.giftcard.api.model.ErrorDetail
[DEBUG] trying extension com.github.kongchen.swagger.docgen.reader.ModelModifier@5f85ed26
[DEBUG] defineModel ErrorDetail io.swagger.models.ModelImpl@871e6c0f
[DEBUG] resolveProperty [simple type, class io.electrum.giftcard.api.model.ErrorDetail$ErrorType]
[DEBUG] Can't check class [simple type, class io.electrum.giftcard.api.model.ErrorDetail$ErrorType], io.electrum.giftcard.api.model.ErrorDetail$ErrorType
[DEBUG] resolveProperty [simple type, class io.electrum.giftcard.api.model.ErrorDetail$ErrorType]
[DEBUG] resolveProperty [simple type, class java.lang.String]
[DEBUG] Can't check class [simple type, class java.lang.String], java.lang.String
[DEBUG] resolveProperty [simple type, class java.lang.String]
[DEBUG] resolveProperty [simple type, class java.lang.Object]
[DEBUG] Can't check class [simple type, class java.lang.Object], java.lang.Object
[DEBUG] resolveProperty [simple type, class java.lang.Object]
[DEBUG] ModelConverters readAll from class io.electrum.giftcard.api.model.ErrorDetail
[DEBUG] resolve class io.electrum.giftcard.api.model.ErrorDetail
[DEBUG] trying extension com.github.kongchen.swagger.docgen.reader.ModelModifier@5f85ed26
[DEBUG] defineModel ErrorDetail io.swagger.models.ModelImpl@871e6c0f
[DEBUG] resolveProperty [simple type, class io.electrum.giftcard.api.model.ErrorDetail$ErrorType]
[DEBUG] Can't check class [simple type, class io.electrum.giftcard.api.model.ErrorDetail$ErrorType], io.electrum.giftcard.api.model.ErrorDetail$ErrorType
[DEBUG] resolveProperty [simple type, class io.electrum.giftcard.api.model.ErrorDetail$ErrorType]
[DEBUG] resolveProperty [simple type, class java.lang.String]
[DEBUG] Can't check class [simple type, class java.lang.String], java.lang.String
[DEBUG] resolveProperty [simple type, class java.lang.String]
[DEBUG] resolveProperty [simple type, class java.lang.Object]
[DEBUG] Can't check class [simple type, class java.lang.Object], java.lang.Object
[DEBUG] resolveProperty [simple type, class java.lang.Object]
[DEBUG] resolve class io.electrum.giftcard.api.model.ErrorDetail
[DEBUG] trying extension com.github.kongchen.swagger.docgen.reader.ModelModifier@5f85ed26
[DEBUG] defineModel ErrorDetail io.swagger.models.ModelImpl@871e6c0f
[DEBUG] resolveProperty [simple type, class io.electrum.giftcard.api.model.ErrorDetail$ErrorType]
[DEBUG] Can't check class [simple type, class io.electrum.giftcard.api.model.ErrorDetail$ErrorType], io.electrum.giftcard.api.model.ErrorDetail$ErrorType
[DEBUG] resolveProperty [simple type, class io.electrum.giftcard.api.model.ErrorDetail$ErrorType]
[DEBUG] resolveProperty [simple type, class java.lang.String]
[DEBUG] Can't check class [simple type, class java.lang.String], java.lang.String
[DEBUG] resolveProperty [simple type, class java.lang.String]
[DEBUG] resolveProperty [simple type, class java.lang.Object]
[DEBUG] Can't check class [simple type, class java.lang.Object], java.lang.Object
[DEBUG] resolveProperty [simple type, class java.lang.Object]
[DEBUG] ModelConverters readAll from class io.electrum.giftcard.api.model.ErrorDetail
[DEBUG] resolve class io.electrum.giftcard.api.model.ErrorDetail
[DEBUG] trying extension com.github.kongchen.swagger.docgen.reader.ModelModifier@5f85ed26
[DEBUG] defineModel ErrorDetail io.swagger.models.ModelImpl@871e6c0f
[DEBUG] resolveProperty [simple type, class io.electrum.giftcard.api.model.ErrorDetail$ErrorType]
[DEBUG] Can't check class [simple type, class io.electrum.giftcard.api.model.ErrorDetail$ErrorType], io.electrum.giftcard.api.model.ErrorDetail$ErrorType
[DEBUG] resolveProperty [simple type, class io.electrum.giftcard.api.model.ErrorDetail$ErrorType]
[DEBUG] resolveProperty [simple type, class java.lang.String]
[DEBUG] Can't check class [simple type, class java.lang.String], java.lang.String
[DEBUG] resolveProperty [simple type, class java.lang.String]
[DEBUG] resolveProperty [simple type, class java.lang.Object]
[DEBUG] Can't check class [simple type, class java.lang.Object], java.lang.Object
[DEBUG] resolveProperty [simple type, class java.lang.Object]
[DEBUG] resolve class io.electrum.giftcard.api.model.ErrorDetail
[DEBUG] trying extension com.github.kongchen.swagger.docgen.reader.ModelModifier@5f85ed26
[DEBUG] defineModel ErrorDetail io.swagger.models.ModelImpl@871e6c0f
[DEBUG] resolveProperty [simple type, class io.electrum.giftcard.api.model.ErrorDetail$ErrorType]
[DEBUG] Can't check class [simple type, class io.electrum.giftcard.api.model.ErrorDetail$ErrorType], io.electrum.giftcard.api.model.ErrorDetail$ErrorType
[DEBUG] resolveProperty [simple type, class io.electrum.giftcard.api.model.ErrorDetail$ErrorType]
[DEBUG] resolveProperty [simple type, class java.lang.String]
[DEBUG] Can't check class [simple type, class java.lang.String], java.lang.String
[DEBUG] resolveProperty [simple type, class java.lang.String]
[DEBUG] resolveProperty [simple type, class java.lang.Object]
[DEBUG] Can't check class [simple type, class java.lang.Object], java.lang.Object
[DEBUG] resolveProperty [simple type, class java.lang.Object]
[DEBUG] ModelConverters readAll from class io.electrum.giftcard.api.model.ErrorDetail
[DEBUG] resolve class io.electrum.giftcard.api.model.ErrorDetail
[DEBUG] trying extension com.github.kongchen.swagger.docgen.reader.ModelModifier@5f85ed26
[DEBUG] defineModel ErrorDetail io.swagger.models.ModelImpl@871e6c0f
[DEBUG] resolveProperty [simple type, class io.electrum.giftcard.api.model.ErrorDetail$ErrorType]
[DEBUG] Can't check class [simple type, class io.electrum.giftcard.api.model.ErrorDetail$ErrorType], io.electrum.giftcard.api.model.ErrorDetail$ErrorType
[DEBUG] resolveProperty [simple type, class io.electrum.giftcard.api.model.ErrorDetail$ErrorType]
[DEBUG] resolveProperty [simple type, class java.lang.String]
[DEBUG] Can't check class [simple type, class java.lang.String], java.lang.String
[DEBUG] resolveProperty [simple type, class java.lang.String]
[DEBUG] resolveProperty [simple type, class java.lang.Object]
[DEBUG] Can't check class [simple type, class java.lang.Object], java.lang.Object
[DEBUG] resolveProperty [simple type, class java.lang.Object]
[DEBUG] resolve class io.electrum.giftcard.api.model.ErrorDetail
[DEBUG] trying extension com.github.kongchen.swagger.docgen.reader.ModelModifier@5f85ed26
[DEBUG] defineModel ErrorDetail io.swagger.models.ModelImpl@871e6c0f
[DEBUG] resolveProperty [simple type, class io.electrum.giftcard.api.model.ErrorDetail$ErrorType]
[DEBUG] Can't check class [simple type, class io.electrum.giftcard.api.model.ErrorDetail$ErrorType], io.electrum.giftcard.api.model.ErrorDetail$ErrorType
[DEBUG] resolveProperty [simple type, class io.electrum.giftcard.api.model.ErrorDetail$ErrorType]
[DEBUG] resolveProperty [simple type, class java.lang.String]
[DEBUG] Can't check class [simple type, class java.lang.String], java.lang.String
[DEBUG] resolveProperty [simple type, class java.lang.String]
[DEBUG] resolveProperty [simple type, class java.lang.Object]
[DEBUG] Can't check class [simple type, class java.lang.Object], java.lang.Object
[DEBUG] resolveProperty [simple type, class java.lang.Object]
[DEBUG] ModelConverters readAll from class io.electrum.giftcard.api.model.ErrorDetail
[DEBUG] resolve class io.electrum.giftcard.api.model.ErrorDetail
[DEBUG] trying extension com.github.kongchen.swagger.docgen.reader.ModelModifier@5f85ed26
[DEBUG] defineModel ErrorDetail io.swagger.models.ModelImpl@871e6c0f
[DEBUG] resolveProperty [simple type, class io.electrum.giftcard.api.model.ErrorDetail$ErrorType]
[DEBUG] Can't check class [simple type, class io.electrum.giftcard.api.model.ErrorDetail$ErrorType], io.electrum.giftcard.api.model.ErrorDetail$ErrorType
[DEBUG] resolveProperty [simple type, class io.electrum.giftcard.api.model.ErrorDetail$ErrorType]
[DEBUG] resolveProperty [simple type, class java.lang.String]
[DEBUG] Can't check class [simple type, class java.lang.String], java.lang.String
[DEBUG] resolveProperty [simple type, class java.lang.String]
[DEBUG] resolveProperty [simple type, class java.lang.Object]
[DEBUG] Can't check class [simple type, class java.lang.Object], java.lang.Object
[DEBUG] resolveProperty [simple type, class java.lang.Object]
[INFO] Looking for path/query/header/form/cookie params in class java.util.UUID
[INFO] trying extension com.github.kongchen.swagger.docgen.jaxrs.BeanParamInjectParamExtention@3adcbc57
[DEBUG] resolveProperty class java.util.UUID
[DEBUG] resolveProperty [simple type, class java.util.UUID]
[INFO] Looking for path/query/header/form/cookie params in class io.electrum.giftcard.api.model.LoadRequest
[INFO] trying extension com.github.kongchen.swagger.docgen.jaxrs.BeanParamInjectParamExtention@3adcbc57
[INFO] Looking for body params in class io.electrum.giftcard.api.model.LoadRequest
[DEBUG] picking up response class from method public final void io.electrum.giftcard.api.LoadsResource.reverseLoad(java.util.UUID,java.util.UUID,io.electrum.giftcard.api.model.LoadReversal,javax.ws.rs.core.SecurityContext,javax.ws.rs.container.AsyncResponse,javax.ws.rs.core.HttpHeaders,javax.ws.rs.core.UriInfo,javax.servlet.http.HttpServletRequest)
[DEBUG] resolveProperty void
[DEBUG] resolveProperty [simple type, class void]
[DEBUG] resolve [simple type, class void]
[DEBUG] trying extension com.github.kongchen.swagger.docgen.reader.ModelModifier@5f85ed26
[DEBUG] Can't check class [simple type, class void], void
[DEBUG] defineModel void io.swagger.models.ModelImpl@bafd15c1
[DEBUG] resolve class io.electrum.giftcard.api.model.ErrorDetail
[DEBUG] trying extension com.github.kongchen.swagger.docgen.reader.ModelModifier@5f85ed26
[DEBUG] defineModel ErrorDetail io.swagger.models.ModelImpl@871e6c0f
[DEBUG] resolveProperty [simple type, class io.electrum.giftcard.api.model.ErrorDetail$ErrorType]
[DEBUG] Can't check class [simple type, class io.electrum.giftcard.api.model.ErrorDetail$ErrorType], io.electrum.giftcard.api.model.ErrorDetail$ErrorType
[DEBUG] resolveProperty [simple type, class io.electrum.giftcard.api.model.ErrorDetail$ErrorType]
[DEBUG] resolveProperty [simple type, class java.lang.String]
[DEBUG] Can't check class [simple type, class java.lang.String], java.lang.String
[DEBUG] resolveProperty [simple type, class java.lang.String]
[DEBUG] resolveProperty [simple type, class java.lang.Object]
[DEBUG] Can't check class [simple type, class java.lang.Object], java.lang.Object
[DEBUG] resolveProperty [simple type, class java.lang.Object]
[DEBUG] ModelConverters readAll from class io.electrum.giftcard.api.model.ErrorDetail
[DEBUG] resolve class io.electrum.giftcard.api.model.ErrorDetail
[DEBUG] trying extension com.github.kongchen.swagger.docgen.reader.ModelModifier@5f85ed26
[DEBUG] defineModel ErrorDetail io.swagger.models.ModelImpl@871e6c0f
[DEBUG] resolveProperty [simple type, class io.electrum.giftcard.api.model.ErrorDetail$ErrorType]
[DEBUG] Can't check class [simple type, class io.electrum.giftcard.api.model.ErrorDetail$ErrorType], io.electrum.giftcard.api.model.ErrorDetail$ErrorType
[DEBUG] resolveProperty [simple type, class io.electrum.giftcard.api.model.ErrorDetail$ErrorType]
[DEBUG] resolveProperty [simple type, class java.lang.String]
[DEBUG] Can't check class [simple type, class java.lang.String], java.lang.String
[DEBUG] resolveProperty [simple type, class java.lang.String]
[DEBUG] resolveProperty [simple type, class java.lang.Object]
[DEBUG] Can't check class [simple type, class java.lang.Object], java.lang.Object
[DEBUG] resolveProperty [simple type, class java.lang.Object]
[DEBUG] resolve class io.electrum.giftcard.api.model.ErrorDetail
[DEBUG] trying extension com.github.kongchen.swagger.docgen.reader.ModelModifier@5f85ed26
[DEBUG] defineModel ErrorDetail io.swagger.models.ModelImpl@871e6c0f
[DEBUG] resolveProperty [simple type, class io.electrum.giftcard.api.model.ErrorDetail$ErrorType]
[DEBUG] Can't check class [simple type, class io.electrum.giftcard.api.model.ErrorDetail$ErrorType], io.electrum.giftcard.api.model.ErrorDetail$ErrorType
[DEBUG] resolveProperty [simple type, class io.electrum.giftcard.api.model.ErrorDetail$ErrorType]
[DEBUG] resolveProperty [simple type, class java.lang.String]
[DEBUG] Can't check class [simple type, class java.lang.String], java.lang.String
[DEBUG] resolveProperty [simple type, class java.lang.String]
[DEBUG] resolveProperty [simple type, class java.lang.Object]
[DEBUG] Can't check class [simple type, class java.lang.Object], java.lang.Object
[DEBUG] resolveProperty [simple type, class java.lang.Object]
[DEBUG] ModelConverters readAll from class io.electrum.giftcard.api.model.ErrorDetail
[DEBUG] resolve class io.electrum.giftcard.api.model.ErrorDetail
[DEBUG] trying extension com.github.kongchen.swagger.docgen.reader.ModelModifier@5f85ed26
[DEBUG] defineModel ErrorDetail io.swagger.models.ModelImpl@871e6c0f
[DEBUG] resolveProperty [simple type, class io.electrum.giftcard.api.model.ErrorDetail$ErrorType]
[DEBUG] Can't check class [simple type, class io.electrum.giftcard.api.model.ErrorDetail$ErrorType], io.electrum.giftcard.api.model.ErrorDetail$ErrorType
[DEBUG] resolveProperty [simple type, class io.electrum.giftcard.api.model.ErrorDetail$ErrorType]
[DEBUG] resolveProperty [simple type, class java.lang.String]
[DEBUG] Can't check class [simple type, class java.lang.String], java.lang.String
[DEBUG] resolveProperty [simple type, class java.lang.String]
[DEBUG] resolveProperty [simple type, class java.lang.Object]
[DEBUG] Can't check class [simple type, class java.lang.Object], java.lang.Object
[DEBUG] resolveProperty [simple type, class java.lang.Object]
[DEBUG] resolve class io.electrum.giftcard.api.model.ErrorDetail
[DEBUG] trying extension com.github.kongchen.swagger.docgen.reader.ModelModifier@5f85ed26
[DEBUG] defineModel ErrorDetail io.swagger.models.ModelImpl@871e6c0f
[DEBUG] resolveProperty [simple type, class io.electrum.giftcard.api.model.ErrorDetail$ErrorType]
[DEBUG] Can't check class [simple type, class io.electrum.giftcard.api.model.ErrorDetail$ErrorType], io.electrum.giftcard.api.model.ErrorDetail$ErrorType
[DEBUG] resolveProperty [simple type, class io.electrum.giftcard.api.model.ErrorDetail$ErrorType]
[DEBUG] resolveProperty [simple type, class java.lang.String]
[DEBUG] Can't check class [simple type, class java.lang.String], java.lang.String
[DEBUG] resolveProperty [simple type, class java.lang.String]
[DEBUG] resolveProperty [simple type, class java.lang.Object]
[DEBUG] Can't check class [simple type, class java.lang.Object], java.lang.Object
[DEBUG] resolveProperty [simple type, class java.lang.Object]
[DEBUG] ModelConverters readAll from class io.electrum.giftcard.api.model.ErrorDetail
[DEBUG] resolve class io.electrum.giftcard.api.model.ErrorDetail
[DEBUG] trying extension com.github.kongchen.swagger.docgen.reader.ModelModifier@5f85ed26
[DEBUG] defineModel ErrorDetail io.swagger.models.ModelImpl@871e6c0f
[DEBUG] resolveProperty [simple type, class io.electrum.giftcard.api.model.ErrorDetail$ErrorType]
[DEBUG] Can't check class [simple type, class io.electrum.giftcard.api.model.ErrorDetail$ErrorType], io.electrum.giftcard.api.model.ErrorDetail$ErrorType
[DEBUG] resolveProperty [simple type, class io.electrum.giftcard.api.model.ErrorDetail$ErrorType]
[DEBUG] resolveProperty [simple type, class java.lang.String]
[DEBUG] Can't check class [simple type, class java.lang.String], java.lang.String
[DEBUG] resolveProperty [simple type, class java.lang.String]
[DEBUG] resolveProperty [simple type, class java.lang.Object]
[DEBUG] Can't check class [simple type, class java.lang.Object], java.lang.Object
[DEBUG] resolveProperty [simple type, class java.lang.Object]
[DEBUG] resolve class io.electrum.giftcard.api.model.ErrorDetail
[DEBUG] trying extension com.github.kongchen.swagger.docgen.reader.ModelModifier@5f85ed26
[DEBUG] defineModel ErrorDetail io.swagger.models.ModelImpl@871e6c0f
[DEBUG] resolveProperty [simple type, class io.electrum.giftcard.api.model.ErrorDetail$ErrorType]
[DEBUG] Can't check class [simple type, class io.electrum.giftcard.api.model.ErrorDetail$ErrorType], io.electrum.giftcard.api.model.ErrorDetail$ErrorType
[DEBUG] resolveProperty [simple type, class io.electrum.giftcard.api.model.ErrorDetail$ErrorType]
[DEBUG] resolveProperty [simple type, class java.lang.String]
[DEBUG] Can't check class [simple type, class java.lang.String], java.lang.String
[DEBUG] resolveProperty [simple type, class java.lang.String]
[DEBUG] resolveProperty [simple type, class java.lang.Object]
[DEBUG] Can't check class [simple type, class java.lang.Object], java.lang.Object
[DEBUG] resolveProperty [simple type, class java.lang.Object]
[DEBUG] ModelConverters readAll from class io.electrum.giftcard.api.model.ErrorDetail
[DEBUG] resolve class io.electrum.giftcard.api.model.ErrorDetail
[DEBUG] trying extension com.github.kongchen.swagger.docgen.reader.ModelModifier@5f85ed26
[DEBUG] defineModel ErrorDetail io.swagger.models.ModelImpl@871e6c0f
[DEBUG] resolveProperty [simple type, class io.electrum.giftcard.api.model.ErrorDetail$ErrorType]
[DEBUG] Can't check class [simple type, class io.electrum.giftcard.api.model.ErrorDetail$ErrorType], io.electrum.giftcard.api.model.ErrorDetail$ErrorType
[DEBUG] resolveProperty [simple type, class io.electrum.giftcard.api.model.ErrorDetail$ErrorType]
[DEBUG] resolveProperty [simple type, class java.lang.String]
[DEBUG] Can't check class [simple type, class java.lang.String], java.lang.String
[DEBUG] resolveProperty [simple type, class java.lang.String]
[DEBUG] resolveProperty [simple type, class java.lang.Object]
[DEBUG] Can't check class [simple type, class java.lang.Object], java.lang.Object
[DEBUG] resolveProperty [simple type, class java.lang.Object]
[DEBUG] resolve class io.electrum.giftcard.api.model.ErrorDetail
[DEBUG] trying extension com.github.kongchen.swagger.docgen.reader.ModelModifier@5f85ed26
[DEBUG] defineModel ErrorDetail io.swagger.models.ModelImpl@871e6c0f
[DEBUG] resolveProperty [simple type, class io.electrum.giftcard.api.model.ErrorDetail$ErrorType]
[DEBUG] Can't check class [simple type, class io.electrum.giftcard.api.model.ErrorDetail$ErrorType], io.electrum.giftcard.api.model.ErrorDetail$ErrorType
[DEBUG] resolveProperty [simple type, class io.electrum.giftcard.api.model.ErrorDetail$ErrorType]
[DEBUG] resolveProperty [simple type, class java.lang.String]
[DEBUG] Can't check class [simple type, class java.lang.String], java.lang.String
[DEBUG] resolveProperty [simple type, class java.lang.String]
[DEBUG] resolveProperty [simple type, class java.lang.Object]
[DEBUG] Can't check class [simple type, class java.lang.Object], java.lang.Object
[DEBUG] resolveProperty [simple type, class java.lang.Object]
[DEBUG] ModelConverters readAll from class io.electrum.giftcard.api.model.ErrorDetail
[DEBUG] resolve class io.electrum.giftcard.api.model.ErrorDetail
[DEBUG] trying extension com.github.kongchen.swagger.docgen.reader.ModelModifier@5f85ed26
[DEBUG] defineModel ErrorDetail io.swagger.models.ModelImpl@871e6c0f
[DEBUG] resolveProperty [simple type, class io.electrum.giftcard.api.model.ErrorDetail$ErrorType]
[DEBUG] Can't check class [simple type, class io.electrum.giftcard.api.model.ErrorDetail$ErrorType], io.electrum.giftcard.api.model.ErrorDetail$ErrorType
[DEBUG] resolveProperty [simple type, class io.electrum.giftcard.api.model.ErrorDetail$ErrorType]
[DEBUG] resolveProperty [simple type, class java.lang.String]
[DEBUG] Can't check class [simple type, class java.lang.String], java.lang.String
[DEBUG] resolveProperty [simple type, class java.lang.String]
[DEBUG] resolveProperty [simple type, class java.lang.Object]
[DEBUG] Can't check class [simple type, class java.lang.Object], java.lang.Object
[DEBUG] resolveProperty [simple type, class java.lang.Object]
[INFO] Looking for path/query/header/form/cookie params in class java.util.UUID
[INFO] trying extension com.github.kongchen.swagger.docgen.jaxrs.BeanParamInjectParamExtention@3adcbc57
[DEBUG] resolveProperty class java.util.UUID
[DEBUG] resolveProperty [simple type, class java.util.UUID]
[INFO] Looking for path/query/header/form/cookie params in class java.util.UUID
[INFO] trying extension com.github.kongchen.swagger.docgen.jaxrs.BeanParamInjectParamExtention@3adcbc57
[DEBUG] resolveProperty class java.util.UUID
[DEBUG] resolveProperty [simple type, class java.util.UUID]
[INFO] Looking for path/query/header/form/cookie params in class io.electrum.giftcard.api.model.LoadReversal
[INFO] trying extension com.github.kongchen.swagger.docgen.jaxrs.BeanParamInjectParamExtention@3adcbc57
[INFO] Looking for body params in class io.electrum.giftcard.api.model.LoadReversal
[DEBUG] picking up response class from method public final void io.electrum.giftcard.api.LoadsResource.confirmLoad(java.util.UUID,java.util.UUID,io.electrum.giftcard.api.model.LoadConfirmation,javax.ws.rs.core.SecurityContext,javax.ws.rs.container.AsyncResponse,javax.ws.rs.core.HttpHeaders,javax.ws.rs.core.UriInfo,javax.servlet.http.HttpServletRequest)
[DEBUG] resolveProperty void
[DEBUG] resolveProperty [simple type, class void]
[DEBUG] resolve [simple type, class void]
[DEBUG] trying extension com.github.kongchen.swagger.docgen.reader.ModelModifier@5f85ed26
[DEBUG] Can't check class [simple type, class void], void
[DEBUG] defineModel void io.swagger.models.ModelImpl@bafd15c1
[DEBUG] resolve class io.electrum.giftcard.api.model.ErrorDetail
[DEBUG] trying extension com.github.kongchen.swagger.docgen.reader.ModelModifier@5f85ed26
[DEBUG] defineModel ErrorDetail io.swagger.models.ModelImpl@871e6c0f
[DEBUG] resolveProperty [simple type, class io.electrum.giftcard.api.model.ErrorDetail$ErrorType]
[DEBUG] Can't check class [simple type, class io.electrum.giftcard.api.model.ErrorDetail$ErrorType], io.electrum.giftcard.api.model.ErrorDetail$ErrorType
[DEBUG] resolveProperty [simple type, class io.electrum.giftcard.api.model.ErrorDetail$ErrorType]
[DEBUG] resolveProperty [simple type, class java.lang.String]
[DEBUG] Can't check class [simple type, class java.lang.String], java.lang.String
[DEBUG] resolveProperty [simple type, class java.lang.String]
[DEBUG] resolveProperty [simple type, class java.lang.Object]
[DEBUG] Can't check class [simple type, class java.lang.Object], java.lang.Object
[DEBUG] resolveProperty [simple type, class java.lang.Object]
[DEBUG] ModelConverters readAll from class io.electrum.giftcard.api.model.ErrorDetail
[DEBUG] resolve class io.electrum.giftcard.api.model.ErrorDetail
[DEBUG] trying extension com.github.kongchen.swagger.docgen.reader.ModelModifier@5f85ed26
[DEBUG] defineModel ErrorDetail io.swagger.models.ModelImpl@871e6c0f
[DEBUG] resolveProperty [simple type, class io.electrum.giftcard.api.model.ErrorDetail$ErrorType]
[DEBUG] Can't check class [simple type, class io.electrum.giftcard.api.model.ErrorDetail$ErrorType], io.electrum.giftcard.api.model.ErrorDetail$ErrorType
[DEBUG] resolveProperty [simple type, class io.electrum.giftcard.api.model.ErrorDetail$ErrorType]
[DEBUG] resolveProperty [simple type, class java.lang.String]
[DEBUG] Can't check class [simple type, class java.lang.String], java.lang.String
[DEBUG] resolveProperty [simple type, class java.lang.String]
[DEBUG] resolveProperty [simple type, class java.lang.Object]
[DEBUG] Can't check class [simple type, class java.lang.Object], java.lang.Object
[DEBUG] resolveProperty [simple type, class java.lang.Object]
[DEBUG] resolve class io.electrum.giftcard.api.model.ErrorDetail
[DEBUG] trying extension com.github.kongchen.swagger.docgen.reader.ModelModifier@5f85ed26
[DEBUG] defineModel ErrorDetail io.swagger.models.ModelImpl@871e6c0f
[DEBUG] resolveProperty [simple type, class io.electrum.giftcard.api.model.ErrorDetail$ErrorType]
[DEBUG] Can't check class [simple type, class io.electrum.giftcard.api.model.ErrorDetail$ErrorType], io.electrum.giftcard.api.model.ErrorDetail$ErrorType
[DEBUG] resolveProperty [simple type, class io.electrum.giftcard.api.model.ErrorDetail$ErrorType]
[DEBUG] resolveProperty [simple type, class java.lang.String]
[DEBUG] Can't check class [simple type, class java.lang.String], java.lang.String
[DEBUG] resolveProperty [simple type, class java.lang.String]
[DEBUG] resolveProperty [simple type, class java.lang.Object]
[DEBUG] Can't check class [simple type, class java.lang.Object], java.lang.Object
[DEBUG] resolveProperty [simple type, class java.lang.Object]
[DEBUG] ModelConverters readAll from class io.electrum.giftcard.api.model.ErrorDetail
[DEBUG] resolve class io.electrum.giftcard.api.model.ErrorDetail
[DEBUG] trying extension com.github.kongchen.swagger.docgen.reader.ModelModifier@5f85ed26
[DEBUG] defineModel ErrorDetail io.swagger.models.ModelImpl@871e6c0f
[DEBUG] resolveProperty [simple type, class io.electrum.giftcard.api.model.ErrorDetail$ErrorType]
[DEBUG] Can't check class [simple type, class io.electrum.giftcard.api.model.ErrorDetail$ErrorType], io.electrum.giftcard.api.model.ErrorDetail$ErrorType
[DEBUG] resolveProperty [simple type, class io.electrum.giftcard.api.model.ErrorDetail$ErrorType]
[DEBUG] resolveProperty [simple type, class java.lang.String]
[DEBUG] Can't check class [simple type, class java.lang.String], java.lang.String
[DEBUG] resolveProperty [simple type, class java.lang.String]
[DEBUG] resolveProperty [simple type, class java.lang.Object]
[DEBUG] Can't check class [simple type, class java.lang.Object], java.lang.Object
[DEBUG] resolveProperty [simple type, class java.lang.Object]
[DEBUG] resolve class io.electrum.giftcard.api.model.ErrorDetail
[DEBUG] trying extension com.github.kongchen.swagger.docgen.reader.ModelModifier@5f85ed26
[DEBUG] defineModel ErrorDetail io.swagger.models.ModelImpl@871e6c0f
[DEBUG] resolveProperty [simple type, class io.electrum.giftcard.api.model.ErrorDetail$ErrorType]
[DEBUG] Can't check class [simple type, class io.electrum.giftcard.api.model.ErrorDetail$ErrorType], io.electrum.giftcard.api.model.ErrorDetail$ErrorType
[DEBUG] resolveProperty [simple type, class io.electrum.giftcard.api.model.ErrorDetail$ErrorType]
[DEBUG] resolveProperty [simple type, class java.lang.String]
[DEBUG] Can't check class [simple type, class java.lang.String], java.lang.String
[DEBUG] resolveProperty [simple type, class java.lang.String]
[DEBUG] resolveProperty [simple type, class java.lang.Object]
[DEBUG] Can't check class [simple type, class java.lang.Object], java.lang.Object
[DEBUG] resolveProperty [simple type, class java.lang.Object]
[DEBUG] ModelConverters readAll from class io.electrum.giftcard.api.model.ErrorDetail
[DEBUG] resolve class io.electrum.giftcard.api.model.ErrorDetail
[DEBUG] trying extension com.github.kongchen.swagger.docgen.reader.ModelModifier@5f85ed26
[DEBUG] defineModel ErrorDetail io.swagger.models.ModelImpl@871e6c0f
[DEBUG] resolveProperty [simple type, class io.electrum.giftcard.api.model.ErrorDetail$ErrorType]
[DEBUG] Can't check class [simple type, class io.electrum.giftcard.api.model.ErrorDetail$ErrorType], io.electrum.giftcard.api.model.ErrorDetail$ErrorType
[DEBUG] resolveProperty [simple type, class io.electrum.giftcard.api.model.ErrorDetail$ErrorType]
[DEBUG] resolveProperty [simple type, class java.lang.String]
[DEBUG] Can't check class [simple type, class java.lang.String], java.lang.String
[DEBUG] resolveProperty [simple type, class java.lang.String]
[DEBUG] resolveProperty [simple type, class java.lang.Object]
[DEBUG] Can't check class [simple type, class java.lang.Object], java.lang.Object
[DEBUG] resolveProperty [simple type, class java.lang.Object]
[DEBUG] resolve class io.electrum.giftcard.api.model.ErrorDetail
[DEBUG] trying extension com.github.kongchen.swagger.docgen.reader.ModelModifier@5f85ed26
[DEBUG] defineModel ErrorDetail io.swagger.models.ModelImpl@871e6c0f
[DEBUG] resolveProperty [simple type, class io.electrum.giftcard.api.model.ErrorDetail$ErrorType]
[DEBUG] Can't check class [simple type, class io.electrum.giftcard.api.model.ErrorDetail$ErrorType], io.electrum.giftcard.api.model.ErrorDetail$ErrorType
[DEBUG] resolveProperty [simple type, class io.electrum.giftcard.api.model.ErrorDetail$ErrorType]
[DEBUG] resolveProperty [simple type, class java.lang.String]
[DEBUG] Can't check class [simple type, class java.lang.String], java.lang.String
[DEBUG] resolveProperty [simple type, class java.lang.String]
[DEBUG] resolveProperty [simple type, class java.lang.Object]
[DEBUG] Can't check class [simple type, class java.lang.Object], java.lang.Object
[DEBUG] resolveProperty [simple type, class java.lang.Object]
[DEBUG] ModelConverters readAll from class io.electrum.giftcard.api.model.ErrorDetail
[DEBUG] resolve class io.electrum.giftcard.api.model.ErrorDetail
[DEBUG] trying extension com.github.kongchen.swagger.docgen.reader.ModelModifier@5f85ed26
[DEBUG] defineModel ErrorDetail io.swagger.models.ModelImpl@871e6c0f
[DEBUG] resolveProperty [simple type, class io.electrum.giftcard.api.model.ErrorDetail$ErrorType]
[DEBUG] Can't check class [simple type, class io.electrum.giftcard.api.model.ErrorDetail$ErrorType], io.electrum.giftcard.api.model.ErrorDetail$ErrorType
[DEBUG] resolveProperty [simple type, class io.electrum.giftcard.api.model.ErrorDetail$ErrorType]
[DEBUG] resolveProperty [simple type, class java.lang.String]
[DEBUG] Can't check class [simple type, class java.lang.String], java.lang.String
[DEBUG] resolveProperty [simple type, class java.lang.String]
[DEBUG] resolveProperty [simple type, class java.lang.Object]
[DEBUG] Can't check class [simple type, class java.lang.Object], java.lang.Object
[DEBUG] resolveProperty [simple type, class java.lang.Object]
[DEBUG] resolve class io.electrum.giftcard.api.model.ErrorDetail
[DEBUG] trying extension com.github.kongchen.swagger.docgen.reader.ModelModifier@5f85ed26
[DEBUG] defineModel ErrorDetail io.swagger.models.ModelImpl@871e6c0f
[DEBUG] resolveProperty [simple type, class io.electrum.giftcard.api.model.ErrorDetail$ErrorType]
[DEBUG] Can't check class [simple type, class io.electrum.giftcard.api.model.ErrorDetail$ErrorType], io.electrum.giftcard.api.model.ErrorDetail$ErrorType
[DEBUG] resolveProperty [simple type, class io.electrum.giftcard.api.model.ErrorDetail$ErrorType]
[DEBUG] resolveProperty [simple type, class java.lang.String]
[DEBUG] Can't check class [simple type, class java.lang.String], java.lang.String
[DEBUG] resolveProperty [simple type, class java.lang.String]
[DEBUG] resolveProperty [simple type, class java.lang.Object]
[DEBUG] Can't check class [simple type, class java.lang.Object], java.lang.Object
[DEBUG] resolveProperty [simple type, class java.lang.Object]
[DEBUG] ModelConverters readAll from class io.electrum.giftcard.api.model.ErrorDetail
[DEBUG] resolve class io.electrum.giftcard.api.model.ErrorDetail
[DEBUG] trying extension com.github.kongchen.swagger.docgen.reader.ModelModifier@5f85ed26
[DEBUG] defineModel ErrorDetail io.swagger.models.ModelImpl@871e6c0f
[DEBUG] resolveProperty [simple type, class io.electrum.giftcard.api.model.ErrorDetail$ErrorType]
[DEBUG] Can't check class [simple type, class io.electrum.giftcard.api.model.ErrorDetail$ErrorType], io.electrum.giftcard.api.model.ErrorDetail$ErrorType
[DEBUG] resolveProperty [simple type, class io.electrum.giftcard.api.model.ErrorDetail$ErrorType]
[DEBUG] resolveProperty [simple type, class java.lang.String]
[DEBUG] Can't check class [simple type, class java.lang.String], java.lang.String
[DEBUG] resolveProperty [simple type, class java.lang.String]
[DEBUG] resolveProperty [simple type, class java.lang.Object]
[DEBUG] Can't check class [simple type, class java.lang.Object], java.lang.Object
[DEBUG] resolveProperty [simple type, class java.lang.Object]
[INFO] Looking for path/query/header/form/cookie params in class java.util.UUID
[INFO] trying extension com.github.kongchen.swagger.docgen.jaxrs.BeanParamInjectParamExtention@3adcbc57
[DEBUG] resolveProperty class java.util.UUID
[DEBUG] resolveProperty [simple type, class java.util.UUID]
[INFO] Looking for path/query/header/form/cookie params in class java.util.UUID
[INFO] trying extension com.github.kongchen.swagger.docgen.jaxrs.BeanParamInjectParamExtention@3adcbc57
[DEBUG] resolveProperty class java.util.UUID
[DEBUG] resolveProperty [simple type, class java.util.UUID]
[INFO] Looking for path/query/header/form/cookie params in class io.electrum.giftcard.api.model.LoadConfirmation
[INFO] trying extension com.github.kongchen.swagger.docgen.jaxrs.BeanParamInjectParamExtention@3adcbc57
[INFO] Looking for body params in class io.electrum.giftcard.api.model.LoadConfirmation
[DEBUG] resolveProperty class io.electrum.giftcard.api.model.VoidResponse
[DEBUG] resolveProperty [simple type, class io.electrum.giftcard.api.model.VoidResponse]
[DEBUG] resolve [simple type, class io.electrum.giftcard.api.model.VoidResponse]
[DEBUG] trying extension com.github.kongchen.swagger.docgen.reader.ModelModifier@5f85ed26
[DEBUG] Can't check class [simple type, class io.electrum.giftcard.api.model.VoidResponse], io.electrum.giftcard.api.model.VoidResponse
[DEBUG] defineModel VoidResponse io.swagger.models.ModelImpl@70fe7196
[DEBUG] resolveProperty [simple type, class java.util.UUID]
[DEBUG] Can't check class [simple type, class java.util.UUID], java.util.UUID
[DEBUG] resolveProperty [simple type, class java.util.UUID]
[DEBUG] resolveProperty [simple type, class org.joda.time.DateTime]
[DEBUG] Can't check class [simple type, class org.joda.time.DateTime], org.joda.time.DateTime
[DEBUG] resolveProperty [simple type, class org.joda.time.DateTime]
[DEBUG] resolveProperty [simple type, class io.electrum.vas.model.Originator]
[DEBUG] Can't check class [simple type, class io.electrum.vas.model.Originator], io.electrum.vas.model.Originator
[DEBUG] resolveProperty [simple type, class io.electrum.vas.model.Originator]
[DEBUG] resolve [simple type, class io.electrum.vas.model.Originator]
[DEBUG] trying extension com.github.kongchen.swagger.docgen.reader.ModelModifier@5f85ed26
[DEBUG] Can't check class [simple type, class io.electrum.vas.model.Originator], io.electrum.vas.model.Originator
[DEBUG] defineModel Originator io.swagger.models.ModelImpl@b5a2eab5
[DEBUG] resolveProperty [simple type, class io.electrum.vas.model.Institution]
[DEBUG] Can't check class [simple type, class io.electrum.vas.model.Institution], io.electrum.vas.model.Institution
[DEBUG] resolveProperty [simple type, class io.electrum.vas.model.Institution]
[DEBUG] resolve [simple type, class io.electrum.vas.model.Institution]
[DEBUG] trying extension com.github.kongchen.swagger.docgen.reader.ModelModifier@5f85ed26
[DEBUG] Can't check class [simple type, class io.electrum.vas.model.Institution], io.electrum.vas.model.Institution
[DEBUG] defineModel Institution io.swagger.models.ModelImpl@d03232cb
[DEBUG] resolveProperty [simple type, class java.lang.String]
[DEBUG] Can't check class [simple type, class java.lang.String], java.lang.String
[DEBUG] resolveProperty [simple type, class java.lang.String]
[DEBUG] resolveProperty [simple type, class java.lang.String]
[DEBUG] Can't check class [simple type, class java.lang.String], java.lang.String
[DEBUG] resolveProperty [simple type, class java.lang.String]
[DEBUG] resolveProperty [simple type, class java.lang.String]
[DEBUG] Can't check class [simple type, class java.lang.String], java.lang.String
[DEBUG] resolveProperty [simple type, class java.lang.String]
[DEBUG] resolveProperty [simple type, class io.electrum.vas.model.Merchant]
[DEBUG] Can't check class [simple type, class io.electrum.vas.model.Merchant], io.electrum.vas.model.Merchant
[DEBUG] resolveProperty [simple type, class io.electrum.vas.model.Merchant]
[DEBUG] resolve [simple type, class io.electrum.vas.model.Merchant]
[DEBUG] trying extension com.github.kongchen.swagger.docgen.reader.ModelModifier@5f85ed26
[DEBUG] Can't check class [simple type, class io.electrum.vas.model.Merchant], io.electrum.vas.model.Merchant
[DEBUG] defineModel Merchant io.swagger.models.ModelImpl@df763188
[DEBUG] resolveProperty [simple type, class java.lang.String]
[DEBUG] Can't check class [simple type, class java.lang.String], java.lang.String
[DEBUG] resolveProperty [simple type, class java.lang.String]
[DEBUG] resolveProperty [simple type, class java.lang.String]
[DEBUG] Can't check class [simple type, class java.lang.String], java.lang.String
[DEBUG] resolveProperty [simple type, class java.lang.String]
[DEBUG] resolveProperty [simple type, class io.electrum.vas.model.MerchantName]
[DEBUG] Can't check class [simple type, class io.electrum.vas.model.MerchantName], io.electrum.vas.model.MerchantName
[DEBUG] resolveProperty [simple type, class io.electrum.vas.model.MerchantName]
[DEBUG] resolve [simple type, class io.electrum.vas.model.MerchantName]
[DEBUG] trying extension com.github.kongchen.swagger.docgen.reader.ModelModifier@5f85ed26
[DEBUG] Can't check class [simple type, class io.electrum.vas.model.MerchantName], io.electrum.vas.model.MerchantName
[DEBUG] defineModel MerchantName io.swagger.models.ModelImpl@d4b5ad4f
[DEBUG] resolveProperty [simple type, class java.lang.String]
[DEBUG] Can't check class [simple type, class java.lang.String], java.lang.String
[DEBUG] resolveProperty [simple type, class java.lang.String]
[DEBUG] resolveProperty [simple type, class java.lang.String]
[DEBUG] Can't check class [simple type, class java.lang.String], java.lang.String
[DEBUG] resolveProperty [simple type, class java.lang.String]
[DEBUG] resolveProperty [simple type, class java.lang.String]
[DEBUG] Can't check class [simple type, class java.lang.String], java.lang.String
[DEBUG] resolveProperty [simple type, class java.lang.String]
[DEBUG] resolveProperty [simple type, class java.lang.String]
[DEBUG] Can't check class [simple type, class java.lang.String], java.lang.String
[DEBUG] resolveProperty [simple type, class java.lang.String]
[DEBUG] resolveProperty [simple type, class io.electrum.vas.model.Institution]
[DEBUG] Can't check class [simple type, class io.electrum.vas.model.Institution], io.electrum.vas.model.Institution
[DEBUG] resolveProperty [simple type, class io.electrum.vas.model.Institution]
[DEBUG] resolveProperty [simple type, class io.electrum.vas.model.Institution]
[DEBUG] Can't check class [simple type, class io.electrum.vas.model.Institution], io.electrum.vas.model.Institution
[DEBUG] resolveProperty [simple type, class io.electrum.vas.model.Institution]
[DEBUG] resolveProperty [simple type, class io.electrum.vas.model.Institution]
[DEBUG] Can't check class [simple type, class io.electrum.vas.model.Institution], io.electrum.vas.model.Institution
[DEBUG] resolveProperty [simple type, class io.electrum.vas.model.Institution]
[DEBUG] resolveProperty [collection type; class java.util.List, contains [simple type, class io.electrum.vas.model.ThirdPartyIdentifier]]
[DEBUG] Can't check class [collection type; class java.util.List, contains [simple type, class io.electrum.vas.model.ThirdPartyIdentifier]], java.util.List
[DEBUG] resolveProperty [collection type; class java.util.List, contains [simple type, class io.electrum.vas.model.ThirdPartyIdentifier]]
[DEBUG] resolveProperty [simple type, class io.electrum.vas.model.ThirdPartyIdentifier]
[DEBUG] Can't check class [simple type, class io.electrum.vas.model.ThirdPartyIdentifier], io.electrum.vas.model.ThirdPartyIdentifier
[DEBUG] resolveProperty [simple type, class io.electrum.vas.model.ThirdPartyIdentifier]
[DEBUG] resolve [simple type, class io.electrum.vas.model.ThirdPartyIdentifier]
[DEBUG] trying extension com.github.kongchen.swagger.docgen.reader.ModelModifier@5f85ed26
[DEBUG] Can't check class [simple type, class io.electrum.vas.model.ThirdPartyIdentifier], io.electrum.vas.model.ThirdPartyIdentifier
[DEBUG] defineModel ThirdPartyIdentifier io.swagger.models.ModelImpl@e8191324
[DEBUG] resolveProperty [simple type, class java.lang.String]
[DEBUG] Can't check class [simple type, class java.lang.String], java.lang.String
[DEBUG] resolveProperty [simple type, class java.lang.String]
[DEBUG] resolveProperty [simple type, class java.lang.String]
[DEBUG] Can't check class [simple type, class java.lang.String], java.lang.String
[DEBUG] resolveProperty [simple type, class java.lang.String]
[DEBUG] resolveProperty [simple type, class io.electrum.vas.model.Amounts]
[DEBUG] Can't check class [simple type, class io.electrum.vas.model.Amounts], io.electrum.vas.model.Amounts
[DEBUG] resolveProperty [simple type, class io.electrum.vas.model.Amounts]
[DEBUG] resolve [simple type, class io.electrum.vas.model.Amounts]
[DEBUG] trying extension com.github.kongchen.swagger.docgen.reader.ModelModifier@5f85ed26
[DEBUG] Can't check class [simple type, class io.electrum.vas.model.Amounts], io.electrum.vas.model.Amounts
[DEBUG] defineModel Amounts io.swagger.models.ModelImpl@e5de713d
[DEBUG] resolveProperty [simple type, class io.electrum.vas.model.LedgerAmount]
[DEBUG] Can't check class [simple type, class io.electrum.vas.model.LedgerAmount], io.electrum.vas.model.LedgerAmount
[DEBUG] resolveProperty [simple type, class io.electrum.vas.model.LedgerAmount]
[DEBUG] resolve [simple type, class io.electrum.vas.model.LedgerAmount]
[DEBUG] trying extension com.github.kongchen.swagger.docgen.reader.ModelModifier@5f85ed26
[DEBUG] Can't check class [simple type, class io.electrum.vas.model.LedgerAmount], io.electrum.vas.model.LedgerAmount
[DEBUG] defineModel LedgerAmount io.swagger.models.ModelImpl@d9bc4218
[DEBUG] resolveProperty [simple type, class java.lang.Long]
[DEBUG] Can't check class [simple type, class java.lang.Long], java.lang.Long
[DEBUG] resolveProperty [simple type, class java.lang.Long]
[DEBUG] resolveProperty [simple type, class java.lang.String]
[DEBUG] Can't check class [simple type, class java.lang.String], java.lang.String
[DEBUG] resolveProperty [simple type, class java.lang.String]
[DEBUG] resolveProperty [simple type, class io.electrum.vas.model.LedgerAmount$LedgerIndicator]
[DEBUG] Can't check class [simple type, class io.electrum.vas.model.LedgerAmount$LedgerIndicator], io.electrum.vas.model.LedgerAmount$LedgerIndicator
[DEBUG] resolveProperty [simple type, class io.electrum.vas.model.LedgerAmount$LedgerIndicator]
[DEBUG] resolveProperty [simple type, class io.electrum.vas.model.LedgerAmount]
[DEBUG] Can't check class [simple type, class io.electrum.vas.model.LedgerAmount], io.electrum.vas.model.LedgerAmount
[DEBUG] resolveProperty [simple type, class io.electrum.vas.model.LedgerAmount]
[DEBUG] resolveProperty [simple type, class io.electrum.vas.model.LedgerAmount]
[DEBUG] Can't check class [simple type, class io.electrum.vas.model.LedgerAmount], io.electrum.vas.model.LedgerAmount
[DEBUG] resolveProperty [simple type, class io.electrum.vas.model.LedgerAmount]
[DEBUG] resolveProperty [simple type, class io.electrum.vas.model.LedgerAmount]
[DEBUG] Can't check class [simple type, class io.electrum.vas.model.LedgerAmount], io.electrum.vas.model.LedgerAmount
[DEBUG] resolveProperty [simple type, class io.electrum.vas.model.LedgerAmount]
[DEBUG] resolveProperty [simple type, class io.electrum.giftcard.api.model.Card]
[DEBUG] Can't check class [simple type, class io.electrum.giftcard.api.model.Card], io.electrum.giftcard.api.model.Card
[DEBUG] resolveProperty [simple type, class io.electrum.giftcard.api.model.Card]
[DEBUG] resolve [simple type, class io.electrum.giftcard.api.model.Card]
[DEBUG] trying extension com.github.kongchen.swagger.docgen.reader.ModelModifier@5f85ed26
[DEBUG] Can't check class [simple type, class io.electrum.giftcard.api.model.Card], io.electrum.giftcard.api.model.Card
[DEBUG] defineModel Card io.swagger.models.ModelImpl@4866fd27
[DEBUG] resolveProperty [simple type, class java.lang.String]
[DEBUG] Can't check class [simple type, class java.lang.String], java.lang.String
[DEBUG] resolveProperty [simple type, class java.lang.String]
[DEBUG] resolveProperty [simple type, class java.lang.String]
[DEBUG] Can't check class [simple type, class java.lang.String], java.lang.String
[DEBUG] resolveProperty [simple type, class java.lang.String]
[DEBUG] resolveProperty [simple type, class java.lang.String]
[DEBUG] Can't check class [simple type, class java.lang.String], java.lang.String
[DEBUG] resolveProperty [simple type, class java.lang.String]
[DEBUG] resolveProperty [simple type, class java.lang.String]
[DEBUG] Can't check class [simple type, class java.lang.String], java.lang.String
[DEBUG] resolveProperty [simple type, class java.lang.String]
[DEBUG] resolveProperty [simple type, class io.electrum.giftcard.api.model.PosInfo]
[DEBUG] Can't check class [simple type, class io.electrum.giftcard.api.model.PosInfo], io.electrum.giftcard.api.model.PosInfo
[DEBUG] resolveProperty [simple type, class io.electrum.giftcard.api.model.PosInfo]
[DEBUG] resolve [simple type, class io.electrum.giftcard.api.model.PosInfo]
[DEBUG] trying extension com.github.kongchen.swagger.docgen.reader.ModelModifier@5f85ed26
[DEBUG] Can't check class [simple type, class io.electrum.giftcard.api.model.PosInfo], io.electrum.giftcard.api.model.PosInfo
[DEBUG] defineModel PosInfo io.swagger.models.ModelImpl@54a3fbf6
[DEBUG] resolveProperty [simple type, class io.electrum.giftcard.api.model.PosEntryMode]
[DEBUG] Can't check class [simple type, class io.electrum.giftcard.api.model.PosEntryMode], io.electrum.giftcard.api.model.PosEntryMode
[DEBUG] resolveProperty [simple type, class io.electrum.giftcard.api.model.PosEntryMode]
[DEBUG] resolve [simple type, class io.electrum.giftcard.api.model.PosEntryMode]
[DEBUG] trying extension com.github.kongchen.swagger.docgen.reader.ModelModifier@5f85ed26
[DEBUG] Can't check class [simple type, class io.electrum.giftcard.api.model.PosEntryMode], io.electrum.giftcard.api.model.PosEntryMode
[DEBUG] defineModel PosEntryMode io.swagger.models.ModelImpl@4728cd75
[DEBUG] resolveProperty [simple type, class io.electrum.giftcard.api.model.PosEntryMode$PanEntryMode]
[DEBUG] Can't check class [simple type, class io.electrum.giftcard.api.model.PosEntryMode$PanEntryMode], io.electrum.giftcard.api.model.PosEntryMode$PanEntryMode
[DEBUG] resolveProperty [simple type, class io.electrum.giftcard.api.model.PosEntryMode$PanEntryMode]
[DEBUG] resolveProperty [simple type, class io.electrum.giftcard.api.model.PosEntryMode$PinEntryCapability]
[DEBUG] Can't check class [simple type, class io.electrum.giftcard.api.model.PosEntryMode$PinEntryCapability], io.electrum.giftcard.api.model.PosEntryMode$PinEntryCapability
[DEBUG] resolveProperty [simple type, class io.electrum.giftcard.api.model.PosEntryMode$PinEntryCapability]
[DEBUG] resolveProperty [simple type, class io.electrum.giftcard.api.model.Product]
[DEBUG] Can't check class [simple type, class io.electrum.giftcard.api.model.Product], io.electrum.giftcard.api.model.Product
[DEBUG] resolveProperty [simple type, class io.electrum.giftcard.api.model.Product]
[DEBUG] resolve [simple type, class io.electrum.giftcard.api.model.Product]
[DEBUG] trying extension com.github.kongchen.swagger.docgen.reader.ModelModifier@5f85ed26
[DEBUG] Can't check class [simple type, class io.electrum.giftcard.api.model.Product], io.electrum.giftcard.api.model.Product
[DEBUG] defineModel Product io.swagger.models.ModelImpl@b0b973
[DEBUG] resolveProperty [simple type, class java.lang.String]
[DEBUG] Can't check class [simple type, class java.lang.String], java.lang.String
[DEBUG] resolveProperty [simple type, class java.lang.String]
[DEBUG] resolveProperty [simple type, class java.lang.String]
[DEBUG] Can't check class [simple type, class java.lang.String], java.lang.String
[DEBUG] resolveProperty [simple type, class java.lang.String]
[DEBUG] resolveProperty [simple type, class java.lang.String]
[DEBUG] Can't check class [simple type, class java.lang.String], java.lang.String
[DEBUG] resolveProperty [simple type, class java.lang.String]
[DEBUG] resolveProperty [simple type, class io.electrum.giftcard.api.model.SlipData]
[DEBUG] Can't check class [simple type, class io.electrum.giftcard.api.model.SlipData], io.electrum.giftcard.api.model.SlipData
[DEBUG] resolveProperty [simple type, class io.electrum.giftcard.api.model.SlipData]
[DEBUG] resolve [simple type, class io.electrum.giftcard.api.model.SlipData]
[DEBUG] trying extension com.github.kongchen.swagger.docgen.reader.ModelModifier@5f85ed26
[DEBUG] Can't check class [simple type, class io.electrum.giftcard.api.model.SlipData], io.electrum.giftcard.api.model.SlipData
[DEBUG] defineModel SlipData io.swagger.models.ModelImpl@c9b6b57e
[DEBUG] resolveProperty [simple type, class java.lang.String]
[DEBUG] Can't check class [simple type, class java.lang.String], java.lang.String
[DEBUG] resolveProperty [simple type, class java.lang.String]
[DEBUG] resolveProperty [collection type; class java.util.List, contains [simple type, class java.lang.String]]
[DEBUG] Can't check class [collection type; class java.util.List, contains [simple type, class java.lang.String]], java.util.List
[DEBUG] resolveProperty [collection type; class java.util.List, contains [simple type, class java.lang.String]]
[DEBUG] resolveProperty [simple type, class java.lang.String]
[DEBUG] Can't check class [simple type, class java.lang.String], java.lang.String
[DEBUG] resolveProperty [simple type, class java.lang.String]
[DEBUG] resolve class io.electrum.giftcard.api.model.VoidResponse
[DEBUG] trying extension com.github.kongchen.swagger.docgen.reader.ModelModifier@5f85ed26
[DEBUG] defineModel VoidResponse io.swagger.models.ModelImpl@70fe7196
[DEBUG] resolveProperty [simple type, class java.util.UUID]
[DEBUG] Can't check class [simple type, class java.util.UUID], java.util.UUID
[DEBUG] resolveProperty [simple type, class java.util.UUID]
[DEBUG] resolveProperty [simple type, class org.joda.time.DateTime]
[DEBUG] Can't check class [simple type, class org.joda.time.DateTime], org.joda.time.DateTime
[DEBUG] resolveProperty [simple type, class org.joda.time.DateTime]
[DEBUG] resolveProperty [simple type, class io.electrum.vas.model.Originator]
[DEBUG] Can't check class [simple type, class io.electrum.vas.model.Originator], io.electrum.vas.model.Originator
[DEBUG] resolveProperty [simple type, class io.electrum.vas.model.Originator]
[DEBUG] resolve [simple type, class io.electrum.vas.model.Originator]
[DEBUG] trying extension com.github.kongchen.swagger.docgen.reader.ModelModifier@5f85ed26
[DEBUG] Can't check class [simple type, class io.electrum.vas.model.Originator], io.electrum.vas.model.Originator
[DEBUG] defineModel Originator io.swagger.models.ModelImpl@b5a2eab5
[DEBUG] resolveProperty [simple type, class io.electrum.vas.model.Institution]
[DEBUG] Can't check class [simple type, class io.electrum.vas.model.Institution], io.electrum.vas.model.Institution
[DEBUG] resolveProperty [simple type, class io.electrum.vas.model.Institution]
[DEBUG] resolve [simple type, class io.electrum.vas.model.Institution]
[DEBUG] trying extension com.github.kongchen.swagger.docgen.reader.ModelModifier@5f85ed26
[DEBUG] Can't check class [simple type, class io.electrum.vas.model.Institution], io.electrum.vas.model.Institution
[DEBUG] defineModel Institution io.swagger.models.ModelImpl@d03232cb
[DEBUG] resolveProperty [simple type, class java.lang.String]
[DEBUG] Can't check class [simple type, class java.lang.String], java.lang.String
[DEBUG] resolveProperty [simple type, class java.lang.String]
[DEBUG] resolveProperty [simple type, class java.lang.String]
[DEBUG] Can't check class [simple type, class java.lang.String], java.lang.String
[DEBUG] resolveProperty [simple type, class java.lang.String]
[DEBUG] resolveProperty [simple type, class java.lang.String]
[DEBUG] Can't check class [simple type, class java.lang.String], java.lang.String
[DEBUG] resolveProperty [simple type, class java.lang.String]
[DEBUG] resolveProperty [simple type, class io.electrum.vas.model.Merchant]
[DEBUG] Can't check class [simple type, class io.electrum.vas.model.Merchant], io.electrum.vas.model.Merchant
[DEBUG] resolveProperty [simple type, class io.electrum.vas.model.Merchant]
[DEBUG] resolve [simple type, class io.electrum.vas.model.Merchant]
[DEBUG] trying extension com.github.kongchen.swagger.docgen.reader.ModelModifier@5f85ed26
[DEBUG] Can't check class [simple type, class io.electrum.vas.model.Merchant], io.electrum.vas.model.Merchant
[DEBUG] defineModel Merchant io.swagger.models.ModelImpl@df763188
[DEBUG] resolveProperty [simple type, class java.lang.String]
[DEBUG] Can't check class [simple type, class java.lang.String], java.lang.String
[DEBUG] resolveProperty [simple type, class java.lang.String]
[DEBUG] resolveProperty [simple type, class java.lang.String]
[DEBUG] Can't check class [simple type, class java.lang.String], java.lang.String
[DEBUG] resolveProperty [simple type, class java.lang.String]
[DEBUG] resolveProperty [simple type, class io.electrum.vas.model.MerchantName]
[DEBUG] Can't check class [simple type, class io.electrum.vas.model.MerchantName], io.electrum.vas.model.MerchantName
[DEBUG] resolveProperty [simple type, class io.electrum.vas.model.MerchantName]
[DEBUG] resolve [simple type, class io.electrum.vas.model.MerchantName]
[DEBUG] trying extension com.github.kongchen.swagger.docgen.reader.ModelModifier@5f85ed26
[DEBUG] Can't check class [simple type, class io.electrum.vas.model.MerchantName], io.electrum.vas.model.MerchantName
[DEBUG] defineModel MerchantName io.swagger.models.ModelImpl@d4b5ad4f
[DEBUG] resolveProperty [simple type, class java.lang.String]
[DEBUG] Can't check class [simple type, class java.lang.String], java.lang.String
[DEBUG] resolveProperty [simple type, class java.lang.String]
[DEBUG] resolveProperty [simple type, class java.lang.String]
[DEBUG] Can't check class [simple type, class java.lang.String], java.lang.String
[DEBUG] resolveProperty [simple type, class java.lang.String]
[DEBUG] resolveProperty [simple type, class java.lang.String]
[DEBUG] Can't check class [simple type, class java.lang.String], java.lang.String
[DEBUG] resolveProperty [simple type, class java.lang.String]
[DEBUG] resolveProperty [simple type, class java.lang.String]
[DEBUG] Can't check class [simple type, class java.lang.String], java.lang.String
[DEBUG] resolveProperty [simple type, class java.lang.String]
[DEBUG] resolveProperty [simple type, class io.electrum.vas.model.Institution]
[DEBUG] Can't check class [simple type, class io.electrum.vas.model.Institution], io.electrum.vas.model.Institution
[DEBUG] resolveProperty [simple type, class io.electrum.vas.model.Institution]
[DEBUG] resolveProperty [simple type, class io.electrum.vas.model.Institution]
[DEBUG] Can't check class [simple type, class io.electrum.vas.model.Institution], io.electrum.vas.model.Institution
[DEBUG] resolveProperty [simple type, class io.electrum.vas.model.Institution]
[DEBUG] resolveProperty [simple type, class io.electrum.vas.model.Institution]
[DEBUG] Can't check class [simple type, class io.electrum.vas.model.Institution], io.electrum.vas.model.Institution
[DEBUG] resolveProperty [simple type, class io.electrum.vas.model.Institution]
[DEBUG] resolveProperty [collection type; class java.util.List, contains [simple type, class io.electrum.vas.model.ThirdPartyIdentifier]]
[DEBUG] Can't check class [collection type; class java.util.List, contains [simple type, class io.electrum.vas.model.ThirdPartyIdentifier]], java.util.List
[DEBUG] resolveProperty [collection type; class java.util.List, contains [simple type, class io.electrum.vas.model.ThirdPartyIdentifier]]
[DEBUG] resolveProperty [simple type, class io.electrum.vas.model.ThirdPartyIdentifier]
[DEBUG] Can't check class [simple type, class io.electrum.vas.model.ThirdPartyIdentifier], io.electrum.vas.model.ThirdPartyIdentifier
[DEBUG] resolveProperty [simple type, class io.electrum.vas.model.ThirdPartyIdentifier]
[DEBUG] resolve [simple type, class io.electrum.vas.model.ThirdPartyIdentifier]
[DEBUG] trying extension com.github.kongchen.swagger.docgen.reader.ModelModifier@5f85ed26
[DEBUG] Can't check class [simple type, class io.electrum.vas.model.ThirdPartyIdentifier], io.electrum.vas.model.ThirdPartyIdentifier
[DEBUG] defineModel ThirdPartyIdentifier io.swagger.models.ModelImpl@e8191324
[DEBUG] resolveProperty [simple type, class java.lang.String]
[DEBUG] Can't check class [simple type, class java.lang.String], java.lang.String
[DEBUG] resolveProperty [simple type, class java.lang.String]
[DEBUG] resolveProperty [simple type, class java.lang.String]
[DEBUG] Can't check class [simple type, class java.lang.String], java.lang.String
[DEBUG] resolveProperty [simple type, class java.lang.String]
[DEBUG] resolveProperty [simple type, class io.electrum.vas.model.Amounts]
[DEBUG] Can't check class [simple type, class io.electrum.vas.model.Amounts], io.electrum.vas.model.Amounts
[DEBUG] resolveProperty [simple type, class io.electrum.vas.model.Amounts]
[DEBUG] resolve [simple type, class io.electrum.vas.model.Amounts]
[DEBUG] trying extension com.github.kongchen.swagger.docgen.reader.ModelModifier@5f85ed26
[DEBUG] Can't check class [simple type, class io.electrum.vas.model.Amounts], io.electrum.vas.model.Amounts
[DEBUG] defineModel Amounts io.swagger.models.ModelImpl@e5de713d
[DEBUG] resolveProperty [simple type, class io.electrum.vas.model.LedgerAmount]
[DEBUG] Can't check class [simple type, class io.electrum.vas.model.LedgerAmount], io.electrum.vas.model.LedgerAmount
[DEBUG] resolveProperty [simple type, class io.electrum.vas.model.LedgerAmount]
[DEBUG] resolve [simple type, class io.electrum.vas.model.LedgerAmount]
[DEBUG] trying extension com.github.kongchen.swagger.docgen.reader.ModelModifier@5f85ed26
[DEBUG] Can't check class [simple type, class io.electrum.vas.model.LedgerAmount], io.electrum.vas.model.LedgerAmount
[DEBUG] defineModel LedgerAmount io.swagger.models.ModelImpl@d9bc4218
[DEBUG] resolveProperty [simple type, class java.lang.Long]
[DEBUG] Can't check class [simple type, class java.lang.Long], java.lang.Long
[DEBUG] resolveProperty [simple type, class java.lang.Long]
[DEBUG] resolveProperty [simple type, class java.lang.String]
[DEBUG] Can't check class [simple type, class java.lang.String], java.lang.String
[DEBUG] resolveProperty [simple type, class java.lang.String]
[DEBUG] resolveProperty [simple type, class io.electrum.vas.model.LedgerAmount$LedgerIndicator]
[DEBUG] Can't check class [simple type, class io.electrum.vas.model.LedgerAmount$LedgerIndicator], io.electrum.vas.model.LedgerAmount$LedgerIndicator
[DEBUG] resolveProperty [simple type, class io.electrum.vas.model.LedgerAmount$LedgerIndicator]
[DEBUG] resolveProperty [simple type, class io.electrum.vas.model.LedgerAmount]
[DEBUG] Can't check class [simple type, class io.electrum.vas.model.LedgerAmount], io.electrum.vas.model.LedgerAmount
[DEBUG] resolveProperty [simple type, class io.electrum.vas.model.LedgerAmount]
[DEBUG] resolveProperty [simple type, class io.electrum.vas.model.LedgerAmount]
[DEBUG] Can't check class [simple type, class io.electrum.vas.model.LedgerAmount], io.electrum.vas.model.LedgerAmount
[DEBUG] resolveProperty [simple type, class io.electrum.vas.model.LedgerAmount]
[DEBUG] resolveProperty [simple type, class io.electrum.vas.model.LedgerAmount]
[DEBUG] Can't check class [simple type, class io.electrum.vas.model.LedgerAmount], io.electrum.vas.model.LedgerAmount
[DEBUG] resolveProperty [simple type, class io.electrum.vas.model.LedgerAmount]
[DEBUG] resolveProperty [simple type, class io.electrum.giftcard.api.model.Card]
[DEBUG] Can't check class [simple type, class io.electrum.giftcard.api.model.Card], io.electrum.giftcard.api.model.Card
[DEBUG] resolveProperty [simple type, class io.electrum.giftcard.api.model.Card]
[DEBUG] resolve [simple type, class io.electrum.giftcard.api.model.Card]
[DEBUG] trying extension com.github.kongchen.swagger.docgen.reader.ModelModifier@5f85ed26
[DEBUG] Can't check class [simple type, class io.electrum.giftcard.api.model.Card], io.electrum.giftcard.api.model.Card
[DEBUG] defineModel Card io.swagger.models.ModelImpl@4866fd27
[DEBUG] resolveProperty [simple type, class java.lang.String]
[DEBUG] Can't check class [simple type, class java.lang.String], java.lang.String
[DEBUG] resolveProperty [simple type, class java.lang.String]
[DEBUG] resolveProperty [simple type, class java.lang.String]
[DEBUG] Can't check class [simple type, class java.lang.String], java.lang.String
[DEBUG] resolveProperty [simple type, class java.lang.String]
[DEBUG] resolveProperty [simple type, class java.lang.String]
[DEBUG] Can't check class [simple type, class java.lang.String], java.lang.String
[DEBUG] resolveProperty [simple type, class java.lang.String]
[DEBUG] resolveProperty [simple type, class java.lang.String]
[DEBUG] Can't check class [simple type, class java.lang.String], java.lang.String
[DEBUG] resolveProperty [simple type, class java.lang.String]
[DEBUG] resolveProperty [simple type, class io.electrum.giftcard.api.model.PosInfo]
[DEBUG] Can't check class [simple type, class io.electrum.giftcard.api.model.PosInfo], io.electrum.giftcard.api.model.PosInfo
[DEBUG] resolveProperty [simple type, class io.electrum.giftcard.api.model.PosInfo]
[DEBUG] resolve [simple type, class io.electrum.giftcard.api.model.PosInfo]
[DEBUG] trying extension com.github.kongchen.swagger.docgen.reader.ModelModifier@5f85ed26
[DEBUG] Can't check class [simple type, class io.electrum.giftcard.api.model.PosInfo], io.electrum.giftcard.api.model.PosInfo
[DEBUG] defineModel PosInfo io.swagger.models.ModelImpl@54a3fbf6
[DEBUG] resolveProperty [simple type, class io.electrum.giftcard.api.model.PosEntryMode]
[DEBUG] Can't check class [simple type, class io.electrum.giftcard.api.model.PosEntryMode], io.electrum.giftcard.api.model.PosEntryMode
[DEBUG] resolveProperty [simple type, class io.electrum.giftcard.api.model.PosEntryMode]
[DEBUG] resolve [simple type, class io.electrum.giftcard.api.model.PosEntryMode]
[DEBUG] trying extension com.github.kongchen.swagger.docgen.reader.ModelModifier@5f85ed26
[DEBUG] Can't check class [simple type, class io.electrum.giftcard.api.model.PosEntryMode], io.electrum.giftcard.api.model.PosEntryMode
[DEBUG] defineModel PosEntryMode io.swagger.models.ModelImpl@4728cd75
[DEBUG] resolveProperty [simple type, class io.electrum.giftcard.api.model.PosEntryMode$PanEntryMode]
[DEBUG] Can't check class [simple type, class io.electrum.giftcard.api.model.PosEntryMode$PanEntryMode], io.electrum.giftcard.api.model.PosEntryMode$PanEntryMode
[DEBUG] resolveProperty [simple type, class io.electrum.giftcard.api.model.PosEntryMode$PanEntryMode]
[DEBUG] resolveProperty [simple type, class io.electrum.giftcard.api.model.PosEntryMode$PinEntryCapability]
[DEBUG] Can't check class [simple type, class io.electrum.giftcard.api.model.PosEntryMode$PinEntryCapability], io.electrum.giftcard.api.model.PosEntryMode$PinEntryCapability
[DEBUG] resolveProperty [simple type, class io.electrum.giftcard.api.model.PosEntryMode$PinEntryCapability]
[DEBUG] resolveProperty [simple type, class io.electrum.giftcard.api.model.Product]
[DEBUG] Can't check class [simple type, class io.electrum.giftcard.api.model.Product], io.electrum.giftcard.api.model.Product
[DEBUG] resolveProperty [simple type, class io.electrum.giftcard.api.model.Product]
[DEBUG] resolve [simple type, class io.electrum.giftcard.api.model.Product]
[DEBUG] trying extension com.github.kongchen.swagger.docgen.reader.ModelModifier@5f85ed26
[DEBUG] Can't check class [simple type, class io.electrum.giftcard.api.model.Product], io.electrum.giftcard.api.model.Product
[DEBUG] defineModel Product io.swagger.models.ModelImpl@b0b973
[DEBUG] resolveProperty [simple type, class java.lang.String]
[DEBUG] Can't check class [simple type, class java.lang.String], java.lang.String
[DEBUG] resolveProperty [simple type, class java.lang.String]
[DEBUG] resolveProperty [simple type, class java.lang.String]
[DEBUG] Can't check class [simple type, class java.lang.String], java.lang.String
[DEBUG] resolveProperty [simple type, class java.lang.String]
[DEBUG] resolveProperty [simple type, class java.lang.String]
[DEBUG] Can't check class [simple type, class java.lang.String], java.lang.String
[DEBUG] resolveProperty [simple type, class java.lang.String]
[DEBUG] resolveProperty [simple type, class io.electrum.giftcard.api.model.SlipData]
[DEBUG] Can't check class [simple type, class io.electrum.giftcard.api.model.SlipData], io.electrum.giftcard.api.model.SlipData
[DEBUG] resolveProperty [simple type, class io.electrum.giftcard.api.model.SlipData]
[DEBUG] resolve [simple type, class io.electrum.giftcard.api.model.SlipData]
[DEBUG] trying extension com.github.kongchen.swagger.docgen.reader.ModelModifier@5f85ed26
[DEBUG] Can't check class [simple type, class io.electrum.giftcard.api.model.SlipData], io.electrum.giftcard.api.model.SlipData
[DEBUG] defineModel SlipData io.swagger.models.ModelImpl@c9b6b57e
[DEBUG] resolveProperty [simple type, class java.lang.String]
[DEBUG] Can't check class [simple type, class java.lang.String], java.lang.String
[DEBUG] resolveProperty [simple type, class java.lang.String]
[DEBUG] resolveProperty [collection type; class java.util.List, contains [simple type, class java.lang.String]]
[DEBUG] Can't check class [collection type; class java.util.List, contains [simple type, class java.lang.String]], java.util.List
[DEBUG] resolveProperty [collection type; class java.util.List, contains [simple type, class java.lang.String]]
[DEBUG] resolveProperty [simple type, class java.lang.String]
[DEBUG] Can't check class [simple type, class java.lang.String], java.lang.String
[DEBUG] resolveProperty [simple type, class java.lang.String]
[DEBUG] ModelConverters readAll from class io.electrum.giftcard.api.model.VoidResponse
[DEBUG] resolve class io.electrum.giftcard.api.model.VoidResponse
[DEBUG] trying extension com.github.kongchen.swagger.docgen.reader.ModelModifier@5f85ed26
[DEBUG] defineModel VoidResponse io.swagger.models.ModelImpl@70fe7196
[DEBUG] resolveProperty [simple type, class java.util.UUID]
[DEBUG] Can't check class [simple type, class java.util.UUID], java.util.UUID
[DEBUG] resolveProperty [simple type, class java.util.UUID]
[DEBUG] resolveProperty [simple type, class org.joda.time.DateTime]
[DEBUG] Can't check class [simple type, class org.joda.time.DateTime], org.joda.time.DateTime
[DEBUG] resolveProperty [simple type, class org.joda.time.DateTime]
[DEBUG] resolveProperty [simple type, class io.electrum.vas.model.Originator]
[DEBUG] Can't check class [simple type, class io.electrum.vas.model.Originator], io.electrum.vas.model.Originator
[DEBUG] resolveProperty [simple type, class io.electrum.vas.model.Originator]
[DEBUG] resolve [simple type, class io.electrum.vas.model.Originator]
[DEBUG] trying extension com.github.kongchen.swagger.docgen.reader.ModelModifier@5f85ed26
[DEBUG] Can't check class [simple type, class io.electrum.vas.model.Originator], io.electrum.vas.model.Originator
[DEBUG] defineModel Originator io.swagger.models.ModelImpl@b5a2eab5
[DEBUG] resolveProperty [simple type, class io.electrum.vas.model.Institution]
[DEBUG] Can't check class [simple type, class io.electrum.vas.model.Institution], io.electrum.vas.model.Institution
[DEBUG] resolveProperty [simple type, class io.electrum.vas.model.Institution]
[DEBUG] resolve [simple type, class io.electrum.vas.model.Institution]
[DEBUG] trying extension com.github.kongchen.swagger.docgen.reader.ModelModifier@5f85ed26
[DEBUG] Can't check class [simple type, class io.electrum.vas.model.Institution], io.electrum.vas.model.Institution
[DEBUG] defineModel Institution io.swagger.models.ModelImpl@d03232cb
[DEBUG] resolveProperty [simple type, class java.lang.String]
[DEBUG] Can't check class [simple type, class java.lang.String], java.lang.String
[DEBUG] resolveProperty [simple type, class java.lang.String]
[DEBUG] resolveProperty [simple type, class java.lang.String]
[DEBUG] Can't check class [simple type, class java.lang.String], java.lang.String
[DEBUG] resolveProperty [simple type, class java.lang.String]
[DEBUG] resolveProperty [simple type, class java.lang.String]
[DEBUG] Can't check class [simple type, class java.lang.String], java.lang.String
[DEBUG] resolveProperty [simple type, class java.lang.String]
[DEBUG] resolveProperty [simple type, class io.electrum.vas.model.Merchant]
[DEBUG] Can't check class [simple type, class io.electrum.vas.model.Merchant], io.electrum.vas.model.Merchant
[DEBUG] resolveProperty [simple type, class io.electrum.vas.model.Merchant]
[DEBUG] resolve [simple type, class io.electrum.vas.model.Merchant]
[DEBUG] trying extension com.github.kongchen.swagger.docgen.reader.ModelModifier@5f85ed26
[DEBUG] Can't check class [simple type, class io.electrum.vas.model.Merchant], io.electrum.vas.model.Merchant
[DEBUG] defineModel Merchant io.swagger.models.ModelImpl@df763188
[DEBUG] resolveProperty [simple type, class java.lang.String]
[DEBUG] Can't check class [simple type, class java.lang.String], java.lang.String
[DEBUG] resolveProperty [simple type, class java.lang.String]
[DEBUG] resolveProperty [simple type, class java.lang.String]
[DEBUG] Can't check class [simple type, class java.lang.String], java.lang.String
[DEBUG] resolveProperty [simple type, class java.lang.String]
[DEBUG] resolveProperty [simple type, class io.electrum.vas.model.MerchantName]
[DEBUG] Can't check class [simple type, class io.electrum.vas.model.MerchantName], io.electrum.vas.model.MerchantName
[DEBUG] resolveProperty [simple type, class io.electrum.vas.model.MerchantName]
[DEBUG] resolve [simple type, class io.electrum.vas.model.MerchantName]
[DEBUG] trying extension com.github.kongchen.swagger.docgen.reader.ModelModifier@5f85ed26
[DEBUG] Can't check class [simple type, class io.electrum.vas.model.MerchantName], io.electrum.vas.model.MerchantName
[DEBUG] defineModel MerchantName io.swagger.models.ModelImpl@d4b5ad4f
[DEBUG] resolveProperty [simple type, class java.lang.String]
[DEBUG] Can't check class [simple type, class java.lang.String], java.lang.String
[DEBUG] resolveProperty [simple type, class java.lang.String]
[DEBUG] resolveProperty [simple type, class java.lang.String]
[DEBUG] Can't check class [simple type, class java.lang.String], java.lang.String
[DEBUG] resolveProperty [simple type, class java.lang.String]
[DEBUG] resolveProperty [simple type, class java.lang.String]
[DEBUG] Can't check class [simple type, class java.lang.String], java.lang.String
[DEBUG] resolveProperty [simple type, class java.lang.String]
[DEBUG] resolveProperty [simple type, class java.lang.String]
[DEBUG] Can't check class [simple type, class java.lang.String], java.lang.String
[DEBUG] resolveProperty [simple type, class java.lang.String]
[DEBUG] resolveProperty [simple type, class io.electrum.vas.model.Institution]
[DEBUG] Can't check class [simple type, class io.electrum.vas.model.Institution], io.electrum.vas.model.Institution
[DEBUG] resolveProperty [simple type, class io.electrum.vas.model.Institution]
[DEBUG] resolveProperty [simple type, class io.electrum.vas.model.Institution]
[DEBUG] Can't check class [simple type, class io.electrum.vas.model.Institution], io.electrum.vas.model.Institution
[DEBUG] resolveProperty [simple type, class io.electrum.vas.model.Institution]
[DEBUG] resolveProperty [simple type, class io.electrum.vas.model.Institution]
[DEBUG] Can't check class [simple type, class io.electrum.vas.model.Institution], io.electrum.vas.model.Institution
[DEBUG] resolveProperty [simple type, class io.electrum.vas.model.Institution]
[DEBUG] resolveProperty [collection type; class java.util.List, contains [simple type, class io.electrum.vas.model.ThirdPartyIdentifier]]
[DEBUG] Can't check class [collection type; class java.util.List, contains [simple type, class io.electrum.vas.model.ThirdPartyIdentifier]], java.util.List
[DEBUG] resolveProperty [collection type; class java.util.List, contains [simple type, class io.electrum.vas.model.ThirdPartyIdentifier]]
[DEBUG] resolveProperty [simple type, class io.electrum.vas.model.ThirdPartyIdentifier]
[DEBUG] Can't check class [simple type, class io.electrum.vas.model.ThirdPartyIdentifier], io.electrum.vas.model.ThirdPartyIdentifier
[DEBUG] resolveProperty [simple type, class io.electrum.vas.model.ThirdPartyIdentifier]
[DEBUG] resolve [simple type, class io.electrum.vas.model.ThirdPartyIdentifier]
[DEBUG] trying extension com.github.kongchen.swagger.docgen.reader.ModelModifier@5f85ed26
[DEBUG] Can't check class [simple type, class io.electrum.vas.model.ThirdPartyIdentifier], io.electrum.vas.model.ThirdPartyIdentifier
[DEBUG] defineModel ThirdPartyIdentifier io.swagger.models.ModelImpl@e8191324
[DEBUG] resolveProperty [simple type, class java.lang.String]
[DEBUG] Can't check class [simple type, class java.lang.String], java.lang.String
[DEBUG] resolveProperty [simple type, class java.lang.String]
[DEBUG] resolveProperty [simple type, class java.lang.String]
[DEBUG] Can't check class [simple type, class java.lang.String], java.lang.String
[DEBUG] resolveProperty [simple type, class java.lang.String]
[DEBUG] resolveProperty [simple type, class io.electrum.vas.model.Amounts]
[DEBUG] Can't check class [simple type, class io.electrum.vas.model.Amounts], io.electrum.vas.model.Amounts
[DEBUG] resolveProperty [simple type, class io.electrum.vas.model.Amounts]
[DEBUG] resolve [simple type, class io.electrum.vas.model.Amounts]
[DEBUG] trying extension com.github.kongchen.swagger.docgen.reader.ModelModifier@5f85ed26
[DEBUG] Can't check class [simple type, class io.electrum.vas.model.Amounts], io.electrum.vas.model.Amounts
[DEBUG] defineModel Amounts io.swagger.models.ModelImpl@e5de713d
[DEBUG] resolveProperty [simple type, class io.electrum.vas.model.LedgerAmount]
[DEBUG] Can't check class [simple type, class io.electrum.vas.model.LedgerAmount], io.electrum.vas.model.LedgerAmount
[DEBUG] resolveProperty [simple type, class io.electrum.vas.model.LedgerAmount]
[DEBUG] resolve [simple type, class io.electrum.vas.model.LedgerAmount]
[DEBUG] trying extension com.github.kongchen.swagger.docgen.reader.ModelModifier@5f85ed26
[DEBUG] Can't check class [simple type, class io.electrum.vas.model.LedgerAmount], io.electrum.vas.model.LedgerAmount
[DEBUG] defineModel LedgerAmount io.swagger.models.ModelImpl@d9bc4218
[DEBUG] resolveProperty [simple type, class java.lang.Long]
[DEBUG] Can't check class [simple type, class java.lang.Long], java.lang.Long
[DEBUG] resolveProperty [simple type, class java.lang.Long]
[DEBUG] resolveProperty [simple type, class java.lang.String]
[DEBUG] Can't check class [simple type, class java.lang.String], java.lang.String
[DEBUG] resolveProperty [simple type, class java.lang.String]
[DEBUG] resolveProperty [simple type, class io.electrum.vas.model.LedgerAmount$LedgerIndicator]
[DEBUG] Can't check class [simple type, class io.electrum.vas.model.LedgerAmount$LedgerIndicator], io.electrum.vas.model.LedgerAmount$LedgerIndicator
[DEBUG] resolveProperty [simple type, class io.electrum.vas.model.LedgerAmount$LedgerIndicator]
[DEBUG] resolveProperty [simple type, class io.electrum.vas.model.LedgerAmount]
[DEBUG] Can't check class [simple type, class io.electrum.vas.model.LedgerAmount], io.electrum.vas.model.LedgerAmount
[DEBUG] resolveProperty [simple type, class io.electrum.vas.model.LedgerAmount]
[DEBUG] resolveProperty [simple type, class io.electrum.vas.model.LedgerAmount]
[DEBUG] Can't check class [simple type, class io.electrum.vas.model.LedgerAmount], io.electrum.vas.model.LedgerAmount
[DEBUG] resolveProperty [simple type, class io.electrum.vas.model.LedgerAmount]
[DEBUG] resolveProperty [simple type, class io.electrum.vas.model.LedgerAmount]
[DEBUG] Can't check class [simple type, class io.electrum.vas.model.LedgerAmount], io.electrum.vas.model.LedgerAmount
[DEBUG] resolveProperty [simple type, class io.electrum.vas.model.LedgerAmount]
[DEBUG] resolveProperty [simple type, class io.electrum.giftcard.api.model.Card]
[DEBUG] Can't check class [simple type, class io.electrum.giftcard.api.model.Card], io.electrum.giftcard.api.model.Card
[DEBUG] resolveProperty [simple type, class io.electrum.giftcard.api.model.Card]
[DEBUG] resolve [simple type, class io.electrum.giftcard.api.model.Card]
[DEBUG] trying extension com.github.kongchen.swagger.docgen.reader.ModelModifier@5f85ed26
[DEBUG] Can't check class [simple type, class io.electrum.giftcard.api.model.Card], io.electrum.giftcard.api.model.Card
[DEBUG] defineModel Card io.swagger.models.ModelImpl@4866fd27
[DEBUG] resolveProperty [simple type, class java.lang.String]
[DEBUG] Can't check class [simple type, class java.lang.String], java.lang.String
[DEBUG] resolveProperty [simple type, class java.lang.String]
[DEBUG] resolveProperty [simple type, class java.lang.String]
[DEBUG] Can't check class [simple type, class java.lang.String], java.lang.String
[DEBUG] resolveProperty [simple type, class java.lang.String]
[DEBUG] resolveProperty [simple type, class java.lang.String]
[DEBUG] Can't check class [simple type, class java.lang.String], java.lang.String
[DEBUG] resolveProperty [simple type, class java.lang.String]
[DEBUG] resolveProperty [simple type, class java.lang.String]
[DEBUG] Can't check class [simple type, class java.lang.String], java.lang.String
[DEBUG] resolveProperty [simple type, class java.lang.String]
[DEBUG] resolveProperty [simple type, class io.electrum.giftcard.api.model.PosInfo]
[DEBUG] Can't check class [simple type, class io.electrum.giftcard.api.model.PosInfo], io.electrum.giftcard.api.model.PosInfo
[DEBUG] resolveProperty [simple type, class io.electrum.giftcard.api.model.PosInfo]
[DEBUG] resolve [simple type, class io.electrum.giftcard.api.model.PosInfo]
[DEBUG] trying extension com.github.kongchen.swagger.docgen.reader.ModelModifier@5f85ed26
[DEBUG] Can't check class [simple type, class io.electrum.giftcard.api.model.PosInfo], io.electrum.giftcard.api.model.PosInfo
[DEBUG] defineModel PosInfo io.swagger.models.ModelImpl@54a3fbf6
[DEBUG] resolveProperty [simple type, class io.electrum.giftcard.api.model.PosEntryMode]
[DEBUG] Can't check class [simple type, class io.electrum.giftcard.api.model.PosEntryMode], io.electrum.giftcard.api.model.PosEntryMode
[DEBUG] resolveProperty [simple type, class io.electrum.giftcard.api.model.PosEntryMode]
[DEBUG] resolve [simple type, class io.electrum.giftcard.api.model.PosEntryMode]
[DEBUG] trying extension com.github.kongchen.swagger.docgen.reader.ModelModifier@5f85ed26
[DEBUG] Can't check class [simple type, class io.electrum.giftcard.api.model.PosEntryMode], io.electrum.giftcard.api.model.PosEntryMode
[DEBUG] defineModel PosEntryMode io.swagger.models.ModelImpl@4728cd75
[DEBUG] resolveProperty [simple type, class io.electrum.giftcard.api.model.PosEntryMode$PanEntryMode]
[DEBUG] Can't check class [simple type, class io.electrum.giftcard.api.model.PosEntryMode$PanEntryMode], io.electrum.giftcard.api.model.PosEntryMode$PanEntryMode
[DEBUG] resolveProperty [simple type, class io.electrum.giftcard.api.model.PosEntryMode$PanEntryMode]
[DEBUG] resolveProperty [simple type, class io.electrum.giftcard.api.model.PosEntryMode$PinEntryCapability]
[DEBUG] Can't check class [simple type, class io.electrum.giftcard.api.model.PosEntryMode$PinEntryCapability], io.electrum.giftcard.api.model.PosEntryMode$PinEntryCapability
[DEBUG] resolveProperty [simple type, class io.electrum.giftcard.api.model.PosEntryMode$PinEntryCapability]
[DEBUG] resolveProperty [simple type, class io.electrum.giftcard.api.model.Product]
[DEBUG] Can't check class [simple type, class io.electrum.giftcard.api.model.Product], io.electrum.giftcard.api.model.Product
[DEBUG] resolveProperty [simple type, class io.electrum.giftcard.api.model.Product]
[DEBUG] resolve [simple type, class io.electrum.giftcard.api.model.Product]
[DEBUG] trying extension com.github.kongchen.swagger.docgen.reader.ModelModifier@5f85ed26
[DEBUG] Can't check class [simple type, class io.electrum.giftcard.api.model.Product], io.electrum.giftcard.api.model.Product
[DEBUG] defineModel Product io.swagger.models.ModelImpl@b0b973
[DEBUG] resolveProperty [simple type, class java.lang.String]
[DEBUG] Can't check class [simple type, class java.lang.String], java.lang.String
[DEBUG] resolveProperty [simple type, class java.lang.String]
[DEBUG] resolveProperty [simple type, class java.lang.String]
[DEBUG] Can't check class [simple type, class java.lang.String], java.lang.String
[DEBUG] resolveProperty [simple type, class java.lang.String]
[DEBUG] resolveProperty [simple type, class java.lang.String]
[DEBUG] Can't check class [simple type, class java.lang.String], java.lang.String
[DEBUG] resolveProperty [simple type, class java.lang.String]
[DEBUG] resolveProperty [simple type, class io.electrum.giftcard.api.model.SlipData]
[DEBUG] Can't check class [simple type, class io.electrum.giftcard.api.model.SlipData], io.electrum.giftcard.api.model.SlipData
[DEBUG] resolveProperty [simple type, class io.electrum.giftcard.api.model.SlipData]
[DEBUG] resolve [simple type, class io.electrum.giftcard.api.model.SlipData]
[DEBUG] trying extension com.github.kongchen.swagger.docgen.reader.ModelModifier@5f85ed26
[DEBUG] Can't check class [simple type, class io.electrum.giftcard.api.model.SlipData], io.electrum.giftcard.api.model.SlipData
[DEBUG] defineModel SlipData io.swagger.models.ModelImpl@c9b6b57e
[DEBUG] resolveProperty [simple type, class java.lang.String]
[DEBUG] Can't check class [simple type, class java.lang.String], java.lang.String
[DEBUG] resolveProperty [simple type, class java.lang.String]
[DEBUG] resolveProperty [collection type; class java.util.List, contains [simple type, class java.lang.String]]
[DEBUG] Can't check class [collection type; class java.util.List, contains [simple type, class java.lang.String]], java.util.List
[DEBUG] resolveProperty [collection type; class java.util.List, contains [simple type, class java.lang.String]]
[DEBUG] resolveProperty [simple type, class java.lang.String]
[DEBUG] Can't check class [simple type, class java.lang.String], java.lang.String
[DEBUG] resolveProperty [simple type, class java.lang.String]
[DEBUG] resolveProperty class java.lang.String
[DEBUG] resolveProperty [simple type, class java.lang.String]
[DEBUG] resolve class io.electrum.giftcard.api.model.VoidResponse
[DEBUG] trying extension com.github.kongchen.swagger.docgen.reader.ModelModifier@5f85ed26
[DEBUG] defineModel VoidResponse io.swagger.models.ModelImpl@70fe7196
[DEBUG] resolveProperty [simple type, class java.util.UUID]
[DEBUG] Can't check class [simple type, class java.util.UUID], java.util.UUID
[DEBUG] resolveProperty [simple type, class java.util.UUID]
[DEBUG] resolveProperty [simple type, class org.joda.time.DateTime]
[DEBUG] Can't check class [simple type, class org.joda.time.DateTime], org.joda.time.DateTime
[DEBUG] resolveProperty [simple type, class org.joda.time.DateTime]
[DEBUG] resolveProperty [simple type, class io.electrum.vas.model.Originator]
[DEBUG] Can't check class [simple type, class io.electrum.vas.model.Originator], io.electrum.vas.model.Originator
[DEBUG] resolveProperty [simple type, class io.electrum.vas.model.Originator]
[DEBUG] resolve [simple type, class io.electrum.vas.model.Originator]
[DEBUG] trying extension com.github.kongchen.swagger.docgen.reader.ModelModifier@5f85ed26
[DEBUG] Can't check class [simple type, class io.electrum.vas.model.Originator], io.electrum.vas.model.Originator
[DEBUG] defineModel Originator io.swagger.models.ModelImpl@b5a2eab5
[DEBUG] resolveProperty [simple type, class io.electrum.vas.model.Institution]
[DEBUG] Can't check class [simple type, class io.electrum.vas.model.Institution], io.electrum.vas.model.Institution
[DEBUG] resolveProperty [simple type, class io.electrum.vas.model.Institution]
[DEBUG] resolve [simple type, class io.electrum.vas.model.Institution]
[DEBUG] trying extension com.github.kongchen.swagger.docgen.reader.ModelModifier@5f85ed26
[DEBUG] Can't check class [simple type, class io.electrum.vas.model.Institution], io.electrum.vas.model.Institution
[DEBUG] defineModel Institution io.swagger.models.ModelImpl@d03232cb
[DEBUG] resolveProperty [simple type, class java.lang.String]
[DEBUG] Can't check class [simple type, class java.lang.String], java.lang.String
[DEBUG] resolveProperty [simple type, class java.lang.String]
[DEBUG] resolveProperty [simple type, class java.lang.String]
[DEBUG] Can't check class [simple type, class java.lang.String], java.lang.String
[DEBUG] resolveProperty [simple type, class java.lang.String]
[DEBUG] resolveProperty [simple type, class java.lang.String]
[DEBUG] Can't check class [simple type, class java.lang.String], java.lang.String
[DEBUG] resolveProperty [simple type, class java.lang.String]
[DEBUG] resolveProperty [simple type, class io.electrum.vas.model.Merchant]
[DEBUG] Can't check class [simple type, class io.electrum.vas.model.Merchant], io.electrum.vas.model.Merchant
[DEBUG] resolveProperty [simple type, class io.electrum.vas.model.Merchant]
[DEBUG] resolve [simple type, class io.electrum.vas.model.Merchant]
[DEBUG] trying extension com.github.kongchen.swagger.docgen.reader.ModelModifier@5f85ed26
[DEBUG] Can't check class [simple type, class io.electrum.vas.model.Merchant], io.electrum.vas.model.Merchant
[DEBUG] defineModel Merchant io.swagger.models.ModelImpl@df763188
[DEBUG] resolveProperty [simple type, class java.lang.String]
[DEBUG] Can't check class [simple type, class java.lang.String], java.lang.String
[DEBUG] resolveProperty [simple type, class java.lang.String]
[DEBUG] resolveProperty [simple type, class java.lang.String]
[DEBUG] Can't check class [simple type, class java.lang.String], java.lang.String
[DEBUG] resolveProperty [simple type, class java.lang.String]
[DEBUG] resolveProperty [simple type, class io.electrum.vas.model.MerchantName]
[DEBUG] Can't check class [simple type, class io.electrum.vas.model.MerchantName], io.electrum.vas.model.MerchantName
[DEBUG] resolveProperty [simple type, class io.electrum.vas.model.MerchantName]
[DEBUG] resolve [simple type, class io.electrum.vas.model.MerchantName]
[DEBUG] trying extension com.github.kongchen.swagger.docgen.reader.ModelModifier@5f85ed26
[DEBUG] Can't check class [simple type, class io.electrum.vas.model.MerchantName], io.electrum.vas.model.MerchantName
[DEBUG] defineModel MerchantName io.swagger.models.ModelImpl@d4b5ad4f
[DEBUG] resolveProperty [simple type, class java.lang.String]
[DEBUG] Can't check class [simple type, class java.lang.String], java.lang.String
[DEBUG] resolveProperty [simple type, class java.lang.String]
[DEBUG] resolveProperty [simple type, class java.lang.String]
[DEBUG] Can't check class [simple type, class java.lang.String], java.lang.String
[DEBUG] resolveProperty [simple type, class java.lang.String]
[DEBUG] resolveProperty [simple type, class java.lang.String]
[DEBUG] Can't check class [simple type, class java.lang.String], java.lang.String
[DEBUG] resolveProperty [simple type, class java.lang.String]
[DEBUG] resolveProperty [simple type, class java.lang.String]
[DEBUG] Can't check class [simple type, class java.lang.String], java.lang.String
[DEBUG] resolveProperty [simple type, class java.lang.String]
[DEBUG] resolveProperty [simple type, class io.electrum.vas.model.Institution]
[DEBUG] Can't check class [simple type, class io.electrum.vas.model.Institution], io.electrum.vas.model.Institution
[DEBUG] resolveProperty [simple type, class io.electrum.vas.model.Institution]
[DEBUG] resolveProperty [simple type, class io.electrum.vas.model.Institution]
[DEBUG] Can't check class [simple type, class io.electrum.vas.model.Institution], io.electrum.vas.model.Institution
[DEBUG] resolveProperty [simple type, class io.electrum.vas.model.Institution]
[DEBUG] resolveProperty [simple type, class io.electrum.vas.model.Institution]
[DEBUG] Can't check class [simple type, class io.electrum.vas.model.Institution], io.electrum.vas.model.Institution
[DEBUG] resolveProperty [simple type, class io.electrum.vas.model.Institution]
[DEBUG] resolveProperty [collection type; class java.util.List, contains [simple type, class io.electrum.vas.model.ThirdPartyIdentifier]]
[DEBUG] Can't check class [collection type; class java.util.List, contains [simple type, class io.electrum.vas.model.ThirdPartyIdentifier]], java.util.List
[DEBUG] resolveProperty [collection type; class java.util.List, contains [simple type, class io.electrum.vas.model.ThirdPartyIdentifier]]
[DEBUG] resolveProperty [simple type, class io.electrum.vas.model.ThirdPartyIdentifier]
[DEBUG] Can't check class [simple type, class io.electrum.vas.model.ThirdPartyIdentifier], io.electrum.vas.model.ThirdPartyIdentifier
[DEBUG] resolveProperty [simple type, class io.electrum.vas.model.ThirdPartyIdentifier]
[DEBUG] resolve [simple type, class io.electrum.vas.model.ThirdPartyIdentifier]
[DEBUG] trying extension com.github.kongchen.swagger.docgen.reader.ModelModifier@5f85ed26
[DEBUG] Can't check class [simple type, class io.electrum.vas.model.ThirdPartyIdentifier], io.electrum.vas.model.ThirdPartyIdentifier
[DEBUG] defineModel ThirdPartyIdentifier io.swagger.models.ModelImpl@e8191324
[DEBUG] resolveProperty [simple type, class java.lang.String]
[DEBUG] Can't check class [simple type, class java.lang.String], java.lang.String
[DEBUG] resolveProperty [simple type, class java.lang.String]
[DEBUG] resolveProperty [simple type, class java.lang.String]
[DEBUG] Can't check class [simple type, class java.lang.String], java.lang.String
[DEBUG] resolveProperty [simple type, class java.lang.String]
[DEBUG] resolveProperty [simple type, class io.electrum.vas.model.Amounts]
[DEBUG] Can't check class [simple type, class io.electrum.vas.model.Amounts], io.electrum.vas.model.Amounts
[DEBUG] resolveProperty [simple type, class io.electrum.vas.model.Amounts]
[DEBUG] resolve [simple type, class io.electrum.vas.model.Amounts]
[DEBUG] trying extension com.github.kongchen.swagger.docgen.reader.ModelModifier@5f85ed26
[DEBUG] Can't check class [simple type, class io.electrum.vas.model.Amounts], io.electrum.vas.model.Amounts
[DEBUG] defineModel Amounts io.swagger.models.ModelImpl@e5de713d
[DEBUG] resolveProperty [simple type, class io.electrum.vas.model.LedgerAmount]
[DEBUG] Can't check class [simple type, class io.electrum.vas.model.LedgerAmount], io.electrum.vas.model.LedgerAmount
[DEBUG] resolveProperty [simple type, class io.electrum.vas.model.LedgerAmount]
[DEBUG] resolve [simple type, class io.electrum.vas.model.LedgerAmount]
[DEBUG] trying extension com.github.kongchen.swagger.docgen.reader.ModelModifier@5f85ed26
[DEBUG] Can't check class [simple type, class io.electrum.vas.model.LedgerAmount], io.electrum.vas.model.LedgerAmount
[DEBUG] defineModel LedgerAmount io.swagger.models.ModelImpl@d9bc4218
[DEBUG] resolveProperty [simple type, class java.lang.Long]
[DEBUG] Can't check class [simple type, class java.lang.Long], java.lang.Long
[DEBUG] resolveProperty [simple type, class java.lang.Long]
[DEBUG] resolveProperty [simple type, class java.lang.String]
[DEBUG] Can't check class [simple type, class java.lang.String], java.lang.String
[DEBUG] resolveProperty [simple type, class java.lang.String]
[DEBUG] resolveProperty [simple type, class io.electrum.vas.model.LedgerAmount$LedgerIndicator]
[DEBUG] Can't check class [simple type, class io.electrum.vas.model.LedgerAmount$LedgerIndicator], io.electrum.vas.model.LedgerAmount$LedgerIndicator
[DEBUG] resolveProperty [simple type, class io.electrum.vas.model.LedgerAmount$LedgerIndicator]
[DEBUG] resolveProperty [simple type, class io.electrum.vas.model.LedgerAmount]
[DEBUG] Can't check class [simple type, class io.electrum.vas.model.LedgerAmount], io.electrum.vas.model.LedgerAmount
[DEBUG] resolveProperty [simple type, class io.electrum.vas.model.LedgerAmount]
[DEBUG] resolveProperty [simple type, class io.electrum.vas.model.LedgerAmount]
[DEBUG] Can't check class [simple type, class io.electrum.vas.model.LedgerAmount], io.electrum.vas.model.LedgerAmount
[DEBUG] resolveProperty [simple type, class io.electrum.vas.model.LedgerAmount]
[DEBUG] resolveProperty [simple type, class io.electrum.vas.model.LedgerAmount]
[DEBUG] Can't check class [simple type, class io.electrum.vas.model.LedgerAmount], io.electrum.vas.model.LedgerAmount
[DEBUG] resolveProperty [simple type, class io.electrum.vas.model.LedgerAmount]
[DEBUG] resolveProperty [simple type, class io.electrum.giftcard.api.model.Card]
[DEBUG] Can't check class [simple type, class io.electrum.giftcard.api.model.Card], io.electrum.giftcard.api.model.Card
[DEBUG] resolveProperty [simple type, class io.electrum.giftcard.api.model.Card]
[DEBUG] resolve [simple type, class io.electrum.giftcard.api.model.Card]
[DEBUG] trying extension com.github.kongchen.swagger.docgen.reader.ModelModifier@5f85ed26
[DEBUG] Can't check class [simple type, class io.electrum.giftcard.api.model.Card], io.electrum.giftcard.api.model.Card
[DEBUG] defineModel Card io.swagger.models.ModelImpl@4866fd27
[DEBUG] resolveProperty [simple type, class java.lang.String]
[DEBUG] Can't check class [simple type, class java.lang.String], java.lang.String
[DEBUG] resolveProperty [simple type, class java.lang.String]
[DEBUG] resolveProperty [simple type, class java.lang.String]
[DEBUG] Can't check class [simple type, class java.lang.String], java.lang.String
[DEBUG] resolveProperty [simple type, class java.lang.String]
[DEBUG] resolveProperty [simple type, class java.lang.String]
[DEBUG] Can't check class [simple type, class java.lang.String], java.lang.String
[DEBUG] resolveProperty [simple type, class java.lang.String]
[DEBUG] resolveProperty [simple type, class java.lang.String]
[DEBUG] Can't check class [simple type, class java.lang.String], java.lang.String
[DEBUG] resolveProperty [simple type, class java.lang.String]
[DEBUG] resolveProperty [simple type, class io.electrum.giftcard.api.model.PosInfo]
[DEBUG] Can't check class [simple type, class io.electrum.giftcard.api.model.PosInfo], io.electrum.giftcard.api.model.PosInfo
[DEBUG] resolveProperty [simple type, class io.electrum.giftcard.api.model.PosInfo]
[DEBUG] resolve [simple type, class io.electrum.giftcard.api.model.PosInfo]
[DEBUG] trying extension com.github.kongchen.swagger.docgen.reader.ModelModifier@5f85ed26
[DEBUG] Can't check class [simple type, class io.electrum.giftcard.api.model.PosInfo], io.electrum.giftcard.api.model.PosInfo
[DEBUG] defineModel PosInfo io.swagger.models.ModelImpl@54a3fbf6
[DEBUG] resolveProperty [simple type, class io.electrum.giftcard.api.model.PosEntryMode]
[DEBUG] Can't check class [simple type, class io.electrum.giftcard.api.model.PosEntryMode], io.electrum.giftcard.api.model.PosEntryMode
[DEBUG] resolveProperty [simple type, class io.electrum.giftcard.api.model.PosEntryMode]
[DEBUG] resolve [simple type, class io.electrum.giftcard.api.model.PosEntryMode]
[DEBUG] trying extension com.github.kongchen.swagger.docgen.reader.ModelModifier@5f85ed26
[DEBUG] Can't check class [simple type, class io.electrum.giftcard.api.model.PosEntryMode], io.electrum.giftcard.api.model.PosEntryMode
[DEBUG] defineModel PosEntryMode io.swagger.models.ModelImpl@4728cd75
[DEBUG] resolveProperty [simple type, class io.electrum.giftcard.api.model.PosEntryMode$PanEntryMode]
[DEBUG] Can't check class [simple type, class io.electrum.giftcard.api.model.PosEntryMode$PanEntryMode], io.electrum.giftcard.api.model.PosEntryMode$PanEntryMode
[DEBUG] resolveProperty [simple type, class io.electrum.giftcard.api.model.PosEntryMode$PanEntryMode]
[DEBUG] resolveProperty [simple type, class io.electrum.giftcard.api.model.PosEntryMode$PinEntryCapability]
[DEBUG] Can't check class [simple type, class io.electrum.giftcard.api.model.PosEntryMode$PinEntryCapability], io.electrum.giftcard.api.model.PosEntryMode$PinEntryCapability
[DEBUG] resolveProperty [simple type, class io.electrum.giftcard.api.model.PosEntryMode$PinEntryCapability]
[DEBUG] resolveProperty [simple type, class io.electrum.giftcard.api.model.Product]
[DEBUG] Can't check class [simple type, class io.electrum.giftcard.api.model.Product], io.electrum.giftcard.api.model.Product
[DEBUG] resolveProperty [simple type, class io.electrum.giftcard.api.model.Product]
[DEBUG] resolve [simple type, class io.electrum.giftcard.api.model.Product]
[DEBUG] trying extension com.github.kongchen.swagger.docgen.reader.ModelModifier@5f85ed26
[DEBUG] Can't check class [simple type, class io.electrum.giftcard.api.model.Product], io.electrum.giftcard.api.model.Product
[DEBUG] defineModel Product io.swagger.models.ModelImpl@b0b973
[DEBUG] resolveProperty [simple type, class java.lang.String]
[DEBUG] Can't check class [simple type, class java.lang.String], java.lang.String
[DEBUG] resolveProperty [simple type, class java.lang.String]
[DEBUG] resolveProperty [simple type, class java.lang.String]
[DEBUG] Can't check class [simple type, class java.lang.String], java.lang.String
[DEBUG] resolveProperty [simple type, class java.lang.String]
[DEBUG] resolveProperty [simple type, class java.lang.String]
[DEBUG] Can't check class [simple type, class java.lang.String], java.lang.String
[DEBUG] resolveProperty [simple type, class java.lang.String]
[DEBUG] resolveProperty [simple type, class io.electrum.giftcard.api.model.SlipData]
[DEBUG] Can't check class [simple type, class io.electrum.giftcard.api.model.SlipData], io.electrum.giftcard.api.model.SlipData
[DEBUG] resolveProperty [simple type, class io.electrum.giftcard.api.model.SlipData]
[DEBUG] resolve [simple type, class io.electrum.giftcard.api.model.SlipData]
[DEBUG] trying extension com.github.kongchen.swagger.docgen.reader.ModelModifier@5f85ed26
[DEBUG] Can't check class [simple type, class io.electrum.giftcard.api.model.SlipData], io.electrum.giftcard.api.model.SlipData
[DEBUG] defineModel SlipData io.swagger.models.ModelImpl@c9b6b57e
[DEBUG] resolveProperty [simple type, class java.lang.String]
[DEBUG] Can't check class [simple type, class java.lang.String], java.lang.String
[DEBUG] resolveProperty [simple type, class java.lang.String]
[DEBUG] resolveProperty [collection type; class java.util.List, contains [simple type, class java.lang.String]]
[DEBUG] Can't check class [collection type; class java.util.List, contains [simple type, class java.lang.String]], java.util.List
[DEBUG] resolveProperty [collection type; class java.util.List, contains [simple type, class java.lang.String]]
[DEBUG] resolveProperty [simple type, class java.lang.String]
[DEBUG] Can't check class [simple type, class java.lang.String], java.lang.String
[DEBUG] resolveProperty [simple type, class java.lang.String]
[DEBUG] ModelConverters readAll from class io.electrum.giftcard.api.model.VoidResponse
[DEBUG] resolve class io.electrum.giftcard.api.model.VoidResponse
[DEBUG] trying extension com.github.kongchen.swagger.docgen.reader.ModelModifier@5f85ed26
[DEBUG] defineModel VoidResponse io.swagger.models.ModelImpl@70fe7196
[DEBUG] resolveProperty [simple type, class java.util.UUID]
[DEBUG] Can't check class [simple type, class java.util.UUID], java.util.UUID
[DEBUG] resolveProperty [simple type, class java.util.UUID]
[DEBUG] resolveProperty [simple type, class org.joda.time.DateTime]
[DEBUG] Can't check class [simple type, class org.joda.time.DateTime], org.joda.time.DateTime
[DEBUG] resolveProperty [simple type, class org.joda.time.DateTime]
[DEBUG] resolveProperty [simple type, class io.electrum.vas.model.Originator]
[DEBUG] Can't check class [simple type, class io.electrum.vas.model.Originator], io.electrum.vas.model.Originator
[DEBUG] resolveProperty [simple type, class io.electrum.vas.model.Originator]
[DEBUG] resolve [simple type, class io.electrum.vas.model.Originator]
[DEBUG] trying extension com.github.kongchen.swagger.docgen.reader.ModelModifier@5f85ed26
[DEBUG] Can't check class [simple type, class io.electrum.vas.model.Originator], io.electrum.vas.model.Originator
[DEBUG] defineModel Originator io.swagger.models.ModelImpl@b5a2eab5
[DEBUG] resolveProperty [simple type, class io.electrum.vas.model.Institution]
[DEBUG] Can't check class [simple type, class io.electrum.vas.model.Institution], io.electrum.vas.model.Institution
[DEBUG] resolveProperty [simple type, class io.electrum.vas.model.Institution]
[DEBUG] resolve [simple type, class io.electrum.vas.model.Institution]
[DEBUG] trying extension com.github.kongchen.swagger.docgen.reader.ModelModifier@5f85ed26
[DEBUG] Can't check class [simple type, class io.electrum.vas.model.Institution], io.electrum.vas.model.Institution
[DEBUG] defineModel Institution io.swagger.models.ModelImpl@d03232cb
[DEBUG] resolveProperty [simple type, class java.lang.String]
[DEBUG] Can't check class [simple type, class java.lang.String], java.lang.String
[DEBUG] resolveProperty [simple type, class java.lang.String]
[DEBUG] resolveProperty [simple type, class java.lang.String]
[DEBUG] Can't check class [simple type, class java.lang.String], java.lang.String
[DEBUG] resolveProperty [simple type, class java.lang.String]
[DEBUG] resolveProperty [simple type, class java.lang.String]
[DEBUG] Can't check class [simple type, class java.lang.String], java.lang.String
[DEBUG] resolveProperty [simple type, class java.lang.String]
[DEBUG] resolveProperty [simple type, class io.electrum.vas.model.Merchant]
[DEBUG] Can't check class [simple type, class io.electrum.vas.model.Merchant], io.electrum.vas.model.Merchant
[DEBUG] resolveProperty [simple type, class io.electrum.vas.model.Merchant]
[DEBUG] resolve [simple type, class io.electrum.vas.model.Merchant]
[DEBUG] trying extension com.github.kongchen.swagger.docgen.reader.ModelModifier@5f85ed26
[DEBUG] Can't check class [simple type, class io.electrum.vas.model.Merchant], io.electrum.vas.model.Merchant
[DEBUG] defineModel Merchant io.swagger.models.ModelImpl@df763188
[DEBUG] resolveProperty [simple type, class java.lang.String]
[DEBUG] Can't check class [simple type, class java.lang.String], java.lang.String
[DEBUG] resolveProperty [simple type, class java.lang.String]
[DEBUG] resolveProperty [simple type, class java.lang.String]
[DEBUG] Can't check class [simple type, class java.lang.String], java.lang.String
[DEBUG] resolveProperty [simple type, class java.lang.String]
[DEBUG] resolveProperty [simple type, class io.electrum.vas.model.MerchantName]
[DEBUG] Can't check class [simple type, class io.electrum.vas.model.MerchantName], io.electrum.vas.model.MerchantName
[DEBUG] resolveProperty [simple type, class io.electrum.vas.model.MerchantName]
[DEBUG] resolve [simple type, class io.electrum.vas.model.MerchantName]
[DEBUG] trying extension com.github.kongchen.swagger.docgen.reader.ModelModifier@5f85ed26
[DEBUG] Can't check class [simple type, class io.electrum.vas.model.MerchantName], io.electrum.vas.model.MerchantName
[DEBUG] defineModel MerchantName io.swagger.models.ModelImpl@d4b5ad4f
[DEBUG] resolveProperty [simple type, class java.lang.String]
[DEBUG] Can't check class [simple type, class java.lang.String], java.lang.String
[DEBUG] resolveProperty [simple type, class java.lang.String]
[DEBUG] resolveProperty [simple type, class java.lang.String]
[DEBUG] Can't check class [simple type, class java.lang.String], java.lang.String
[DEBUG] resolveProperty [simple type, class java.lang.String]
[DEBUG] resolveProperty [simple type, class java.lang.String]
[DEBUG] Can't check class [simple type, class java.lang.String], java.lang.String
[DEBUG] resolveProperty [simple type, class java.lang.String]
[DEBUG] resolveProperty [simple type, class java.lang.String]
[DEBUG] Can't check class [simple type, class java.lang.String], java.lang.String
[DEBUG] resolveProperty [simple type, class java.lang.String]
[DEBUG] resolveProperty [simple type, class io.electrum.vas.model.Institution]
[DEBUG] Can't check class [simple type, class io.electrum.vas.model.Institution], io.electrum.vas.model.Institution
[DEBUG] resolveProperty [simple type, class io.electrum.vas.model.Institution]
[DEBUG] resolveProperty [simple type, class io.electrum.vas.model.Institution]
[DEBUG] Can't check class [simple type, class io.electrum.vas.model.Institution], io.electrum.vas.model.Institution
[DEBUG] resolveProperty [simple type, class io.electrum.vas.model.Institution]
[DEBUG] resolveProperty [simple type, class io.electrum.vas.model.Institution]
[DEBUG] Can't check class [simple type, class io.electrum.vas.model.Institution], io.electrum.vas.model.Institution
[DEBUG] resolveProperty [simple type, class io.electrum.vas.model.Institution]
[DEBUG] resolveProperty [collection type; class java.util.List, contains [simple type, class io.electrum.vas.model.ThirdPartyIdentifier]]
[DEBUG] Can't check class [collection type; class java.util.List, contains [simple type, class io.electrum.vas.model.ThirdPartyIdentifier]], java.util.List
[DEBUG] resolveProperty [collection type; class java.util.List, contains [simple type, class io.electrum.vas.model.ThirdPartyIdentifier]]
[DEBUG] resolveProperty [simple type, class io.electrum.vas.model.ThirdPartyIdentifier]
[DEBUG] Can't check class [simple type, class io.electrum.vas.model.ThirdPartyIdentifier], io.electrum.vas.model.ThirdPartyIdentifier
[DEBUG] resolveProperty [simple type, class io.electrum.vas.model.ThirdPartyIdentifier]
[DEBUG] resolve [simple type, class io.electrum.vas.model.ThirdPartyIdentifier]
[DEBUG] trying extension com.github.kongchen.swagger.docgen.reader.ModelModifier@5f85ed26
[DEBUG] Can't check class [simple type, class io.electrum.vas.model.ThirdPartyIdentifier], io.electrum.vas.model.ThirdPartyIdentifier
[DEBUG] defineModel ThirdPartyIdentifier io.swagger.models.ModelImpl@e8191324
[DEBUG] resolveProperty [simple type, class java.lang.String]
[DEBUG] Can't check class [simple type, class java.lang.String], java.lang.String
[DEBUG] resolveProperty [simple type, class java.lang.String]
[DEBUG] resolveProperty [simple type, class java.lang.String]
[DEBUG] Can't check class [simple type, class java.lang.String], java.lang.String
[DEBUG] resolveProperty [simple type, class java.lang.String]
[DEBUG] resolveProperty [simple type, class io.electrum.vas.model.Amounts]
[DEBUG] Can't check class [simple type, class io.electrum.vas.model.Amounts], io.electrum.vas.model.Amounts
[DEBUG] resolveProperty [simple type, class io.electrum.vas.model.Amounts]
[DEBUG] resolve [simple type, class io.electrum.vas.model.Amounts]
[DEBUG] trying extension com.github.kongchen.swagger.docgen.reader.ModelModifier@5f85ed26
[DEBUG] Can't check class [simple type, class io.electrum.vas.model.Amounts], io.electrum.vas.model.Amounts
[DEBUG] defineModel Amounts io.swagger.models.ModelImpl@e5de713d
[DEBUG] resolveProperty [simple type, class io.electrum.vas.model.LedgerAmount]
[DEBUG] Can't check class [simple type, class io.electrum.vas.model.LedgerAmount], io.electrum.vas.model.LedgerAmount
[DEBUG] resolveProperty [simple type, class io.electrum.vas.model.LedgerAmount]
[DEBUG] resolve [simple type, class io.electrum.vas.model.LedgerAmount]
[DEBUG] trying extension com.github.kongchen.swagger.docgen.reader.ModelModifier@5f85ed26
[DEBUG] Can't check class [simple type, class io.electrum.vas.model.LedgerAmount], io.electrum.vas.model.LedgerAmount
[DEBUG] defineModel LedgerAmount io.swagger.models.ModelImpl@d9bc4218
[DEBUG] resolveProperty [simple type, class java.lang.Long]
[DEBUG] Can't check class [simple type, class java.lang.Long], java.lang.Long
[DEBUG] resolveProperty [simple type, class java.lang.Long]
[DEBUG] resolveProperty [simple type, class java.lang.String]
[DEBUG] Can't check class [simple type, class java.lang.String], java.lang.String
[DEBUG] resolveProperty [simple type, class java.lang.String]
[DEBUG] resolveProperty [simple type, class io.electrum.vas.model.LedgerAmount$LedgerIndicator]
[DEBUG] Can't check class [simple type, class io.electrum.vas.model.LedgerAmount$LedgerIndicator], io.electrum.vas.model.LedgerAmount$LedgerIndicator
[DEBUG] resolveProperty [simple type, class io.electrum.vas.model.LedgerAmount$LedgerIndicator]
[DEBUG] resolveProperty [simple type, class io.electrum.vas.model.LedgerAmount]
[DEBUG] Can't check class [simple type, class io.electrum.vas.model.LedgerAmount], io.electrum.vas.model.LedgerAmount
[DEBUG] resolveProperty [simple type, class io.electrum.vas.model.LedgerAmount]
[DEBUG] resolveProperty [simple type, class io.electrum.vas.model.LedgerAmount]
[DEBUG] Can't check class [simple type, class io.electrum.vas.model.LedgerAmount], io.electrum.vas.model.LedgerAmount
[DEBUG] resolveProperty [simple type, class io.electrum.vas.model.LedgerAmount]
[DEBUG] resolveProperty [simple type, class io.electrum.vas.model.LedgerAmount]
[DEBUG] Can't check class [simple type, class io.electrum.vas.model.LedgerAmount], io.electrum.vas.model.LedgerAmount
[DEBUG] resolveProperty [simple type, class io.electrum.vas.model.LedgerAmount]
[DEBUG] resolveProperty [simple type, class io.electrum.giftcard.api.model.Card]
[DEBUG] Can't check class [simple type, class io.electrum.giftcard.api.model.Card], io.electrum.giftcard.api.model.Card
[DEBUG] resolveProperty [simple type, class io.electrum.giftcard.api.model.Card]
[DEBUG] resolve [simple type, class io.electrum.giftcard.api.model.Card]
[DEBUG] trying extension com.github.kongchen.swagger.docgen.reader.ModelModifier@5f85ed26
[DEBUG] Can't check class [simple type, class io.electrum.giftcard.api.model.Card], io.electrum.giftcard.api.model.Card
[DEBUG] defineModel Card io.swagger.models.ModelImpl@4866fd27
[DEBUG] resolveProperty [simple type, class java.lang.String]
[DEBUG] Can't check class [simple type, class java.lang.String], java.lang.String
[DEBUG] resolveProperty [simple type, class java.lang.String]
[DEBUG] resolveProperty [simple type, class java.lang.String]
[DEBUG] Can't check class [simple type, class java.lang.String], java.lang.String
[DEBUG] resolveProperty [simple type, class java.lang.String]
[DEBUG] resolveProperty [simple type, class java.lang.String]
[DEBUG] Can't check class [simple type, class java.lang.String], java.lang.String
[DEBUG] resolveProperty [simple type, class java.lang.String]
[DEBUG] resolveProperty [simple type, class java.lang.String]
[DEBUG] Can't check class [simple type, class java.lang.String], java.lang.String
[DEBUG] resolveProperty [simple type, class java.lang.String]
[DEBUG] resolveProperty [simple type, class io.electrum.giftcard.api.model.PosInfo]
[DEBUG] Can't check class [simple type, class io.electrum.giftcard.api.model.PosInfo], io.electrum.giftcard.api.model.PosInfo
[DEBUG] resolveProperty [simple type, class io.electrum.giftcard.api.model.PosInfo]
[DEBUG] resolve [simple type, class io.electrum.giftcard.api.model.PosInfo]
[DEBUG] trying extension com.github.kongchen.swagger.docgen.reader.ModelModifier@5f85ed26
[DEBUG] Can't check class [simple type, class io.electrum.giftcard.api.model.PosInfo], io.electrum.giftcard.api.model.PosInfo
[DEBUG] defineModel PosInfo io.swagger.models.ModelImpl@54a3fbf6
[DEBUG] resolveProperty [simple type, class io.electrum.giftcard.api.model.PosEntryMode]
[DEBUG] Can't check class [simple type, class io.electrum.giftcard.api.model.PosEntryMode], io.electrum.giftcard.api.model.PosEntryMode
[DEBUG] resolveProperty [simple type, class io.electrum.giftcard.api.model.PosEntryMode]
[DEBUG] resolve [simple type, class io.electrum.giftcard.api.model.PosEntryMode]
[DEBUG] trying extension com.github.kongchen.swagger.docgen.reader.ModelModifier@5f85ed26
[DEBUG] Can't check class [simple type, class io.electrum.giftcard.api.model.PosEntryMode], io.electrum.giftcard.api.model.PosEntryMode
[DEBUG] defineModel PosEntryMode io.swagger.models.ModelImpl@4728cd75
[DEBUG] resolveProperty [simple type, class io.electrum.giftcard.api.model.PosEntryMode$PanEntryMode]
[DEBUG] Can't check class [simple type, class io.electrum.giftcard.api.model.PosEntryMode$PanEntryMode], io.electrum.giftcard.api.model.PosEntryMode$PanEntryMode
[DEBUG] resolveProperty [simple type, class io.electrum.giftcard.api.model.PosEntryMode$PanEntryMode]
[DEBUG] resolveProperty [simple type, class io.electrum.giftcard.api.model.PosEntryMode$PinEntryCapability]
[DEBUG] Can't check class [simple type, class io.electrum.giftcard.api.model.PosEntryMode$PinEntryCapability], io.electrum.giftcard.api.model.PosEntryMode$PinEntryCapability
[DEBUG] resolveProperty [simple type, class io.electrum.giftcard.api.model.PosEntryMode$PinEntryCapability]
[DEBUG] resolveProperty [simple type, class io.electrum.giftcard.api.model.Product]
[DEBUG] Can't check class [simple type, class io.electrum.giftcard.api.model.Product], io.electrum.giftcard.api.model.Product
[DEBUG] resolveProperty [simple type, class io.electrum.giftcard.api.model.Product]
[DEBUG] resolve [simple type, class io.electrum.giftcard.api.model.Product]
[DEBUG] trying extension com.github.kongchen.swagger.docgen.reader.ModelModifier@5f85ed26
[DEBUG] Can't check class [simple type, class io.electrum.giftcard.api.model.Product], io.electrum.giftcard.api.model.Product
[DEBUG] defineModel Product io.swagger.models.ModelImpl@b0b973
[DEBUG] resolveProperty [simple type, class java.lang.String]
[DEBUG] Can't check class [simple type, class java.lang.String], java.lang.String
[DEBUG] resolveProperty [simple type, class java.lang.String]
[DEBUG] resolveProperty [simple type, class java.lang.String]
[DEBUG] Can't check class [simple type, class java.lang.String], java.lang.String
[DEBUG] resolveProperty [simple type, class java.lang.String]
[DEBUG] resolveProperty [simple type, class java.lang.String]
[DEBUG] Can't check class [simple type, class java.lang.String], java.lang.String
[DEBUG] resolveProperty [simple type, class java.lang.String]
[DEBUG] resolveProperty [simple type, class io.electrum.giftcard.api.model.SlipData]
[DEBUG] Can't check class [simple type, class io.electrum.giftcard.api.model.SlipData], io.electrum.giftcard.api.model.SlipData
[DEBUG] resolveProperty [simple type, class io.electrum.giftcard.api.model.SlipData]
[DEBUG] resolve [simple type, class io.electrum.giftcard.api.model.SlipData]
[DEBUG] trying extension com.github.kongchen.swagger.docgen.reader.ModelModifier@5f85ed26
[DEBUG] Can't check class [simple type, class io.electrum.giftcard.api.model.SlipData], io.electrum.giftcard.api.model.SlipData
[DEBUG] defineModel SlipData io.swagger.models.ModelImpl@c9b6b57e
[DEBUG] resolveProperty [simple type, class java.lang.String]
[DEBUG] Can't check class [simple type, class java.lang.String], java.lang.String
[DEBUG] resolveProperty [simple type, class java.lang.String]
[DEBUG] resolveProperty [collection type; class java.util.List, contains [simple type, class java.lang.String]]
[DEBUG] Can't check class [collection type; class java.util.List, contains [simple type, class java.lang.String]], java.util.List
[DEBUG] resolveProperty [collection type; class java.util.List, contains [simple type, class java.lang.String]]
[DEBUG] resolveProperty [simple type, class java.lang.String]
[DEBUG] Can't check class [simple type, class java.lang.String], java.lang.String
[DEBUG] resolveProperty [simple type, class java.lang.String]
[DEBUG] resolve class io.electrum.giftcard.api.model.ErrorDetail
[DEBUG] trying extension com.github.kongchen.swagger.docgen.reader.ModelModifier@5f85ed26
[DEBUG] defineModel ErrorDetail io.swagger.models.ModelImpl@871e6c0f
[DEBUG] resolveProperty [simple type, class io.electrum.giftcard.api.model.ErrorDetail$ErrorType]
[DEBUG] Can't check class [simple type, class io.electrum.giftcard.api.model.ErrorDetail$ErrorType], io.electrum.giftcard.api.model.ErrorDetail$ErrorType
[DEBUG] resolveProperty [simple type, class io.electrum.giftcard.api.model.ErrorDetail$ErrorType]
[DEBUG] resolveProperty [simple type, class java.lang.String]
[DEBUG] Can't check class [simple type, class java.lang.String], java.lang.String
[DEBUG] resolveProperty [simple type, class java.lang.String]
[DEBUG] resolveProperty [simple type, class java.lang.Object]
[DEBUG] Can't check class [simple type, class java.lang.Object], java.lang.Object
[DEBUG] resolveProperty [simple type, class java.lang.Object]
[DEBUG] ModelConverters readAll from class io.electrum.giftcard.api.model.ErrorDetail
[DEBUG] resolve class io.electrum.giftcard.api.model.ErrorDetail
[DEBUG] trying extension com.github.kongchen.swagger.docgen.reader.ModelModifier@5f85ed26
[DEBUG] defineModel ErrorDetail io.swagger.models.ModelImpl@871e6c0f
[DEBUG] resolveProperty [simple type, class io.electrum.giftcard.api.model.ErrorDetail$ErrorType]
[DEBUG] Can't check class [simple type, class io.electrum.giftcard.api.model.ErrorDetail$ErrorType], io.electrum.giftcard.api.model.ErrorDetail$ErrorType
[DEBUG] resolveProperty [simple type, class io.electrum.giftcard.api.model.ErrorDetail$ErrorType]
[DEBUG] resolveProperty [simple type, class java.lang.String]
[DEBUG] Can't check class [simple type, class java.lang.String], java.lang.String
[DEBUG] resolveProperty [simple type, class java.lang.String]
[DEBUG] resolveProperty [simple type, class java.lang.Object]
[DEBUG] Can't check class [simple type, class java.lang.Object], java.lang.Object
[DEBUG] resolveProperty [simple type, class java.lang.Object]
[DEBUG] resolve class io.electrum.giftcard.api.model.ErrorDetail
[DEBUG] trying extension com.github.kongchen.swagger.docgen.reader.ModelModifier@5f85ed26
[DEBUG] defineModel ErrorDetail io.swagger.models.ModelImpl@871e6c0f
[DEBUG] resolveProperty [simple type, class io.electrum.giftcard.api.model.ErrorDetail$ErrorType]
[DEBUG] Can't check class [simple type, class io.electrum.giftcard.api.model.ErrorDetail$ErrorType], io.electrum.giftcard.api.model.ErrorDetail$ErrorType
[DEBUG] resolveProperty [simple type, class io.electrum.giftcard.api.model.ErrorDetail$ErrorType]
[DEBUG] resolveProperty [simple type, class java.lang.String]
[DEBUG] Can't check class [simple type, class java.lang.String], java.lang.String
[DEBUG] resolveProperty [simple type, class java.lang.String]
[DEBUG] resolveProperty [simple type, class java.lang.Object]
[DEBUG] Can't check class [simple type, class java.lang.Object], java.lang.Object
[DEBUG] resolveProperty [simple type, class java.lang.Object]
[DEBUG] ModelConverters readAll from class io.electrum.giftcard.api.model.ErrorDetail
[DEBUG] resolve class io.electrum.giftcard.api.model.ErrorDetail
[DEBUG] trying extension com.github.kongchen.swagger.docgen.reader.ModelModifier@5f85ed26
[DEBUG] defineModel ErrorDetail io.swagger.models.ModelImpl@871e6c0f
[DEBUG] resolveProperty [simple type, class io.electrum.giftcard.api.model.ErrorDetail$ErrorType]
[DEBUG] Can't check class [simple type, class io.electrum.giftcard.api.model.ErrorDetail$ErrorType], io.electrum.giftcard.api.model.ErrorDetail$ErrorType
[DEBUG] resolveProperty [simple type, class io.electrum.giftcard.api.model.ErrorDetail$ErrorType]
[DEBUG] resolveProperty [simple type, class java.lang.String]
[DEBUG] Can't check class [simple type, class java.lang.String], java.lang.String
[DEBUG] resolveProperty [simple type, class java.lang.String]
[DEBUG] resolveProperty [simple type, class java.lang.Object]
[DEBUG] Can't check class [simple type, class java.lang.Object], java.lang.Object
[DEBUG] resolveProperty [simple type, class java.lang.Object]
[DEBUG] resolve class io.electrum.giftcard.api.model.ErrorDetail
[DEBUG] trying extension com.github.kongchen.swagger.docgen.reader.ModelModifier@5f85ed26
[DEBUG] defineModel ErrorDetail io.swagger.models.ModelImpl@871e6c0f
[DEBUG] resolveProperty [simple type, class io.electrum.giftcard.api.model.ErrorDetail$ErrorType]
[DEBUG] Can't check class [simple type, class io.electrum.giftcard.api.model.ErrorDetail$ErrorType], io.electrum.giftcard.api.model.ErrorDetail$ErrorType
[DEBUG] resolveProperty [simple type, class io.electrum.giftcard.api.model.ErrorDetail$ErrorType]
[DEBUG] resolveProperty [simple type, class java.lang.String]
[DEBUG] Can't check class [simple type, class java.lang.String], java.lang.String
[DEBUG] resolveProperty [simple type, class java.lang.String]
[DEBUG] resolveProperty [simple type, class java.lang.Object]
[DEBUG] Can't check class [simple type, class java.lang.Object], java.lang.Object
[DEBUG] resolveProperty [simple type, class java.lang.Object]
[DEBUG] ModelConverters readAll from class io.electrum.giftcard.api.model.ErrorDetail
[DEBUG] resolve class io.electrum.giftcard.api.model.ErrorDetail
[DEBUG] trying extension com.github.kongchen.swagger.docgen.reader.ModelModifier@5f85ed26
[DEBUG] defineModel ErrorDetail io.swagger.models.ModelImpl@871e6c0f
[DEBUG] resolveProperty [simple type, class io.electrum.giftcard.api.model.ErrorDetail$ErrorType]
[DEBUG] Can't check class [simple type, class io.electrum.giftcard.api.model.ErrorDetail$ErrorType], io.electrum.giftcard.api.model.ErrorDetail$ErrorType
[DEBUG] resolveProperty [simple type, class io.electrum.giftcard.api.model.ErrorDetail$ErrorType]
[DEBUG] resolveProperty [simple type, class java.lang.String]
[DEBUG] Can't check class [simple type, class java.lang.String], java.lang.String
[DEBUG] resolveProperty [simple type, class java.lang.String]
[DEBUG] resolveProperty [simple type, class java.lang.Object]
[DEBUG] Can't check class [simple type, class java.lang.Object], java.lang.Object
[DEBUG] resolveProperty [simple type, class java.lang.Object]
[DEBUG] resolve class io.electrum.giftcard.api.model.ErrorDetail
[DEBUG] trying extension com.github.kongchen.swagger.docgen.reader.ModelModifier@5f85ed26
[DEBUG] defineModel ErrorDetail io.swagger.models.ModelImpl@871e6c0f
[DEBUG] resolveProperty [simple type, class io.electrum.giftcard.api.model.ErrorDetail$ErrorType]
[DEBUG] Can't check class [simple type, class io.electrum.giftcard.api.model.ErrorDetail$ErrorType], io.electrum.giftcard.api.model.ErrorDetail$ErrorType
[DEBUG] resolveProperty [simple type, class io.electrum.giftcard.api.model.ErrorDetail$ErrorType]
[DEBUG] resolveProperty [simple type, class java.lang.String]
[DEBUG] Can't check class [simple type, class java.lang.String], java.lang.String
[DEBUG] resolveProperty [simple type, class java.lang.String]
[DEBUG] resolveProperty [simple type, class java.lang.Object]
[DEBUG] Can't check class [simple type, class java.lang.Object], java.lang.Object
[DEBUG] resolveProperty [simple type, class java.lang.Object]
[DEBUG] ModelConverters readAll from class io.electrum.giftcard.api.model.ErrorDetail
[DEBUG] resolve class io.electrum.giftcard.api.model.ErrorDetail
[DEBUG] trying extension com.github.kongchen.swagger.docgen.reader.ModelModifier@5f85ed26
[DEBUG] defineModel ErrorDetail io.swagger.models.ModelImpl@871e6c0f
[DEBUG] resolveProperty [simple type, class io.electrum.giftcard.api.model.ErrorDetail$ErrorType]
[DEBUG] Can't check class [simple type, class io.electrum.giftcard.api.model.ErrorDetail$ErrorType], io.electrum.giftcard.api.model.ErrorDetail$ErrorType
[DEBUG] resolveProperty [simple type, class io.electrum.giftcard.api.model.ErrorDetail$ErrorType]
[DEBUG] resolveProperty [simple type, class java.lang.String]
[DEBUG] Can't check class [simple type, class java.lang.String], java.lang.String
[DEBUG] resolveProperty [simple type, class java.lang.String]
[DEBUG] resolveProperty [simple type, class java.lang.Object]
[DEBUG] Can't check class [simple type, class java.lang.Object], java.lang.Object
[DEBUG] resolveProperty [simple type, class java.lang.Object]
[INFO] Looking for path/query/header/form/cookie params in class java.util.UUID
[INFO] trying extension com.github.kongchen.swagger.docgen.jaxrs.BeanParamInjectParamExtention@3adcbc57
[DEBUG] resolveProperty class java.util.UUID
[DEBUG] resolveProperty [simple type, class java.util.UUID]
[INFO] Looking for path/query/header/form/cookie params in class io.electrum.giftcard.api.model.VoidRequest
[INFO] trying extension com.github.kongchen.swagger.docgen.jaxrs.BeanParamInjectParamExtention@3adcbc57
[INFO] Looking for body params in class io.electrum.giftcard.api.model.VoidRequest
[DEBUG] picking up response class from method public final void io.electrum.giftcard.api.VoidsResource.confirmVoid(java.util.UUID,java.util.UUID,io.electrum.giftcard.api.model.VoidConfirmation,javax.ws.rs.core.SecurityContext,javax.ws.rs.container.AsyncResponse,javax.ws.rs.core.HttpHeaders,javax.ws.rs.core.UriInfo,javax.servlet.http.HttpServletRequest)
[DEBUG] resolveProperty void
[DEBUG] resolveProperty [simple type, class void]
[DEBUG] resolve [simple type, class void]
[DEBUG] trying extension com.github.kongchen.swagger.docgen.reader.ModelModifier@5f85ed26
[DEBUG] Can't check class [simple type, class void], void
[DEBUG] defineModel void io.swagger.models.ModelImpl@bafd15c1
[DEBUG] resolve class io.electrum.giftcard.api.model.ErrorDetail
[DEBUG] trying extension com.github.kongchen.swagger.docgen.reader.ModelModifier@5f85ed26
[DEBUG] defineModel ErrorDetail io.swagger.models.ModelImpl@871e6c0f
[DEBUG] resolveProperty [simple type, class io.electrum.giftcard.api.model.ErrorDetail$ErrorType]
[DEBUG] Can't check class [simple type, class io.electrum.giftcard.api.model.ErrorDetail$ErrorType], io.electrum.giftcard.api.model.ErrorDetail$ErrorType
[DEBUG] resolveProperty [simple type, class io.electrum.giftcard.api.model.ErrorDetail$ErrorType]
[DEBUG] resolveProperty [simple type, class java.lang.String]
[DEBUG] Can't check class [simple type, class java.lang.String], java.lang.String
[DEBUG] resolveProperty [simple type, class java.lang.String]
[DEBUG] resolveProperty [simple type, class java.lang.Object]
[DEBUG] Can't check class [simple type, class java.lang.Object], java.lang.Object
[DEBUG] resolveProperty [simple type, class java.lang.Object]
[DEBUG] ModelConverters readAll from class io.electrum.giftcard.api.model.ErrorDetail
[DEBUG] resolve class io.electrum.giftcard.api.model.ErrorDetail
[DEBUG] trying extension com.github.kongchen.swagger.docgen.reader.ModelModifier@5f85ed26
[DEBUG] defineModel ErrorDetail io.swagger.models.ModelImpl@871e6c0f
[DEBUG] resolveProperty [simple type, class io.electrum.giftcard.api.model.ErrorDetail$ErrorType]
[DEBUG] Can't check class [simple type, class io.electrum.giftcard.api.model.ErrorDetail$ErrorType], io.electrum.giftcard.api.model.ErrorDetail$ErrorType
[DEBUG] resolveProperty [simple type, class io.electrum.giftcard.api.model.ErrorDetail$ErrorType]
[DEBUG] resolveProperty [simple type, class java.lang.String]
[DEBUG] Can't check class [simple type, class java.lang.String], java.lang.String
[DEBUG] resolveProperty [simple type, class java.lang.String]
[DEBUG] resolveProperty [simple type, class java.lang.Object]
[DEBUG] Can't check class [simple type, class java.lang.Object], java.lang.Object
[DEBUG] resolveProperty [simple type, class java.lang.Object]
[DEBUG] resolve class io.electrum.giftcard.api.model.ErrorDetail
[DEBUG] trying extension com.github.kongchen.swagger.docgen.reader.ModelModifier@5f85ed26
[DEBUG] defineModel ErrorDetail io.swagger.models.ModelImpl@871e6c0f
[DEBUG] resolveProperty [simple type, class io.electrum.giftcard.api.model.ErrorDetail$ErrorType]
[DEBUG] Can't check class [simple type, class io.electrum.giftcard.api.model.ErrorDetail$ErrorType], io.electrum.giftcard.api.model.ErrorDetail$ErrorType
[DEBUG] resolveProperty [simple type, class io.electrum.giftcard.api.model.ErrorDetail$ErrorType]
[DEBUG] resolveProperty [simple type, class java.lang.String]
[DEBUG] Can't check class [simple type, class java.lang.String], java.lang.String
[DEBUG] resolveProperty [simple type, class java.lang.String]
[DEBUG] resolveProperty [simple type, class java.lang.Object]
[DEBUG] Can't check class [simple type, class java.lang.Object], java.lang.Object
[DEBUG] resolveProperty [simple type, class java.lang.Object]
[DEBUG] ModelConverters readAll from class io.electrum.giftcard.api.model.ErrorDetail
[DEBUG] resolve class io.electrum.giftcard.api.model.ErrorDetail
[DEBUG] trying extension com.github.kongchen.swagger.docgen.reader.ModelModifier@5f85ed26
[DEBUG] defineModel ErrorDetail io.swagger.models.ModelImpl@871e6c0f
[DEBUG] resolveProperty [simple type, class io.electrum.giftcard.api.model.ErrorDetail$ErrorType]
[DEBUG] Can't check class [simple type, class io.electrum.giftcard.api.model.ErrorDetail$ErrorType], io.electrum.giftcard.api.model.ErrorDetail$ErrorType
[DEBUG] resolveProperty [simple type, class io.electrum.giftcard.api.model.ErrorDetail$ErrorType]
[DEBUG] resolveProperty [simple type, class java.lang.String]
[DEBUG] Can't check class [simple type, class java.lang.String], java.lang.String
[DEBUG] resolveProperty [simple type, class java.lang.String]
[DEBUG] resolveProperty [simple type, class java.lang.Object]
[DEBUG] Can't check class [simple type, class java.lang.Object], java.lang.Object
[DEBUG] resolveProperty [simple type, class java.lang.Object]
[DEBUG] resolve class io.electrum.giftcard.api.model.ErrorDetail
[DEBUG] trying extension com.github.kongchen.swagger.docgen.reader.ModelModifier@5f85ed26
[DEBUG] defineModel ErrorDetail io.swagger.models.ModelImpl@871e6c0f
[DEBUG] resolveProperty [simple type, class io.electrum.giftcard.api.model.ErrorDetail$ErrorType]
[DEBUG] Can't check class [simple type, class io.electrum.giftcard.api.model.ErrorDetail$ErrorType], io.electrum.giftcard.api.model.ErrorDetail$ErrorType
[DEBUG] resolveProperty [simple type, class io.electrum.giftcard.api.model.ErrorDetail$ErrorType]
[DEBUG] resolveProperty [simple type, class java.lang.String]
[DEBUG] Can't check class [simple type, class java.lang.String], java.lang.String
[DEBUG] resolveProperty [simple type, class java.lang.String]
[DEBUG] resolveProperty [simple type, class java.lang.Object]
[DEBUG] Can't check class [simple type, class java.lang.Object], java.lang.Object
[DEBUG] resolveProperty [simple type, class java.lang.Object]
[DEBUG] ModelConverters readAll from class io.electrum.giftcard.api.model.ErrorDetail
[DEBUG] resolve class io.electrum.giftcard.api.model.ErrorDetail
[DEBUG] trying extension com.github.kongchen.swagger.docgen.reader.ModelModifier@5f85ed26
[DEBUG] defineModel ErrorDetail io.swagger.models.ModelImpl@871e6c0f
[DEBUG] resolveProperty [simple type, class io.electrum.giftcard.api.model.ErrorDetail$ErrorType]
[DEBUG] Can't check class [simple type, class io.electrum.giftcard.api.model.ErrorDetail$ErrorType], io.electrum.giftcard.api.model.ErrorDetail$ErrorType
[DEBUG] resolveProperty [simple type, class io.electrum.giftcard.api.model.ErrorDetail$ErrorType]
[DEBUG] resolveProperty [simple type, class java.lang.String]
[DEBUG] Can't check class [simple type, class java.lang.String], java.lang.String
[DEBUG] resolveProperty [simple type, class java.lang.String]
[DEBUG] resolveProperty [simple type, class java.lang.Object]
[DEBUG] Can't check class [simple type, class java.lang.Object], java.lang.Object
[DEBUG] resolveProperty [simple type, class java.lang.Object]
[DEBUG] resolve class io.electrum.giftcard.api.model.ErrorDetail
[DEBUG] trying extension com.github.kongchen.swagger.docgen.reader.ModelModifier@5f85ed26
[DEBUG] defineModel ErrorDetail io.swagger.models.ModelImpl@871e6c0f
[DEBUG] resolveProperty [simple type, class io.electrum.giftcard.api.model.ErrorDetail$ErrorType]
[DEBUG] Can't check class [simple type, class io.electrum.giftcard.api.model.ErrorDetail$ErrorType], io.electrum.giftcard.api.model.ErrorDetail$ErrorType
[DEBUG] resolveProperty [simple type, class io.electrum.giftcard.api.model.ErrorDetail$ErrorType]
[DEBUG] resolveProperty [simple type, class java.lang.String]
[DEBUG] Can't check class [simple type, class java.lang.String], java.lang.String
[DEBUG] resolveProperty [simple type, class java.lang.String]
[DEBUG] resolveProperty [simple type, class java.lang.Object]
[DEBUG] Can't check class [simple type, class java.lang.Object], java.lang.Object
[DEBUG] resolveProperty [simple type, class java.lang.Object]
[DEBUG] ModelConverters readAll from class io.electrum.giftcard.api.model.ErrorDetail
[DEBUG] resolve class io.electrum.giftcard.api.model.ErrorDetail
[DEBUG] trying extension com.github.kongchen.swagger.docgen.reader.ModelModifier@5f85ed26
[DEBUG] defineModel ErrorDetail io.swagger.models.ModelImpl@871e6c0f
[DEBUG] resolveProperty [simple type, class io.electrum.giftcard.api.model.ErrorDetail$ErrorType]
[DEBUG] Can't check class [simple type, class io.electrum.giftcard.api.model.ErrorDetail$ErrorType], io.electrum.giftcard.api.model.ErrorDetail$ErrorType
[DEBUG] resolveProperty [simple type, class io.electrum.giftcard.api.model.ErrorDetail$ErrorType]
[DEBUG] resolveProperty [simple type, class java.lang.String]
[DEBUG] Can't check class [simple type, class java.lang.String], java.lang.String
[DEBUG] resolveProperty [simple type, class java.lang.String]
[DEBUG] resolveProperty [simple type, class java.lang.Object]
[DEBUG] Can't check class [simple type, class java.lang.Object], java.lang.Object
[DEBUG] resolveProperty [simple type, class java.lang.Object]
[DEBUG] resolve class io.electrum.giftcard.api.model.ErrorDetail
[DEBUG] trying extension com.github.kongchen.swagger.docgen.reader.ModelModifier@5f85ed26
[DEBUG] defineModel ErrorDetail io.swagger.models.ModelImpl@871e6c0f
[DEBUG] resolveProperty [simple type, class io.electrum.giftcard.api.model.ErrorDetail$ErrorType]
[DEBUG] Can't check class [simple type, class io.electrum.giftcard.api.model.ErrorDetail$ErrorType], io.electrum.giftcard.api.model.ErrorDetail$ErrorType
[DEBUG] resolveProperty [simple type, class io.electrum.giftcard.api.model.ErrorDetail$ErrorType]
[DEBUG] resolveProperty [simple type, class java.lang.String]
[DEBUG] Can't check class [simple type, class java.lang.String], java.lang.String
[DEBUG] resolveProperty [simple type, class java.lang.String]
[DEBUG] resolveProperty [simple type, class java.lang.Object]
[DEBUG] Can't check class [simple type, class java.lang.Object], java.lang.Object
[DEBUG] resolveProperty [simple type, class java.lang.Object]
[DEBUG] ModelConverters readAll from class io.electrum.giftcard.api.model.ErrorDetail
[DEBUG] resolve class io.electrum.giftcard.api.model.ErrorDetail
[DEBUG] trying extension com.github.kongchen.swagger.docgen.reader.ModelModifier@5f85ed26
[DEBUG] defineModel ErrorDetail io.swagger.models.ModelImpl@871e6c0f
[DEBUG] resolveProperty [simple type, class io.electrum.giftcard.api.model.ErrorDetail$ErrorType]
[DEBUG] Can't check class [simple type, class io.electrum.giftcard.api.model.ErrorDetail$ErrorType], io.electrum.giftcard.api.model.ErrorDetail$ErrorType
[DEBUG] resolveProperty [simple type, class io.electrum.giftcard.api.model.ErrorDetail$ErrorType]
[DEBUG] resolveProperty [simple type, class java.lang.String]
[DEBUG] Can't check class [simple type, class java.lang.String], java.lang.String
[DEBUG] resolveProperty [simple type, class java.lang.String]
[DEBUG] resolveProperty [simple type, class java.lang.Object]
[DEBUG] Can't check class [simple type, class java.lang.Object], java.lang.Object
[DEBUG] resolveProperty [simple type, class java.lang.Object]
[INFO] Looking for path/query/header/form/cookie params in class java.util.UUID
[INFO] trying extension com.github.kongchen.swagger.docgen.jaxrs.BeanParamInjectParamExtention@3adcbc57
[DEBUG] resolveProperty class java.util.UUID
[DEBUG] resolveProperty [simple type, class java.util.UUID]
[INFO] Looking for path/query/header/form/cookie params in class java.util.UUID
[INFO] trying extension com.github.kongchen.swagger.docgen.jaxrs.BeanParamInjectParamExtention@3adcbc57
[DEBUG] resolveProperty class java.util.UUID
[DEBUG] resolveProperty [simple type, class java.util.UUID]
[INFO] Looking for path/query/header/form/cookie params in class io.electrum.giftcard.api.model.VoidConfirmation
[INFO] trying extension com.github.kongchen.swagger.docgen.jaxrs.BeanParamInjectParamExtention@3adcbc57
[INFO] Looking for body params in class io.electrum.giftcard.api.model.VoidConfirmation
[DEBUG] picking up response class from method public final void io.electrum.giftcard.api.VoidsResource.reverseVoid(java.util.UUID,java.util.UUID,io.electrum.giftcard.api.model.VoidReversal,javax.ws.rs.core.SecurityContext,javax.ws.rs.container.AsyncResponse,javax.ws.rs.core.HttpHeaders,javax.ws.rs.core.UriInfo,javax.servlet.http.HttpServletRequest)
[DEBUG] resolveProperty void
[DEBUG] resolveProperty [simple type, class void]
[DEBUG] resolve [simple type, class void]
[DEBUG] trying extension com.github.kongchen.swagger.docgen.reader.ModelModifier@5f85ed26
[DEBUG] Can't check class [simple type, class void], void
[DEBUG] defineModel void io.swagger.models.ModelImpl@bafd15c1
[DEBUG] resolve class io.electrum.giftcard.api.model.ErrorDetail
[DEBUG] trying extension com.github.kongchen.swagger.docgen.reader.ModelModifier@5f85ed26
[DEBUG] defineModel ErrorDetail io.swagger.models.ModelImpl@871e6c0f
[DEBUG] resolveProperty [simple type, class io.electrum.giftcard.api.model.ErrorDetail$ErrorType]
[DEBUG] Can't check class [simple type, class io.electrum.giftcard.api.model.ErrorDetail$ErrorType], io.electrum.giftcard.api.model.ErrorDetail$ErrorType
[DEBUG] resolveProperty [simple type, class io.electrum.giftcard.api.model.ErrorDetail$ErrorType]
[DEBUG] resolveProperty [simple type, class java.lang.String]
[DEBUG] Can't check class [simple type, class java.lang.String], java.lang.String
[DEBUG] resolveProperty [simple type, class java.lang.String]
[DEBUG] resolveProperty [simple type, class java.lang.Object]
[DEBUG] Can't check class [simple type, class java.lang.Object], java.lang.Object
[DEBUG] resolveProperty [simple type, class java.lang.Object]
[DEBUG] ModelConverters readAll from class io.electrum.giftcard.api.model.ErrorDetail
[DEBUG] resolve class io.electrum.giftcard.api.model.ErrorDetail
[DEBUG] trying extension com.github.kongchen.swagger.docgen.reader.ModelModifier@5f85ed26
[DEBUG] defineModel ErrorDetail io.swagger.models.ModelImpl@871e6c0f
[DEBUG] resolveProperty [simple type, class io.electrum.giftcard.api.model.ErrorDetail$ErrorType]
[DEBUG] Can't check class [simple type, class io.electrum.giftcard.api.model.ErrorDetail$ErrorType], io.electrum.giftcard.api.model.ErrorDetail$ErrorType
[DEBUG] resolveProperty [simple type, class io.electrum.giftcard.api.model.ErrorDetail$ErrorType]
[DEBUG] resolveProperty [simple type, class java.lang.String]
[DEBUG] Can't check class [simple type, class java.lang.String], java.lang.String
[DEBUG] resolveProperty [simple type, class java.lang.String]
[DEBUG] resolveProperty [simple type, class java.lang.Object]
[DEBUG] Can't check class [simple type, class java.lang.Object], java.lang.Object
[DEBUG] resolveProperty [simple type, class java.lang.Object]
[DEBUG] resolve class io.electrum.giftcard.api.model.ErrorDetail
[DEBUG] trying extension com.github.kongchen.swagger.docgen.reader.ModelModifier@5f85ed26
[DEBUG] defineModel ErrorDetail io.swagger.models.ModelImpl@871e6c0f
[DEBUG] resolveProperty [simple type, class io.electrum.giftcard.api.model.ErrorDetail$ErrorType]
[DEBUG] Can't check class [simple type, class io.electrum.giftcard.api.model.ErrorDetail$ErrorType], io.electrum.giftcard.api.model.ErrorDetail$ErrorType
[DEBUG] resolveProperty [simple type, class io.electrum.giftcard.api.model.ErrorDetail$ErrorType]
[DEBUG] resolveProperty [simple type, class java.lang.String]
[DEBUG] Can't check class [simple type, class java.lang.String], java.lang.String
[DEBUG] resolveProperty [simple type, class java.lang.String]
[DEBUG] resolveProperty [simple type, class java.lang.Object]
[DEBUG] Can't check class [simple type, class java.lang.Object], java.lang.Object
[DEBUG] resolveProperty [simple type, class java.lang.Object]
[DEBUG] ModelConverters readAll from class io.electrum.giftcard.api.model.ErrorDetail
[DEBUG] resolve class io.electrum.giftcard.api.model.ErrorDetail
[DEBUG] trying extension com.github.kongchen.swagger.docgen.reader.ModelModifier@5f85ed26
[DEBUG] defineModel ErrorDetail io.swagger.models.ModelImpl@871e6c0f
[DEBUG] resolveProperty [simple type, class io.electrum.giftcard.api.model.ErrorDetail$ErrorType]
[DEBUG] Can't check class [simple type, class io.electrum.giftcard.api.model.ErrorDetail$ErrorType], io.electrum.giftcard.api.model.ErrorDetail$ErrorType
[DEBUG] resolveProperty [simple type, class io.electrum.giftcard.api.model.ErrorDetail$ErrorType]
[DEBUG] resolveProperty [simple type, class java.lang.String]
[DEBUG] Can't check class [simple type, class java.lang.String], java.lang.String
[DEBUG] resolveProperty [simple type, class java.lang.String]
[DEBUG] resolveProperty [simple type, class java.lang.Object]
[DEBUG] Can't check class [simple type, class java.lang.Object], java.lang.Object
[DEBUG] resolveProperty [simple type, class java.lang.Object]
[DEBUG] resolve class io.electrum.giftcard.api.model.ErrorDetail
[DEBUG] trying extension com.github.kongchen.swagger.docgen.reader.ModelModifier@5f85ed26
[DEBUG] defineModel ErrorDetail io.swagger.models.ModelImpl@871e6c0f
[DEBUG] resolveProperty [simple type, class io.electrum.giftcard.api.model.ErrorDetail$ErrorType]
[DEBUG] Can't check class [simple type, class io.electrum.giftcard.api.model.ErrorDetail$ErrorType], io.electrum.giftcard.api.model.ErrorDetail$ErrorType
[DEBUG] resolveProperty [simple type, class io.electrum.giftcard.api.model.ErrorDetail$ErrorType]
[DEBUG] resolveProperty [simple type, class java.lang.String]
[DEBUG] Can't check class [simple type, class java.lang.String], java.lang.String
[DEBUG] resolveProperty [simple type, class java.lang.String]
[DEBUG] resolveProperty [simple type, class java.lang.Object]
[DEBUG] Can't check class [simple type, class java.lang.Object], java.lang.Object
[DEBUG] resolveProperty [simple type, class java.lang.Object]
[DEBUG] ModelConverters readAll from class io.electrum.giftcard.api.model.ErrorDetail
[DEBUG] resolve class io.electrum.giftcard.api.model.ErrorDetail
[DEBUG] trying extension com.github.kongchen.swagger.docgen.reader.ModelModifier@5f85ed26
[DEBUG] defineModel ErrorDetail io.swagger.models.ModelImpl@871e6c0f
[DEBUG] resolveProperty [simple type, class io.electrum.giftcard.api.model.ErrorDetail$ErrorType]
[DEBUG] Can't check class [simple type, class io.electrum.giftcard.api.model.ErrorDetail$ErrorType], io.electrum.giftcard.api.model.ErrorDetail$ErrorType
[DEBUG] resolveProperty [simple type, class io.electrum.giftcard.api.model.ErrorDetail$ErrorType]
[DEBUG] resolveProperty [simple type, class java.lang.String]
[DEBUG] Can't check class [simple type, class java.lang.String], java.lang.String
[DEBUG] resolveProperty [simple type, class java.lang.String]
[DEBUG] resolveProperty [simple type, class java.lang.Object]
[DEBUG] Can't check class [simple type, class java.lang.Object], java.lang.Object
[DEBUG] resolveProperty [simple type, class java.lang.Object]
[DEBUG] resolve class io.electrum.giftcard.api.model.ErrorDetail
[DEBUG] trying extension com.github.kongchen.swagger.docgen.reader.ModelModifier@5f85ed26
[DEBUG] defineModel ErrorDetail io.swagger.models.ModelImpl@871e6c0f
[DEBUG] resolveProperty [simple type, class io.electrum.giftcard.api.model.ErrorDetail$ErrorType]
[DEBUG] Can't check class [simple type, class io.electrum.giftcard.api.model.ErrorDetail$ErrorType], io.electrum.giftcard.api.model.ErrorDetail$ErrorType
[DEBUG] resolveProperty [simple type, class io.electrum.giftcard.api.model.ErrorDetail$ErrorType]
[DEBUG] resolveProperty [simple type, class java.lang.String]
[DEBUG] Can't check class [simple type, class java.lang.String], java.lang.String
[DEBUG] resolveProperty [simple type, class java.lang.String]
[DEBUG] resolveProperty [simple type, class java.lang.Object]
[DEBUG] Can't check class [simple type, class java.lang.Object], java.lang.Object
[DEBUG] resolveProperty [simple type, class java.lang.Object]
[DEBUG] ModelConverters readAll from class io.electrum.giftcard.api.model.ErrorDetail
[DEBUG] resolve class io.electrum.giftcard.api.model.ErrorDetail
[DEBUG] trying extension com.github.kongchen.swagger.docgen.reader.ModelModifier@5f85ed26
[DEBUG] defineModel ErrorDetail io.swagger.models.ModelImpl@871e6c0f
[DEBUG] resolveProperty [simple type, class io.electrum.giftcard.api.model.ErrorDetail$ErrorType]
[DEBUG] Can't check class [simple type, class io.electrum.giftcard.api.model.ErrorDetail$ErrorType], io.electrum.giftcard.api.model.ErrorDetail$ErrorType
[DEBUG] resolveProperty [simple type, class io.electrum.giftcard.api.model.ErrorDetail$ErrorType]
[DEBUG] resolveProperty [simple type, class java.lang.String]
[DEBUG] Can't check class [simple type, class java.lang.String], java.lang.String
[DEBUG] resolveProperty [simple type, class java.lang.String]
[DEBUG] resolveProperty [simple type, class java.lang.Object]
[DEBUG] Can't check class [simple type, class java.lang.Object], java.lang.Object
[DEBUG] resolveProperty [simple type, class java.lang.Object]
[DEBUG] resolve class io.electrum.giftcard.api.model.ErrorDetail
[DEBUG] trying extension com.github.kongchen.swagger.docgen.reader.ModelModifier@5f85ed26
[DEBUG] defineModel ErrorDetail io.swagger.models.ModelImpl@871e6c0f
[DEBUG] resolveProperty [simple type, class io.electrum.giftcard.api.model.ErrorDetail$ErrorType]
[DEBUG] Can't check class [simple type, class io.electrum.giftcard.api.model.ErrorDetail$ErrorType], io.electrum.giftcard.api.model.ErrorDetail$ErrorType
[DEBUG] resolveProperty [simple type, class io.electrum.giftcard.api.model.ErrorDetail$ErrorType]
[DEBUG] resolveProperty [simple type, class java.lang.String]
[DEBUG] Can't check class [simple type, class java.lang.String], java.lang.String
[DEBUG] resolveProperty [simple type, class java.lang.String]
[DEBUG] resolveProperty [simple type, class java.lang.Object]
[DEBUG] Can't check class [simple type, class java.lang.Object], java.lang.Object
[DEBUG] resolveProperty [simple type, class java.lang.Object]
[DEBUG] ModelConverters readAll from class io.electrum.giftcard.api.model.ErrorDetail
[DEBUG] resolve class io.electrum.giftcard.api.model.ErrorDetail
[DEBUG] trying extension com.github.kongchen.swagger.docgen.reader.ModelModifier@5f85ed26
[DEBUG] defineModel ErrorDetail io.swagger.models.ModelImpl@871e6c0f
[DEBUG] resolveProperty [simple type, class io.electrum.giftcard.api.model.ErrorDetail$ErrorType]
[DEBUG] Can't check class [simple type, class io.electrum.giftcard.api.model.ErrorDetail$ErrorType], io.electrum.giftcard.api.model.ErrorDetail$ErrorType
[DEBUG] resolveProperty [simple type, class io.electrum.giftcard.api.model.ErrorDetail$ErrorType]
[DEBUG] resolveProperty [simple type, class java.lang.String]
[DEBUG] Can't check class [simple type, class java.lang.String], java.lang.String
[DEBUG] resolveProperty [simple type, class java.lang.String]
[DEBUG] resolveProperty [simple type, class java.lang.Object]
[DEBUG] Can't check class [simple type, class java.lang.Object], java.lang.Object
[DEBUG] resolveProperty [simple type, class java.lang.Object]
[INFO] Looking for path/query/header/form/cookie params in class java.util.UUID
[INFO] trying extension com.github.kongchen.swagger.docgen.jaxrs.BeanParamInjectParamExtention@3adcbc57
[DEBUG] resolveProperty class java.util.UUID
[DEBUG] resolveProperty [simple type, class java.util.UUID]
[INFO] Looking for path/query/header/form/cookie params in class java.util.UUID
[INFO] trying extension com.github.kongchen.swagger.docgen.jaxrs.BeanParamInjectParamExtention@3adcbc57
[DEBUG] resolveProperty class java.util.UUID
[DEBUG] resolveProperty [simple type, class java.util.UUID]
[INFO] Looking for path/query/header/form/cookie params in class io.electrum.giftcard.api.model.VoidReversal
[INFO] trying extension com.github.kongchen.swagger.docgen.jaxrs.BeanParamInjectParamExtention@3adcbc57
[INFO] Looking for body params in class io.electrum.giftcard.api.model.VoidReversal
[DEBUG] picking up response class from method public final void io.electrum.giftcard.api.ActivationsResource.activate(java.util.UUID,io.electrum.giftcard.api.model.ActivationRequest,javax.ws.rs.core.SecurityContext,javax.ws.rs.container.AsyncResponse,javax.ws.rs.core.HttpHeaders,javax.ws.rs.core.UriInfo,javax.servlet.http.HttpServletRequest)
[DEBUG] resolveProperty void
[DEBUG] resolveProperty [simple type, class void]
[DEBUG] resolve [simple type, class void]
[DEBUG] trying extension com.github.kongchen.swagger.docgen.reader.ModelModifier@5f85ed26
[DEBUG] Can't check class [simple type, class void], void
[DEBUG] defineModel void io.swagger.models.ModelImpl@bafd15c1
[DEBUG] resolveProperty class java.lang.String
[DEBUG] resolveProperty [simple type, class java.lang.String]
[DEBUG] resolve class io.electrum.giftcard.api.model.ActivationResponse
[DEBUG] trying extension com.github.kongchen.swagger.docgen.reader.ModelModifier@5f85ed26
[DEBUG] defineModel ActivationResponse io.swagger.models.ModelImpl@32637e66
[DEBUG] resolveProperty [simple type, class java.util.UUID]
[DEBUG] Can't check class [simple type, class java.util.UUID], java.util.UUID
[DEBUG] resolveProperty [simple type, class java.util.UUID]
[DEBUG] resolveProperty [simple type, class org.joda.time.DateTime]
[DEBUG] Can't check class [simple type, class org.joda.time.DateTime], org.joda.time.DateTime
[DEBUG] resolveProperty [simple type, class org.joda.time.DateTime]
[DEBUG] resolveProperty [simple type, class io.electrum.vas.model.Originator]
[DEBUG] Can't check class [simple type, class io.electrum.vas.model.Originator], io.electrum.vas.model.Originator
[DEBUG] resolveProperty [simple type, class io.electrum.vas.model.Originator]
[DEBUG] resolve [simple type, class io.electrum.vas.model.Originator]
[DEBUG] trying extension com.github.kongchen.swagger.docgen.reader.ModelModifier@5f85ed26
[DEBUG] Can't check class [simple type, class io.electrum.vas.model.Originator], io.electrum.vas.model.Originator
[DEBUG] defineModel Originator io.swagger.models.ModelImpl@b5a2eab5
[DEBUG] resolveProperty [simple type, class io.electrum.vas.model.Institution]
[DEBUG] Can't check class [simple type, class io.electrum.vas.model.Institution], io.electrum.vas.model.Institution
[DEBUG] resolveProperty [simple type, class io.electrum.vas.model.Institution]
[DEBUG] resolve [simple type, class io.electrum.vas.model.Institution]
[DEBUG] trying extension com.github.kongchen.swagger.docgen.reader.ModelModifier@5f85ed26
[DEBUG] Can't check class [simple type, class io.electrum.vas.model.Institution], io.electrum.vas.model.Institution
[DEBUG] defineModel Institution io.swagger.models.ModelImpl@d03232cb
[DEBUG] resolveProperty [simple type, class java.lang.String]
[DEBUG] Can't check class [simple type, class java.lang.String], java.lang.String
[DEBUG] resolveProperty [simple type, class java.lang.String]
[DEBUG] resolveProperty [simple type, class java.lang.String]
[DEBUG] Can't check class [simple type, class java.lang.String], java.lang.String
[DEBUG] resolveProperty [simple type, class java.lang.String]
[DEBUG] resolveProperty [simple type, class java.lang.String]
[DEBUG] Can't check class [simple type, class java.lang.String], java.lang.String
[DEBUG] resolveProperty [simple type, class java.lang.String]
[DEBUG] resolveProperty [simple type, class io.electrum.vas.model.Merchant]
[DEBUG] Can't check class [simple type, class io.electrum.vas.model.Merchant], io.electrum.vas.model.Merchant
[DEBUG] resolveProperty [simple type, class io.electrum.vas.model.Merchant]
[DEBUG] resolve [simple type, class io.electrum.vas.model.Merchant]
[DEBUG] trying extension com.github.kongchen.swagger.docgen.reader.ModelModifier@5f85ed26
[DEBUG] Can't check class [simple type, class io.electrum.vas.model.Merchant], io.electrum.vas.model.Merchant
[DEBUG] defineModel Merchant io.swagger.models.ModelImpl@df763188
[DEBUG] resolveProperty [simple type, class java.lang.String]
[DEBUG] Can't check class [simple type, class java.lang.String], java.lang.String
[DEBUG] resolveProperty [simple type, class java.lang.String]
[DEBUG] resolveProperty [simple type, class java.lang.String]
[DEBUG] Can't check class [simple type, class java.lang.String], java.lang.String
[DEBUG] resolveProperty [simple type, class java.lang.String]
[DEBUG] resolveProperty [simple type, class io.electrum.vas.model.MerchantName]
[DEBUG] Can't check class [simple type, class io.electrum.vas.model.MerchantName], io.electrum.vas.model.MerchantName
[DEBUG] resolveProperty [simple type, class io.electrum.vas.model.MerchantName]
[DEBUG] resolve [simple type, class io.electrum.vas.model.MerchantName]
[DEBUG] trying extension com.github.kongchen.swagger.docgen.reader.ModelModifier@5f85ed26
[DEBUG] Can't check class [simple type, class io.electrum.vas.model.MerchantName], io.electrum.vas.model.MerchantName
[DEBUG] defineModel MerchantName io.swagger.models.ModelImpl@d4b5ad4f
[DEBUG] resolveProperty [simple type, class java.lang.String]
[DEBUG] Can't check class [simple type, class java.lang.String], java.lang.String
[DEBUG] resolveProperty [simple type, class java.lang.String]
[DEBUG] resolveProperty [simple type, class java.lang.String]
[DEBUG] Can't check class [simple type, class java.lang.String], java.lang.String
[DEBUG] resolveProperty [simple type, class java.lang.String]
[DEBUG] resolveProperty [simple type, class java.lang.String]
[DEBUG] Can't check class [simple type, class java.lang.String], java.lang.String
[DEBUG] resolveProperty [simple type, class java.lang.String]
[DEBUG] resolveProperty [simple type, class java.lang.String]
[DEBUG] Can't check class [simple type, class java.lang.String], java.lang.String
[DEBUG] resolveProperty [simple type, class java.lang.String]
[DEBUG] resolveProperty [simple type, class io.electrum.vas.model.Institution]
[DEBUG] Can't check class [simple type, class io.electrum.vas.model.Institution], io.electrum.vas.model.Institution
[DEBUG] resolveProperty [simple type, class io.electrum.vas.model.Institution]
[DEBUG] resolveProperty [simple type, class io.electrum.vas.model.Institution]
[DEBUG] Can't check class [simple type, class io.electrum.vas.model.Institution], io.electrum.vas.model.Institution
[DEBUG] resolveProperty [simple type, class io.electrum.vas.model.Institution]
[DEBUG] resolveProperty [simple type, class io.electrum.vas.model.Institution]
[DEBUG] Can't check class [simple type, class io.electrum.vas.model.Institution], io.electrum.vas.model.Institution
[DEBUG] resolveProperty [simple type, class io.electrum.vas.model.Institution]
[DEBUG] resolveProperty [collection type; class java.util.List, contains [simple type, class io.electrum.vas.model.ThirdPartyIdentifier]]
[DEBUG] Can't check class [collection type; class java.util.List, contains [simple type, class io.electrum.vas.model.ThirdPartyIdentifier]], java.util.List
[DEBUG] resolveProperty [collection type; class java.util.List, contains [simple type, class io.electrum.vas.model.ThirdPartyIdentifier]]
[DEBUG] resolveProperty [simple type, class io.electrum.vas.model.ThirdPartyIdentifier]
[DEBUG] Can't check class [simple type, class io.electrum.vas.model.ThirdPartyIdentifier], io.electrum.vas.model.ThirdPartyIdentifier
[DEBUG] resolveProperty [simple type, class io.electrum.vas.model.ThirdPartyIdentifier]
[DEBUG] resolve [simple type, class io.electrum.vas.model.ThirdPartyIdentifier]
[DEBUG] trying extension com.github.kongchen.swagger.docgen.reader.ModelModifier@5f85ed26
[DEBUG] Can't check class [simple type, class io.electrum.vas.model.ThirdPartyIdentifier], io.electrum.vas.model.ThirdPartyIdentifier
[DEBUG] defineModel ThirdPartyIdentifier io.swagger.models.ModelImpl@e8191324
[DEBUG] resolveProperty [simple type, class java.lang.String]
[DEBUG] Can't check class [simple type, class java.lang.String], java.lang.String
[DEBUG] resolveProperty [simple type, class java.lang.String]
[DEBUG] resolveProperty [simple type, class java.lang.String]
[DEBUG] Can't check class [simple type, class java.lang.String], java.lang.String
[DEBUG] resolveProperty [simple type, class java.lang.String]
[DEBUG] resolveProperty [simple type, class io.electrum.vas.model.Amounts]
[DEBUG] Can't check class [simple type, class io.electrum.vas.model.Amounts], io.electrum.vas.model.Amounts
[DEBUG] resolveProperty [simple type, class io.electrum.vas.model.Amounts]
[DEBUG] resolve [simple type, class io.electrum.vas.model.Amounts]
[DEBUG] trying extension com.github.kongchen.swagger.docgen.reader.ModelModifier@5f85ed26
[DEBUG] Can't check class [simple type, class io.electrum.vas.model.Amounts], io.electrum.vas.model.Amounts
[DEBUG] defineModel Amounts io.swagger.models.ModelImpl@e5de713d
[DEBUG] resolveProperty [simple type, class io.electrum.vas.model.LedgerAmount]
[DEBUG] Can't check class [simple type, class io.electrum.vas.model.LedgerAmount], io.electrum.vas.model.LedgerAmount
[DEBUG] resolveProperty [simple type, class io.electrum.vas.model.LedgerAmount]
[DEBUG] resolve [simple type, class io.electrum.vas.model.LedgerAmount]
[DEBUG] trying extension com.github.kongchen.swagger.docgen.reader.ModelModifier@5f85ed26
[DEBUG] Can't check class [simple type, class io.electrum.vas.model.LedgerAmount], io.electrum.vas.model.LedgerAmount
[DEBUG] defineModel LedgerAmount io.swagger.models.ModelImpl@d9bc4218
[DEBUG] resolveProperty [simple type, class java.lang.Long]
[DEBUG] Can't check class [simple type, class java.lang.Long], java.lang.Long
[DEBUG] resolveProperty [simple type, class java.lang.Long]
[DEBUG] resolveProperty [simple type, class java.lang.String]
[DEBUG] Can't check class [simple type, class java.lang.String], java.lang.String
[DEBUG] resolveProperty [simple type, class java.lang.String]
[DEBUG] resolveProperty [simple type, class io.electrum.vas.model.LedgerAmount$LedgerIndicator]
[DEBUG] Can't check class [simple type, class io.electrum.vas.model.LedgerAmount$LedgerIndicator], io.electrum.vas.model.LedgerAmount$LedgerIndicator
[DEBUG] resolveProperty [simple type, class io.electrum.vas.model.LedgerAmount$LedgerIndicator]
[DEBUG] resolveProperty [simple type, class io.electrum.vas.model.LedgerAmount]
[DEBUG] Can't check class [simple type, class io.electrum.vas.model.LedgerAmount], io.electrum.vas.model.LedgerAmount
[DEBUG] resolveProperty [simple type, class io.electrum.vas.model.LedgerAmount]
[DEBUG] resolveProperty [simple type, class io.electrum.vas.model.LedgerAmount]
[DEBUG] Can't check class [simple type, class io.electrum.vas.model.LedgerAmount], io.electrum.vas.model.LedgerAmount
[DEBUG] resolveProperty [simple type, class io.electrum.vas.model.LedgerAmount]
[DEBUG] resolveProperty [simple type, class io.electrum.vas.model.LedgerAmount]
[DEBUG] Can't check class [simple type, class io.electrum.vas.model.LedgerAmount], io.electrum.vas.model.LedgerAmount
[DEBUG] resolveProperty [simple type, class io.electrum.vas.model.LedgerAmount]
[DEBUG] resolveProperty [simple type, class io.electrum.giftcard.api.model.Card]
[DEBUG] Can't check class [simple type, class io.electrum.giftcard.api.model.Card], io.electrum.giftcard.api.model.Card
[DEBUG] resolveProperty [simple type, class io.electrum.giftcard.api.model.Card]
[DEBUG] resolve [simple type, class io.electrum.giftcard.api.model.Card]
[DEBUG] trying extension com.github.kongchen.swagger.docgen.reader.ModelModifier@5f85ed26
[DEBUG] Can't check class [simple type, class io.electrum.giftcard.api.model.Card], io.electrum.giftcard.api.model.Card
[DEBUG] defineModel Card io.swagger.models.ModelImpl@4866fd27
[DEBUG] resolveProperty [simple type, class java.lang.String]
[DEBUG] Can't check class [simple type, class java.lang.String], java.lang.String
[DEBUG] resolveProperty [simple type, class java.lang.String]
[DEBUG] resolveProperty [simple type, class java.lang.String]
[DEBUG] Can't check class [simple type, class java.lang.String], java.lang.String
[DEBUG] resolveProperty [simple type, class java.lang.String]
[DEBUG] resolveProperty [simple type, class java.lang.String]
[DEBUG] Can't check class [simple type, class java.lang.String], java.lang.String
[DEBUG] resolveProperty [simple type, class java.lang.String]
[DEBUG] resolveProperty [simple type, class java.lang.String]
[DEBUG] Can't check class [simple type, class java.lang.String], java.lang.String
[DEBUG] resolveProperty [simple type, class java.lang.String]
[DEBUG] resolveProperty [simple type, class io.electrum.giftcard.api.model.PosInfo]
[DEBUG] Can't check class [simple type, class io.electrum.giftcard.api.model.PosInfo], io.electrum.giftcard.api.model.PosInfo
[DEBUG] resolveProperty [simple type, class io.electrum.giftcard.api.model.PosInfo]
[DEBUG] resolve [simple type, class io.electrum.giftcard.api.model.PosInfo]
[DEBUG] trying extension com.github.kongchen.swagger.docgen.reader.ModelModifier@5f85ed26
[DEBUG] Can't check class [simple type, class io.electrum.giftcard.api.model.PosInfo], io.electrum.giftcard.api.model.PosInfo
[DEBUG] defineModel PosInfo io.swagger.models.ModelImpl@54a3fbf6
[DEBUG] resolveProperty [simple type, class io.electrum.giftcard.api.model.PosEntryMode]
[DEBUG] Can't check class [simple type, class io.electrum.giftcard.api.model.PosEntryMode], io.electrum.giftcard.api.model.PosEntryMode
[DEBUG] resolveProperty [simple type, class io.electrum.giftcard.api.model.PosEntryMode]
[DEBUG] resolve [simple type, class io.electrum.giftcard.api.model.PosEntryMode]
[DEBUG] trying extension com.github.kongchen.swagger.docgen.reader.ModelModifier@5f85ed26
[DEBUG] Can't check class [simple type, class io.electrum.giftcard.api.model.PosEntryMode], io.electrum.giftcard.api.model.PosEntryMode
[DEBUG] defineModel PosEntryMode io.swagger.models.ModelImpl@4728cd75
[DEBUG] resolveProperty [simple type, class io.electrum.giftcard.api.model.PosEntryMode$PanEntryMode]
[DEBUG] Can't check class [simple type, class io.electrum.giftcard.api.model.PosEntryMode$PanEntryMode], io.electrum.giftcard.api.model.PosEntryMode$PanEntryMode
[DEBUG] resolveProperty [simple type, class io.electrum.giftcard.api.model.PosEntryMode$PanEntryMode]
[DEBUG] resolveProperty [simple type, class io.electrum.giftcard.api.model.PosEntryMode$PinEntryCapability]
[DEBUG] Can't check class [simple type, class io.electrum.giftcard.api.model.PosEntryMode$PinEntryCapability], io.electrum.giftcard.api.model.PosEntryMode$PinEntryCapability
[DEBUG] resolveProperty [simple type, class io.electrum.giftcard.api.model.PosEntryMode$PinEntryCapability]
[DEBUG] resolveProperty [simple type, class io.electrum.giftcard.api.model.Product]
[DEBUG] Can't check class [simple type, class io.electrum.giftcard.api.model.Product], io.electrum.giftcard.api.model.Product
[DEBUG] resolveProperty [simple type, class io.electrum.giftcard.api.model.Product]
[DEBUG] resolve [simple type, class io.electrum.giftcard.api.model.Product]
[DEBUG] trying extension com.github.kongchen.swagger.docgen.reader.ModelModifier@5f85ed26
[DEBUG] Can't check class [simple type, class io.electrum.giftcard.api.model.Product], io.electrum.giftcard.api.model.Product
[DEBUG] defineModel Product io.swagger.models.ModelImpl@b0b973
[DEBUG] resolveProperty [simple type, class java.lang.String]
[DEBUG] Can't check class [simple type, class java.lang.String], java.lang.String
[DEBUG] resolveProperty [simple type, class java.lang.String]
[DEBUG] resolveProperty [simple type, class java.lang.String]
[DEBUG] Can't check class [simple type, class java.lang.String], java.lang.String
[DEBUG] resolveProperty [simple type, class java.lang.String]
[DEBUG] resolveProperty [simple type, class java.lang.String]
[DEBUG] Can't check class [simple type, class java.lang.String], java.lang.String
[DEBUG] resolveProperty [simple type, class java.lang.String]
[DEBUG] resolveProperty [simple type, class io.electrum.giftcard.api.model.SlipData]
[DEBUG] Can't check class [simple type, class io.electrum.giftcard.api.model.SlipData], io.electrum.giftcard.api.model.SlipData
[DEBUG] resolveProperty [simple type, class io.electrum.giftcard.api.model.SlipData]
[DEBUG] resolve [simple type, class io.electrum.giftcard.api.model.SlipData]
[DEBUG] trying extension com.github.kongchen.swagger.docgen.reader.ModelModifier@5f85ed26
[DEBUG] Can't check class [simple type, class io.electrum.giftcard.api.model.SlipData], io.electrum.giftcard.api.model.SlipData
[DEBUG] defineModel SlipData io.swagger.models.ModelImpl@c9b6b57e
[DEBUG] resolveProperty [simple type, class java.lang.String]
[DEBUG] Can't check class [simple type, class java.lang.String], java.lang.String
[DEBUG] resolveProperty [simple type, class java.lang.String]
[DEBUG] resolveProperty [collection type; class java.util.List, contains [simple type, class java.lang.String]]
[DEBUG] Can't check class [collection type; class java.util.List, contains [simple type, class java.lang.String]], java.util.List
[DEBUG] resolveProperty [collection type; class java.util.List, contains [simple type, class java.lang.String]]
[DEBUG] resolveProperty [simple type, class java.lang.String]
[DEBUG] Can't check class [simple type, class java.lang.String], java.lang.String
[DEBUG] resolveProperty [simple type, class java.lang.String]
[DEBUG] ModelConverters readAll from class io.electrum.giftcard.api.model.ActivationResponse
[DEBUG] resolve class io.electrum.giftcard.api.model.ActivationResponse
[DEBUG] trying extension com.github.kongchen.swagger.docgen.reader.ModelModifier@5f85ed26
[DEBUG] defineModel ActivationResponse io.swagger.models.ModelImpl@32637e66
[DEBUG] resolveProperty [simple type, class java.util.UUID]
[DEBUG] Can't check class [simple type, class java.util.UUID], java.util.UUID
[DEBUG] resolveProperty [simple type, class java.util.UUID]
[DEBUG] resolveProperty [simple type, class org.joda.time.DateTime]
[DEBUG] Can't check class [simple type, class org.joda.time.DateTime], org.joda.time.DateTime
[DEBUG] resolveProperty [simple type, class org.joda.time.DateTime]
[DEBUG] resolveProperty [simple type, class io.electrum.vas.model.Originator]
[DEBUG] Can't check class [simple type, class io.electrum.vas.model.Originator], io.electrum.vas.model.Originator
[DEBUG] resolveProperty [simple type, class io.electrum.vas.model.Originator]
[DEBUG] resolve [simple type, class io.electrum.vas.model.Originator]
[DEBUG] trying extension com.github.kongchen.swagger.docgen.reader.ModelModifier@5f85ed26
[DEBUG] Can't check class [simple type, class io.electrum.vas.model.Originator], io.electrum.vas.model.Originator
[DEBUG] defineModel Originator io.swagger.models.ModelImpl@b5a2eab5
[DEBUG] resolveProperty [simple type, class io.electrum.vas.model.Institution]
[DEBUG] Can't check class [simple type, class io.electrum.vas.model.Institution], io.electrum.vas.model.Institution
[DEBUG] resolveProperty [simple type, class io.electrum.vas.model.Institution]
[DEBUG] resolve [simple type, class io.electrum.vas.model.Institution]
[DEBUG] trying extension com.github.kongchen.swagger.docgen.reader.ModelModifier@5f85ed26
[DEBUG] Can't check class [simple type, class io.electrum.vas.model.Institution], io.electrum.vas.model.Institution
[DEBUG] defineModel Institution io.swagger.models.ModelImpl@d03232cb
[DEBUG] resolveProperty [simple type, class java.lang.String]
[DEBUG] Can't check class [simple type, class java.lang.String], java.lang.String
[DEBUG] resolveProperty [simple type, class java.lang.String]
[DEBUG] resolveProperty [simple type, class java.lang.String]
[DEBUG] Can't check class [simple type, class java.lang.String], java.lang.String
[DEBUG] resolveProperty [simple type, class java.lang.String]
[DEBUG] resolveProperty [simple type, class java.lang.String]
[DEBUG] Can't check class [simple type, class java.lang.String], java.lang.String
[DEBUG] resolveProperty [simple type, class java.lang.String]
[DEBUG] resolveProperty [simple type, class io.electrum.vas.model.Merchant]
[DEBUG] Can't check class [simple type, class io.electrum.vas.model.Merchant], io.electrum.vas.model.Merchant
[DEBUG] resolveProperty [simple type, class io.electrum.vas.model.Merchant]
[DEBUG] resolve [simple type, class io.electrum.vas.model.Merchant]
[DEBUG] trying extension com.github.kongchen.swagger.docgen.reader.ModelModifier@5f85ed26
[DEBUG] Can't check class [simple type, class io.electrum.vas.model.Merchant], io.electrum.vas.model.Merchant
[DEBUG] defineModel Merchant io.swagger.models.ModelImpl@df763188
[DEBUG] resolveProperty [simple type, class java.lang.String]
[DEBUG] Can't check class [simple type, class java.lang.String], java.lang.String
[DEBUG] resolveProperty [simple type, class java.lang.String]
[DEBUG] resolveProperty [simple type, class java.lang.String]
[DEBUG] Can't check class [simple type, class java.lang.String], java.lang.String
[DEBUG] resolveProperty [simple type, class java.lang.String]
[DEBUG] resolveProperty [simple type, class io.electrum.vas.model.MerchantName]
[DEBUG] Can't check class [simple type, class io.electrum.vas.model.MerchantName], io.electrum.vas.model.MerchantName
[DEBUG] resolveProperty [simple type, class io.electrum.vas.model.MerchantName]
[DEBUG] resolve [simple type, class io.electrum.vas.model.MerchantName]
[DEBUG] trying extension com.github.kongchen.swagger.docgen.reader.ModelModifier@5f85ed26
[DEBUG] Can't check class [simple type, class io.electrum.vas.model.MerchantName], io.electrum.vas.model.MerchantName
[DEBUG] defineModel MerchantName io.swagger.models.ModelImpl@d4b5ad4f
[DEBUG] resolveProperty [simple type, class java.lang.String]
[DEBUG] Can't check class [simple type, class java.lang.String], java.lang.String
[DEBUG] resolveProperty [simple type, class java.lang.String]
[DEBUG] resolveProperty [simple type, class java.lang.String]
[DEBUG] Can't check class [simple type, class java.lang.String], java.lang.String
[DEBUG] resolveProperty [simple type, class java.lang.String]
[DEBUG] resolveProperty [simple type, class java.lang.String]
[DEBUG] Can't check class [simple type, class java.lang.String], java.lang.String
[DEBUG] resolveProperty [simple type, class java.lang.String]
[DEBUG] resolveProperty [simple type, class java.lang.String]
[DEBUG] Can't check class [simple type, class java.lang.String], java.lang.String
[DEBUG] resolveProperty [simple type, class java.lang.String]
[DEBUG] resolveProperty [simple type, class io.electrum.vas.model.Institution]
[DEBUG] Can't check class [simple type, class io.electrum.vas.model.Institution], io.electrum.vas.model.Institution
[DEBUG] resolveProperty [simple type, class io.electrum.vas.model.Institution]
[DEBUG] resolveProperty [simple type, class io.electrum.vas.model.Institution]
[DEBUG] Can't check class [simple type, class io.electrum.vas.model.Institution], io.electrum.vas.model.Institution
[DEBUG] resolveProperty [simple type, class io.electrum.vas.model.Institution]
[DEBUG] resolveProperty [simple type, class io.electrum.vas.model.Institution]
[DEBUG] Can't check class [simple type, class io.electrum.vas.model.Institution], io.electrum.vas.model.Institution
[DEBUG] resolveProperty [simple type, class io.electrum.vas.model.Institution]
[DEBUG] resolveProperty [collection type; class java.util.List, contains [simple type, class io.electrum.vas.model.ThirdPartyIdentifier]]
[DEBUG] Can't check class [collection type; class java.util.List, contains [simple type, class io.electrum.vas.model.ThirdPartyIdentifier]], java.util.List
[DEBUG] resolveProperty [collection type; class java.util.List, contains [simple type, class io.electrum.vas.model.ThirdPartyIdentifier]]
[DEBUG] resolveProperty [simple type, class io.electrum.vas.model.ThirdPartyIdentifier]
[DEBUG] Can't check class [simple type, class io.electrum.vas.model.ThirdPartyIdentifier], io.electrum.vas.model.ThirdPartyIdentifier
[DEBUG] resolveProperty [simple type, class io.electrum.vas.model.ThirdPartyIdentifier]
[DEBUG] resolve [simple type, class io.electrum.vas.model.ThirdPartyIdentifier]
[DEBUG] trying extension com.github.kongchen.swagger.docgen.reader.ModelModifier@5f85ed26
[DEBUG] Can't check class [simple type, class io.electrum.vas.model.ThirdPartyIdentifier], io.electrum.vas.model.ThirdPartyIdentifier
[DEBUG] defineModel ThirdPartyIdentifier io.swagger.models.ModelImpl@e8191324
[DEBUG] resolveProperty [simple type, class java.lang.String]
[DEBUG] Can't check class [simple type, class java.lang.String], java.lang.String
[DEBUG] resolveProperty [simple type, class java.lang.String]
[DEBUG] resolveProperty [simple type, class java.lang.String]
[DEBUG] Can't check class [simple type, class java.lang.String], java.lang.String
[DEBUG] resolveProperty [simple type, class java.lang.String]
[DEBUG] resolveProperty [simple type, class io.electrum.vas.model.Amounts]
[DEBUG] Can't check class [simple type, class io.electrum.vas.model.Amounts], io.electrum.vas.model.Amounts
[DEBUG] resolveProperty [simple type, class io.electrum.vas.model.Amounts]
[DEBUG] resolve [simple type, class io.electrum.vas.model.Amounts]
[DEBUG] trying extension com.github.kongchen.swagger.docgen.reader.ModelModifier@5f85ed26
[DEBUG] Can't check class [simple type, class io.electrum.vas.model.Amounts], io.electrum.vas.model.Amounts
[DEBUG] defineModel Amounts io.swagger.models.ModelImpl@e5de713d
[DEBUG] resolveProperty [simple type, class io.electrum.vas.model.LedgerAmount]
[DEBUG] Can't check class [simple type, class io.electrum.vas.model.LedgerAmount], io.electrum.vas.model.LedgerAmount
[DEBUG] resolveProperty [simple type, class io.electrum.vas.model.LedgerAmount]
[DEBUG] resolve [simple type, class io.electrum.vas.model.LedgerAmount]
[DEBUG] trying extension com.github.kongchen.swagger.docgen.reader.ModelModifier@5f85ed26
[DEBUG] Can't check class [simple type, class io.electrum.vas.model.LedgerAmount], io.electrum.vas.model.LedgerAmount
[DEBUG] defineModel LedgerAmount io.swagger.models.ModelImpl@d9bc4218
[DEBUG] resolveProperty [simple type, class java.lang.Long]
[DEBUG] Can't check class [simple type, class java.lang.Long], java.lang.Long
[DEBUG] resolveProperty [simple type, class java.lang.Long]
[DEBUG] resolveProperty [simple type, class java.lang.String]
[DEBUG] Can't check class [simple type, class java.lang.String], java.lang.String
[DEBUG] resolveProperty [simple type, class java.lang.String]
[DEBUG] resolveProperty [simple type, class io.electrum.vas.model.LedgerAmount$LedgerIndicator]
[DEBUG] Can't check class [simple type, class io.electrum.vas.model.LedgerAmount$LedgerIndicator], io.electrum.vas.model.LedgerAmount$LedgerIndicator
[DEBUG] resolveProperty [simple type, class io.electrum.vas.model.LedgerAmount$LedgerIndicator]
[DEBUG] resolveProperty [simple type, class io.electrum.vas.model.LedgerAmount]
[DEBUG] Can't check class [simple type, class io.electrum.vas.model.LedgerAmount], io.electrum.vas.model.LedgerAmount
[DEBUG] resolveProperty [simple type, class io.electrum.vas.model.LedgerAmount]
[DEBUG] resolveProperty [simple type, class io.electrum.vas.model.LedgerAmount]
[DEBUG] Can't check class [simple type, class io.electrum.vas.model.LedgerAmount], io.electrum.vas.model.LedgerAmount
[DEBUG] resolveProperty [simple type, class io.electrum.vas.model.LedgerAmount]
[DEBUG] resolveProperty [simple type, class io.electrum.vas.model.LedgerAmount]
[DEBUG] Can't check class [simple type, class io.electrum.vas.model.LedgerAmount], io.electrum.vas.model.LedgerAmount
[DEBUG] resolveProperty [simple type, class io.electrum.vas.model.LedgerAmount]
[DEBUG] resolveProperty [simple type, class io.electrum.giftcard.api.model.Card]
[DEBUG] Can't check class [simple type, class io.electrum.giftcard.api.model.Card], io.electrum.giftcard.api.model.Card
[DEBUG] resolveProperty [simple type, class io.electrum.giftcard.api.model.Card]
[DEBUG] resolve [simple type, class io.electrum.giftcard.api.model.Card]
[DEBUG] trying extension com.github.kongchen.swagger.docgen.reader.ModelModifier@5f85ed26
[DEBUG] Can't check class [simple type, class io.electrum.giftcard.api.model.Card], io.electrum.giftcard.api.model.Card
[DEBUG] defineModel Card io.swagger.models.ModelImpl@4866fd27
[DEBUG] resolveProperty [simple type, class java.lang.String]
[DEBUG] Can't check class [simple type, class java.lang.String], java.lang.String
[DEBUG] resolveProperty [simple type, class java.lang.String]
[DEBUG] resolveProperty [simple type, class java.lang.String]
[DEBUG] Can't check class [simple type, class java.lang.String], java.lang.String
[DEBUG] resolveProperty [simple type, class java.lang.String]
[DEBUG] resolveProperty [simple type, class java.lang.String]
[DEBUG] Can't check class [simple type, class java.lang.String], java.lang.String
[DEBUG] resolveProperty [simple type, class java.lang.String]
[DEBUG] resolveProperty [simple type, class java.lang.String]
[DEBUG] Can't check class [simple type, class java.lang.String], java.lang.String
[DEBUG] resolveProperty [simple type, class java.lang.String]
[DEBUG] resolveProperty [simple type, class io.electrum.giftcard.api.model.PosInfo]
[DEBUG] Can't check class [simple type, class io.electrum.giftcard.api.model.PosInfo], io.electrum.giftcard.api.model.PosInfo
[DEBUG] resolveProperty [simple type, class io.electrum.giftcard.api.model.PosInfo]
[DEBUG] resolve [simple type, class io.electrum.giftcard.api.model.PosInfo]
[DEBUG] trying extension com.github.kongchen.swagger.docgen.reader.ModelModifier@5f85ed26
[DEBUG] Can't check class [simple type, class io.electrum.giftcard.api.model.PosInfo], io.electrum.giftcard.api.model.PosInfo
[DEBUG] defineModel PosInfo io.swagger.models.ModelImpl@54a3fbf6
[DEBUG] resolveProperty [simple type, class io.electrum.giftcard.api.model.PosEntryMode]
[DEBUG] Can't check class [simple type, class io.electrum.giftcard.api.model.PosEntryMode], io.electrum.giftcard.api.model.PosEntryMode
[DEBUG] resolveProperty [simple type, class io.electrum.giftcard.api.model.PosEntryMode]
[DEBUG] resolve [simple type, class io.electrum.giftcard.api.model.PosEntryMode]
[DEBUG] trying extension com.github.kongchen.swagger.docgen.reader.ModelModifier@5f85ed26
[DEBUG] Can't check class [simple type, class io.electrum.giftcard.api.model.PosEntryMode], io.electrum.giftcard.api.model.PosEntryMode
[DEBUG] defineModel PosEntryMode io.swagger.models.ModelImpl@4728cd75
[DEBUG] resolveProperty [simple type, class io.electrum.giftcard.api.model.PosEntryMode$PanEntryMode]
[DEBUG] Can't check class [simple type, class io.electrum.giftcard.api.model.PosEntryMode$PanEntryMode], io.electrum.giftcard.api.model.PosEntryMode$PanEntryMode
[DEBUG] resolveProperty [simple type, class io.electrum.giftcard.api.model.PosEntryMode$PanEntryMode]
[DEBUG] resolveProperty [simple type, class io.electrum.giftcard.api.model.PosEntryMode$PinEntryCapability]
[DEBUG] Can't check class [simple type, class io.electrum.giftcard.api.model.PosEntryMode$PinEntryCapability], io.electrum.giftcard.api.model.PosEntryMode$PinEntryCapability
[DEBUG] resolveProperty [simple type, class io.electrum.giftcard.api.model.PosEntryMode$PinEntryCapability]
[DEBUG] resolveProperty [simple type, class io.electrum.giftcard.api.model.Product]
[DEBUG] Can't check class [simple type, class io.electrum.giftcard.api.model.Product], io.electrum.giftcard.api.model.Product
[DEBUG] resolveProperty [simple type, class io.electrum.giftcard.api.model.Product]
[DEBUG] resolve [simple type, class io.electrum.giftcard.api.model.Product]
[DEBUG] trying extension com.github.kongchen.swagger.docgen.reader.ModelModifier@5f85ed26
[DEBUG] Can't check class [simple type, class io.electrum.giftcard.api.model.Product], io.electrum.giftcard.api.model.Product
[DEBUG] defineModel Product io.swagger.models.ModelImpl@b0b973
[DEBUG] resolveProperty [simple type, class java.lang.String]
[DEBUG] Can't check class [simple type, class java.lang.String], java.lang.String
[DEBUG] resolveProperty [simple type, class java.lang.String]
[DEBUG] resolveProperty [simple type, class java.lang.String]
[DEBUG] Can't check class [simple type, class java.lang.String], java.lang.String
[DEBUG] resolveProperty [simple type, class java.lang.String]
[DEBUG] resolveProperty [simple type, class java.lang.String]
[DEBUG] Can't check class [simple type, class java.lang.String], java.lang.String
[DEBUG] resolveProperty [simple type, class java.lang.String]
[DEBUG] resolveProperty [simple type, class io.electrum.giftcard.api.model.SlipData]
[DEBUG] Can't check class [simple type, class io.electrum.giftcard.api.model.SlipData], io.electrum.giftcard.api.model.SlipData
[DEBUG] resolveProperty [simple type, class io.electrum.giftcard.api.model.SlipData]
[DEBUG] resolve [simple type, class io.electrum.giftcard.api.model.SlipData]
[DEBUG] trying extension com.github.kongchen.swagger.docgen.reader.ModelModifier@5f85ed26
[DEBUG] Can't check class [simple type, class io.electrum.giftcard.api.model.SlipData], io.electrum.giftcard.api.model.SlipData
[DEBUG] defineModel SlipData io.swagger.models.ModelImpl@c9b6b57e
[DEBUG] resolveProperty [simple type, class java.lang.String]
[DEBUG] Can't check class [simple type, class java.lang.String], java.lang.String
[DEBUG] resolveProperty [simple type, class java.lang.String]
[DEBUG] resolveProperty [collection type; class java.util.List, contains [simple type, class java.lang.String]]
[DEBUG] Can't check class [collection type; class java.util.List, contains [simple type, class java.lang.String]], java.util.List
[DEBUG] resolveProperty [collection type; class java.util.List, contains [simple type, class java.lang.String]]
[DEBUG] resolveProperty [simple type, class java.lang.String]
[DEBUG] Can't check class [simple type, class java.lang.String], java.lang.String
[DEBUG] resolveProperty [simple type, class java.lang.String]
[DEBUG] resolve class io.electrum.giftcard.api.model.ErrorDetail
[DEBUG] trying extension com.github.kongchen.swagger.docgen.reader.ModelModifier@5f85ed26
[DEBUG] defineModel ErrorDetail io.swagger.models.ModelImpl@871e6c0f
[DEBUG] resolveProperty [simple type, class io.electrum.giftcard.api.model.ErrorDetail$ErrorType]
[DEBUG] Can't check class [simple type, class io.electrum.giftcard.api.model.ErrorDetail$ErrorType], io.electrum.giftcard.api.model.ErrorDetail$ErrorType
[DEBUG] resolveProperty [simple type, class io.electrum.giftcard.api.model.ErrorDetail$ErrorType]
[DEBUG] resolveProperty [simple type, class java.lang.String]
[DEBUG] Can't check class [simple type, class java.lang.String], java.lang.String
[DEBUG] resolveProperty [simple type, class java.lang.String]
[DEBUG] resolveProperty [simple type, class java.lang.Object]
[DEBUG] Can't check class [simple type, class java.lang.Object], java.lang.Object
[DEBUG] resolveProperty [simple type, class java.lang.Object]
[DEBUG] ModelConverters readAll from class io.electrum.giftcard.api.model.ErrorDetail
[DEBUG] resolve class io.electrum.giftcard.api.model.ErrorDetail
[DEBUG] trying extension com.github.kongchen.swagger.docgen.reader.ModelModifier@5f85ed26
[DEBUG] defineModel ErrorDetail io.swagger.models.ModelImpl@871e6c0f
[DEBUG] resolveProperty [simple type, class io.electrum.giftcard.api.model.ErrorDetail$ErrorType]
[DEBUG] Can't check class [simple type, class io.electrum.giftcard.api.model.ErrorDetail$ErrorType], io.electrum.giftcard.api.model.ErrorDetail$ErrorType
[DEBUG] resolveProperty [simple type, class io.electrum.giftcard.api.model.ErrorDetail$ErrorType]
[DEBUG] resolveProperty [simple type, class java.lang.String]
[DEBUG] Can't check class [simple type, class java.lang.String], java.lang.String
[DEBUG] resolveProperty [simple type, class java.lang.String]
[DEBUG] resolveProperty [simple type, class java.lang.Object]
[DEBUG] Can't check class [simple type, class java.lang.Object], java.lang.Object
[DEBUG] resolveProperty [simple type, class java.lang.Object]
[DEBUG] resolve class io.electrum.giftcard.api.model.ErrorDetail
[DEBUG] trying extension com.github.kongchen.swagger.docgen.reader.ModelModifier@5f85ed26
[DEBUG] defineModel ErrorDetail io.swagger.models.ModelImpl@871e6c0f
[DEBUG] resolveProperty [simple type, class io.electrum.giftcard.api.model.ErrorDetail$ErrorType]
[DEBUG] Can't check class [simple type, class io.electrum.giftcard.api.model.ErrorDetail$ErrorType], io.electrum.giftcard.api.model.ErrorDetail$ErrorType
[DEBUG] resolveProperty [simple type, class io.electrum.giftcard.api.model.ErrorDetail$ErrorType]
[DEBUG] resolveProperty [simple type, class java.lang.String]
[DEBUG] Can't check class [simple type, class java.lang.String], java.lang.String
[DEBUG] resolveProperty [simple type, class java.lang.String]
[DEBUG] resolveProperty [simple type, class java.lang.Object]
[DEBUG] Can't check class [simple type, class java.lang.Object], java.lang.Object
[DEBUG] resolveProperty [simple type, class java.lang.Object]
[DEBUG] ModelConverters readAll from class io.electrum.giftcard.api.model.ErrorDetail
[DEBUG] resolve class io.electrum.giftcard.api.model.ErrorDetail
[DEBUG] trying extension com.github.kongchen.swagger.docgen.reader.ModelModifier@5f85ed26
[DEBUG] defineModel ErrorDetail io.swagger.models.ModelImpl@871e6c0f
[DEBUG] resolveProperty [simple type, class io.electrum.giftcard.api.model.ErrorDetail$ErrorType]
[DEBUG] Can't check class [simple type, class io.electrum.giftcard.api.model.ErrorDetail$ErrorType], io.electrum.giftcard.api.model.ErrorDetail$ErrorType
[DEBUG] resolveProperty [simple type, class io.electrum.giftcard.api.model.ErrorDetail$ErrorType]
[DEBUG] resolveProperty [simple type, class java.lang.String]
[DEBUG] Can't check class [simple type, class java.lang.String], java.lang.String
[DEBUG] resolveProperty [simple type, class java.lang.String]
[DEBUG] resolveProperty [simple type, class java.lang.Object]
[DEBUG] Can't check class [simple type, class java.lang.Object], java.lang.Object
[DEBUG] resolveProperty [simple type, class java.lang.Object]
[DEBUG] resolve class io.electrum.giftcard.api.model.ErrorDetail
[DEBUG] trying extension com.github.kongchen.swagger.docgen.reader.ModelModifier@5f85ed26
[DEBUG] defineModel ErrorDetail io.swagger.models.ModelImpl@871e6c0f
[DEBUG] resolveProperty [simple type, class io.electrum.giftcard.api.model.ErrorDetail$ErrorType]
[DEBUG] Can't check class [simple type, class io.electrum.giftcard.api.model.ErrorDetail$ErrorType], io.electrum.giftcard.api.model.ErrorDetail$ErrorType
[DEBUG] resolveProperty [simple type, class io.electrum.giftcard.api.model.ErrorDetail$ErrorType]
[DEBUG] resolveProperty [simple type, class java.lang.String]
[DEBUG] Can't check class [simple type, class java.lang.String], java.lang.String
[DEBUG] resolveProperty [simple type, class java.lang.String]
[DEBUG] resolveProperty [simple type, class java.lang.Object]
[DEBUG] Can't check class [simple type, class java.lang.Object], java.lang.Object
[DEBUG] resolveProperty [simple type, class java.lang.Object]
[DEBUG] ModelConverters readAll from class io.electrum.giftcard.api.model.ErrorDetail
[DEBUG] resolve class io.electrum.giftcard.api.model.ErrorDetail
[DEBUG] trying extension com.github.kongchen.swagger.docgen.reader.ModelModifier@5f85ed26
[DEBUG] defineModel ErrorDetail io.swagger.models.ModelImpl@871e6c0f
[DEBUG] resolveProperty [simple type, class io.electrum.giftcard.api.model.ErrorDetail$ErrorType]
[DEBUG] Can't check class [simple type, class io.electrum.giftcard.api.model.ErrorDetail$ErrorType], io.electrum.giftcard.api.model.ErrorDetail$ErrorType
[DEBUG] resolveProperty [simple type, class io.electrum.giftcard.api.model.ErrorDetail$ErrorType]
[DEBUG] resolveProperty [simple type, class java.lang.String]
[DEBUG] Can't check class [simple type, class java.lang.String], java.lang.String
[DEBUG] resolveProperty [simple type, class java.lang.String]
[DEBUG] resolveProperty [simple type, class java.lang.Object]
[DEBUG] Can't check class [simple type, class java.lang.Object], java.lang.Object
[DEBUG] resolveProperty [simple type, class java.lang.Object]
[DEBUG] resolve class io.electrum.giftcard.api.model.ErrorDetail
[DEBUG] trying extension com.github.kongchen.swagger.docgen.reader.ModelModifier@5f85ed26
[DEBUG] defineModel ErrorDetail io.swagger.models.ModelImpl@871e6c0f
[DEBUG] resolveProperty [simple type, class io.electrum.giftcard.api.model.ErrorDetail$ErrorType]
[DEBUG] Can't check class [simple type, class io.electrum.giftcard.api.model.ErrorDetail$ErrorType], io.electrum.giftcard.api.model.ErrorDetail$ErrorType
[DEBUG] resolveProperty [simple type, class io.electrum.giftcard.api.model.ErrorDetail$ErrorType]
[DEBUG] resolveProperty [simple type, class java.lang.String]
[DEBUG] Can't check class [simple type, class java.lang.String], java.lang.String
[DEBUG] resolveProperty [simple type, class java.lang.String]
[DEBUG] resolveProperty [simple type, class java.lang.Object]
[DEBUG] Can't check class [simple type, class java.lang.Object], java.lang.Object
[DEBUG] resolveProperty [simple type, class java.lang.Object]
[DEBUG] ModelConverters readAll from class io.electrum.giftcard.api.model.ErrorDetail
[DEBUG] resolve class io.electrum.giftcard.api.model.ErrorDetail
[DEBUG] trying extension com.github.kongchen.swagger.docgen.reader.ModelModifier@5f85ed26
[DEBUG] defineModel ErrorDetail io.swagger.models.ModelImpl@871e6c0f
[DEBUG] resolveProperty [simple type, class io.electrum.giftcard.api.model.ErrorDetail$ErrorType]
[DEBUG] Can't check class [simple type, class io.electrum.giftcard.api.model.ErrorDetail$ErrorType], io.electrum.giftcard.api.model.ErrorDetail$ErrorType
[DEBUG] resolveProperty [simple type, class io.electrum.giftcard.api.model.ErrorDetail$ErrorType]
[DEBUG] resolveProperty [simple type, class java.lang.String]
[DEBUG] Can't check class [simple type, class java.lang.String], java.lang.String
[DEBUG] resolveProperty [simple type, class java.lang.String]
[DEBUG] resolveProperty [simple type, class java.lang.Object]
[DEBUG] Can't check class [simple type, class java.lang.Object], java.lang.Object
[DEBUG] resolveProperty [simple type, class java.lang.Object]
[INFO] Looking for path/query/header/form/cookie params in class java.util.UUID
[INFO] trying extension com.github.kongchen.swagger.docgen.jaxrs.BeanParamInjectParamExtention@3adcbc57
[DEBUG] resolveProperty class java.util.UUID
[DEBUG] resolveProperty [simple type, class java.util.UUID]
[INFO] Looking for path/query/header/form/cookie params in class io.electrum.giftcard.api.model.ActivationRequest
[INFO] trying extension com.github.kongchen.swagger.docgen.jaxrs.BeanParamInjectParamExtention@3adcbc57
[INFO] Looking for body params in class io.electrum.giftcard.api.model.ActivationRequest
[DEBUG] picking up response class from method public final void io.electrum.giftcard.api.ActivationsResource.confirmActivation(java.util.UUID,java.util.UUID,io.electrum.giftcard.api.model.ActivationConfirmation,javax.ws.rs.core.SecurityContext,javax.ws.rs.container.AsyncResponse,javax.ws.rs.core.HttpHeaders,javax.ws.rs.core.UriInfo,javax.servlet.http.HttpServletRequest)
[DEBUG] resolveProperty void
[DEBUG] resolveProperty [simple type, class void]
[DEBUG] resolve [simple type, class void]
[DEBUG] trying extension com.github.kongchen.swagger.docgen.reader.ModelModifier@5f85ed26
[DEBUG] Can't check class [simple type, class void], void
[DEBUG] defineModel void io.swagger.models.ModelImpl@bafd15c1
[DEBUG] resolve class io.electrum.giftcard.api.model.ErrorDetail
[DEBUG] trying extension com.github.kongchen.swagger.docgen.reader.ModelModifier@5f85ed26
[DEBUG] defineModel ErrorDetail io.swagger.models.ModelImpl@871e6c0f
[DEBUG] resolveProperty [simple type, class io.electrum.giftcard.api.model.ErrorDetail$ErrorType]
[DEBUG] Can't check class [simple type, class io.electrum.giftcard.api.model.ErrorDetail$ErrorType], io.electrum.giftcard.api.model.ErrorDetail$ErrorType
[DEBUG] resolveProperty [simple type, class io.electrum.giftcard.api.model.ErrorDetail$ErrorType]
[DEBUG] resolveProperty [simple type, class java.lang.String]
[DEBUG] Can't check class [simple type, class java.lang.String], java.lang.String
[DEBUG] resolveProperty [simple type, class java.lang.String]
[DEBUG] resolveProperty [simple type, class java.lang.Object]
[DEBUG] Can't check class [simple type, class java.lang.Object], java.lang.Object
[DEBUG] resolveProperty [simple type, class java.lang.Object]
[DEBUG] ModelConverters readAll from class io.electrum.giftcard.api.model.ErrorDetail
[DEBUG] resolve class io.electrum.giftcard.api.model.ErrorDetail
[DEBUG] trying extension com.github.kongchen.swagger.docgen.reader.ModelModifier@5f85ed26
[DEBUG] defineModel ErrorDetail io.swagger.models.ModelImpl@871e6c0f
[DEBUG] resolveProperty [simple type, class io.electrum.giftcard.api.model.ErrorDetail$ErrorType]
[DEBUG] Can't check class [simple type, class io.electrum.giftcard.api.model.ErrorDetail$ErrorType], io.electrum.giftcard.api.model.ErrorDetail$ErrorType
[DEBUG] resolveProperty [simple type, class io.electrum.giftcard.api.model.ErrorDetail$ErrorType]
[DEBUG] resolveProperty [simple type, class java.lang.String]
[DEBUG] Can't check class [simple type, class java.lang.String], java.lang.String
[DEBUG] resolveProperty [simple type, class java.lang.String]
[DEBUG] resolveProperty [simple type, class java.lang.Object]
[DEBUG] Can't check class [simple type, class java.lang.Object], java.lang.Object
[DEBUG] resolveProperty [simple type, class java.lang.Object]
[DEBUG] resolve class io.electrum.giftcard.api.model.ErrorDetail
[DEBUG] trying extension com.github.kongchen.swagger.docgen.reader.ModelModifier@5f85ed26
[DEBUG] defineModel ErrorDetail io.swagger.models.ModelImpl@871e6c0f
[DEBUG] resolveProperty [simple type, class io.electrum.giftcard.api.model.ErrorDetail$ErrorType]
[DEBUG] Can't check class [simple type, class io.electrum.giftcard.api.model.ErrorDetail$ErrorType], io.electrum.giftcard.api.model.ErrorDetail$ErrorType
[DEBUG] resolveProperty [simple type, class io.electrum.giftcard.api.model.ErrorDetail$ErrorType]
[DEBUG] resolveProperty [simple type, class java.lang.String]
[DEBUG] Can't check class [simple type, class java.lang.String], java.lang.String
[DEBUG] resolveProperty [simple type, class java.lang.String]
[DEBUG] resolveProperty [simple type, class java.lang.Object]
[DEBUG] Can't check class [simple type, class java.lang.Object], java.lang.Object
[DEBUG] resolveProperty [simple type, class java.lang.Object]
[DEBUG] ModelConverters readAll from class io.electrum.giftcard.api.model.ErrorDetail
[DEBUG] resolve class io.electrum.giftcard.api.model.ErrorDetail
[DEBUG] trying extension com.github.kongchen.swagger.docgen.reader.ModelModifier@5f85ed26
[DEBUG] defineModel ErrorDetail io.swagger.models.ModelImpl@871e6c0f
[DEBUG] resolveProperty [simple type, class io.electrum.giftcard.api.model.ErrorDetail$ErrorType]
[DEBUG] Can't check class [simple type, class io.electrum.giftcard.api.model.ErrorDetail$ErrorType], io.electrum.giftcard.api.model.ErrorDetail$ErrorType
[DEBUG] resolveProperty [simple type, class io.electrum.giftcard.api.model.ErrorDetail$ErrorType]
[DEBUG] resolveProperty [simple type, class java.lang.String]
[DEBUG] Can't check class [simple type, class java.lang.String], java.lang.String
[DEBUG] resolveProperty [simple type, class java.lang.String]
[DEBUG] resolveProperty [simple type, class java.lang.Object]
[DEBUG] Can't check class [simple type, class java.lang.Object], java.lang.Object
[DEBUG] resolveProperty [simple type, class java.lang.Object]
[DEBUG] resolve class io.electrum.giftcard.api.model.ErrorDetail
[DEBUG] trying extension com.github.kongchen.swagger.docgen.reader.ModelModifier@5f85ed26
[DEBUG] defineModel ErrorDetail io.swagger.models.ModelImpl@871e6c0f
[DEBUG] resolveProperty [simple type, class io.electrum.giftcard.api.model.ErrorDetail$ErrorType]
[DEBUG] Can't check class [simple type, class io.electrum.giftcard.api.model.ErrorDetail$ErrorType], io.electrum.giftcard.api.model.ErrorDetail$ErrorType
[DEBUG] resolveProperty [simple type, class io.electrum.giftcard.api.model.ErrorDetail$ErrorType]
[DEBUG] resolveProperty [simple type, class java.lang.String]
[DEBUG] Can't check class [simple type, class java.lang.String], java.lang.String
[DEBUG] resolveProperty [simple type, class java.lang.String]
[DEBUG] resolveProperty [simple type, class java.lang.Object]
[DEBUG] Can't check class [simple type, class java.lang.Object], java.lang.Object
[DEBUG] resolveProperty [simple type, class java.lang.Object]
[DEBUG] ModelConverters readAll from class io.electrum.giftcard.api.model.ErrorDetail
[DEBUG] resolve class io.electrum.giftcard.api.model.ErrorDetail
[DEBUG] trying extension com.github.kongchen.swagger.docgen.reader.ModelModifier@5f85ed26
[DEBUG] defineModel ErrorDetail io.swagger.models.ModelImpl@871e6c0f
[DEBUG] resolveProperty [simple type, class io.electrum.giftcard.api.model.ErrorDetail$ErrorType]
[DEBUG] Can't check class [simple type, class io.electrum.giftcard.api.model.ErrorDetail$ErrorType], io.electrum.giftcard.api.model.ErrorDetail$ErrorType
[DEBUG] resolveProperty [simple type, class io.electrum.giftcard.api.model.ErrorDetail$ErrorType]
[DEBUG] resolveProperty [simple type, class java.lang.String]
[DEBUG] Can't check class [simple type, class java.lang.String], java.lang.String
[DEBUG] resolveProperty [simple type, class java.lang.String]
[DEBUG] resolveProperty [simple type, class java.lang.Object]
[DEBUG] Can't check class [simple type, class java.lang.Object], java.lang.Object
[DEBUG] resolveProperty [simple type, class java.lang.Object]
[DEBUG] resolve class io.electrum.giftcard.api.model.ErrorDetail
[DEBUG] trying extension com.github.kongchen.swagger.docgen.reader.ModelModifier@5f85ed26
[DEBUG] defineModel ErrorDetail io.swagger.models.ModelImpl@871e6c0f
[DEBUG] resolveProperty [simple type, class io.electrum.giftcard.api.model.ErrorDetail$ErrorType]
[DEBUG] Can't check class [simple type, class io.electrum.giftcard.api.model.ErrorDetail$ErrorType], io.electrum.giftcard.api.model.ErrorDetail$ErrorType
[DEBUG] resolveProperty [simple type, class io.electrum.giftcard.api.model.ErrorDetail$ErrorType]
[DEBUG] resolveProperty [simple type, class java.lang.String]
[DEBUG] Can't check class [simple type, class java.lang.String], java.lang.String
[DEBUG] resolveProperty [simple type, class java.lang.String]
[DEBUG] resolveProperty [simple type, class java.lang.Object]
[DEBUG] Can't check class [simple type, class java.lang.Object], java.lang.Object
[DEBUG] resolveProperty [simple type, class java.lang.Object]
[DEBUG] ModelConverters readAll from class io.electrum.giftcard.api.model.ErrorDetail
[DEBUG] resolve class io.electrum.giftcard.api.model.ErrorDetail
[DEBUG] trying extension com.github.kongchen.swagger.docgen.reader.ModelModifier@5f85ed26
[DEBUG] defineModel ErrorDetail io.swagger.models.ModelImpl@871e6c0f
[DEBUG] resolveProperty [simple type, class io.electrum.giftcard.api.model.ErrorDetail$ErrorType]
[DEBUG] Can't check class [simple type, class io.electrum.giftcard.api.model.ErrorDetail$ErrorType], io.electrum.giftcard.api.model.ErrorDetail$ErrorType
[DEBUG] resolveProperty [simple type, class io.electrum.giftcard.api.model.ErrorDetail$ErrorType]
[DEBUG] resolveProperty [simple type, class java.lang.String]
[DEBUG] Can't check class [simple type, class java.lang.String], java.lang.String
[DEBUG] resolveProperty [simple type, class java.lang.String]
[DEBUG] resolveProperty [simple type, class java.lang.Object]
[DEBUG] Can't check class [simple type, class java.lang.Object], java.lang.Object
[DEBUG] resolveProperty [simple type, class java.lang.Object]
[DEBUG] resolve class io.electrum.giftcard.api.model.ErrorDetail
[DEBUG] trying extension com.github.kongchen.swagger.docgen.reader.ModelModifier@5f85ed26
[DEBUG] defineModel ErrorDetail io.swagger.models.ModelImpl@871e6c0f
[DEBUG] resolveProperty [simple type, class io.electrum.giftcard.api.model.ErrorDetail$ErrorType]
[DEBUG] Can't check class [simple type, class io.electrum.giftcard.api.model.ErrorDetail$ErrorType], io.electrum.giftcard.api.model.ErrorDetail$ErrorType
[DEBUG] resolveProperty [simple type, class io.electrum.giftcard.api.model.ErrorDetail$ErrorType]
[DEBUG] resolveProperty [simple type, class java.lang.String]
[DEBUG] Can't check class [simple type, class java.lang.String], java.lang.String
[DEBUG] resolveProperty [simple type, class java.lang.String]
[DEBUG] resolveProperty [simple type, class java.lang.Object]
[DEBUG] Can't check class [simple type, class java.lang.Object], java.lang.Object
[DEBUG] resolveProperty [simple type, class java.lang.Object]
[DEBUG] ModelConverters readAll from class io.electrum.giftcard.api.model.ErrorDetail
[DEBUG] resolve class io.electrum.giftcard.api.model.ErrorDetail
[DEBUG] trying extension com.github.kongchen.swagger.docgen.reader.ModelModifier@5f85ed26
[DEBUG] defineModel ErrorDetail io.swagger.models.ModelImpl@871e6c0f
[DEBUG] resolveProperty [simple type, class io.electrum.giftcard.api.model.ErrorDetail$ErrorType]
[DEBUG] Can't check class [simple type, class io.electrum.giftcard.api.model.ErrorDetail$ErrorType], io.electrum.giftcard.api.model.ErrorDetail$ErrorType
[DEBUG] resolveProperty [simple type, class io.electrum.giftcard.api.model.ErrorDetail$ErrorType]
[DEBUG] resolveProperty [simple type, class java.lang.String]
[DEBUG] Can't check class [simple type, class java.lang.String], java.lang.String
[DEBUG] resolveProperty [simple type, class java.lang.String]
[DEBUG] resolveProperty [simple type, class java.lang.Object]
[DEBUG] Can't check class [simple type, class java.lang.Object], java.lang.Object
[DEBUG] resolveProperty [simple type, class java.lang.Object]
[INFO] Looking for path/query/header/form/cookie params in class java.util.UUID
[INFO] trying extension com.github.kongchen.swagger.docgen.jaxrs.BeanParamInjectParamExtention@3adcbc57
[DEBUG] resolveProperty class java.util.UUID
[DEBUG] resolveProperty [simple type, class java.util.UUID]
[INFO] Looking for path/query/header/form/cookie params in class java.util.UUID
[INFO] trying extension com.github.kongchen.swagger.docgen.jaxrs.BeanParamInjectParamExtention@3adcbc57
[DEBUG] resolveProperty class java.util.UUID
[DEBUG] resolveProperty [simple type, class java.util.UUID]
[INFO] Looking for path/query/header/form/cookie params in class io.electrum.giftcard.api.model.ActivationConfirmation
[INFO] trying extension com.github.kongchen.swagger.docgen.jaxrs.BeanParamInjectParamExtention@3adcbc57
[INFO] Looking for body params in class io.electrum.giftcard.api.model.ActivationConfirmation
[DEBUG] picking up response class from method public final void io.electrum.giftcard.api.ActivationsResource.reverseActivation(java.util.UUID,java.util.UUID,io.electrum.giftcard.api.model.ActivationReversal,javax.ws.rs.core.SecurityContext,javax.ws.rs.container.AsyncResponse,javax.ws.rs.core.HttpHeaders,javax.ws.rs.core.UriInfo,javax.servlet.http.HttpServletRequest)
[DEBUG] resolveProperty void
[DEBUG] resolveProperty [simple type, class void]
[DEBUG] resolve [simple type, class void]
[DEBUG] trying extension com.github.kongchen.swagger.docgen.reader.ModelModifier@5f85ed26
[DEBUG] Can't check class [simple type, class void], void
[DEBUG] defineModel void io.swagger.models.ModelImpl@bafd15c1
[DEBUG] resolve class io.electrum.giftcard.api.model.ErrorDetail
[DEBUG] trying extension com.github.kongchen.swagger.docgen.reader.ModelModifier@5f85ed26
[DEBUG] defineModel ErrorDetail io.swagger.models.ModelImpl@871e6c0f
[DEBUG] resolveProperty [simple type, class io.electrum.giftcard.api.model.ErrorDetail$ErrorType]
[DEBUG] Can't check class [simple type, class io.electrum.giftcard.api.model.ErrorDetail$ErrorType], io.electrum.giftcard.api.model.ErrorDetail$ErrorType
[DEBUG] resolveProperty [simple type, class io.electrum.giftcard.api.model.ErrorDetail$ErrorType]
[DEBUG] resolveProperty [simple type, class java.lang.String]
[DEBUG] Can't check class [simple type, class java.lang.String], java.lang.String
[DEBUG] resolveProperty [simple type, class java.lang.String]
[DEBUG] resolveProperty [simple type, class java.lang.Object]
[DEBUG] Can't check class [simple type, class java.lang.Object], java.lang.Object
[DEBUG] resolveProperty [simple type, class java.lang.Object]
[DEBUG] ModelConverters readAll from class io.electrum.giftcard.api.model.ErrorDetail
[DEBUG] resolve class io.electrum.giftcard.api.model.ErrorDetail
[DEBUG] trying extension com.github.kongchen.swagger.docgen.reader.ModelModifier@5f85ed26
[DEBUG] defineModel ErrorDetail io.swagger.models.ModelImpl@871e6c0f
[DEBUG] resolveProperty [simple type, class io.electrum.giftcard.api.model.ErrorDetail$ErrorType]
[DEBUG] Can't check class [simple type, class io.electrum.giftcard.api.model.ErrorDetail$ErrorType], io.electrum.giftcard.api.model.ErrorDetail$ErrorType
[DEBUG] resolveProperty [simple type, class io.electrum.giftcard.api.model.ErrorDetail$ErrorType]
[DEBUG] resolveProperty [simple type, class java.lang.String]
[DEBUG] Can't check class [simple type, class java.lang.String], java.lang.String
[DEBUG] resolveProperty [simple type, class java.lang.String]
[DEBUG] resolveProperty [simple type, class java.lang.Object]
[DEBUG] Can't check class [simple type, class java.lang.Object], java.lang.Object
[DEBUG] resolveProperty [simple type, class java.lang.Object]
[DEBUG] resolve class io.electrum.giftcard.api.model.ErrorDetail
[DEBUG] trying extension com.github.kongchen.swagger.docgen.reader.ModelModifier@5f85ed26
[DEBUG] defineModel ErrorDetail io.swagger.models.ModelImpl@871e6c0f
[DEBUG] resolveProperty [simple type, class io.electrum.giftcard.api.model.ErrorDetail$ErrorType]
[DEBUG] Can't check class [simple type, class io.electrum.giftcard.api.model.ErrorDetail$ErrorType], io.electrum.giftcard.api.model.ErrorDetail$ErrorType
[DEBUG] resolveProperty [simple type, class io.electrum.giftcard.api.model.ErrorDetail$ErrorType]
[DEBUG] resolveProperty [simple type, class java.lang.String]
[DEBUG] Can't check class [simple type, class java.lang.String], java.lang.String
[DEBUG] resolveProperty [simple type, class java.lang.String]
[DEBUG] resolveProperty [simple type, class java.lang.Object]
[DEBUG] Can't check class [simple type, class java.lang.Object], java.lang.Object
[DEBUG] resolveProperty [simple type, class java.lang.Object]
[DEBUG] ModelConverters readAll from class io.electrum.giftcard.api.model.ErrorDetail
[DEBUG] resolve class io.electrum.giftcard.api.model.ErrorDetail
[DEBUG] trying extension com.github.kongchen.swagger.docgen.reader.ModelModifier@5f85ed26
[DEBUG] defineModel ErrorDetail io.swagger.models.ModelImpl@871e6c0f
[DEBUG] resolveProperty [simple type, class io.electrum.giftcard.api.model.ErrorDetail$ErrorType]
[DEBUG] Can't check class [simple type, class io.electrum.giftcard.api.model.ErrorDetail$ErrorType], io.electrum.giftcard.api.model.ErrorDetail$ErrorType
[DEBUG] resolveProperty [simple type, class io.electrum.giftcard.api.model.ErrorDetail$ErrorType]
[DEBUG] resolveProperty [simple type, class java.lang.String]
[DEBUG] Can't check class [simple type, class java.lang.String], java.lang.String
[DEBUG] resolveProperty [simple type, class java.lang.String]
[DEBUG] resolveProperty [simple type, class java.lang.Object]
[DEBUG] Can't check class [simple type, class java.lang.Object], java.lang.Object
[DEBUG] resolveProperty [simple type, class java.lang.Object]
[DEBUG] resolve class io.electrum.giftcard.api.model.ErrorDetail
[DEBUG] trying extension com.github.kongchen.swagger.docgen.reader.ModelModifier@5f85ed26
[DEBUG] defineModel ErrorDetail io.swagger.models.ModelImpl@871e6c0f
[DEBUG] resolveProperty [simple type, class io.electrum.giftcard.api.model.ErrorDetail$ErrorType]
[DEBUG] Can't check class [simple type, class io.electrum.giftcard.api.model.ErrorDetail$ErrorType], io.electrum.giftcard.api.model.ErrorDetail$ErrorType
[DEBUG] resolveProperty [simple type, class io.electrum.giftcard.api.model.ErrorDetail$ErrorType]
[DEBUG] resolveProperty [simple type, class java.lang.String]
[DEBUG] Can't check class [simple type, class java.lang.String], java.lang.String
[DEBUG] resolveProperty [simple type, class java.lang.String]
[DEBUG] resolveProperty [simple type, class java.lang.Object]
[DEBUG] Can't check class [simple type, class java.lang.Object], java.lang.Object
[DEBUG] resolveProperty [simple type, class java.lang.Object]
[DEBUG] ModelConverters readAll from class io.electrum.giftcard.api.model.ErrorDetail
[DEBUG] resolve class io.electrum.giftcard.api.model.ErrorDetail
[DEBUG] trying extension com.github.kongchen.swagger.docgen.reader.ModelModifier@5f85ed26
[DEBUG] defineModel ErrorDetail io.swagger.models.ModelImpl@871e6c0f
[DEBUG] resolveProperty [simple type, class io.electrum.giftcard.api.model.ErrorDetail$ErrorType]
[DEBUG] Can't check class [simple type, class io.electrum.giftcard.api.model.ErrorDetail$ErrorType], io.electrum.giftcard.api.model.ErrorDetail$ErrorType
[DEBUG] resolveProperty [simple type, class io.electrum.giftcard.api.model.ErrorDetail$ErrorType]
[DEBUG] resolveProperty [simple type, class java.lang.String]
[DEBUG] Can't check class [simple type, class java.lang.String], java.lang.String
[DEBUG] resolveProperty [simple type, class java.lang.String]
[DEBUG] resolveProperty [simple type, class java.lang.Object]
[DEBUG] Can't check class [simple type, class java.lang.Object], java.lang.Object
[DEBUG] resolveProperty [simple type, class java.lang.Object]
[DEBUG] resolve class io.electrum.giftcard.api.model.ErrorDetail
[DEBUG] trying extension com.github.kongchen.swagger.docgen.reader.ModelModifier@5f85ed26
[DEBUG] defineModel ErrorDetail io.swagger.models.ModelImpl@871e6c0f
[DEBUG] resolveProperty [simple type, class io.electrum.giftcard.api.model.ErrorDetail$ErrorType]
[DEBUG] Can't check class [simple type, class io.electrum.giftcard.api.model.ErrorDetail$ErrorType], io.electrum.giftcard.api.model.ErrorDetail$ErrorType
[DEBUG] resolveProperty [simple type, class io.electrum.giftcard.api.model.ErrorDetail$ErrorType]
[DEBUG] resolveProperty [simple type, class java.lang.String]
[DEBUG] Can't check class [simple type, class java.lang.String], java.lang.String
[DEBUG] resolveProperty [simple type, class java.lang.String]
[DEBUG] resolveProperty [simple type, class java.lang.Object]
[DEBUG] Can't check class [simple type, class java.lang.Object], java.lang.Object
[DEBUG] resolveProperty [simple type, class java.lang.Object]
[DEBUG] ModelConverters readAll from class io.electrum.giftcard.api.model.ErrorDetail
[DEBUG] resolve class io.electrum.giftcard.api.model.ErrorDetail
[DEBUG] trying extension com.github.kongchen.swagger.docgen.reader.ModelModifier@5f85ed26
[DEBUG] defineModel ErrorDetail io.swagger.models.ModelImpl@871e6c0f
[DEBUG] resolveProperty [simple type, class io.electrum.giftcard.api.model.ErrorDetail$ErrorType]
[DEBUG] Can't check class [simple type, class io.electrum.giftcard.api.model.ErrorDetail$ErrorType], io.electrum.giftcard.api.model.ErrorDetail$ErrorType
[DEBUG] resolveProperty [simple type, class io.electrum.giftcard.api.model.ErrorDetail$ErrorType]
[DEBUG] resolveProperty [simple type, class java.lang.String]
[DEBUG] Can't check class [simple type, class java.lang.String], java.lang.String
[DEBUG] resolveProperty [simple type, class java.lang.String]
[DEBUG] resolveProperty [simple type, class java.lang.Object]
[DEBUG] Can't check class [simple type, class java.lang.Object], java.lang.Object
[DEBUG] resolveProperty [simple type, class java.lang.Object]
[DEBUG] resolve class io.electrum.giftcard.api.model.ErrorDetail
[DEBUG] trying extension com.github.kongchen.swagger.docgen.reader.ModelModifier@5f85ed26
[DEBUG] defineModel ErrorDetail io.swagger.models.ModelImpl@871e6c0f
[DEBUG] resolveProperty [simple type, class io.electrum.giftcard.api.model.ErrorDetail$ErrorType]
[DEBUG] Can't check class [simple type, class io.electrum.giftcard.api.model.ErrorDetail$ErrorType], io.electrum.giftcard.api.model.ErrorDetail$ErrorType
[DEBUG] resolveProperty [simple type, class io.electrum.giftcard.api.model.ErrorDetail$ErrorType]
[DEBUG] resolveProperty [simple type, class java.lang.String]
[DEBUG] Can't check class [simple type, class java.lang.String], java.lang.String
[DEBUG] resolveProperty [simple type, class java.lang.String]
[DEBUG] resolveProperty [simple type, class java.lang.Object]
[DEBUG] Can't check class [simple type, class java.lang.Object], java.lang.Object
[DEBUG] resolveProperty [simple type, class java.lang.Object]
[DEBUG] ModelConverters readAll from class io.electrum.giftcard.api.model.ErrorDetail
[DEBUG] resolve class io.electrum.giftcard.api.model.ErrorDetail
[DEBUG] trying extension com.github.kongchen.swagger.docgen.reader.ModelModifier@5f85ed26
[DEBUG] defineModel ErrorDetail io.swagger.models.ModelImpl@871e6c0f
[DEBUG] resolveProperty [simple type, class io.electrum.giftcard.api.model.ErrorDetail$ErrorType]
[DEBUG] Can't check class [simple type, class io.electrum.giftcard.api.model.ErrorDetail$ErrorType], io.electrum.giftcard.api.model.ErrorDetail$ErrorType
[DEBUG] resolveProperty [simple type, class io.electrum.giftcard.api.model.ErrorDetail$ErrorType]
[DEBUG] resolveProperty [simple type, class java.lang.String]
[DEBUG] Can't check class [simple type, class java.lang.String], java.lang.String
[DEBUG] resolveProperty [simple type, class java.lang.String]
[DEBUG] resolveProperty [simple type, class java.lang.Object]
[DEBUG] Can't check class [simple type, class java.lang.Object], java.lang.Object
[DEBUG] resolveProperty [simple type, class java.lang.Object]
[INFO] Looking for path/query/header/form/cookie params in class java.util.UUID
[INFO] trying extension com.github.kongchen.swagger.docgen.jaxrs.BeanParamInjectParamExtention@3adcbc57
[DEBUG] resolveProperty class java.util.UUID
[DEBUG] resolveProperty [simple type, class java.util.UUID]
[INFO] Looking for path/query/header/form/cookie params in class java.util.UUID
[INFO] trying extension com.github.kongchen.swagger.docgen.jaxrs.BeanParamInjectParamExtention@3adcbc57
[DEBUG] resolveProperty class java.util.UUID
[DEBUG] resolveProperty [simple type, class java.util.UUID]
[INFO] Looking for path/query/header/form/cookie params in class io.electrum.giftcard.api.model.ActivationReversal
[INFO] trying extension com.github.kongchen.swagger.docgen.jaxrs.BeanParamInjectParamExtention@3adcbc57
[INFO] Looking for body params in class io.electrum.giftcard.api.model.ActivationReversal
[INFO] Writing doc to /Users/timwhelan/Documents/workspace/giftcard-service-test-pack/target/devguide/testing/specification.md...
[DEBUG] About to parse: /Users/timwhelan/Documents/workspace/giftcard-service-test-pack/src/docs/devguide/handlebars-templates/swaggerfile.hbs
[DEBUG] Building AST
[DEBUG] Creating templates
[DEBUG] About to parse: /Users/timwhelan/Documents/workspace/giftcard-service-test-pack/src/docs/devguide/handlebars-templates/security.hbs
[DEBUG] Building AST
[DEBUG] Creating templates
[DEBUG] About to parse: /Users/timwhelan/Documents/workspace/giftcard-service-test-pack/src/docs/devguide/handlebars-templates/operation.hbs
[DEBUG] Building AST
[DEBUG] Creating templates
[DEBUG] About to parse: /Users/timwhelan/Documents/workspace/giftcard-service-test-pack/src/docs/devguide/handlebars-templates/operation.hbs
[DEBUG] Building AST
[DEBUG] Creating templates
[DEBUG] About to parse: /Users/timwhelan/Documents/workspace/giftcard-service-test-pack/src/docs/devguide/handlebars-templates/operation.hbs
[DEBUG] Building AST
[DEBUG] Creating templates
[DEBUG] About to parse: /Users/timwhelan/Documents/workspace/giftcard-service-test-pack/src/docs/devguide/handlebars-templates/operation.hbs
[DEBUG] Building AST
[DEBUG] Creating templates
[DEBUG] About to parse: /Users/timwhelan/Documents/workspace/giftcard-service-test-pack/src/docs/devguide/handlebars-templates/operation.hbs
[DEBUG] Building AST
[DEBUG] Creating templates
[DEBUG] About to parse: /Users/timwhelan/Documents/workspace/giftcard-service-test-pack/src/docs/devguide/handlebars-templates/operation.hbs
[DEBUG] Building AST
[DEBUG] Creating templates
[DEBUG] About to parse: /Users/timwhelan/Documents/workspace/giftcard-service-test-pack/src/docs/devguide/handlebars-templates/operation.hbs
[DEBUG] Building AST
[DEBUG] Creating templates
[DEBUG] About to parse: /Users/timwhelan/Documents/workspace/giftcard-service-test-pack/src/docs/devguide/handlebars-templates/operation.hbs
[DEBUG] Building AST
[DEBUG] Creating templates
[DEBUG] About to parse: /Users/timwhelan/Documents/workspace/giftcard-service-test-pack/src/docs/devguide/handlebars-templates/operation.hbs
[DEBUG] Building AST
[DEBUG] Creating templates
[DEBUG] About to parse: /Users/timwhelan/Documents/workspace/giftcard-service-test-pack/src/docs/devguide/handlebars-templates/operation.hbs
[DEBUG] Building AST
[DEBUG] Creating templates
[DEBUG] About to parse: /Users/timwhelan/Documents/workspace/giftcard-service-test-pack/src/docs/devguide/handlebars-templates/operation.hbs
[DEBUG] Building AST
[DEBUG] Creating templates
[DEBUG] About to parse: /Users/timwhelan/Documents/workspace/giftcard-service-test-pack/src/docs/devguide/handlebars-templates/operation.hbs
[DEBUG] Building AST
[DEBUG] Creating templates
[DEBUG] About to parse: /Users/timwhelan/Documents/workspace/giftcard-service-test-pack/src/docs/devguide/handlebars-templates/operation.hbs
[DEBUG] Building AST
[DEBUG] Creating templates
[DEBUG] About to parse: /Users/timwhelan/Documents/workspace/giftcard-service-test-pack/src/docs/devguide/handlebars-templates/operation.hbs
[DEBUG] Building AST
[DEBUG] Creating templates
[DEBUG] About to parse: /Users/timwhelan/Documents/workspace/giftcard-service-test-pack/src/docs/devguide/handlebars-templates/operation.hbs
[DEBUG] Building AST
[DEBUG] Creating templates
[DEBUG] About to parse: /Users/timwhelan/Documents/workspace/giftcard-service-test-pack/src/docs/devguide/handlebars-templates/operation.hbs
[DEBUG] Building AST
[DEBUG] Creating templates
[DEBUG] About to parse: /Users/timwhelan/Documents/workspace/giftcard-service-test-pack/src/docs/devguide/handlebars-templates/operation.hbs
[DEBUG] Building AST
[DEBUG] Creating templates
[INFO] Done!
[INFO] 
[INFO] --- maven-resources-plugin:2.7:testResources (default-testResources) @ giftcard-service-test-pack ---
[DEBUG] Configuring mojo org.apache.maven.plugins:maven-resources-plugin:2.7:testResources from plugin realm ClassRealm[plugin>org.apache.maven.plugins:maven-resources-plugin:2.7, parent: sun.misc.Launcher$AppClassLoader@2f78743b]
[DEBUG] Configuring mojo 'org.apache.maven.plugins:maven-resources-plugin:2.7:testResources' with basic configurator -->
[DEBUG]   (f) buildFilters = []
[DEBUG]   (f) encoding = UTF-8
[DEBUG]   (f) escapeWindowsPaths = true
[DEBUG]   (s) includeEmptyDirs = false
[DEBUG]   (s) outputDirectory = /Users/timwhelan/Documents/workspace/giftcard-service-test-pack/target/test-classes
[DEBUG]   (s) overwrite = false
[DEBUG]   (f) project = MavenProject: io.electrum:giftcard-service-test-pack:1.0.0 @ /Users/timwhelan/Documents/workspace/giftcard-service-test-pack/pom.xml
[DEBUG]   (s) resources = [Resource {targetPath: null, filtering: false, FileSet {directory: /Users/timwhelan/Documents/workspace/giftcard-service-test-pack/src/test/resources, PatternSet [includes: {}, excludes: {}]}}]
[DEBUG]   (f) session = org.apache.maven.execution.MavenSession@a820829
[DEBUG]   (f) supportMultiLineFiltering = false
[DEBUG]   (f) useBuildFilters = true
[DEBUG]   (s) useDefaultDelimiters = true
[DEBUG] -- end configuration --
[DEBUG] properties used {java.vendor=Oracle Corporation, sun.java.launcher=SUN_STANDARD, env.XPC_SERVICE_NAME=0, sun.management.compiler=HotSpot 64-Bit Tiered Compilers, env.SECURITYSESSIONID=186a9, os.name=Mac OS X, sun.boot.class.path=/Library/Java/JavaVirtualMachines/jdk1.7.0_79.jdk/Contents/Home/jre/lib/resources.jar:/Library/Java/JavaVirtualMachines/jdk1.7.0_79.jdk/Contents/Home/jre/lib/rt.jar:/Library/Java/JavaVirtualMachines/jdk1.7.0_79.jdk/Contents/Home/jre/lib/sunrsasign.jar:/Library/Java/JavaVirtualMachines/jdk1.7.0_79.jdk/Contents/Home/jre/lib/jsse.jar:/Library/Java/JavaVirtualMachines/jdk1.7.0_79.jdk/Contents/Home/jre/lib/jce.jar:/Library/Java/JavaVirtualMachines/jdk1.7.0_79.jdk/Contents/Home/jre/lib/charsets.jar:/Library/Java/JavaVirtualMachines/jdk1.7.0_79.jdk/Contents/Home/jre/lib/jfr.jar:/Library/Java/JavaVirtualMachines/jdk1.7.0_79.jdk/Contents/Home/jre/classes, env.TMPDIR=/var/folders/xt/bgqcr_6j5h732_8p0cqb6qqh0000gn/T/, env.PWD=/Users/timwhelan/Documents/workspace/giftcard-service-test-pack, swagger-maven-plugin-version=3.1.3, user.country.format=ZA, java.vm.specification.vendor=Oracle Corporation, java.runtime.version=1.7.0_79-b15, jersey-version=2.22.1, slf4j-version=1.7.5, env.Apple_PubSub_Socket_Render=/private/tmp/com.apple.launchd.pThrQ13B4b/Render, project.build.sourceEncoding=UTF-8, user.name=timwhelan, maven.build.version=Apache Maven 3.3.9 (bb52d8502b132ec0a5a3f4c09453c07478323dc5; 2015-11-10T18:41:47+02:00), env.USER=timwhelan, env.SHELL=/bin/bash, env.__CF_USER_TEXT_ENCODING=0x1F5:0x0:0x0, jetty-version=9.2.14.v20151106, env.PATH=/Users/timwhelan/apache-maven-3.3.9/bin:/usr/local/bin:/usr/bin:/bin:/usr/sbin:/sbin:/Library/Java/JavaVirtualMachines/jdk1.7.0_79.jdk/Contents/Home/bin:/usr/local/mysql-5.7.13-osx10.11-x86_64/bin, user.language=en, sun.boot.library.path=/Library/Java/JavaVirtualMachines/jdk1.7.0_79.jdk/Contents/Home/jre/lib, classworlds.conf=/Users/timwhelan/apache-maven-3.3.9/bin/m2.conf, env.XPC_FLAGS=0x0, env.LC_CTYPE=UTF-8, java.version=1.7.0_79, user.timezone=Africa/Johannesburg, sun.arch.data.model=64, swagger-version=1.5.9, http.nonProxyHosts=local|*.local|169.254/16|*.169.254/16, java.endorsed.dirs=/Library/Java/JavaVirtualMachines/jdk1.7.0_79.jdk/Contents/Home/jre/lib/endorsed, sun.cpu.isalist=, sun.jnu.encoding=UTF-8, file.encoding.pkg=sun.io, env.SHLVL=1, file.separator=/, java.specification.name=Java Platform API Specification, java.class.version=51.0, org.slf4j.simpleLogger.defaultLogLevel=debug, el-version=2.2.4, user.country=US, java.home=/Library/Java/JavaVirtualMachines/jdk1.7.0_79.jdk/Contents/Home/jre, java.vm.info=mixed mode, env.LOGNAME=timwhelan, env.JAVA_MAIN_CLASS_4384=org.codehaus.plexus.classworlds.launcher.Launcher, os.version=10.11.3, env.TERM_PROGRAM_VERSION=361.1, path.separator=:, hibernate-validator-version=5.2.2.Final, java.vm.version=24.79-b02, env.JAVA_HOME=/Library/Java/JavaVirtualMachines/jdk1.7.0_79.jdk/Contents/Home, java.awt.printerjob=sun.lwawt.macosx.CPrinterJob, env.TERM=xterm-256color, sun.io.unicode.encoding=UnicodeBig, awt.toolkit=sun.lwawt.macosx.LWCToolkit, socksNonProxyHosts=local|*.local|169.254/16|*.169.254/16, ftp.nonProxyHosts=local|*.local|169.254/16|*.169.254/16, user.home=/Users/timwhelan, env.OLDPWD=/Users/timwhelan/Documents/workspace/giftcard-service-test-pack, java.specification.vendor=Oracle Corporation, env.TERM_PROGRAM=Apple_Terminal, java.library.path=/Users/timwhelan/Library/Java/Extensions:/Library/Java/Extensions:/Network/Library/Java/Extensions:/System/Library/Java/Extensions:/usr/lib/java:., java.vendor.url=http://java.oracle.com/, env.MAVEN_CMD_LINE_ARGS= -e -X clean install, java.vm.vendor=Oracle Corporation, gopherProxySet=false, maven.home=/Users/timwhelan/apache-maven-3.3.9, java.runtime.name=Java(TM) SE Runtime Environment, sun.java.command=org.codehaus.plexus.classworlds.launcher.Launcher -e -X clean install, java.class.path=/Users/timwhelan/apache-maven-3.3.9/boot/plexus-classworlds-2.5.2.jar, env.TERM_SESSION_ID=06CF1B1E-F4DE-44AF-BFB5-921A70726031, maven.version=3.3.9, java.vm.specification.name=Java Virtual Machine Specification, java.vm.specification.version=1.7, sun.cpu.endian=little, sun.os.patch.level=unknown, logback-version=1.0.13, env.HOME=/Users/timwhelan, java.io.tmpdir=/var/folders/xt/bgqcr_6j5h732_8p0cqb6qqh0000gn/T/, java.vendor.url.bug=http://bugreport.sun.com/bugreport/, maven.multiModuleProjectDirectory=/Users/timwhelan/Documents/workspace/giftcard-service-test-pack, env.SSH_AUTH_SOCK=/private/tmp/com.apple.launchd.CiPPEsD5uW/Listeners, os.arch=x86_64, java.awt.graphicsenv=sun.awt.CGraphicsEnvironment, java.ext.dirs=/Users/timwhelan/Library/Java/Extensions:/Library/Java/JavaVirtualMachines/jdk1.7.0_79.jdk/Contents/Home/jre/lib/ext:/Library/Java/Extensions:/Network/Library/Java/Extensions:/System/Library/Java/Extensions:/usr/lib/java, user.dir=/Users/timwhelan/Documents/workspace/giftcard-service-test-pack, line.separator=
, giftcard-version=2.0.0, java.vm.name=Java HotSpot(TM) 64-Bit Server VM, file.encoding=UTF-8, giftcard-major-version=2, java.specification.version=1.7, joda-time-version=2.9.4, env.MAVEN_PROJECTBASEDIR=/Users/timwhelan/Documents/workspace/giftcard-service-test-pack}
[INFO] Using 'UTF-8' encoding to copy filtered resources.
[DEBUG] resource with targetPath null
directory /Users/timwhelan/Documents/workspace/giftcard-service-test-pack/src/test/resources
excludes []
includes []
[INFO] skip non existing resourceDirectory /Users/timwhelan/Documents/workspace/giftcard-service-test-pack/src/test/resources
[DEBUG] no use filter components
[INFO] 
[INFO] --- maven-compiler-plugin:3.1:testCompile (default-testCompile) @ giftcard-service-test-pack ---
[DEBUG] Configuring mojo org.apache.maven.plugins:maven-compiler-plugin:3.1:testCompile from plugin realm ClassRealm[plugin>org.apache.maven.plugins:maven-compiler-plugin:3.1, parent: sun.misc.Launcher$AppClassLoader@2f78743b]
[DEBUG] Configuring mojo 'org.apache.maven.plugins:maven-compiler-plugin:3.1:testCompile' with basic configurator -->
[DEBUG]   (f) basedir = /Users/timwhelan/Documents/workspace/giftcard-service-test-pack
[DEBUG]   (f) buildDirectory = /Users/timwhelan/Documents/workspace/giftcard-service-test-pack/target
[DEBUG]   (f) classpathElements = [/Users/timwhelan/Documents/workspace/giftcard-service-test-pack/target/test-classes, /Users/timwhelan/Documents/workspace/giftcard-service-test-pack/target/classes, /Users/timwhelan/.m2/repository/net/sourceforge/javacsv/javacsv/2.0/javacsv-2.0.jar, /Users/timwhelan/.m2/repository/joda-time/joda-time/2.9.4/joda-time-2.9.4.jar, /Users/timwhelan/.m2/repository/org/eclipse/jetty/jetty-server/9.2.14.v20151106/jetty-server-9.2.14.v20151106.jar, /Users/timwhelan/.m2/repository/javax/servlet/javax.servlet-api/3.1.0/javax.servlet-api-3.1.0.jar, /Users/timwhelan/.m2/repository/org/eclipse/jetty/jetty-http/9.2.14.v20151106/jetty-http-9.2.14.v20151106.jar, /Users/timwhelan/.m2/repository/org/eclipse/jetty/jetty-util/9.2.14.v20151106/jetty-util-9.2.14.v20151106.jar, /Users/timwhelan/.m2/repository/org/eclipse/jetty/jetty-io/9.2.14.v20151106/jetty-io-9.2.14.v20151106.jar, /Users/timwhelan/.m2/repository/org/glassfish/jersey/core/jersey-common/2.22.1/jersey-common-2.22.1.jar, /Users/timwhelan/.m2/repository/javax/ws/rs/javax.ws.rs-api/2.0.1/javax.ws.rs-api-2.0.1.jar, /Users/timwhelan/.m2/repository/javax/annotation/javax.annotation-api/1.2/javax.annotation-api-1.2.jar, /Users/timwhelan/.m2/repository/org/glassfish/jersey/bundles/repackaged/jersey-guava/2.22.1/jersey-guava-2.22.1.jar, /Users/timwhelan/.m2/repository/org/glassfish/hk2/hk2-api/2.4.0-b31/hk2-api-2.4.0-b31.jar, /Users/timwhelan/.m2/repository/org/glassfish/hk2/hk2-utils/2.4.0-b31/hk2-utils-2.4.0-b31.jar, /Users/timwhelan/.m2/repository/org/glassfish/hk2/external/aopalliance-repackaged/2.4.0-b31/aopalliance-repackaged-2.4.0-b31.jar, /Users/timwhelan/.m2/repository/org/glassfish/hk2/external/javax.inject/2.4.0-b31/javax.inject-2.4.0-b31.jar, /Users/timwhelan/.m2/repository/org/glassfish/hk2/hk2-locator/2.4.0-b31/hk2-locator-2.4.0-b31.jar, /Users/timwhelan/.m2/repository/org/javassist/javassist/3.18.1-GA/javassist-3.18.1-GA.jar, /Users/timwhelan/.m2/repository/org/glassfish/hk2/osgi-resource-locator/1.0.1/osgi-resource-locator-1.0.1.jar, /Users/timwhelan/.m2/repository/org/glassfish/jersey/media/jersey-media-json-jackson/2.22.1/jersey-media-json-jackson-2.22.1.jar, /Users/timwhelan/.m2/repository/org/glassfish/jersey/ext/jersey-entity-filtering/2.22.1/jersey-entity-filtering-2.22.1.jar, /Users/timwhelan/.m2/repository/com/fasterxml/jackson/jaxrs/jackson-jaxrs-base/2.5.4/jackson-jaxrs-base-2.5.4.jar, /Users/timwhelan/.m2/repository/com/fasterxml/jackson/core/jackson-core/2.5.4/jackson-core-2.5.4.jar, /Users/timwhelan/.m2/repository/com/fasterxml/jackson/core/jackson-databind/2.5.4/jackson-databind-2.5.4.jar, /Users/timwhelan/.m2/repository/com/fasterxml/jackson/jaxrs/jackson-jaxrs-json-provider/2.5.4/jackson-jaxrs-json-provider-2.5.4.jar, /Users/timwhelan/.m2/repository/com/fasterxml/jackson/module/jackson-module-jaxb-annotations/2.5.4/jackson-module-jaxb-annotations-2.5.4.jar, /Users/timwhelan/.m2/repository/com/fasterxml/jackson/core/jackson-annotations/2.5.4/jackson-annotations-2.5.4.jar, /Users/timwhelan/.m2/repository/org/hibernate/hibernate-validator/5.2.2.Final/hibernate-validator-5.2.2.Final.jar, /Users/timwhelan/.m2/repository/javax/validation/validation-api/1.1.0.Final/validation-api-1.1.0.Final.jar, /Users/timwhelan/.m2/repository/org/jboss/logging/jboss-logging/3.2.1.Final/jboss-logging-3.2.1.Final.jar, /Users/timwhelan/.m2/repository/com/fasterxml/classmate/1.1.0/classmate-1.1.0.jar, /Users/timwhelan/.m2/repository/javax/el/javax.el-api/2.2.4/javax.el-api-2.2.4.jar, /Users/timwhelan/.m2/repository/org/glassfish/web/javax.el/2.2.4/javax.el-2.2.4.jar, /Users/timwhelan/.m2/repository/org/slf4j/slf4j-api/1.7.5/slf4j-api-1.7.5.jar, /Users/timwhelan/.m2/repository/org/eclipse/jetty/jetty-webapp/9.2.14.v20151106/jetty-webapp-9.2.14.v20151106.jar, /Users/timwhelan/.m2/repository/org/eclipse/jetty/jetty-xml/9.2.14.v20151106/jetty-xml-9.2.14.v20151106.jar, /Users/timwhelan/.m2/repository/org/eclipse/jetty/jetty-servlet/9.2.14.v20151106/jetty-servlet-9.2.14.v20151106.jar, /Users/timwhelan/.m2/repository/org/eclipse/jetty/jetty-security/9.2.14.v20151106/jetty-security-9.2.14.v20151106.jar, /Users/timwhelan/.m2/repository/org/glassfish/jersey/containers/jersey-container-servlet/2.22.1/jersey-container-servlet-2.22.1.jar, /Users/timwhelan/.m2/repository/org/glassfish/jersey/containers/jersey-container-servlet-core/2.22.1/jersey-container-servlet-core-2.22.1.jar, /Users/timwhelan/.m2/repository/org/glassfish/jersey/core/jersey-client/2.22.1/jersey-client-2.22.1.jar, /Users/timwhelan/.m2/repository/org/glassfish/jersey/core/jersey-server/2.22.1/jersey-server-2.22.1.jar, /Users/timwhelan/.m2/repository/org/glassfish/jersey/media/jersey-media-jaxb/2.22.1/jersey-media-jaxb-2.22.1.jar, /Users/timwhelan/.m2/repository/io/electrum/giftcard-service-interface/2.0.0/giftcard-service-interface-2.0.0.jar, /Users/timwhelan/.m2/repository/io/electrum/service-interface-base/2.0.9/service-interface-base-2.0.9.jar, /Users/timwhelan/.m2/repository/io/swagger/swagger-hibernate-validations/1.5.9/swagger-hibernate-validations-1.5.9.jar, /Users/timwhelan/.m2/repository/ch/qos/logback/logback-classic/1.0.13/logback-classic-1.0.13.jar, /Users/timwhelan/.m2/repository/ch/qos/logback/logback-core/1.0.13/logback-core-1.0.13.jar, /Users/timwhelan/.m2/repository/io/swagger/swagger-jersey2-jaxrs/1.5.9/swagger-jersey2-jaxrs-1.5.9.jar, /Users/timwhelan/.m2/repository/io/swagger/swagger-jaxrs/1.5.9/swagger-jaxrs-1.5.9.jar, /Users/timwhelan/.m2/repository/com/fasterxml/jackson/dataformat/jackson-dataformat-yaml/2.4.5/jackson-dataformat-yaml-2.4.5.jar, /Users/timwhelan/.m2/repository/org/yaml/snakeyaml/1.12/snakeyaml-1.12.jar, /Users/timwhelan/.m2/repository/com/fasterxml/jackson/dataformat/jackson-dataformat-xml/2.4.5/jackson-dataformat-xml-2.4.5.jar, /Users/timwhelan/.m2/repository/org/codehaus/woodstox/stax2-api/3.1.4/stax2-api-3.1.4.jar, /Users/timwhelan/.m2/repository/io/swagger/swagger-core/1.5.9/swagger-core-1.5.9.jar, /Users/timwhelan/.m2/repository/org/apache/commons/commons-lang3/3.2.1/commons-lang3-3.2.1.jar, /Users/timwhelan/.m2/repository/com/fasterxml/jackson/datatype/jackson-datatype-joda/2.4.5/jackson-datatype-joda-2.4.5.jar, /Users/timwhelan/.m2/repository/io/swagger/swagger-models/1.5.9/swagger-models-1.5.9.jar, /Users/timwhelan/.m2/repository/io/swagger/swagger-annotations/1.5.9/swagger-annotations-1.5.9.jar, /Users/timwhelan/.m2/repository/org/reflections/reflections/0.9.10/reflections-0.9.10.jar, /Users/timwhelan/.m2/repository/com/google/code/findbugs/annotations/2.0.1/annotations-2.0.1.jar, /Users/timwhelan/.m2/repository/com/google/guava/guava/18.0/guava-18.0.jar, /Users/timwhelan/.m2/repository/org/glassfish/jersey/media/jersey-media-multipart/2.1/jersey-media-multipart-2.1.jar, /Users/timwhelan/.m2/repository/org/jvnet/mimepull/mimepull/1.8/mimepull-1.8.jar]
[DEBUG]   (f) compileSourceRoots = [/Users/timwhelan/Documents/workspace/giftcard-service-test-pack/src/test/java]
[DEBUG]   (f) compilerId = javac
[DEBUG]   (f) debug = true
[DEBUG]   (f) encoding = UTF-8
[DEBUG]   (f) failOnError = true
[DEBUG]   (f) forceJavacCompilerUse = false
[DEBUG]   (f) fork = false
[DEBUG]   (f) generatedTestSourcesDirectory = /Users/timwhelan/Documents/workspace/giftcard-service-test-pack/target/generated-test-sources/test-annotations
[DEBUG]   (f) mojoExecution = org.apache.maven.plugins:maven-compiler-plugin:3.1:testCompile {execution: default-testCompile}
[DEBUG]   (f) optimize = false
[DEBUG]   (f) outputDirectory = /Users/timwhelan/Documents/workspace/giftcard-service-test-pack/target/test-classes
[DEBUG]   (f) showDeprecation = false
[DEBUG]   (f) showWarnings = false
[DEBUG]   (f) skipMultiThreadWarning = false
[DEBUG]   (f) source = 1.7
[DEBUG]   (f) staleMillis = 0
[DEBUG]   (f) target = 1.7
[DEBUG]   (f) useIncrementalCompilation = true
[DEBUG]   (f) verbose = false
[DEBUG]   (f) mavenSession = org.apache.maven.execution.MavenSession@a820829
[DEBUG]   (f) session = org.apache.maven.execution.MavenSession@a820829
[DEBUG] -- end configuration --
[DEBUG] Using compiler 'javac'.
[INFO] No sources to compile
[INFO] 
[INFO] --- maven-surefire-plugin:2.12.4:test (default-test) @ giftcard-service-test-pack ---
[DEBUG] Dependency collection stats: {ConflictMarker.analyzeTime=0, ConflictMarker.markTime=1, ConflictMarker.nodeCount=132, ConflictIdSorter.graphTime=0, ConflictIdSorter.topsortTime=0, ConflictIdSorter.conflictIdCount=27, ConflictIdSorter.conflictIdCycleCount=0, ConflictResolver.totalTime=0, ConflictResolver.conflictItemCount=77, DefaultDependencyCollector.collectTime=22, DefaultDependencyCollector.transformTime=1}
[DEBUG] org.apache.maven.plugins:maven-surefire-plugin:jar:2.12.4:
[DEBUG]    org.apache.maven:maven-plugin-api:jar:2.0.9:compile
[DEBUG]    org.apache.maven.surefire:surefire-booter:jar:2.12.4:compile
[DEBUG]       org.apache.maven.surefire:surefire-api:jar:2.12.4:compile
[DEBUG]    org.apache.maven.surefire:maven-surefire-common:jar:2.12.4:compile
[DEBUG]       org.apache.commons:commons-lang3:jar:3.1:compile
[DEBUG]       org.apache.maven.shared:maven-common-artifact-filters:jar:1.3:compile
[DEBUG]    org.codehaus.plexus:plexus-utils:jar:3.0.8:compile
[DEBUG]    org.apache.maven:maven-artifact:jar:2.0.9:compile
[DEBUG]    org.apache.maven:maven-project:jar:2.0.9:compile
[DEBUG]       org.apache.maven:maven-settings:jar:2.0.9:compile
[DEBUG]       org.apache.maven:maven-profile:jar:2.0.9:compile
[DEBUG]       org.apache.maven:maven-model:jar:2.0.9:compile
[DEBUG]       org.apache.maven:maven-artifact-manager:jar:2.0.9:compile
[DEBUG]       org.apache.maven:maven-plugin-registry:jar:2.0.9:compile
[DEBUG]       org.codehaus.plexus:plexus-container-default:jar:1.0-alpha-9-stable-1:compile
[DEBUG]          junit:junit:jar:3.8.1:test
[DEBUG]    org.apache.maven:maven-core:jar:2.0.9:compile
[DEBUG]       org.apache.maven:maven-plugin-parameter-documenter:jar:2.0.9:compile
[DEBUG]       org.apache.maven.reporting:maven-reporting-api:jar:2.0.9:compile
[DEBUG]       org.apache.maven:maven-repository-metadata:jar:2.0.9:compile
[DEBUG]       org.apache.maven:maven-error-diagnostics:jar:2.0.9:compile
[DEBUG]       org.apache.maven:maven-plugin-descriptor:jar:2.0.9:compile
[DEBUG]       org.apache.maven:maven-monitor:jar:2.0.9:compile
[DEBUG]       classworlds:classworlds:jar:1.1:compile
[DEBUG]    org.apache.maven:maven-toolchain:jar:2.0.9:compile
[DEBUG]    org.apache.maven.plugin-tools:maven-plugin-annotations:jar:3.1:compile
[DEBUG] Created new class realm plugin>org.apache.maven.plugins:maven-surefire-plugin:2.12.4
[DEBUG] Importing foreign packages into class realm plugin>org.apache.maven.plugins:maven-surefire-plugin:2.12.4
[DEBUG]   Imported:  < maven.api
[DEBUG] Populating class realm plugin>org.apache.maven.plugins:maven-surefire-plugin:2.12.4
[DEBUG]   Included: org.apache.maven.plugins:maven-surefire-plugin:jar:2.12.4
[DEBUG]   Included: org.apache.maven.surefire:surefire-booter:jar:2.12.4
[DEBUG]   Included: org.apache.maven.surefire:surefire-api:jar:2.12.4
[DEBUG]   Included: org.apache.maven.surefire:maven-surefire-common:jar:2.12.4
[DEBUG]   Included: org.apache.commons:commons-lang3:jar:3.1
[DEBUG]   Included: org.apache.maven.shared:maven-common-artifact-filters:jar:1.3
[DEBUG]   Included: org.codehaus.plexus:plexus-utils:jar:3.0.8
[DEBUG]   Included: org.apache.maven.reporting:maven-reporting-api:jar:2.0.9
[DEBUG]   Included: org.apache.maven.plugin-tools:maven-plugin-annotations:jar:3.1
[DEBUG] Configuring mojo org.apache.maven.plugins:maven-surefire-plugin:2.12.4:test from plugin realm ClassRealm[plugin>org.apache.maven.plugins:maven-surefire-plugin:2.12.4, parent: sun.misc.Launcher$AppClassLoader@2f78743b]
[DEBUG] Configuring mojo 'org.apache.maven.plugins:maven-surefire-plugin:2.12.4:test' with basic configurator -->
[DEBUG]   (s) basedir = /Users/timwhelan/Documents/workspace/giftcard-service-test-pack
[DEBUG]   (s) childDelegation = false
[DEBUG]   (s) classesDirectory = /Users/timwhelan/Documents/workspace/giftcard-service-test-pack/target/classes
[DEBUG]   (s) disableXmlReport = false
[DEBUG]   (s) enableAssertions = true
[DEBUG]   (s) forkMode = once
[DEBUG]   (s) junitArtifactName = junit:junit
[DEBUG]   (s) localRepository =       id: local
      url: file:///Users/timwhelan/.m2/repository/
   layout: default
snapshots: [enabled => true, update => always]
 releases: [enabled => true, update => always]

[DEBUG]   (f) parallelMavenExecution = false
[DEBUG]   (s) perCoreThreadCount = true
[DEBUG]   (s) pluginArtifactMap = {org.apache.maven.plugins:maven-surefire-plugin=org.apache.maven.plugins:maven-surefire-plugin:maven-plugin:2.12.4:, org.apache.maven:maven-plugin-api=org.apache.maven:maven-plugin-api:jar:2.0.9:compile, org.apache.maven.surefire:surefire-booter=org.apache.maven.surefire:surefire-booter:jar:2.12.4:compile, org.apache.maven.surefire:surefire-api=org.apache.maven.surefire:surefire-api:jar:2.12.4:compile, org.apache.maven.surefire:maven-surefire-common=org.apache.maven.surefire:maven-surefire-common:jar:2.12.4:compile, org.apache.commons:commons-lang3=org.apache.commons:commons-lang3:jar:3.1:compile, org.apache.maven.shared:maven-common-artifact-filters=org.apache.maven.shared:maven-common-artifact-filters:jar:1.3:compile, org.codehaus.plexus:plexus-utils=org.codehaus.plexus:plexus-utils:jar:3.0.8:compile, org.apache.maven:maven-artifact=org.apache.maven:maven-artifact:jar:2.0.9:compile, org.apache.maven:maven-project=org.apache.maven:maven-project:jar:2.0.9:compile, org.apache.maven:maven-settings=org.apache.maven:maven-settings:jar:2.0.9:compile, org.apache.maven:maven-profile=org.apache.maven:maven-profile:jar:2.0.9:compile, org.apache.maven:maven-model=org.apache.maven:maven-model:jar:2.0.9:compile, org.apache.maven:maven-artifact-manager=org.apache.maven:maven-artifact-manager:jar:2.0.9:compile, org.apache.maven:maven-plugin-registry=org.apache.maven:maven-plugin-registry:jar:2.0.9:compile, org.codehaus.plexus:plexus-container-default=org.codehaus.plexus:plexus-container-default:jar:1.0-alpha-9-stable-1:compile, org.apache.maven:maven-core=org.apache.maven:maven-core:jar:2.0.9:compile, org.apache.maven:maven-plugin-parameter-documenter=org.apache.maven:maven-plugin-parameter-documenter:jar:2.0.9:compile, org.apache.maven.reporting:maven-reporting-api=org.apache.maven.reporting:maven-reporting-api:jar:2.0.9:compile, org.apache.maven:maven-repository-metadata=org.apache.maven:maven-repository-metadata:jar:2.0.9:compile, org.apache.maven:maven-error-diagnostics=org.apache.maven:maven-error-diagnostics:jar:2.0.9:compile, org.apache.maven:maven-plugin-descriptor=org.apache.maven:maven-plugin-descriptor:jar:2.0.9:compile, org.apache.maven:maven-monitor=org.apache.maven:maven-monitor:jar:2.0.9:compile, classworlds:classworlds=classworlds:classworlds:jar:1.1:compile, org.apache.maven:maven-toolchain=org.apache.maven:maven-toolchain:jar:2.0.9:compile, org.apache.maven.plugin-tools:maven-plugin-annotations=org.apache.maven.plugin-tools:maven-plugin-annotations:jar:3.1:compile}
[DEBUG]   (f) pluginDescriptor = Component Descriptor: role: 'org.apache.maven.plugin.Mojo', implementation: 'org.apache.maven.plugin.surefire.HelpMojo', role hint: 'org.apache.maven.plugins:maven-surefire-plugin:2.12.4:help'
role: 'org.apache.maven.plugin.Mojo', implementation: 'org.apache.maven.plugin.surefire.SurefirePlugin', role hint: 'org.apache.maven.plugins:maven-surefire-plugin:2.12.4:test'
---
[DEBUG]   (s) printSummary = true
[DEBUG]   (s) projectArtifactMap = {net.sourceforge.javacsv:javacsv=net.sourceforge.javacsv:javacsv:jar:2.0:compile, joda-time:joda-time=joda-time:joda-time:jar:2.9.4:compile, org.eclipse.jetty:jetty-server=org.eclipse.jetty:jetty-server:jar:9.2.14.v20151106:compile, javax.servlet:javax.servlet-api=javax.servlet:javax.servlet-api:jar:3.1.0:compile, org.eclipse.jetty:jetty-http=org.eclipse.jetty:jetty-http:jar:9.2.14.v20151106:compile, org.eclipse.jetty:jetty-util=org.eclipse.jetty:jetty-util:jar:9.2.14.v20151106:compile, org.eclipse.jetty:jetty-io=org.eclipse.jetty:jetty-io:jar:9.2.14.v20151106:compile, org.glassfish.jersey.core:jersey-common=org.glassfish.jersey.core:jersey-common:jar:2.22.1:compile, javax.ws.rs:javax.ws.rs-api=javax.ws.rs:javax.ws.rs-api:jar:2.0.1:compile, javax.annotation:javax.annotation-api=javax.annotation:javax.annotation-api:jar:1.2:compile, org.glassfish.jersey.bundles.repackaged:jersey-guava=org.glassfish.jersey.bundles.repackaged:jersey-guava:jar:2.22.1:compile, org.glassfish.hk2:hk2-api=org.glassfish.hk2:hk2-api:jar:2.4.0-b31:compile, org.glassfish.hk2:hk2-utils=org.glassfish.hk2:hk2-utils:jar:2.4.0-b31:compile, org.glassfish.hk2.external:aopalliance-repackaged=org.glassfish.hk2.external:aopalliance-repackaged:jar:2.4.0-b31:compile, org.glassfish.hk2.external:javax.inject=org.glassfish.hk2.external:javax.inject:jar:2.4.0-b31:compile, org.glassfish.hk2:hk2-locator=org.glassfish.hk2:hk2-locator:jar:2.4.0-b31:compile, org.javassist:javassist=org.javassist:javassist:jar:3.18.1-GA:compile, org.glassfish.hk2:osgi-resource-locator=org.glassfish.hk2:osgi-resource-locator:jar:1.0.1:compile, org.glassfish.jersey.media:jersey-media-json-jackson=org.glassfish.jersey.media:jersey-media-json-jackson:jar:2.22.1:compile, org.glassfish.jersey.ext:jersey-entity-filtering=org.glassfish.jersey.ext:jersey-entity-filtering:jar:2.22.1:compile, com.fasterxml.jackson.jaxrs:jackson-jaxrs-base=com.fasterxml.jackson.jaxrs:jackson-jaxrs-base:jar:2.5.4:compile, com.fasterxml.jackson.core:jackson-core=com.fasterxml.jackson.core:jackson-core:jar:2.5.4:compile, com.fasterxml.jackson.core:jackson-databind=com.fasterxml.jackson.core:jackson-databind:jar:2.5.4:compile, com.fasterxml.jackson.jaxrs:jackson-jaxrs-json-provider=com.fasterxml.jackson.jaxrs:jackson-jaxrs-json-provider:jar:2.5.4:compile, com.fasterxml.jackson.module:jackson-module-jaxb-annotations=com.fasterxml.jackson.module:jackson-module-jaxb-annotations:jar:2.5.4:compile, com.fasterxml.jackson.core:jackson-annotations=com.fasterxml.jackson.core:jackson-annotations:jar:2.5.4:compile, org.hibernate:hibernate-validator=org.hibernate:hibernate-validator:jar:5.2.2.Final:compile, javax.validation:validation-api=javax.validation:validation-api:jar:1.1.0.Final:compile, org.jboss.logging:jboss-logging=org.jboss.logging:jboss-logging:jar:3.2.1.Final:compile, com.fasterxml:classmate=com.fasterxml:classmate:jar:1.1.0:compile, javax.el:javax.el-api=javax.el:javax.el-api:jar:2.2.4:compile, org.glassfish.web:javax.el=org.glassfish.web:javax.el:jar:2.2.4:compile, org.slf4j:slf4j-api=org.slf4j:slf4j-api:jar:1.7.5:compile, org.eclipse.jetty:jetty-webapp=org.eclipse.jetty:jetty-webapp:jar:9.2.14.v20151106:compile, org.eclipse.jetty:jetty-xml=org.eclipse.jetty:jetty-xml:jar:9.2.14.v20151106:compile, org.eclipse.jetty:jetty-servlet=org.eclipse.jetty:jetty-servlet:jar:9.2.14.v20151106:compile, org.eclipse.jetty:jetty-security=org.eclipse.jetty:jetty-security:jar:9.2.14.v20151106:compile, org.glassfish.jersey.containers:jersey-container-servlet=org.glassfish.jersey.containers:jersey-container-servlet:jar:2.22.1:compile, org.glassfish.jersey.containers:jersey-container-servlet-core=org.glassfish.jersey.containers:jersey-container-servlet-core:jar:2.22.1:compile, org.glassfish.jersey.core:jersey-client=org.glassfish.jersey.core:jersey-client:jar:2.22.1:compile, org.glassfish.jersey.core:jersey-server=org.glassfish.jersey.core:jersey-server:jar:2.22.1:compile, org.glassfish.jersey.media:jersey-media-jaxb=org.glassfish.jersey.media:jersey-media-jaxb:jar:2.22.1:compile, io.electrum:giftcard-service-interface=io.electrum:giftcard-service-interface:jar:2.0.0:compile, io.electrum:service-interface-base=io.electrum:service-interface-base:jar:2.0.9:compile, io.swagger:swagger-hibernate-validations=io.swagger:swagger-hibernate-validations:jar:1.5.9:compile, ch.qos.logback:logback-classic=ch.qos.logback:logback-classic:jar:1.0.13:compile, ch.qos.logback:logback-core=ch.qos.logback:logback-core:jar:1.0.13:compile, io.swagger:swagger-jersey2-jaxrs=io.swagger:swagger-jersey2-jaxrs:jar:1.5.9:compile, io.swagger:swagger-jaxrs=io.swagger:swagger-jaxrs:jar:1.5.9:compile, com.fasterxml.jackson.dataformat:jackson-dataformat-yaml=com.fasterxml.jackson.dataformat:jackson-dataformat-yaml:jar:2.4.5:compile, org.yaml:snakeyaml=org.yaml:snakeyaml:jar:1.12:compile, com.fasterxml.jackson.dataformat:jackson-dataformat-xml=com.fasterxml.jackson.dataformat:jackson-dataformat-xml:jar:2.4.5:compile, org.codehaus.woodstox:stax2-api=org.codehaus.woodstox:stax2-api:jar:3.1.4:compile, io.swagger:swagger-core=io.swagger:swagger-core:jar:1.5.9:compile, org.apache.commons:commons-lang3=org.apache.commons:commons-lang3:jar:3.2.1:compile, com.fasterxml.jackson.datatype:jackson-datatype-joda=com.fasterxml.jackson.datatype:jackson-datatype-joda:jar:2.4.5:compile, io.swagger:swagger-models=io.swagger:swagger-models:jar:1.5.9:compile, io.swagger:swagger-annotations=io.swagger:swagger-annotations:jar:1.5.9:compile, org.reflections:reflections=org.reflections:reflections:jar:0.9.10:compile, com.google.code.findbugs:annotations=com.google.code.findbugs:annotations:jar:2.0.1:compile, com.google.guava:guava=com.google.guava:guava:jar:18.0:compile, org.glassfish.jersey.media:jersey-media-multipart=org.glassfish.jersey.media:jersey-media-multipart:jar:2.1:compile, org.jvnet.mimepull:mimepull=org.jvnet.mimepull:mimepull:jar:1.8:compile}
[DEBUG]   (s) redirectTestOutputToFile = false
[DEBUG]   (s) remoteRepositories = [      id: central
      url: https://electrum.artifactoryonline.com/electrum/plugins-release
   layout: default
snapshots: [enabled => false, update => daily]
 releases: [enabled => true, update => daily]
,       id: snapshots
      url: https://electrum.artifactoryonline.com/electrum/plugins-snapshot
   layout: default
snapshots: [enabled => true, update => daily]
 releases: [enabled => true, update => daily]
]
[DEBUG]   (s) reportFormat = brief
[DEBUG]   (s) reportsDirectory = /Users/timwhelan/Documents/workspace/giftcard-service-test-pack/target/surefire-reports
[DEBUG]   (s) runOrder = filesystem
[DEBUG]   (s) skip = false
[DEBUG]   (s) skipTests = false
[DEBUG]   (s) testClassesDirectory = /Users/timwhelan/Documents/workspace/giftcard-service-test-pack/target/test-classes
[DEBUG]   (s) testFailureIgnore = false
[DEBUG]   (s) testNGArtifactName = org.testng:testng
[DEBUG]   (s) testSourceDirectory = /Users/timwhelan/Documents/workspace/giftcard-service-test-pack/src/test/java
[DEBUG]   (s) trimStackTrace = true
[DEBUG]   (s) useFile = true
[DEBUG]   (s) useManifestOnlyJar = true
[DEBUG]   (s) useSystemClassLoader = true
[DEBUG]   (s) useUnlimitedThreads = false
[DEBUG]   (s) workingDirectory = /Users/timwhelan/Documents/workspace/giftcard-service-test-pack
[DEBUG]   (s) project = MavenProject: io.electrum:giftcard-service-test-pack:1.0.0 @ /Users/timwhelan/Documents/workspace/giftcard-service-test-pack/pom.xml
[DEBUG]   (s) session = org.apache.maven.execution.MavenSession@a820829
[DEBUG] -- end configuration --
[INFO] No tests to run.
[INFO] 
[INFO] --- maven-jar-plugin:2.4:jar (default-jar) @ giftcard-service-test-pack ---
[DEBUG] Dependency collection stats: {ConflictMarker.analyzeTime=1, ConflictMarker.markTime=0, ConflictMarker.nodeCount=74, ConflictIdSorter.graphTime=0, ConflictIdSorter.topsortTime=0, ConflictIdSorter.conflictIdCount=28, ConflictIdSorter.conflictIdCycleCount=0, ConflictResolver.totalTime=0, ConflictResolver.conflictItemCount=70, DefaultDependencyCollector.collectTime=15, DefaultDependencyCollector.transformTime=2}
[DEBUG] org.apache.maven.plugins:maven-jar-plugin:jar:2.4:
[DEBUG]    org.apache.maven:maven-plugin-api:jar:2.0.6:compile
[DEBUG]    org.apache.maven:maven-project:jar:2.0.6:compile
[DEBUG]       org.apache.maven:maven-settings:jar:2.0.6:compile
[DEBUG]       org.apache.maven:maven-profile:jar:2.0.6:compile
[DEBUG]       org.apache.maven:maven-artifact-manager:jar:2.0.6:compile
[DEBUG]          org.apache.maven:maven-repository-metadata:jar:2.0.6:compile
[DEBUG]       org.apache.maven:maven-plugin-registry:jar:2.0.6:compile
[DEBUG]       org.codehaus.plexus:plexus-container-default:jar:1.0-alpha-9-stable-1:compile
[DEBUG]          junit:junit:jar:3.8.1:compile
[DEBUG]          classworlds:classworlds:jar:1.1-alpha-2:compile
[DEBUG]    org.apache.maven:maven-model:jar:2.0.6:runtime
[DEBUG]    org.apache.maven:maven-artifact:jar:2.0.6:compile
[DEBUG]    org.apache.maven:maven-archiver:jar:2.5:compile
[DEBUG]       org.apache.maven:maven-core:jar:2.0.6:compile
[DEBUG]          org.apache.maven:maven-plugin-parameter-documenter:jar:2.0.6:compile
[DEBUG]          org.apache.maven.reporting:maven-reporting-api:jar:2.0.6:compile
[DEBUG]             org.apache.maven.doxia:doxia-sink-api:jar:1.0-alpha-7:compile
[DEBUG]          org.apache.maven:maven-error-diagnostics:jar:2.0.6:compile
[DEBUG]          commons-cli:commons-cli:jar:1.0:compile
[DEBUG]          org.apache.maven:maven-plugin-descriptor:jar:2.0.6:compile
[DEBUG]          org.codehaus.plexus:plexus-interactivity-api:jar:1.0-alpha-4:compile
[DEBUG]          org.apache.maven:maven-monitor:jar:2.0.6:compile
[DEBUG]       org.codehaus.plexus:plexus-interpolation:jar:1.15:compile
[DEBUG]    org.codehaus.plexus:plexus-archiver:jar:2.1:compile
[DEBUG]       org.codehaus.plexus:plexus-io:jar:2.0.2:compile
[DEBUG]    commons-lang:commons-lang:jar:2.1:compile
[DEBUG]    org.codehaus.plexus:plexus-utils:jar:3.0:compile
[DEBUG] Created new class realm plugin>org.apache.maven.plugins:maven-jar-plugin:2.4
[DEBUG] Importing foreign packages into class realm plugin>org.apache.maven.plugins:maven-jar-plugin:2.4
[DEBUG]   Imported:  < maven.api
[DEBUG] Populating class realm plugin>org.apache.maven.plugins:maven-jar-plugin:2.4
[DEBUG]   Included: org.apache.maven.plugins:maven-jar-plugin:jar:2.4
[DEBUG]   Included: junit:junit:jar:3.8.1
[DEBUG]   Included: org.apache.maven:maven-archiver:jar:2.5
[DEBUG]   Included: org.apache.maven.reporting:maven-reporting-api:jar:2.0.6
[DEBUG]   Included: org.apache.maven.doxia:doxia-sink-api:jar:1.0-alpha-7
[DEBUG]   Included: commons-cli:commons-cli:jar:1.0
[DEBUG]   Included: org.codehaus.plexus:plexus-interactivity-api:jar:1.0-alpha-4
[DEBUG]   Included: org.codehaus.plexus:plexus-interpolation:jar:1.15
[DEBUG]   Included: org.codehaus.plexus:plexus-archiver:jar:2.1
[DEBUG]   Included: org.codehaus.plexus:plexus-io:jar:2.0.2
[DEBUG]   Included: commons-lang:commons-lang:jar:2.1
[DEBUG]   Included: org.codehaus.plexus:plexus-utils:jar:3.0
[DEBUG] Configuring mojo org.apache.maven.plugins:maven-jar-plugin:2.4:jar from plugin realm ClassRealm[plugin>org.apache.maven.plugins:maven-jar-plugin:2.4, parent: sun.misc.Launcher$AppClassLoader@2f78743b]
[DEBUG] Configuring mojo 'org.apache.maven.plugins:maven-jar-plugin:2.4:jar' with basic configurator -->
[DEBUG]   (f) classesDirectory = /Users/timwhelan/Documents/workspace/giftcard-service-test-pack/target/classes
[DEBUG]   (f) defaultManifestFile = /Users/timwhelan/Documents/workspace/giftcard-service-test-pack/target/classes/META-INF/MANIFEST.MF
[DEBUG]   (f) finalName = giftcard-service-test-pack-1.0.0
[DEBUG]   (f) forceCreation = false
[DEBUG]   (f) outputDirectory = /Users/timwhelan/Documents/workspace/giftcard-service-test-pack/target
[DEBUG]   (f) project = MavenProject: io.electrum:giftcard-service-test-pack:1.0.0 @ /Users/timwhelan/Documents/workspace/giftcard-service-test-pack/pom.xml
[DEBUG]   (f) session = org.apache.maven.execution.MavenSession@a820829
[DEBUG]   (f) skipIfEmpty = false
[DEBUG]   (f) useDefaultManifestFile = false
[DEBUG] -- end configuration --
[DEBUG] isUp2date: false (Destination /Users/timwhelan/Documents/workspace/giftcard-service-test-pack/target/giftcard-service-test-pack-1.0.0.jar not found.)
[INFO] Building jar: /Users/timwhelan/Documents/workspace/giftcard-service-test-pack/target/giftcard-service-test-pack-1.0.0.jar
[DEBUG] adding directory META-INF/
[DEBUG] adding entry META-INF/MANIFEST.MF
[DEBUG] adding directory handlebars-templates/
[DEBUG] adding directory hugo/
[DEBUG] adding directory hugo/site/
[DEBUG] adding directory hugo/site/content/
[DEBUG] adding directory hugo/site/content/testing/
[DEBUG] adding directory hugo/site/static/
[DEBUG] adding directory hugo/site/static/images/
[DEBUG] adding directory hugo/site/themes/
[DEBUG] adding directory hugo/site/themes/hugo-material-docs/
[DEBUG] adding directory hugo/site/themes/hugo-material-docs/archetypes/
[DEBUG] adding directory hugo/site/themes/hugo-material-docs/layouts/
[DEBUG] adding directory hugo/site/themes/hugo-material-docs/layouts/_default/
[DEBUG] adding directory hugo/site/themes/hugo-material-docs/layouts/partials/
[DEBUG] adding directory hugo/site/themes/hugo-material-docs/layouts/shortcodes/
[DEBUG] adding directory hugo/site/themes/hugo-material-docs/static/
[DEBUG] adding directory hugo/site/themes/hugo-material-docs/static/fonts/
[DEBUG] adding directory hugo/site/themes/hugo-material-docs/static/javascripts/
[DEBUG] adding directory hugo/site/themes/hugo-material-docs/static/stylesheets/
[DEBUG] adding directory hugo/site/themes/hugo-material-docs/static/stylesheets/highlight/
[DEBUG] adding directory io/
[DEBUG] adding directory io/electrum/
[DEBUG] adding directory io/electrum/giftcard/
[DEBUG] adding directory io/electrum/giftcard/handler/
[DEBUG] adding directory io/electrum/giftcard/server/
[DEBUG] adding directory io/electrum/giftcard/server/api/
[DEBUG] adding directory io/electrum/giftcard/server/api/model/
[DEBUG] adding directory io/electrum/giftcard/server/api/resource/
[DEBUG] adding directory io/electrum/giftcard/server/api/resource/impl/
[DEBUG] adding directory io/electrum/giftcard/server/backend/
[DEBUG] adding directory io/electrum/giftcard/server/backend/db/
[DEBUG] adding directory io/electrum/giftcard/server/backend/records/
[DEBUG] adding directory io/electrum/giftcard/server/backend/tables/
[DEBUG] adding directory io/electrum/giftcard/server/util/
[DEBUG] adding entry cards.csv
[DEBUG] adding entry config.properties
[DEBUG] adding entry Dockerfile
[DEBUG] adding entry handlebars-templates/operation.hbs
[DEBUG] adding entry handlebars-templates/security.hbs
[DEBUG] adding entry handlebars-templates/swaggerfile.hbs
[DEBUG] adding entry heroku_run.sh
[DEBUG] adding entry hugo/hugoBuild.sh
[DEBUG] adding entry hugo/hugoPreProcessing.sh
[DEBUG] adding entry hugo/run.sh
[DEBUG] adding entry hugo/site/config.toml
[DEBUG] adding entry hugo/site/content/testing/index.md
[DEBUG] adding entry hugo/site/content/testing/test_server.md
[DEBUG] adding entry hugo/site/static/images/favicon.ico
[DEBUG] adding entry hugo/site/static/images/logo-small-white.png
[DEBUG] adding entry hugo/site/static/images/logo-small.png
[DEBUG] adding entry hugo/site/static/images/logo-square.png
[DEBUG] adding entry hugo/site/themes/hugo-material-docs/archetypes/default.md
[DEBUG] adding entry hugo/site/themes/hugo-material-docs/CHANGELOG.md
[DEBUG] adding entry hugo/site/themes/hugo-material-docs/layouts/404.html
[DEBUG] adding entry hugo/site/themes/hugo-material-docs/layouts/_default/list.html
[DEBUG] adding entry hugo/site/themes/hugo-material-docs/layouts/_default/single.html
[DEBUG] adding entry hugo/site/themes/hugo-material-docs/layouts/index.html
[DEBUG] adding entry hugo/site/themes/hugo-material-docs/layouts/partials/drawer.html
[DEBUG] adding entry hugo/site/themes/hugo-material-docs/layouts/partials/footer.html
[DEBUG] adding entry hugo/site/themes/hugo-material-docs/layouts/partials/footer_js.html
[DEBUG] adding entry hugo/site/themes/hugo-material-docs/layouts/partials/head.html
[DEBUG] adding entry hugo/site/themes/hugo-material-docs/layouts/partials/header.html
[DEBUG] adding entry hugo/site/themes/hugo-material-docs/layouts/partials/nav.html
[DEBUG] adding entry hugo/site/themes/hugo-material-docs/layouts/partials/nav_link.html
[DEBUG] adding entry hugo/site/themes/hugo-material-docs/layouts/shortcodes/note.html
[DEBUG] adding entry hugo/site/themes/hugo-material-docs/layouts/shortcodes/warning.html
[DEBUG] adding entry hugo/site/themes/hugo-material-docs/LICENSE.md
[DEBUG] adding entry hugo/site/themes/hugo-material-docs/README.md
[DEBUG] adding entry hugo/site/themes/hugo-material-docs/static/fonts/icon.eot
[DEBUG] adding entry hugo/site/themes/hugo-material-docs/static/fonts/icon.svg
[DEBUG] adding entry hugo/site/themes/hugo-material-docs/static/fonts/icon.ttf
[DEBUG] adding entry hugo/site/themes/hugo-material-docs/static/fonts/icon.woff
[DEBUG] adding entry hugo/site/themes/hugo-material-docs/static/javascripts/application.js
[DEBUG] adding entry hugo/site/themes/hugo-material-docs/static/javascripts/modernizr.js
[DEBUG] adding entry hugo/site/themes/hugo-material-docs/static/stylesheets/application.css
[DEBUG] adding entry hugo/site/themes/hugo-material-docs/static/stylesheets/highlight/highlight.css
[DEBUG] adding entry hugo/site/themes/hugo-material-docs/static/stylesheets/palettes.css
[DEBUG] adding entry hugo/site/themes/hugo-material-docs/theme.toml
[DEBUG] adding entry hugo/swagger-template.md
[DEBUG] adding entry io/electrum/giftcard/handler/ActivationHandler$1.class
[DEBUG] adding entry io/electrum/giftcard/handler/ActivationHandler.class
[DEBUG] adding entry io/electrum/giftcard/handler/ConfirmActivationHandler.class
[DEBUG] adding entry io/electrum/giftcard/handler/ConfirmLoadHandler.class
[DEBUG] adding entry io/electrum/giftcard/handler/ConfirmRedemptionHandler.class
[DEBUG] adding entry io/electrum/giftcard/handler/ConfirmVoidHandler.class
[DEBUG] adding entry io/electrum/giftcard/handler/DataHandler.class
[DEBUG] adding entry io/electrum/giftcard/handler/GiftcardMessageHandlerFactory.class
[DEBUG] adding entry io/electrum/giftcard/handler/LoadHandler$1.class
[DEBUG] adding entry io/electrum/giftcard/handler/LoadHandler.class
[DEBUG] adding entry io/electrum/giftcard/handler/LookupGiftcardHandler.class
[DEBUG] adding entry io/electrum/giftcard/handler/RedemptionHandler$1.class
[DEBUG] adding entry io/electrum/giftcard/handler/RedemptionHandler.class
[DEBUG] adding entry io/electrum/giftcard/handler/ResetHandler.class
[DEBUG] adding entry io/electrum/giftcard/handler/ReverseActivationHandler$1.class
[DEBUG] adding entry io/electrum/giftcard/handler/ReverseActivationHandler.class
[DEBUG] adding entry io/electrum/giftcard/handler/ReverseLoadHandler$1.class
[DEBUG] adding entry io/electrum/giftcard/handler/ReverseLoadHandler.class
[DEBUG] adding entry io/electrum/giftcard/handler/ReverseRedemptionHandler$1.class
[DEBUG] adding entry io/electrum/giftcard/handler/ReverseRedemptionHandler.class
[DEBUG] adding entry io/electrum/giftcard/handler/ReverseVoidHandler$1.class
[DEBUG] adding entry io/electrum/giftcard/handler/ReverseVoidHandler.class
[DEBUG] adding entry io/electrum/giftcard/handler/VoidHandler$1.class
[DEBUG] adding entry io/electrum/giftcard/handler/VoidHandler.class
[DEBUG] adding entry io/electrum/giftcard/server/api/model/CardData.class
[DEBUG] adding entry io/electrum/giftcard/server/api/model/DataResponse.class
[DEBUG] adding entry io/electrum/giftcard/server/api/model/DetailMessage.class
[DEBUG] adding entry io/electrum/giftcard/server/api/model/FormatError.class
[DEBUG] adding entry io/electrum/giftcard/server/api/model/ProductData.class
[DEBUG] adding entry io/electrum/giftcard/server/api/model/ResetRequest$Acknowledgments.class
[DEBUG] adding entry io/electrum/giftcard/server/api/model/ResetRequest$Declarations.class
[DEBUG] adding entry io/electrum/giftcard/server/api/model/ResetRequest.class
[DEBUG] adding entry io/electrum/giftcard/server/api/model/ResetResponse$Outcomes.class
[DEBUG] adding entry io/electrum/giftcard/server/api/model/ResetResponse.class
[DEBUG] adding entry io/electrum/giftcard/server/api/resource/impl/ActivationsResourceImpl.class
[DEBUG] adding entry io/electrum/giftcard/server/api/resource/impl/GiftcardTestServer$MyObjectMapperProvider.class
[DEBUG] adding entry io/electrum/giftcard/server/api/resource/impl/GiftcardTestServer.class
[DEBUG] adding entry io/electrum/giftcard/server/api/resource/impl/LoadsResourceImpl.class
[DEBUG] adding entry io/electrum/giftcard/server/api/resource/impl/LookupGiftcardResourceImpl.class
[DEBUG] adding entry io/electrum/giftcard/server/api/resource/impl/RedemptionsResourceImpl.class
[DEBUG] adding entry io/electrum/giftcard/server/api/resource/impl/TestServerAdminResourceImpl.class
[DEBUG] adding entry io/electrum/giftcard/server/api/resource/impl/VoidsResourceImpl.class
[DEBUG] adding entry io/electrum/giftcard/server/backend/CardLoader.class
[DEBUG] adding entry io/electrum/giftcard/server/backend/db/MockGiftcardDb.class
[DEBUG] adding entry io/electrum/giftcard/server/backend/GiftcardBackend.class
[DEBUG] adding entry io/electrum/giftcard/server/backend/ProductLoader.class
[DEBUG] adding entry io/electrum/giftcard/server/backend/records/ActivationConfirmationRecord.class
[DEBUG] adding entry io/electrum/giftcard/server/backend/records/ActivationRecord.class
[DEBUG] adding entry io/electrum/giftcard/server/backend/records/ActivationReversalRecord.class
[DEBUG] adding entry io/electrum/giftcard/server/backend/records/CardRecord$Status.class
[DEBUG] adding entry io/electrum/giftcard/server/backend/records/CardRecord.class
[DEBUG] adding entry io/electrum/giftcard/server/backend/records/GiftcardRecord.class
[DEBUG] adding entry io/electrum/giftcard/server/backend/records/LoadConfirmationRecord.class
[DEBUG] adding entry io/electrum/giftcard/server/backend/records/LoadRecord.class
[DEBUG] adding entry io/electrum/giftcard/server/backend/records/LoadReversalRecord.class
[DEBUG] adding entry io/electrum/giftcard/server/backend/records/LookupRecord.class
[DEBUG] adding entry io/electrum/giftcard/server/backend/records/ProductRecord.class
[DEBUG] adding entry io/electrum/giftcard/server/backend/records/RedemptionConfirmationRecord.class
[DEBUG] adding entry io/electrum/giftcard/server/backend/records/RedemptionRecord.class
[DEBUG] adding entry io/electrum/giftcard/server/backend/records/RedemptionReversalRecord.class
[DEBUG] adding entry io/electrum/giftcard/server/backend/records/RequestRecord$State.class
[DEBUG] adding entry io/electrum/giftcard/server/backend/records/RequestRecord.class
[DEBUG] adding entry io/electrum/giftcard/server/backend/records/VoidConfirmationRecord.class
[DEBUG] adding entry io/electrum/giftcard/server/backend/records/VoidRecord.class
[DEBUG] adding entry io/electrum/giftcard/server/backend/records/VoidReversalRecord.class
[DEBUG] adding entry io/electrum/giftcard/server/backend/tables/ActivationConfirmationsTable.class
[DEBUG] adding entry io/electrum/giftcard/server/backend/tables/ActivationReversalsTable.class
[DEBUG] adding entry io/electrum/giftcard/server/backend/tables/ActivationsTable.class
[DEBUG] adding entry io/electrum/giftcard/server/backend/tables/CardTable.class
[DEBUG] adding entry io/electrum/giftcard/server/backend/tables/GiftcardTable.class
[DEBUG] adding entry io/electrum/giftcard/server/backend/tables/LoadConfirmationsTable.class
[DEBUG] adding entry io/electrum/giftcard/server/backend/tables/LoadReversalsTable.class
[DEBUG] adding entry io/electrum/giftcard/server/backend/tables/LoadsTable.class
[DEBUG] adding entry io/electrum/giftcard/server/backend/tables/LookupsTable.class
[DEBUG] adding entry io/electrum/giftcard/server/backend/tables/ProductTable.class
[DEBUG] adding entry io/electrum/giftcard/server/backend/tables/RedemptionConfirmationsTable.class
[DEBUG] adding entry io/electrum/giftcard/server/backend/tables/RedemptionReversalsTable.class
[DEBUG] adding entry io/electrum/giftcard/server/backend/tables/RedemptionsTable.class
[DEBUG] adding entry io/electrum/giftcard/server/backend/tables/VoidConfirmationsTable.class
[DEBUG] adding entry io/electrum/giftcard/server/backend/tables/VoidReversalsTable.class
[DEBUG] adding entry io/electrum/giftcard/server/backend/tables/VoidsTable.class
[DEBUG] adding entry io/electrum/giftcard/server/GiftcardTestServerRunner.class
[DEBUG] adding entry io/electrum/giftcard/server/util/GiftcardModelUtils.class
[DEBUG] adding entry io/electrum/giftcard/server/util/RandomData.class
[DEBUG] adding entry log4j2.xml
[DEBUG] adding entry Procfile
[DEBUG] adding entry products.csv
[DEBUG] adding directory META-INF/maven/
[DEBUG] adding directory META-INF/maven/io.electrum/
[DEBUG] adding directory META-INF/maven/io.electrum/giftcard-service-test-pack/
[DEBUG] adding entry META-INF/maven/io.electrum/giftcard-service-test-pack/pom.xml
[DEBUG] adding entry META-INF/maven/io.electrum/giftcard-service-test-pack/pom.properties
[INFO] 
[INFO] --- maven-assembly-plugin:2.2-beta-5:single (jar-with-dependencies) @ giftcard-service-test-pack ---
[DEBUG] Dependency collection stats: {ConflictMarker.analyzeTime=1, ConflictMarker.markTime=1, ConflictMarker.nodeCount=229, ConflictIdSorter.graphTime=0, ConflictIdSorter.topsortTime=0, ConflictIdSorter.conflictIdCount=38, ConflictIdSorter.conflictIdCycleCount=0, ConflictResolver.totalTime=1, ConflictResolver.conflictItemCount=107, DefaultDependencyCollector.collectTime=86, DefaultDependencyCollector.transformTime=3}
[DEBUG] org.apache.maven.plugins:maven-assembly-plugin:jar:2.2-beta-5:
[DEBUG]    org.apache.maven.shared:maven-common-artifact-filters:jar:1.1:compile
[DEBUG]       org.apache.maven.shared:maven-plugin-testing-harness:jar:1.1:compile
[DEBUG]    org.codehaus.plexus:plexus-interpolation:jar:1.7:compile
[DEBUG]    org.codehaus.plexus:plexus-archiver:jar:1.0-alpha-12:compile
[DEBUG]    org.apache.maven.shared:file-management:jar:1.1:compile
[DEBUG]    org.apache.maven.shared:maven-shared-io:jar:1.1:compile
[DEBUG]       org.apache.maven:maven-artifact-manager:jar:2.0.2:compile
[DEBUG]          org.apache.maven:maven-repository-metadata:jar:2.0.2:compile
[DEBUG]       org.apache.maven.wagon:wagon-provider-api:jar:1.0-alpha-6:compile
[DEBUG]    org.apache.maven.shared:maven-filtering:jar:1.0-beta-2:compile
[DEBUG]       org.apache.maven:maven-core:jar:2.0.6:compile
[DEBUG]          org.apache.maven:maven-plugin-parameter-documenter:jar:2.0.6:compile
[DEBUG]          org.apache.maven.reporting:maven-reporting-api:jar:2.0.6:compile
[DEBUG]             org.apache.maven.doxia:doxia-sink-api:jar:1.0-alpha-7:compile
[DEBUG]          org.apache.maven:maven-error-diagnostics:jar:2.0.6:compile
[DEBUG]          commons-cli:commons-cli:jar:1.0:compile
[DEBUG]          org.apache.maven:maven-plugin-descriptor:jar:2.0.6:compile
[DEBUG]          org.codehaus.plexus:plexus-interactivity-api:jar:1.0-alpha-4:compile
[DEBUG]       org.apache.maven:maven-monitor:jar:2.0.6:compile
[DEBUG]       org.apache.maven:maven-settings:jar:2.0.6:compile
[DEBUG]    org.codehaus.plexus:plexus-active-collections:jar:1.0-beta-2:compile
[DEBUG]    org.codehaus.plexus:plexus-io:jar:1.0-alpha-4:compile
[DEBUG]    org.apache.maven:maven-plugin-api:jar:2.0.4:compile
[DEBUG]    org.apache.maven:maven-project:jar:2.0.4:compile
[DEBUG]       org.apache.maven:maven-profile:jar:2.0.4:compile
[DEBUG]    org.apache.maven:maven-archiver:jar:2.4:compile
[DEBUG]    org.codehaus.plexus:plexus-container-default:jar:1.0-alpha-9-stable-1:compile
[DEBUG]       junit:junit:jar:3.8.1:compile
[DEBUG]       classworlds:classworlds:jar:1.1-alpha-2:compile
[DEBUG]    org.codehaus.plexus:plexus-utils:jar:2.0.1:compile
[DEBUG]    org.apache.maven:maven-artifact:jar:2.0.4:compile
[DEBUG]    org.apache.maven:maven-model:jar:2.0.4:compile
[DEBUG]    org.apache.maven.shared:maven-repository-builder:jar:1.0-alpha-2:compile
[DEBUG] Created new class realm plugin>org.apache.maven.plugins:maven-assembly-plugin:2.2-beta-5
[DEBUG] Importing foreign packages into class realm plugin>org.apache.maven.plugins:maven-assembly-plugin:2.2-beta-5
[DEBUG]   Imported:  < maven.api
[DEBUG] Populating class realm plugin>org.apache.maven.plugins:maven-assembly-plugin:2.2-beta-5
[DEBUG]   Included: org.apache.maven.plugins:maven-assembly-plugin:jar:2.2-beta-5
[DEBUG]   Included: org.apache.maven.shared:maven-common-artifact-filters:jar:1.1
[DEBUG]   Included: org.apache.maven.shared:maven-plugin-testing-harness:jar:1.1
[DEBUG]   Included: org.codehaus.plexus:plexus-interpolation:jar:1.7
[DEBUG]   Included: org.codehaus.plexus:plexus-archiver:jar:1.0-alpha-12
[DEBUG]   Included: org.apache.maven.shared:file-management:jar:1.1
[DEBUG]   Included: org.apache.maven.shared:maven-shared-io:jar:1.1
[DEBUG]   Included: org.apache.maven.shared:maven-filtering:jar:1.0-beta-2
[DEBUG]   Included: org.apache.maven.reporting:maven-reporting-api:jar:2.0.6
[DEBUG]   Included: org.apache.maven.doxia:doxia-sink-api:jar:1.0-alpha-7
[DEBUG]   Included: commons-cli:commons-cli:jar:1.0
[DEBUG]   Included: org.codehaus.plexus:plexus-interactivity-api:jar:1.0-alpha-4
[DEBUG]   Included: org.codehaus.plexus:plexus-active-collections:jar:1.0-beta-2
[DEBUG]   Included: org.codehaus.plexus:plexus-io:jar:1.0-alpha-4
[DEBUG]   Included: org.apache.maven:maven-archiver:jar:2.4
[DEBUG]   Included: junit:junit:jar:3.8.1
[DEBUG]   Included: org.codehaus.plexus:plexus-utils:jar:2.0.1
[DEBUG]   Included: org.apache.maven.shared:maven-repository-builder:jar:1.0-alpha-2
[DEBUG] Configuring mojo org.apache.maven.plugins:maven-assembly-plugin:2.2-beta-5:single from plugin realm ClassRealm[plugin>org.apache.maven.plugins:maven-assembly-plugin:2.2-beta-5, parent: sun.misc.Launcher$AppClassLoader@2f78743b]
[DEBUG] Configuring mojo 'org.apache.maven.plugins:maven-assembly-plugin:2.2-beta-5:single' with basic configurator -->
[DEBUG]   (s) appendAssemblyId = true
[DEBUG]   (s) mainClass = io.electrum.giftcard.server.GiftcardTestServerRunner
[DEBUG]   (s) manifest = org.apache.maven.archiver.ManifestConfiguration@4d65db17
[DEBUG]   (s) archive = org.apache.maven.archiver.MavenArchiveConfiguration@5a12eab3
[DEBUG]   (f) attach = true
[DEBUG]   (s) basedir = /Users/timwhelan/Documents/workspace/giftcard-service-test-pack
[DEBUG]   (s) descriptorRefs = [jar-with-dependencies]
[DEBUG]   (f) dryRun = false
[DEBUG]   (s) finalName = giftcard-service-test-pack-1.0.0
[DEBUG]   (f) ignoreDirFormatExtensions = true
[DEBUG]   (s) ignoreMissingDescriptor = false
[DEBUG]   (s) includeSite = false
[DEBUG]   (s) localRepository =       id: local
      url: file:///Users/timwhelan/.m2/repository/
   layout: default
snapshots: [enabled => true, update => always]
 releases: [enabled => true, update => always]

[DEBUG]   (f) mavenSession = org.apache.maven.execution.MavenSession@a820829
[DEBUG]   (s) outputDirectory = /Users/timwhelan/Documents/workspace/giftcard-service-test-pack/target
[DEBUG]   (f) project = MavenProject: io.electrum:giftcard-service-test-pack:1.0.0 @ /Users/timwhelan/Documents/workspace/giftcard-service-test-pack/pom.xml
[DEBUG]   (s) reactorProjects = [MavenProject: io.electrum:giftcard-service-test-pack:1.0.0 @ /Users/timwhelan/Documents/workspace/giftcard-service-test-pack/pom.xml]
[DEBUG]   (f) remoteRepositories = [      id: central
      url: https://electrum.artifactoryonline.com/electrum/libs-release
   layout: default
snapshots: [enabled => false, update => daily]
 releases: [enabled => true, update => daily]
,       id: snapshots
      url: https://electrum.artifactoryonline.com/electrum/libs-snapshot
   layout: default
snapshots: [enabled => true, update => daily]
 releases: [enabled => true, update => daily]
]
[DEBUG]   (f) runOnlyAtExecutionRoot = false
[DEBUG]   (s) siteDirectory = /Users/timwhelan/Documents/workspace/giftcard-service-test-pack/target/site
[DEBUG]   (f) skipAssembly = false
[DEBUG]   (s) tarLongFileMode = warn
[DEBUG]   (s) tempRoot = /Users/timwhelan/Documents/workspace/giftcard-service-test-pack/target/archive-tmp
[DEBUG]   (s) workDirectory = /Users/timwhelan/Documents/workspace/giftcard-service-test-pack/target/assembly/work
[DEBUG] -- end configuration --
[DEBUG] Before assembly is interpolated:

<?xml version="1.0" encoding="UTF-8"?>
<assembly>
  <id>jar-with-dependencies</id>
  <formats>
    <format>jar</format>
  </formats>
  <includeBaseDirectory>false</includeBaseDirectory>
  <fileSets>
    <fileSet>
      <directory>${project.build.outputDirectory}</directory>
      <outputDirectory>/</outputDirectory>
    </fileSet>
  </fileSets>
  <dependencySets>
    <dependencySet>
      <unpack>true</unpack>
      <useProjectArtifact>false</useProjectArtifact>
      <outputDirectory>/</outputDirectory>
    </dependencySet>
  </dependencySets>
</assembly>



[DEBUG] After assembly is interpolated:

<?xml version="1.0" encoding="UTF-8"?>
<assembly>
  <id>jar-with-dependencies</id>
  <formats>
    <format>jar</format>
  </formats>
  <includeBaseDirectory>false</includeBaseDirectory>
  <fileSets>
    <fileSet>
      <directory>target/classes</directory>
      <outputDirectory>/</outputDirectory>
    </fileSet>
  </fileSets>
  <dependencySets>
    <dependencySet>
      <unpack>true</unpack>
      <useProjectArtifact>false</useProjectArtifact>
      <outputDirectory>/</outputDirectory>
    </dependencySet>
  </dependencySets>
</assembly>



[DEBUG] All known ContainerDescritporHandler components: [plexus, file-aggregator]
[DEBUG] io.electrum:giftcard-service-test-pack-[assembly process]:jar:1.0.0 (selected for null)
[DEBUG]   net.sourceforge.javacsv:javacsv:jar:2.0:compile (selected for compile)
[DEBUG]   joda-time:joda-time:jar:2.9.4:compile (selected for compile)
[DEBUG]   org.eclipse.jetty:jetty-server:jar:9.2.14.v20151106:compile (selected for compile)
[DEBUG]     javax.servlet:javax.servlet-api:jar:3.1.0:compile (selected for compile)
[DEBUG]     org.eclipse.jetty:jetty-http:jar:9.2.14.v20151106:compile (selected for compile)
[DEBUG]       org.eclipse.jetty:jetty-util:jar:9.2.14.v20151106:compile (selected for compile)
[DEBUG]     org.eclipse.jetty:jetty-io:jar:9.2.14.v20151106:compile (selected for compile)
[DEBUG]   org.glassfish.jersey.core:jersey-common:jar:2.22.1:compile (selected for compile)
[DEBUG]     javax.ws.rs:javax.ws.rs-api:jar:2.0.1:compile (selected for compile)
[DEBUG]     javax.annotation:javax.annotation-api:jar:1.2:compile (selected for compile)
[DEBUG]     org.glassfish.jersey.bundles.repackaged:jersey-guava:jar:2.22.1:compile (selected for compile)
[DEBUG]     org.glassfish.hk2:hk2-api:jar:2.4.0-b31:compile (selected for compile)
[DEBUG]       org.glassfish.hk2:hk2-utils:jar:2.4.0-b31:compile (selected for compile)
[DEBUG]       org.glassfish.hk2.external:aopalliance-repackaged:jar:2.4.0-b31:compile (selected for compile)
[DEBUG]     org.glassfish.hk2.external:javax.inject:jar:2.4.0-b31:compile (selected for compile)
[DEBUG]     org.glassfish.hk2:hk2-locator:jar:2.4.0-b31:compile (selected for compile)
[DEBUG]       org.javassist:javassist:jar:3.18.1-GA:compile (selected for compile)
[DEBUG]     org.glassfish.hk2:osgi-resource-locator:jar:1.0.1:compile (selected for compile)
[DEBUG]   org.glassfish.jersey.media:jersey-media-json-jackson:jar:2.22.1:compile (selected for compile)
[DEBUG]     org.glassfish.jersey.ext:jersey-entity-filtering:jar:2.22.1:compile (selected for compile)
[DEBUG]     com.fasterxml.jackson.jaxrs:jackson-jaxrs-base:jar:2.5.4:compile (selected for compile)
[DEBUG]       com.fasterxml.jackson.core:jackson-core:jar:2.5.4:compile (selected for compile)
[DEBUG]       com.fasterxml.jackson.core:jackson-databind:jar:2.5.4:compile (selected for compile)
[DEBUG]         com.fasterxml.jackson.core:jackson-annotations:jar:2.5.0:compile (selected for compile)
[DEBUG]     com.fasterxml.jackson.jaxrs:jackson-jaxrs-json-provider:jar:2.5.4:compile (selected for compile)
[DEBUG]       com.fasterxml.jackson.module:jackson-module-jaxb-annotations:jar:2.5.4:compile (selected for compile)
[DEBUG]     com.fasterxml.jackson.core:jackson-annotations:jar:2.5.0:compile (removed - nearer found: 2.5.4)
[DEBUG]     com.fasterxml.jackson.core:jackson-annotations:jar:2.5.4:compile (selected for compile)
[DEBUG]   org.hibernate:hibernate-validator:jar:5.2.2.Final:compile (selected for compile)
[DEBUG]     javax.validation:validation-api:jar:1.1.0.Final:compile (selected for compile)
[DEBUG]     org.jboss.logging:jboss-logging:jar:3.2.1.Final:compile (selected for compile)
[DEBUG]     com.fasterxml:classmate:jar:1.1.0:compile (selected for compile)
[DEBUG]   javax.el:javax.el-api:jar:2.2.4:compile (selected for compile)
[DEBUG]   org.glassfish.web:javax.el:jar:2.2.4:compile (selected for compile)
[DEBUG]   org.slf4j:slf4j-api:jar:1.7.5:compile (selected for compile)
[DEBUG]   org.eclipse.jetty:jetty-webapp:jar:9.2.14.v20151106:compile (selected for compile)
[DEBUG]     org.eclipse.jetty:jetty-xml:jar:9.2.14.v20151106:compile (selected for compile)
[DEBUG]     org.eclipse.jetty:jetty-servlet:jar:9.2.14.v20151106:compile (selected for compile)
[DEBUG]       org.eclipse.jetty:jetty-security:jar:9.2.14.v20151106:compile (selected for compile)
[DEBUG]   org.glassfish.jersey.containers:jersey-container-servlet:jar:2.22.1:compile (selected for compile)
[DEBUG]     org.glassfish.jersey.containers:jersey-container-servlet-core:jar:2.22.1:compile (selected for compile)
[DEBUG]       org.glassfish.jersey.core:jersey-server:jar:2.22.1:compile (selected for compile)
[DEBUG]         org.glassfish.jersey.core:jersey-client:jar:2.22.1:compile (selected for compile)
[DEBUG]         org.glassfish.jersey.media:jersey-media-jaxb:jar:2.22.1:compile (selected for compile)
[DEBUG]     org.glassfish.jersey.core:jersey-server:jar:2.22.1:compile (selected for compile)
[DEBUG]       org.glassfish.jersey.core:jersey-client:jar:2.22.1:compile (selected for compile)
[DEBUG]       org.glassfish.jersey.media:jersey-media-jaxb:jar:2.22.1:compile (selected for compile)
[DEBUG]   org.glassfish.jersey.core:jersey-client:jar:2.22.1:compile (selected for compile)
[DEBUG]   org.glassfish.jersey.core:jersey-server:jar:2.22.1:compile (selected for compile)
[DEBUG]     org.glassfish.jersey.media:jersey-media-jaxb:jar:2.22.1:compile (selected for compile)
[DEBUG]   io.electrum:giftcard-service-interface:jar:2.0.0:compile (selected for compile)
[DEBUG]     io.electrum:service-interface-base:jar:2.0.9:compile (selected for compile)
[DEBUG]       io.swagger:swagger-jersey2-jaxrs:jar:1.5.9:compile (selected for compile)
[DEBUG]         io.swagger:swagger-jaxrs:jar:1.5.9:compile (selected for compile)
[DEBUG]           com.fasterxml.jackson.dataformat:jackson-dataformat-yaml:jar:2.4.5:compile (selected for compile)
[DEBUG]             com.fasterxml.jackson.core:jackson-core:jar:2.4.5:compile (removed - nearer found: 2.5.4)
[DEBUG]             org.yaml:snakeyaml:jar:1.12:compile (selected for compile)
[DEBUG]           com.fasterxml.jackson.dataformat:jackson-dataformat-xml:jar:2.4.5:compile (selected for compile)
[DEBUG]             com.fasterxml.jackson.core:jackson-core:jar:2.4.5:compile (removed - nearer found: 2.5.4)
[DEBUG]             com.fasterxml.jackson.core:jackson-databind:jar:2.4.5:compile (removed - nearer found: 2.5.4)
[DEBUG]             com.fasterxml.jackson.module:jackson-module-jaxb-annotations:jar:2.4.5:compile (removed - nearer found: 2.5.4)
[DEBUG]             org.codehaus.woodstox:stax2-api:jar:3.1.4:compile (selected for compile)
[DEBUG]           io.swagger:swagger-core:jar:1.5.9:compile (selected for compile)
[DEBUG]             org.apache.commons:commons-lang3:jar:3.2.1:compile (selected for compile)
[DEBUG]             org.slf4j:slf4j-api:jar:1.6.3:compile (removed - nearer found: 1.7.5)
[DEBUG]             com.fasterxml.jackson.core:jackson-annotations:jar:2.4.5:compile (removed - nearer found: 2.5.4)
[DEBUG]             com.fasterxml.jackson.core:jackson-databind:jar:2.4.5:compile (removed - nearer found: 2.5.4)
[DEBUG]             com.fasterxml.jackson.datatype:jackson-datatype-joda:jar:2.4.5:compile (selected for compile)
[DEBUG]               com.fasterxml.jackson.core:jackson-core:jar:2.4.5:compile (removed - nearer found: 2.5.4)
[DEBUG]               joda-time:joda-time:jar:2.2:compile (removed - nearer found: 2.9.4)
[DEBUG]             io.swagger:swagger-models:jar:1.5.9:compile (selected for compile)
[DEBUG]               com.fasterxml.jackson.core:jackson-annotations:jar:2.4.5:compile (removed - nearer found: 2.5.4)
[DEBUG]               org.slf4j:slf4j-api:jar:1.6.3:compile (removed - nearer found: 1.7.5)
[DEBUG]               io.swagger:swagger-annotations:jar:1.5.9:compile (selected for compile)
[DEBUG]             com.google.guava:guava:jar:18.0:compile (selected for compile)
[DEBUG]           org.reflections:reflections:jar:0.9.10:compile (selected for compile)
[DEBUG]             com.google.guava:guava:jar:15.0:compile (removed - nearer found: 18.0)
[DEBUG]             org.javassist:javassist:jar:3.19.0-GA:compile (removed - nearer found: 3.18.1-GA)
[DEBUG]             com.google.code.findbugs:annotations:jar:2.0.1:compile (selected for compile)
[DEBUG]           com.google.guava:guava:jar:18.0:compile (selected for compile)
[DEBUG]           com.fasterxml.jackson.jaxrs:jackson-jaxrs-json-provider:jar:2.4.5:compile (removed - nearer found: 2.5.4)
[DEBUG]         org.glassfish.jersey.containers:jersey-container-servlet-core:jar:2.1:compile (removed - nearer found: 2.22.1)
[DEBUG]         org.glassfish.jersey.media:jersey-media-multipart:jar:2.1:compile (selected for compile)
[DEBUG]           org.glassfish.hk2.external:javax.inject:jar:2.2.0-b10:compile (removed - nearer found: 2.4.0-b31)
[DEBUG]           org.glassfish.jersey.core:jersey-server:jar:2.1:compile (removed - nearer found: 2.22.1)
[DEBUG]           org.jvnet.mimepull:mimepull:jar:1.8:compile (selected for compile)
[DEBUG]       io.swagger:swagger-hibernate-validations:jar:1.5.9:compile (selected for compile)
[DEBUG]     io.swagger:swagger-jersey2-jaxrs:jar:1.5.9:compile (selected for compile)
[DEBUG]       io.swagger:swagger-jaxrs:jar:1.5.9:compile (selected for compile)
[DEBUG]         com.fasterxml.jackson.dataformat:jackson-dataformat-yaml:jar:2.4.5:compile (selected for compile)
[DEBUG]           com.fasterxml.jackson.core:jackson-core:jar:2.4.5:compile (removed - nearer found: 2.5.4)
[DEBUG]           org.yaml:snakeyaml:jar:1.12:compile (selected for compile)
[DEBUG]         com.fasterxml.jackson.dataformat:jackson-dataformat-xml:jar:2.4.5:compile (selected for compile)
[DEBUG]           com.fasterxml.jackson.core:jackson-core:jar:2.4.5:compile (removed - nearer found: 2.5.4)
[DEBUG]           com.fasterxml.jackson.core:jackson-databind:jar:2.4.5:compile (removed - nearer found: 2.5.4)
[DEBUG]           com.fasterxml.jackson.module:jackson-module-jaxb-annotations:jar:2.4.5:compile (removed - nearer found: 2.5.4)
[DEBUG]           org.codehaus.woodstox:stax2-api:jar:3.1.4:compile (selected for compile)
[DEBUG]         io.swagger:swagger-core:jar:1.5.9:compile (selected for compile)
[DEBUG]           org.apache.commons:commons-lang3:jar:3.2.1:compile (selected for compile)
[DEBUG]           org.slf4j:slf4j-api:jar:1.6.3:compile (removed - nearer found: 1.7.5)
[DEBUG]           com.fasterxml.jackson.core:jackson-annotations:jar:2.4.5:compile (removed - nearer found: 2.5.4)
[DEBUG]           com.fasterxml.jackson.core:jackson-databind:jar:2.4.5:compile (removed - nearer found: 2.5.4)
[DEBUG]           com.fasterxml.jackson.datatype:jackson-datatype-joda:jar:2.4.5:compile (selected for compile)
[DEBUG]             com.fasterxml.jackson.core:jackson-core:jar:2.4.5:compile (removed - nearer found: 2.5.4)
[DEBUG]             joda-time:joda-time:jar:2.2:compile (removed - nearer found: 2.9.4)
[DEBUG]           io.swagger:swagger-models:jar:1.5.9:compile (selected for compile)
[DEBUG]             com.fasterxml.jackson.core:jackson-annotations:jar:2.4.5:compile (removed - nearer found: 2.5.4)
[DEBUG]             org.slf4j:slf4j-api:jar:1.6.3:compile (removed - nearer found: 1.7.5)
[DEBUG]             io.swagger:swagger-annotations:jar:1.5.9:compile (selected for compile)
[DEBUG]           com.google.guava:guava:jar:18.0:compile (selected for compile)
[DEBUG]         org.reflections:reflections:jar:0.9.10:compile (selected for compile)
[DEBUG]           com.google.guava:guava:jar:15.0:compile (removed - nearer found: 18.0)
[DEBUG]           org.javassist:javassist:jar:3.19.0-GA:compile (removed - nearer found: 3.18.1-GA)
[DEBUG]           com.google.code.findbugs:annotations:jar:2.0.1:compile (selected for compile)
[DEBUG]         com.google.guava:guava:jar:18.0:compile (selected for compile)
[DEBUG]         com.fasterxml.jackson.jaxrs:jackson-jaxrs-json-provider:jar:2.4.5:compile (removed - nearer found: 2.5.4)
[DEBUG]       org.glassfish.jersey.containers:jersey-container-servlet-core:jar:2.1:compile (removed - nearer found: 2.22.1)
[DEBUG]       org.glassfish.jersey.media:jersey-media-multipart:jar:2.1:compile (selected for compile)
[DEBUG]         org.glassfish.hk2.external:javax.inject:jar:2.2.0-b10:compile (removed - nearer found: 2.4.0-b31)
[DEBUG]         org.glassfish.jersey.core:jersey-server:jar:2.1:compile (removed - nearer found: 2.22.1)
[DEBUG]         org.jvnet.mimepull:mimepull:jar:1.8:compile (selected for compile)
[DEBUG]     io.swagger:swagger-hibernate-validations:jar:1.5.9:compile (selected for compile)
[DEBUG]   ch.qos.logback:logback-classic:jar:1.0.13:compile (selected for compile)
[DEBUG]     ch.qos.logback:logback-core:jar:1.0.13:compile (selected for compile)
[DEBUG]   io.swagger:swagger-jersey2-jaxrs:jar:1.5.9:compile (selected for compile)
[DEBUG]     io.swagger:swagger-jaxrs:jar:1.5.9:compile (selected for compile)
[DEBUG]       com.fasterxml.jackson.dataformat:jackson-dataformat-yaml:jar:2.4.5:compile (selected for compile)
[DEBUG]         com.fasterxml.jackson.core:jackson-core:jar:2.4.5:compile (removed - nearer found: 2.5.4)
[DEBUG]         org.yaml:snakeyaml:jar:1.12:compile (selected for compile)
[DEBUG]       com.fasterxml.jackson.dataformat:jackson-dataformat-xml:jar:2.4.5:compile (selected for compile)
[DEBUG]         com.fasterxml.jackson.core:jackson-core:jar:2.4.5:compile (removed - nearer found: 2.5.4)
[DEBUG]         com.fasterxml.jackson.core:jackson-databind:jar:2.4.5:compile (removed - nearer found: 2.5.4)
[DEBUG]         com.fasterxml.jackson.module:jackson-module-jaxb-annotations:jar:2.4.5:compile (removed - nearer found: 2.5.4)
[DEBUG]         org.codehaus.woodstox:stax2-api:jar:3.1.4:compile (selected for compile)
[DEBUG]       io.swagger:swagger-core:jar:1.5.9:compile (selected for compile)
[DEBUG]         org.apache.commons:commons-lang3:jar:3.2.1:compile (selected for compile)
[DEBUG]         org.slf4j:slf4j-api:jar:1.6.3:compile (removed - nearer found: 1.7.5)
[DEBUG]         com.fasterxml.jackson.core:jackson-annotations:jar:2.4.5:compile (removed - nearer found: 2.5.4)
[DEBUG]         com.fasterxml.jackson.core:jackson-databind:jar:2.4.5:compile (removed - nearer found: 2.5.4)
[DEBUG]         com.fasterxml.jackson.datatype:jackson-datatype-joda:jar:2.4.5:compile (selected for compile)
[DEBUG]           com.fasterxml.jackson.core:jackson-core:jar:2.4.5:compile (removed - nearer found: 2.5.4)
[DEBUG]           joda-time:joda-time:jar:2.2:compile (removed - nearer found: 2.9.4)
[DEBUG]         io.swagger:swagger-models:jar:1.5.9:compile (selected for compile)
[DEBUG]           com.fasterxml.jackson.core:jackson-annotations:jar:2.4.5:compile (removed - nearer found: 2.5.4)
[DEBUG]           org.slf4j:slf4j-api:jar:1.6.3:compile (removed - nearer found: 1.7.5)
[DEBUG]           io.swagger:swagger-annotations:jar:1.5.9:compile (selected for compile)
[DEBUG]         com.google.guava:guava:jar:18.0:compile (selected for compile)
[DEBUG]       org.reflections:reflections:jar:0.9.10:compile (selected for compile)
[DEBUG]         com.google.guava:guava:jar:15.0:compile (removed - nearer found: 18.0)
[DEBUG]         org.javassist:javassist:jar:3.19.0-GA:compile (removed - nearer found: 3.18.1-GA)
[DEBUG]         com.google.code.findbugs:annotations:jar:2.0.1:compile (selected for compile)
[DEBUG]       com.google.guava:guava:jar:18.0:compile (selected for compile)
[DEBUG]       com.fasterxml.jackson.jaxrs:jackson-jaxrs-json-provider:jar:2.4.5:compile (removed - nearer found: 2.5.4)
[DEBUG]     org.glassfish.jersey.containers:jersey-container-servlet-core:jar:2.1:compile (removed - nearer found: 2.22.1)
[DEBUG]     org.glassfish.jersey.media:jersey-media-multipart:jar:2.1:compile (selected for compile)
[DEBUG]       org.glassfish.hk2.external:javax.inject:jar:2.2.0-b10:compile (removed - nearer found: 2.4.0-b31)
[DEBUG]       org.glassfish.jersey.core:jersey-server:jar:2.1:compile (removed - nearer found: 2.22.1)
[DEBUG]       org.jvnet.mimepull:mimepull:jar:1.8:compile (selected for compile)
[DEBUG] Cannot find ArtifactResolver with hint: project-cache-aware
org.codehaus.plexus.component.repository.exception.ComponentLookupException: java.util.NoSuchElementException
      role: org.apache.maven.artifact.resolver.ArtifactResolver
  roleHint: project-cache-aware
	at org.codehaus.plexus.DefaultPlexusContainer.lookup(DefaultPlexusContainer.java:267)
	at org.codehaus.plexus.DefaultPlexusContainer.lookup(DefaultPlexusContainer.java:243)
	at org.apache.maven.shared.repository.DefaultRepositoryAssembler.contextualize(DefaultRepositoryAssembler.java:721)
	at org.eclipse.sisu.plexus.PlexusLifecycleManager.contextualize(PlexusLifecycleManager.java:282)
	at org.eclipse.sisu.plexus.PlexusLifecycleManager.activate(PlexusLifecycleManager.java:203)
	at org.eclipse.sisu.bean.BeanScheduler$Pending.activate(BeanScheduler.java:156)
	at org.eclipse.sisu.bean.BeanScheduler$Activator.onProvision(BeanScheduler.java:185)
	at com.google.inject.internal.ProvisionListenerStackCallback$Provision.provision(ProvisionListenerStackCallback.java:126)
	at com.google.inject.internal.ProvisionListenerStackCallback.provision(ProvisionListenerStackCallback.java:68)
	at com.google.inject.internal.ProviderInternalFactory.circularGet(ProviderInternalFactory.java:63)
	at com.google.inject.internal.InternalFactoryToInitializableAdapter.get(InternalFactoryToInitializableAdapter.java:45)
	at com.google.inject.internal.ProviderToInternalFactoryAdapter$1.call(ProviderToInternalFactoryAdapter.java:46)
	at com.google.inject.internal.InjectorImpl.callInContext(InjectorImpl.java:1103)
	at com.google.inject.internal.ProviderToInternalFactoryAdapter.get(ProviderToInternalFactoryAdapter.java:40)
	at com.google.inject.internal.SingletonScope$1.get(SingletonScope.java:145)
	at com.google.inject.internal.InternalFactoryToProviderAdapter.get(InternalFactoryToProviderAdapter.java:41)
	at com.google.inject.internal.InjectorImpl$2$1.call(InjectorImpl.java:1016)
	at com.google.inject.internal.InjectorImpl.callInContext(InjectorImpl.java:1092)
	at com.google.inject.internal.InjectorImpl$2.get(InjectorImpl.java:1012)
	at org.eclipse.sisu.inject.LazyBeanEntry.getValue(LazyBeanEntry.java:81)
	at org.eclipse.sisu.plexus.LazyPlexusBean.getValue(LazyPlexusBean.java:51)
	at org.eclipse.sisu.wire.EntryListAdapter$ValueIterator.next(EntryListAdapter.java:111)
	at org.apache.maven.plugin.assembly.archive.DefaultAssemblyArchiver.createArchive(DefaultAssemblyArchiver.java:188)
	at org.apache.maven.plugin.assembly.mojos.AbstractAssemblyMojo.execute(AbstractAssemblyMojo.java:378)
	at org.apache.maven.plugin.DefaultBuildPluginManager.executeMojo(DefaultBuildPluginManager.java:134)
	at org.apache.maven.lifecycle.internal.MojoExecutor.execute(MojoExecutor.java:207)
	at org.apache.maven.lifecycle.internal.MojoExecutor.execute(MojoExecutor.java:153)
	at org.apache.maven.lifecycle.internal.MojoExecutor.execute(MojoExecutor.java:145)
	at org.apache.maven.lifecycle.internal.LifecycleModuleBuilder.buildProject(LifecycleModuleBuilder.java:116)
	at org.apache.maven.lifecycle.internal.LifecycleModuleBuilder.buildProject(LifecycleModuleBuilder.java:80)
	at org.apache.maven.lifecycle.internal.builder.singlethreaded.SingleThreadedBuilder.build(SingleThreadedBuilder.java:51)
	at org.apache.maven.lifecycle.internal.LifecycleStarter.execute(LifecycleStarter.java:128)
	at org.apache.maven.DefaultMaven.doExecute(DefaultMaven.java:307)
	at org.apache.maven.DefaultMaven.doExecute(DefaultMaven.java:193)
	at org.apache.maven.DefaultMaven.execute(DefaultMaven.java:106)
	at org.apache.maven.cli.MavenCli.execute(MavenCli.java:863)
	at org.apache.maven.cli.MavenCli.doMain(MavenCli.java:288)
	at org.apache.maven.cli.MavenCli.main(MavenCli.java:199)
	at sun.reflect.NativeMethodAccessorImpl.invoke0(Native Method)
	at sun.reflect.NativeMethodAccessorImpl.invoke(NativeMethodAccessorImpl.java:57)
	at sun.reflect.DelegatingMethodAccessorImpl.invoke(DelegatingMethodAccessorImpl.java:43)
	at java.lang.reflect.Method.invoke(Method.java:606)
	at org.codehaus.plexus.classworlds.launcher.Launcher.launchEnhanced(Launcher.java:289)
	at org.codehaus.plexus.classworlds.launcher.Launcher.launch(Launcher.java:229)
	at org.codehaus.plexus.classworlds.launcher.Launcher.mainWithExitCode(Launcher.java:415)
	at org.codehaus.plexus.classworlds.launcher.Launcher.main(Launcher.java:356)
Caused by: java.util.NoSuchElementException
	at java.util.Collections$EmptyIterator.next(Collections.java:3006)
	at org.codehaus.plexus.DefaultPlexusContainer.lookup(DefaultPlexusContainer.java:263)
	... 45 more
[DEBUG] Processing DependencySet (output=/)
[DEBUG] Dependencies for project: io.electrum:giftcard-service-test-pack:jar:1.0.0 are:
net.sourceforge.javacsv:javacsv:jar:2.0:compile
joda-time:joda-time:jar:2.9.4:compile
org.eclipse.jetty:jetty-server:jar:9.2.14.v20151106:compile
org.glassfish.jersey.core:jersey-common:jar:2.22.1:compile
org.glassfish.jersey.media:jersey-media-json-jackson:jar:2.22.1:compile
org.hibernate:hibernate-validator:jar:5.2.2.Final:compile
javax.el:javax.el-api:jar:2.2.4:compile
org.glassfish.web:javax.el:jar:2.2.4:compile
org.slf4j:slf4j-api:jar:1.7.5:compile
org.eclipse.jetty:jetty-webapp:jar:9.2.14.v20151106:compile
org.glassfish.jersey.containers:jersey-container-servlet:jar:2.22.1:compile
org.glassfish.jersey.core:jersey-client:jar:2.22.1:compile
org.glassfish.jersey.core:jersey-server:jar:2.22.1:compile
io.electrum:giftcard-service-interface:jar:2.0.0:compile
ch.qos.logback:logback-classic:jar:1.0.13:compile
io.swagger:swagger-jersey2-jaxrs:jar:1.5.9:compile
[DEBUG] Managing version for: net.sourceforge.javacsv:javacsv:jar to: 2.0
[DEBUG] Managing scope for: net.sourceforge.javacsv:javacsv:jar to: compile
[DEBUG] Managing version for: joda-time:joda-time:jar to: 2.9.4
[DEBUG] Managing scope for: joda-time:joda-time:jar to: compile
[DEBUG] Managing version for: org.eclipse.jetty:jetty-server:jar to: 9.2.14.v20151106
[DEBUG] Managing scope for: org.eclipse.jetty:jetty-server:jar to: compile
[DEBUG] Managing version for: org.glassfish.jersey.core:jersey-common:jar to: 2.22.1
[DEBUG] Managing scope for: org.glassfish.jersey.core:jersey-common:jar to: compile
[DEBUG] Managing version for: org.glassfish.jersey.media:jersey-media-json-jackson:jar to: 2.22.1
[DEBUG] Managing scope for: org.glassfish.jersey.media:jersey-media-json-jackson:jar to: compile
[DEBUG] Managing version for: org.hibernate:hibernate-validator:jar to: 5.2.2.Final
[DEBUG] Managing scope for: org.hibernate:hibernate-validator:jar to: compile
[DEBUG] Managing version for: javax.el:javax.el-api:jar to: 2.2.4
[DEBUG] Managing scope for: javax.el:javax.el-api:jar to: compile
[DEBUG] Managing version for: org.glassfish.web:javax.el:jar to: 2.2.4
[DEBUG] Managing scope for: org.glassfish.web:javax.el:jar to: compile
[DEBUG] Managing version for: org.slf4j:slf4j-api:jar to: 1.7.5
[DEBUG] Managing scope for: org.slf4j:slf4j-api:jar to: compile
[DEBUG] Managing version for: org.eclipse.jetty:jetty-webapp:jar to: 9.2.14.v20151106
[DEBUG] Managing scope for: org.eclipse.jetty:jetty-webapp:jar to: compile
[DEBUG] Managing version for: org.glassfish.jersey.containers:jersey-container-servlet:jar to: 2.22.1
[DEBUG] Managing scope for: org.glassfish.jersey.containers:jersey-container-servlet:jar to: compile
[DEBUG] Managing version for: org.glassfish.jersey.core:jersey-client:jar to: 2.22.1
[DEBUG] Managing scope for: org.glassfish.jersey.core:jersey-client:jar to: compile
[DEBUG] Managing version for: org.glassfish.jersey.core:jersey-server:jar to: 2.22.1
[DEBUG] Managing scope for: org.glassfish.jersey.core:jersey-server:jar to: compile
[DEBUG] Managing version for: io.electrum:giftcard-service-interface:jar to: 2.0.0
[DEBUG] Managing scope for: io.electrum:giftcard-service-interface:jar to: compile
[DEBUG] Managing version for: ch.qos.logback:logback-classic:jar to: 1.0.13
[DEBUG] Managing scope for: ch.qos.logback:logback-classic:jar to: compile
[DEBUG] Managing version for: io.swagger:swagger-jersey2-jaxrs:jar to: 1.5.9
[DEBUG] Managing scope for: io.swagger:swagger-jersey2-jaxrs:jar to: compile
[DEBUG] Resolving project dependencies transitively.
[DEBUG] io.electrum:giftcard-service-test-pack:jar:1.0.0 (selected for null)
[DEBUG]   net.sourceforge.javacsv:javacsv:jar:2.0:compile (selected for compile)
[DEBUG]   joda-time:joda-time:jar:2.9.4:compile (selected for compile)
[DEBUG]   org.eclipse.jetty:jetty-server:jar:9.2.14.v20151106:compile (selected for compile)
[DEBUG]     javax.servlet:javax.servlet-api:jar:3.1.0:compile (selected for compile)
[DEBUG]     org.eclipse.jetty:jetty-http:jar:9.2.14.v20151106:compile (selected for compile)
[DEBUG]       org.eclipse.jetty:jetty-util:jar:9.2.14.v20151106:compile (selected for compile)
[DEBUG]     org.eclipse.jetty:jetty-io:jar:9.2.14.v20151106:compile (selected for compile)
[DEBUG]   org.glassfish.jersey.core:jersey-common:jar:2.22.1:compile (selected for compile)
[DEBUG]     javax.ws.rs:javax.ws.rs-api:jar:2.0.1:compile (selected for compile)
[DEBUG]     javax.annotation:javax.annotation-api:jar:1.2:compile (selected for compile)
[DEBUG]     org.glassfish.jersey.bundles.repackaged:jersey-guava:jar:2.22.1:compile (selected for compile)
[DEBUG]     org.glassfish.hk2:hk2-api:jar:2.4.0-b31:compile (selected for compile)
[DEBUG]       org.glassfish.hk2:hk2-utils:jar:2.4.0-b31:compile (selected for compile)
[DEBUG]       org.glassfish.hk2.external:aopalliance-repackaged:jar:2.4.0-b31:compile (selected for compile)
[DEBUG]     org.glassfish.hk2.external:javax.inject:jar:2.4.0-b31:compile (selected for compile)
[DEBUG]     org.glassfish.hk2:hk2-locator:jar:2.4.0-b31:compile (selected for compile)
[DEBUG]       org.javassist:javassist:jar:3.18.1-GA:compile (selected for compile)
[DEBUG]     org.glassfish.hk2:osgi-resource-locator:jar:1.0.1:compile (selected for compile)
[DEBUG]   org.glassfish.jersey.media:jersey-media-json-jackson:jar:2.22.1:compile (selected for compile)
[DEBUG]     org.glassfish.jersey.ext:jersey-entity-filtering:jar:2.22.1:compile (selected for compile)
[DEBUG]     com.fasterxml.jackson.jaxrs:jackson-jaxrs-base:jar:2.5.4:compile (selected for compile)
[DEBUG]       com.fasterxml.jackson.core:jackson-core:jar:2.5.4:compile (selected for compile)
[DEBUG]       com.fasterxml.jackson.core:jackson-databind:jar:2.5.4:compile (selected for compile)
[DEBUG]         com.fasterxml.jackson.core:jackson-annotations:jar:2.5.0:compile (applying version: 2.5.4)
[DEBUG]         com.fasterxml.jackson.core:jackson-annotations:jar:2.5.4:compile (selected for compile)
[DEBUG]     com.fasterxml.jackson.jaxrs:jackson-jaxrs-json-provider:jar:2.5.4:compile (selected for compile)
[DEBUG]       com.fasterxml.jackson.module:jackson-module-jaxb-annotations:jar:2.5.4:compile (selected for compile)
[DEBUG]     com.fasterxml.jackson.core:jackson-annotations:jar:2.5.4:compile (selected for compile)
[DEBUG]   org.hibernate:hibernate-validator:jar:5.2.2.Final:compile (selected for compile)
[DEBUG]     javax.validation:validation-api:jar:1.1.0.Final:compile (selected for compile)
[DEBUG]     org.jboss.logging:jboss-logging:jar:3.2.1.Final:compile (selected for compile)
[DEBUG]     com.fasterxml:classmate:jar:1.1.0:compile (selected for compile)
[DEBUG]   javax.el:javax.el-api:jar:2.2.4:compile (selected for compile)
[DEBUG]   org.glassfish.web:javax.el:jar:2.2.4:compile (selected for compile)
[DEBUG]   org.slf4j:slf4j-api:jar:1.7.5:compile (selected for compile)
[DEBUG]   org.eclipse.jetty:jetty-webapp:jar:9.2.14.v20151106:compile (selected for compile)
[DEBUG]     org.eclipse.jetty:jetty-xml:jar:9.2.14.v20151106:compile (selected for compile)
[DEBUG]     org.eclipse.jetty:jetty-servlet:jar:9.2.14.v20151106:compile (selected for compile)
[DEBUG]       org.eclipse.jetty:jetty-security:jar:9.2.14.v20151106:compile (selected for compile)
[DEBUG]   org.glassfish.jersey.containers:jersey-container-servlet:jar:2.22.1:compile (selected for compile)
[DEBUG]     org.glassfish.jersey.containers:jersey-container-servlet-core:jar:2.22.1:compile (selected for compile)
[DEBUG]       org.glassfish.jersey.core:jersey-server:jar:2.22.1:compile (selected for compile)
[DEBUG]         org.glassfish.jersey.core:jersey-client:jar:2.22.1:compile (selected for compile)
[DEBUG]         org.glassfish.jersey.media:jersey-media-jaxb:jar:2.22.1:compile (selected for compile)
[DEBUG]     org.glassfish.jersey.core:jersey-server:jar:2.22.1:compile (selected for compile)
[DEBUG]       org.glassfish.jersey.core:jersey-client:jar:2.22.1:compile (selected for compile)
[DEBUG]       org.glassfish.jersey.media:jersey-media-jaxb:jar:2.22.1:compile (selected for compile)
[DEBUG]   org.glassfish.jersey.core:jersey-client:jar:2.22.1:compile (selected for compile)
[DEBUG]   org.glassfish.jersey.core:jersey-server:jar:2.22.1:compile (selected for compile)
[DEBUG]     org.glassfish.jersey.media:jersey-media-jaxb:jar:2.22.1:compile (selected for compile)
[DEBUG]   io.electrum:giftcard-service-interface:jar:2.0.0:compile (selected for compile)
[DEBUG]     io.electrum:service-interface-base:jar:2.0.9:compile (selected for compile)
[DEBUG]       io.swagger:swagger-jersey2-jaxrs:jar:1.5.9:compile (selected for compile)
[DEBUG]         io.swagger:swagger-jaxrs:jar:1.5.9:compile (selected for compile)
[DEBUG]           com.fasterxml.jackson.dataformat:jackson-dataformat-yaml:jar:2.4.5:compile (selected for compile)
[DEBUG]             com.fasterxml.jackson.core:jackson-core:jar:2.4.5:compile (applying version: 2.5.4)
[DEBUG]             org.yaml:snakeyaml:jar:1.12:compile (selected for compile)
[DEBUG]           com.fasterxml.jackson.dataformat:jackson-dataformat-xml:jar:2.4.5:compile (selected for compile)
[DEBUG]             com.fasterxml.jackson.core:jackson-core:jar:2.4.5:compile (applying version: 2.5.4)
[DEBUG]             com.fasterxml.jackson.core:jackson-databind:jar:2.4.5:compile (applying version: 2.5.4)
[DEBUG]             com.fasterxml.jackson.module:jackson-module-jaxb-annotations:jar:2.4.5:compile (applying version: 2.5.4)
[DEBUG]             org.codehaus.woodstox:stax2-api:jar:3.1.4:compile (selected for compile)
[DEBUG]           io.swagger:swagger-core:jar:1.5.9:compile (selected for compile)
[DEBUG]             org.apache.commons:commons-lang3:jar:3.2.1:compile (selected for compile)
[DEBUG]             org.slf4j:slf4j-api:jar:1.6.3:compile (applying version: 1.7.5)
[DEBUG]             com.fasterxml.jackson.core:jackson-annotations:jar:2.4.5:compile (applying version: 2.5.4)
[DEBUG]             com.fasterxml.jackson.core:jackson-databind:jar:2.4.5:compile (applying version: 2.5.4)
[DEBUG]             com.fasterxml.jackson.datatype:jackson-datatype-joda:jar:2.4.5:compile (selected for compile)
[DEBUG]               com.fasterxml.jackson.core:jackson-core:jar:2.4.5:compile (applying version: 2.5.4)
[DEBUG]               joda-time:joda-time:jar:2.2:compile (applying version: 2.9.4)
[DEBUG]             io.swagger:swagger-models:jar:1.5.9:compile (selected for compile)
[DEBUG]               com.fasterxml.jackson.core:jackson-annotations:jar:2.4.5:compile (applying version: 2.5.4)
[DEBUG]               org.slf4j:slf4j-api:jar:1.6.3:compile (applying version: 1.7.5)
[DEBUG]               io.swagger:swagger-annotations:jar:1.5.9:compile (selected for compile)
[DEBUG]             com.google.guava:guava:jar:18.0:compile (selected for compile)
[DEBUG]           org.reflections:reflections:jar:0.9.10:compile (selected for compile)
[DEBUG]             com.google.guava:guava:jar:15.0:compile (applying version: 18.0)
[DEBUG]             org.javassist:javassist:jar:3.19.0-GA:compile (applying version: 3.18.1-GA)
[DEBUG]             com.google.code.findbugs:annotations:jar:2.0.1:compile (selected for compile)
[DEBUG]           com.google.guava:guava:jar:18.0:compile (selected for compile)
[DEBUG]           com.fasterxml.jackson.jaxrs:jackson-jaxrs-json-provider:jar:2.4.5:compile (applying version: 2.5.4)
[DEBUG]         org.glassfish.jersey.containers:jersey-container-servlet-core:jar:2.1:compile (applying version: 2.22.1)
[DEBUG]         org.glassfish.jersey.media:jersey-media-multipart:jar:2.1:compile (selected for compile)
[DEBUG]           org.glassfish.hk2.external:javax.inject:jar:2.2.0-b10:compile (applying version: 2.4.0-b31)
[DEBUG]           org.glassfish.jersey.core:jersey-server:jar:2.1:compile (applying version: 2.22.1)
[DEBUG]           org.jvnet.mimepull:mimepull:jar:1.8:compile (selected for compile)
[DEBUG]       io.swagger:swagger-hibernate-validations:jar:1.5.9:compile (selected for compile)
[DEBUG]     io.swagger:swagger-jersey2-jaxrs:jar:1.5.9:compile (selected for compile)
[DEBUG]       io.swagger:swagger-jaxrs:jar:1.5.9:compile (selected for compile)
[DEBUG]         com.fasterxml.jackson.dataformat:jackson-dataformat-yaml:jar:2.4.5:compile (selected for compile)
[DEBUG]           com.fasterxml.jackson.core:jackson-core:jar:2.4.5:compile (applying version: 2.5.4)
[DEBUG]           org.yaml:snakeyaml:jar:1.12:compile (selected for compile)
[DEBUG]         com.fasterxml.jackson.dataformat:jackson-dataformat-xml:jar:2.4.5:compile (selected for compile)
[DEBUG]           com.fasterxml.jackson.core:jackson-core:jar:2.4.5:compile (applying version: 2.5.4)
[DEBUG]           com.fasterxml.jackson.core:jackson-databind:jar:2.4.5:compile (applying version: 2.5.4)
[DEBUG]           com.fasterxml.jackson.module:jackson-module-jaxb-annotations:jar:2.4.5:compile (applying version: 2.5.4)
[DEBUG]           org.codehaus.woodstox:stax2-api:jar:3.1.4:compile (selected for compile)
[DEBUG]         io.swagger:swagger-core:jar:1.5.9:compile (selected for compile)
[DEBUG]           org.apache.commons:commons-lang3:jar:3.2.1:compile (selected for compile)
[DEBUG]           org.slf4j:slf4j-api:jar:1.6.3:compile (applying version: 1.7.5)
[DEBUG]           com.fasterxml.jackson.core:jackson-annotations:jar:2.4.5:compile (applying version: 2.5.4)
[DEBUG]           com.fasterxml.jackson.core:jackson-databind:jar:2.4.5:compile (applying version: 2.5.4)
[DEBUG]           com.fasterxml.jackson.datatype:jackson-datatype-joda:jar:2.4.5:compile (selected for compile)
[DEBUG]             com.fasterxml.jackson.core:jackson-core:jar:2.4.5:compile (applying version: 2.5.4)
[DEBUG]             joda-time:joda-time:jar:2.2:compile (applying version: 2.9.4)
[DEBUG]           io.swagger:swagger-models:jar:1.5.9:compile (selected for compile)
[DEBUG]             com.fasterxml.jackson.core:jackson-annotations:jar:2.4.5:compile (applying version: 2.5.4)
[DEBUG]             org.slf4j:slf4j-api:jar:1.6.3:compile (applying version: 1.7.5)
[DEBUG]             io.swagger:swagger-annotations:jar:1.5.9:compile (selected for compile)
[DEBUG]           com.google.guava:guava:jar:18.0:compile (selected for compile)
[DEBUG]         org.reflections:reflections:jar:0.9.10:compile (selected for compile)
[DEBUG]           com.google.guava:guava:jar:15.0:compile (applying version: 18.0)
[DEBUG]           org.javassist:javassist:jar:3.19.0-GA:compile (applying version: 3.18.1-GA)
[DEBUG]           com.google.code.findbugs:annotations:jar:2.0.1:compile (selected for compile)
[DEBUG]         com.google.guava:guava:jar:18.0:compile (selected for compile)
[DEBUG]         com.fasterxml.jackson.jaxrs:jackson-jaxrs-json-provider:jar:2.4.5:compile (applying version: 2.5.4)
[DEBUG]       org.glassfish.jersey.containers:jersey-container-servlet-core:jar:2.1:compile (applying version: 2.22.1)
[DEBUG]       org.glassfish.jersey.media:jersey-media-multipart:jar:2.1:compile (selected for compile)
[DEBUG]         org.glassfish.hk2.external:javax.inject:jar:2.2.0-b10:compile (applying version: 2.4.0-b31)
[DEBUG]         org.glassfish.jersey.core:jersey-server:jar:2.1:compile (applying version: 2.22.1)
[DEBUG]         org.jvnet.mimepull:mimepull:jar:1.8:compile (selected for compile)
[DEBUG]     io.swagger:swagger-hibernate-validations:jar:1.5.9:compile (selected for compile)
[DEBUG]   ch.qos.logback:logback-classic:jar:1.0.13:compile (selected for compile)
[DEBUG]     ch.qos.logback:logback-core:jar:1.0.13:compile (selected for compile)
[DEBUG]   io.swagger:swagger-jersey2-jaxrs:jar:1.5.9:compile (selected for compile)
[DEBUG]     io.swagger:swagger-jaxrs:jar:1.5.9:compile (selected for compile)
[DEBUG]       com.fasterxml.jackson.dataformat:jackson-dataformat-yaml:jar:2.4.5:compile (selected for compile)
[DEBUG]         com.fasterxml.jackson.core:jackson-core:jar:2.4.5:compile (applying version: 2.5.4)
[DEBUG]         org.yaml:snakeyaml:jar:1.12:compile (selected for compile)
[DEBUG]       com.fasterxml.jackson.dataformat:jackson-dataformat-xml:jar:2.4.5:compile (selected for compile)
[DEBUG]         com.fasterxml.jackson.core:jackson-core:jar:2.4.5:compile (applying version: 2.5.4)
[DEBUG]         com.fasterxml.jackson.core:jackson-databind:jar:2.4.5:compile (applying version: 2.5.4)
[DEBUG]         com.fasterxml.jackson.module:jackson-module-jaxb-annotations:jar:2.4.5:compile (applying version: 2.5.4)
[DEBUG]         org.codehaus.woodstox:stax2-api:jar:3.1.4:compile (selected for compile)
[DEBUG]       io.swagger:swagger-core:jar:1.5.9:compile (selected for compile)
[DEBUG]         org.apache.commons:commons-lang3:jar:3.2.1:compile (selected for compile)
[DEBUG]         org.slf4j:slf4j-api:jar:1.6.3:compile (applying version: 1.7.5)
[DEBUG]         com.fasterxml.jackson.core:jackson-annotations:jar:2.4.5:compile (applying version: 2.5.4)
[DEBUG]         com.fasterxml.jackson.core:jackson-databind:jar:2.4.5:compile (applying version: 2.5.4)
[DEBUG]         com.fasterxml.jackson.datatype:jackson-datatype-joda:jar:2.4.5:compile (selected for compile)
[DEBUG]           com.fasterxml.jackson.core:jackson-core:jar:2.4.5:compile (applying version: 2.5.4)
[DEBUG]           joda-time:joda-time:jar:2.2:compile (applying version: 2.9.4)
[DEBUG]         io.swagger:swagger-models:jar:1.5.9:compile (selected for compile)
[DEBUG]           com.fasterxml.jackson.core:jackson-annotations:jar:2.4.5:compile (applying version: 2.5.4)
[DEBUG]           org.slf4j:slf4j-api:jar:1.6.3:compile (applying version: 1.7.5)
[DEBUG]           io.swagger:swagger-annotations:jar:1.5.9:compile (selected for compile)
[DEBUG]         com.google.guava:guava:jar:18.0:compile (selected for compile)
[DEBUG]       org.reflections:reflections:jar:0.9.10:compile (selected for compile)
[DEBUG]         com.google.guava:guava:jar:15.0:compile (applying version: 18.0)
[DEBUG]         org.javassist:javassist:jar:3.19.0-GA:compile (applying version: 3.18.1-GA)
[DEBUG]         com.google.code.findbugs:annotations:jar:2.0.1:compile (selected for compile)
[DEBUG]       com.google.guava:guava:jar:18.0:compile (selected for compile)
[DEBUG]       com.fasterxml.jackson.jaxrs:jackson-jaxrs-json-provider:jar:2.4.5:compile (applying version: 2.5.4)
[DEBUG]     org.glassfish.jersey.containers:jersey-container-servlet-core:jar:2.1:compile (applying version: 2.22.1)
[DEBUG]     org.glassfish.jersey.media:jersey-media-multipart:jar:2.1:compile (selected for compile)
[DEBUG]       org.glassfish.hk2.external:javax.inject:jar:2.2.0-b10:compile (applying version: 2.4.0-b31)
[DEBUG]       org.glassfish.jersey.core:jersey-server:jar:2.1:compile (applying version: 2.22.1)
[DEBUG]       org.jvnet.mimepull:mimepull:jar:1.8:compile (selected for compile)
[DEBUG] While resolving dependencies of io.electrum:giftcard-service-test-pack:jar:1.0.0:
[DEBUG] Statistics for Scope filter [null-scope=true, compile=true, runtime=true, test=false, provided=false, system=false]

[DEBUG] The following scope filters were not used: 
o Runtime
o Test
o Provided
[DEBUG] The following artifacts were removed by this filter: 
com.sun:tools:jar:1.7.0_79
jdk:srczip:jar:999
com.sun:tools:jar:1.7.0_79
jdk:srczip:jar:999
jdk:srczip:jar:999
com.sun:tools:jar:1.7.0_79
jdk:srczip:jar:999
jdk:srczip:jar:999
com.sun:tools:jar:1.7.0_79
jdk:srczip:jar:999
[DEBUG] Filtering dependency artifacts WITHOUT transitive dependency path information.
[DEBUG] Adding 63 dependency artifacts.
[DEBUG] Unpacking artifact: net.sourceforge.javacsv:javacsv:jar:2.0 to assembly location: .
[DEBUG] Unpacking artifact contents for: net.sourceforge.javacsv:javacsv:jar:2.0:compile to: 
[DEBUG] includes:
**/*

[DEBUG] excludes:
none

[DEBUG] Adding archived file-set in: /Users/timwhelan/.m2/repository/net/sourceforge/javacsv/javacsv/2.0/javacsv-2.0.jar to archive location: 
[DEBUG] Unpacking artifact: joda-time:joda-time:jar:2.9.4 to assembly location: .
[DEBUG] Unpacking artifact contents for: joda-time:joda-time:jar:2.9.4:compile to: 
[DEBUG] includes:
**/*

[DEBUG] excludes:
none

[DEBUG] Adding archived file-set in: /Users/timwhelan/.m2/repository/joda-time/joda-time/2.9.4/joda-time-2.9.4.jar to archive location: 
[DEBUG] Unpacking artifact: org.eclipse.jetty:jetty-server:jar:9.2.14.v20151106 to assembly location: .
[DEBUG] Unpacking artifact contents for: org.eclipse.jetty:jetty-server:jar:9.2.14.v20151106:compile to: 
[DEBUG] includes:
**/*

[DEBUG] excludes:
none

[DEBUG] Adding archived file-set in: /Users/timwhelan/.m2/repository/org/eclipse/jetty/jetty-server/9.2.14.v20151106/jetty-server-9.2.14.v20151106.jar to archive location: 
[DEBUG] Unpacking artifact: javax.servlet:javax.servlet-api:jar:3.1.0 to assembly location: .
[DEBUG] Unpacking artifact contents for: javax.servlet:javax.servlet-api:jar:3.1.0:compile to: 
[DEBUG] includes:
**/*

[DEBUG] excludes:
none

[DEBUG] Adding archived file-set in: /Users/timwhelan/.m2/repository/javax/servlet/javax.servlet-api/3.1.0/javax.servlet-api-3.1.0.jar to archive location: 
[DEBUG] Unpacking artifact: org.eclipse.jetty:jetty-http:jar:9.2.14.v20151106 to assembly location: .
[DEBUG] Unpacking artifact contents for: org.eclipse.jetty:jetty-http:jar:9.2.14.v20151106:compile to: 
[DEBUG] includes:
**/*

[DEBUG] excludes:
none

[DEBUG] Adding archived file-set in: /Users/timwhelan/.m2/repository/org/eclipse/jetty/jetty-http/9.2.14.v20151106/jetty-http-9.2.14.v20151106.jar to archive location: 
[DEBUG] Unpacking artifact: org.eclipse.jetty:jetty-util:jar:9.2.14.v20151106 to assembly location: .
[DEBUG] Unpacking artifact contents for: org.eclipse.jetty:jetty-util:jar:9.2.14.v20151106:compile to: 
[DEBUG] includes:
**/*

[DEBUG] excludes:
none

[DEBUG] Adding archived file-set in: /Users/timwhelan/.m2/repository/org/eclipse/jetty/jetty-util/9.2.14.v20151106/jetty-util-9.2.14.v20151106.jar to archive location: 
[DEBUG] Unpacking artifact: org.eclipse.jetty:jetty-io:jar:9.2.14.v20151106 to assembly location: .
[DEBUG] Unpacking artifact contents for: org.eclipse.jetty:jetty-io:jar:9.2.14.v20151106:compile to: 
[DEBUG] includes:
**/*

[DEBUG] excludes:
none

[DEBUG] Adding archived file-set in: /Users/timwhelan/.m2/repository/org/eclipse/jetty/jetty-io/9.2.14.v20151106/jetty-io-9.2.14.v20151106.jar to archive location: 
[DEBUG] Unpacking artifact: org.glassfish.jersey.core:jersey-common:jar:2.22.1 to assembly location: .
[DEBUG] Unpacking artifact contents for: org.glassfish.jersey.core:jersey-common:jar:2.22.1:compile to: 
[DEBUG] includes:
**/*

[DEBUG] excludes:
none

[DEBUG] Adding archived file-set in: /Users/timwhelan/.m2/repository/org/glassfish/jersey/core/jersey-common/2.22.1/jersey-common-2.22.1.jar to archive location: 
[DEBUG] Unpacking artifact: javax.ws.rs:javax.ws.rs-api:jar:2.0.1 to assembly location: .
[DEBUG] Unpacking artifact contents for: javax.ws.rs:javax.ws.rs-api:jar:2.0.1:compile to: 
[DEBUG] includes:
**/*

[DEBUG] excludes:
none

[DEBUG] Adding archived file-set in: /Users/timwhelan/.m2/repository/javax/ws/rs/javax.ws.rs-api/2.0.1/javax.ws.rs-api-2.0.1.jar to archive location: 
[DEBUG] Unpacking artifact: javax.annotation:javax.annotation-api:jar:1.2 to assembly location: .
[DEBUG] Unpacking artifact contents for: javax.annotation:javax.annotation-api:jar:1.2:compile to: 
[DEBUG] includes:
**/*

[DEBUG] excludes:
none

[DEBUG] Adding archived file-set in: /Users/timwhelan/.m2/repository/javax/annotation/javax.annotation-api/1.2/javax.annotation-api-1.2.jar to archive location: 
[DEBUG] Unpacking artifact: org.glassfish.jersey.bundles.repackaged:jersey-guava:jar:2.22.1 to assembly location: .
[DEBUG] Unpacking artifact contents for: org.glassfish.jersey.bundles.repackaged:jersey-guava:jar:2.22.1:compile to: 
[DEBUG] includes:
**/*

[DEBUG] excludes:
none

[DEBUG] Adding archived file-set in: /Users/timwhelan/.m2/repository/org/glassfish/jersey/bundles/repackaged/jersey-guava/2.22.1/jersey-guava-2.22.1.jar to archive location: 
[DEBUG] Unpacking artifact: org.glassfish.hk2:hk2-api:jar:2.4.0-b31 to assembly location: .
[DEBUG] Unpacking artifact contents for: org.glassfish.hk2:hk2-api:jar:2.4.0-b31:compile to: 
[DEBUG] includes:
**/*

[DEBUG] excludes:
none

[DEBUG] Adding archived file-set in: /Users/timwhelan/.m2/repository/org/glassfish/hk2/hk2-api/2.4.0-b31/hk2-api-2.4.0-b31.jar to archive location: 
[DEBUG] Unpacking artifact: org.glassfish.hk2:hk2-utils:jar:2.4.0-b31 to assembly location: .
[DEBUG] Unpacking artifact contents for: org.glassfish.hk2:hk2-utils:jar:2.4.0-b31:compile to: 
[DEBUG] includes:
**/*

[DEBUG] excludes:
none

[DEBUG] Adding archived file-set in: /Users/timwhelan/.m2/repository/org/glassfish/hk2/hk2-utils/2.4.0-b31/hk2-utils-2.4.0-b31.jar to archive location: 
[DEBUG] Unpacking artifact: org.glassfish.hk2.external:aopalliance-repackaged:jar:2.4.0-b31 to assembly location: .
[DEBUG] Unpacking artifact contents for: org.glassfish.hk2.external:aopalliance-repackaged:jar:2.4.0-b31:compile to: 
[DEBUG] includes:
**/*

[DEBUG] excludes:
none

[DEBUG] Adding archived file-set in: /Users/timwhelan/.m2/repository/org/glassfish/hk2/external/aopalliance-repackaged/2.4.0-b31/aopalliance-repackaged-2.4.0-b31.jar to archive location: 
[DEBUG] Unpacking artifact: org.glassfish.hk2.external:javax.inject:jar:2.4.0-b31 to assembly location: .
[DEBUG] Unpacking artifact contents for: org.glassfish.hk2.external:javax.inject:jar:2.4.0-b31:compile to: 
[DEBUG] includes:
**/*

[DEBUG] excludes:
none

[DEBUG] Adding archived file-set in: /Users/timwhelan/.m2/repository/org/glassfish/hk2/external/javax.inject/2.4.0-b31/javax.inject-2.4.0-b31.jar to archive location: 
[DEBUG] Unpacking artifact: org.glassfish.hk2:hk2-locator:jar:2.4.0-b31 to assembly location: .
[DEBUG] Unpacking artifact contents for: org.glassfish.hk2:hk2-locator:jar:2.4.0-b31:compile to: 
[DEBUG] includes:
**/*

[DEBUG] excludes:
none

[DEBUG] Adding archived file-set in: /Users/timwhelan/.m2/repository/org/glassfish/hk2/hk2-locator/2.4.0-b31/hk2-locator-2.4.0-b31.jar to archive location: 
[DEBUG] Unpacking artifact: org.javassist:javassist:jar:3.18.1-GA to assembly location: .
[DEBUG] Unpacking artifact contents for: org.javassist:javassist:jar:3.18.1-GA:compile to: 
[DEBUG] includes:
**/*

[DEBUG] excludes:
none

[DEBUG] Adding archived file-set in: /Users/timwhelan/.m2/repository/org/javassist/javassist/3.18.1-GA/javassist-3.18.1-GA.jar to archive location: 
[DEBUG] Unpacking artifact: org.glassfish.hk2:osgi-resource-locator:jar:1.0.1 to assembly location: .
[DEBUG] Unpacking artifact contents for: org.glassfish.hk2:osgi-resource-locator:jar:1.0.1:compile to: 
[DEBUG] includes:
**/*

[DEBUG] excludes:
none

[DEBUG] Adding archived file-set in: /Users/timwhelan/.m2/repository/org/glassfish/hk2/osgi-resource-locator/1.0.1/osgi-resource-locator-1.0.1.jar to archive location: 
[DEBUG] Unpacking artifact: org.glassfish.jersey.media:jersey-media-json-jackson:jar:2.22.1 to assembly location: .
[DEBUG] Unpacking artifact contents for: org.glassfish.jersey.media:jersey-media-json-jackson:jar:2.22.1:compile to: 
[DEBUG] includes:
**/*

[DEBUG] excludes:
none

[DEBUG] Adding archived file-set in: /Users/timwhelan/.m2/repository/org/glassfish/jersey/media/jersey-media-json-jackson/2.22.1/jersey-media-json-jackson-2.22.1.jar to archive location: 
[DEBUG] Unpacking artifact: org.glassfish.jersey.ext:jersey-entity-filtering:jar:2.22.1 to assembly location: .
[DEBUG] Unpacking artifact contents for: org.glassfish.jersey.ext:jersey-entity-filtering:jar:2.22.1:compile to: 
[DEBUG] includes:
**/*

[DEBUG] excludes:
none

[DEBUG] Adding archived file-set in: /Users/timwhelan/.m2/repository/org/glassfish/jersey/ext/jersey-entity-filtering/2.22.1/jersey-entity-filtering-2.22.1.jar to archive location: 
[DEBUG] Unpacking artifact: com.fasterxml.jackson.jaxrs:jackson-jaxrs-base:jar:2.5.4 to assembly location: .
[DEBUG] Unpacking artifact contents for: com.fasterxml.jackson.jaxrs:jackson-jaxrs-base:jar:2.5.4:compile to: 
[DEBUG] includes:
**/*

[DEBUG] excludes:
none

[DEBUG] Adding archived file-set in: /Users/timwhelan/.m2/repository/com/fasterxml/jackson/jaxrs/jackson-jaxrs-base/2.5.4/jackson-jaxrs-base-2.5.4.jar to archive location: 
[DEBUG] Unpacking artifact: com.fasterxml.jackson.core:jackson-core:jar:2.5.4 to assembly location: .
[DEBUG] Unpacking artifact contents for: com.fasterxml.jackson.core:jackson-core:jar:2.5.4:compile to: 
[DEBUG] includes:
**/*

[DEBUG] excludes:
none

[DEBUG] Adding archived file-set in: /Users/timwhelan/.m2/repository/com/fasterxml/jackson/core/jackson-core/2.5.4/jackson-core-2.5.4.jar to archive location: 
[DEBUG] Unpacking artifact: com.fasterxml.jackson.core:jackson-databind:jar:2.5.4 to assembly location: .
[DEBUG] Unpacking artifact contents for: com.fasterxml.jackson.core:jackson-databind:jar:2.5.4:compile to: 
[DEBUG] includes:
**/*

[DEBUG] excludes:
none

[DEBUG] Adding archived file-set in: /Users/timwhelan/.m2/repository/com/fasterxml/jackson/core/jackson-databind/2.5.4/jackson-databind-2.5.4.jar to archive location: 
[DEBUG] Unpacking artifact: com.fasterxml.jackson.core:jackson-annotations:jar:2.5.4 to assembly location: .
[DEBUG] Unpacking artifact contents for: com.fasterxml.jackson.core:jackson-annotations:jar:2.5.4:compile to: 
[DEBUG] includes:
**/*

[DEBUG] excludes:
none

[DEBUG] Adding archived file-set in: /Users/timwhelan/.m2/repository/com/fasterxml/jackson/core/jackson-annotations/2.5.4/jackson-annotations-2.5.4.jar to archive location: 
[DEBUG] Unpacking artifact: com.fasterxml.jackson.jaxrs:jackson-jaxrs-json-provider:jar:2.5.4 to assembly location: .
[DEBUG] Unpacking artifact contents for: com.fasterxml.jackson.jaxrs:jackson-jaxrs-json-provider:jar:2.5.4:compile to: 
[DEBUG] includes:
**/*

[DEBUG] excludes:
none

[DEBUG] Adding archived file-set in: /Users/timwhelan/.m2/repository/com/fasterxml/jackson/jaxrs/jackson-jaxrs-json-provider/2.5.4/jackson-jaxrs-json-provider-2.5.4.jar to archive location: 
[DEBUG] Unpacking artifact: com.fasterxml.jackson.module:jackson-module-jaxb-annotations:jar:2.5.4 to assembly location: .
[DEBUG] Unpacking artifact contents for: com.fasterxml.jackson.module:jackson-module-jaxb-annotations:jar:2.5.4:compile to: 
[DEBUG] includes:
**/*

[DEBUG] excludes:
none

[DEBUG] Adding archived file-set in: /Users/timwhelan/.m2/repository/com/fasterxml/jackson/module/jackson-module-jaxb-annotations/2.5.4/jackson-module-jaxb-annotations-2.5.4.jar to archive location: 
[DEBUG] Unpacking artifact: org.hibernate:hibernate-validator:jar:5.2.2.Final to assembly location: .
[DEBUG] Unpacking artifact contents for: org.hibernate:hibernate-validator:jar:5.2.2.Final:compile to: 
[DEBUG] includes:
**/*

[DEBUG] excludes:
none

[DEBUG] Adding archived file-set in: /Users/timwhelan/.m2/repository/org/hibernate/hibernate-validator/5.2.2.Final/hibernate-validator-5.2.2.Final.jar to archive location: 
[DEBUG] Unpacking artifact: javax.validation:validation-api:jar:1.1.0.Final to assembly location: .
[DEBUG] Unpacking artifact contents for: javax.validation:validation-api:jar:1.1.0.Final:compile to: 
[DEBUG] includes:
**/*

[DEBUG] excludes:
none

[DEBUG] Adding archived file-set in: /Users/timwhelan/.m2/repository/javax/validation/validation-api/1.1.0.Final/validation-api-1.1.0.Final.jar to archive location: 
[DEBUG] Unpacking artifact: org.jboss.logging:jboss-logging:jar:3.2.1.Final to assembly location: .
[DEBUG] Unpacking artifact contents for: org.jboss.logging:jboss-logging:jar:3.2.1.Final:compile to: 
[DEBUG] includes:
**/*

[DEBUG] excludes:
none

[DEBUG] Adding archived file-set in: /Users/timwhelan/.m2/repository/org/jboss/logging/jboss-logging/3.2.1.Final/jboss-logging-3.2.1.Final.jar to archive location: 
[DEBUG] Unpacking artifact: com.fasterxml:classmate:jar:1.1.0 to assembly location: .
[DEBUG] Unpacking artifact contents for: com.fasterxml:classmate:jar:1.1.0:compile to: 
[DEBUG] includes:
**/*

[DEBUG] excludes:
none

[DEBUG] Adding archived file-set in: /Users/timwhelan/.m2/repository/com/fasterxml/classmate/1.1.0/classmate-1.1.0.jar to archive location: 
[DEBUG] Unpacking artifact: javax.el:javax.el-api:jar:2.2.4 to assembly location: .
[DEBUG] Unpacking artifact contents for: javax.el:javax.el-api:jar:2.2.4:compile to: 
[DEBUG] includes:
**/*

[DEBUG] excludes:
none

[DEBUG] Adding archived file-set in: /Users/timwhelan/.m2/repository/javax/el/javax.el-api/2.2.4/javax.el-api-2.2.4.jar to archive location: 
[DEBUG] Unpacking artifact: org.glassfish.web:javax.el:jar:2.2.4 to assembly location: .
[DEBUG] Unpacking artifact contents for: org.glassfish.web:javax.el:jar:2.2.4:compile to: 
[DEBUG] includes:
**/*

[DEBUG] excludes:
none

[DEBUG] Adding archived file-set in: /Users/timwhelan/.m2/repository/org/glassfish/web/javax.el/2.2.4/javax.el-2.2.4.jar to archive location: 
[DEBUG] Unpacking artifact: org.slf4j:slf4j-api:jar:1.7.5 to assembly location: .
[DEBUG] Unpacking artifact contents for: org.slf4j:slf4j-api:jar:1.7.5:compile to: 
[DEBUG] includes:
**/*

[DEBUG] excludes:
none

[DEBUG] Adding archived file-set in: /Users/timwhelan/.m2/repository/org/slf4j/slf4j-api/1.7.5/slf4j-api-1.7.5.jar to archive location: 
[DEBUG] Unpacking artifact: org.eclipse.jetty:jetty-webapp:jar:9.2.14.v20151106 to assembly location: .
[DEBUG] Unpacking artifact contents for: org.eclipse.jetty:jetty-webapp:jar:9.2.14.v20151106:compile to: 
[DEBUG] includes:
**/*

[DEBUG] excludes:
none

[DEBUG] Adding archived file-set in: /Users/timwhelan/.m2/repository/org/eclipse/jetty/jetty-webapp/9.2.14.v20151106/jetty-webapp-9.2.14.v20151106.jar to archive location: 
[DEBUG] Unpacking artifact: org.eclipse.jetty:jetty-xml:jar:9.2.14.v20151106 to assembly location: .
[DEBUG] Unpacking artifact contents for: org.eclipse.jetty:jetty-xml:jar:9.2.14.v20151106:compile to: 
[DEBUG] includes:
**/*

[DEBUG] excludes:
none

[DEBUG] Adding archived file-set in: /Users/timwhelan/.m2/repository/org/eclipse/jetty/jetty-xml/9.2.14.v20151106/jetty-xml-9.2.14.v20151106.jar to archive location: 
[DEBUG] Unpacking artifact: org.eclipse.jetty:jetty-servlet:jar:9.2.14.v20151106 to assembly location: .
[DEBUG] Unpacking artifact contents for: org.eclipse.jetty:jetty-servlet:jar:9.2.14.v20151106:compile to: 
[DEBUG] includes:
**/*

[DEBUG] excludes:
none

[DEBUG] Adding archived file-set in: /Users/timwhelan/.m2/repository/org/eclipse/jetty/jetty-servlet/9.2.14.v20151106/jetty-servlet-9.2.14.v20151106.jar to archive location: 
[DEBUG] Unpacking artifact: org.eclipse.jetty:jetty-security:jar:9.2.14.v20151106 to assembly location: .
[DEBUG] Unpacking artifact contents for: org.eclipse.jetty:jetty-security:jar:9.2.14.v20151106:compile to: 
[DEBUG] includes:
**/*

[DEBUG] excludes:
none

[DEBUG] Adding archived file-set in: /Users/timwhelan/.m2/repository/org/eclipse/jetty/jetty-security/9.2.14.v20151106/jetty-security-9.2.14.v20151106.jar to archive location: 
[DEBUG] Unpacking artifact: org.glassfish.jersey.containers:jersey-container-servlet:jar:2.22.1 to assembly location: .
[DEBUG] Unpacking artifact contents for: org.glassfish.jersey.containers:jersey-container-servlet:jar:2.22.1:compile to: 
[DEBUG] includes:
**/*

[DEBUG] excludes:
none

[DEBUG] Adding archived file-set in: /Users/timwhelan/.m2/repository/org/glassfish/jersey/containers/jersey-container-servlet/2.22.1/jersey-container-servlet-2.22.1.jar to archive location: 
[DEBUG] Unpacking artifact: org.glassfish.jersey.containers:jersey-container-servlet-core:jar:2.22.1 to assembly location: .
[DEBUG] Unpacking artifact contents for: org.glassfish.jersey.containers:jersey-container-servlet-core:jar:2.22.1:compile to: 
[DEBUG] includes:
**/*

[DEBUG] excludes:
none

[DEBUG] Adding archived file-set in: /Users/timwhelan/.m2/repository/org/glassfish/jersey/containers/jersey-container-servlet-core/2.22.1/jersey-container-servlet-core-2.22.1.jar to archive location: 
[DEBUG] Unpacking artifact: org.glassfish.jersey.core:jersey-server:jar:2.22.1 to assembly location: .
[DEBUG] Unpacking artifact contents for: org.glassfish.jersey.core:jersey-server:jar:2.22.1:compile to: 
[DEBUG] includes:
**/*

[DEBUG] excludes:
none

[DEBUG] Adding archived file-set in: /Users/timwhelan/.m2/repository/org/glassfish/jersey/core/jersey-server/2.22.1/jersey-server-2.22.1.jar to archive location: 
[DEBUG] Unpacking artifact: org.glassfish.jersey.core:jersey-client:jar:2.22.1 to assembly location: .
[DEBUG] Unpacking artifact contents for: org.glassfish.jersey.core:jersey-client:jar:2.22.1:compile to: 
[DEBUG] includes:
**/*

[DEBUG] excludes:
none

[DEBUG] Adding archived file-set in: /Users/timwhelan/.m2/repository/org/glassfish/jersey/core/jersey-client/2.22.1/jersey-client-2.22.1.jar to archive location: 
[DEBUG] Unpacking artifact: org.glassfish.jersey.media:jersey-media-jaxb:jar:2.22.1 to assembly location: .
[DEBUG] Unpacking artifact contents for: org.glassfish.jersey.media:jersey-media-jaxb:jar:2.22.1:compile to: 
[DEBUG] includes:
**/*

[DEBUG] excludes:
none

[DEBUG] Adding archived file-set in: /Users/timwhelan/.m2/repository/org/glassfish/jersey/media/jersey-media-jaxb/2.22.1/jersey-media-jaxb-2.22.1.jar to archive location: 
[DEBUG] Unpacking artifact: io.electrum:giftcard-service-interface:jar:2.0.0 to assembly location: .
[DEBUG] Unpacking artifact contents for: io.electrum:giftcard-service-interface:jar:2.0.0:compile to: 
[DEBUG] includes:
**/*

[DEBUG] excludes:
none

[DEBUG] Adding archived file-set in: /Users/timwhelan/.m2/repository/io/electrum/giftcard-service-interface/2.0.0/giftcard-service-interface-2.0.0.jar to archive location: 
[DEBUG] Unpacking artifact: io.electrum:service-interface-base:jar:2.0.9 to assembly location: .
[DEBUG] Unpacking artifact contents for: io.electrum:service-interface-base:jar:2.0.9:compile to: 
[DEBUG] includes:
**/*

[DEBUG] excludes:
none

[DEBUG] Adding archived file-set in: /Users/timwhelan/.m2/repository/io/electrum/service-interface-base/2.0.9/service-interface-base-2.0.9.jar to archive location: 
[DEBUG] Unpacking artifact: io.swagger:swagger-jersey2-jaxrs:jar:1.5.9 to assembly location: .
[DEBUG] Unpacking artifact contents for: io.swagger:swagger-jersey2-jaxrs:jar:1.5.9:compile to: 
[DEBUG] includes:
**/*

[DEBUG] excludes:
none

[DEBUG] Adding archived file-set in: /Users/timwhelan/.m2/repository/io/swagger/swagger-jersey2-jaxrs/1.5.9/swagger-jersey2-jaxrs-1.5.9.jar to archive location: 
[DEBUG] Unpacking artifact: io.swagger:swagger-jaxrs:jar:1.5.9 to assembly location: .
[DEBUG] Unpacking artifact contents for: io.swagger:swagger-jaxrs:jar:1.5.9:compile to: 
[DEBUG] includes:
**/*

[DEBUG] excludes:
none

[DEBUG] Adding archived file-set in: /Users/timwhelan/.m2/repository/io/swagger/swagger-jaxrs/1.5.9/swagger-jaxrs-1.5.9.jar to archive location: 
[DEBUG] Unpacking artifact: com.fasterxml.jackson.dataformat:jackson-dataformat-yaml:jar:2.4.5 to assembly location: .
[DEBUG] Unpacking artifact contents for: com.fasterxml.jackson.dataformat:jackson-dataformat-yaml:jar:2.4.5:compile to: 
[DEBUG] includes:
**/*

[DEBUG] excludes:
none

[DEBUG] Adding archived file-set in: /Users/timwhelan/.m2/repository/com/fasterxml/jackson/dataformat/jackson-dataformat-yaml/2.4.5/jackson-dataformat-yaml-2.4.5.jar to archive location: 
[DEBUG] Unpacking artifact: org.yaml:snakeyaml:jar:1.12 to assembly location: .
[DEBUG] Unpacking artifact contents for: org.yaml:snakeyaml:jar:1.12:compile to: 
[DEBUG] includes:
**/*

[DEBUG] excludes:
none

[DEBUG] Adding archived file-set in: /Users/timwhelan/.m2/repository/org/yaml/snakeyaml/1.12/snakeyaml-1.12.jar to archive location: 
[DEBUG] Unpacking artifact: com.fasterxml.jackson.dataformat:jackson-dataformat-xml:jar:2.4.5 to assembly location: .
[DEBUG] Unpacking artifact contents for: com.fasterxml.jackson.dataformat:jackson-dataformat-xml:jar:2.4.5:compile to: 
[DEBUG] includes:
**/*

[DEBUG] excludes:
none

[DEBUG] Adding archived file-set in: /Users/timwhelan/.m2/repository/com/fasterxml/jackson/dataformat/jackson-dataformat-xml/2.4.5/jackson-dataformat-xml-2.4.5.jar to archive location: 
[DEBUG] Unpacking artifact: org.codehaus.woodstox:stax2-api:jar:3.1.4 to assembly location: .
[DEBUG] Unpacking artifact contents for: org.codehaus.woodstox:stax2-api:jar:3.1.4:compile to: 
[DEBUG] includes:
**/*

[DEBUG] excludes:
none

[DEBUG] Adding archived file-set in: /Users/timwhelan/.m2/repository/org/codehaus/woodstox/stax2-api/3.1.4/stax2-api-3.1.4.jar to archive location: 
[DEBUG] Unpacking artifact: io.swagger:swagger-core:jar:1.5.9 to assembly location: .
[DEBUG] Unpacking artifact contents for: io.swagger:swagger-core:jar:1.5.9:compile to: 
[DEBUG] includes:
**/*

[DEBUG] excludes:
none

[DEBUG] Adding archived file-set in: /Users/timwhelan/.m2/repository/io/swagger/swagger-core/1.5.9/swagger-core-1.5.9.jar to archive location: 
[DEBUG] Unpacking artifact: org.apache.commons:commons-lang3:jar:3.2.1 to assembly location: .
[DEBUG] Unpacking artifact contents for: org.apache.commons:commons-lang3:jar:3.2.1:compile to: 
[DEBUG] includes:
**/*

[DEBUG] excludes:
none

[DEBUG] Adding archived file-set in: /Users/timwhelan/.m2/repository/org/apache/commons/commons-lang3/3.2.1/commons-lang3-3.2.1.jar to archive location: 
[DEBUG] Unpacking artifact: com.fasterxml.jackson.datatype:jackson-datatype-joda:jar:2.4.5 to assembly location: .
[DEBUG] Unpacking artifact contents for: com.fasterxml.jackson.datatype:jackson-datatype-joda:jar:2.4.5:compile to: 
[DEBUG] includes:
**/*

[DEBUG] excludes:
none

[DEBUG] Adding archived file-set in: /Users/timwhelan/.m2/repository/com/fasterxml/jackson/datatype/jackson-datatype-joda/2.4.5/jackson-datatype-joda-2.4.5.jar to archive location: 
[DEBUG] Unpacking artifact: io.swagger:swagger-models:jar:1.5.9 to assembly location: .
[DEBUG] Unpacking artifact contents for: io.swagger:swagger-models:jar:1.5.9:compile to: 
[DEBUG] includes:
**/*

[DEBUG] excludes:
none

[DEBUG] Adding archived file-set in: /Users/timwhelan/.m2/repository/io/swagger/swagger-models/1.5.9/swagger-models-1.5.9.jar to archive location: 
[DEBUG] Unpacking artifact: io.swagger:swagger-annotations:jar:1.5.9 to assembly location: .
[DEBUG] Unpacking artifact contents for: io.swagger:swagger-annotations:jar:1.5.9:compile to: 
[DEBUG] includes:
**/*

[DEBUG] excludes:
none

[DEBUG] Adding archived file-set in: /Users/timwhelan/.m2/repository/io/swagger/swagger-annotations/1.5.9/swagger-annotations-1.5.9.jar to archive location: 
[DEBUG] Unpacking artifact: com.google.guava:guava:jar:18.0 to assembly location: .
[DEBUG] Unpacking artifact contents for: com.google.guava:guava:jar:18.0:compile to: 
[DEBUG] includes:
**/*

[DEBUG] excludes:
none

[DEBUG] Adding archived file-set in: /Users/timwhelan/.m2/repository/com/google/guava/guava/18.0/guava-18.0.jar to archive location: 
[DEBUG] Unpacking artifact: org.reflections:reflections:jar:0.9.10 to assembly location: .
[DEBUG] Unpacking artifact contents for: org.reflections:reflections:jar:0.9.10:compile to: 
[DEBUG] includes:
**/*

[DEBUG] excludes:
none

[DEBUG] Adding archived file-set in: /Users/timwhelan/.m2/repository/org/reflections/reflections/0.9.10/reflections-0.9.10.jar to archive location: 
[DEBUG] Unpacking artifact: com.google.code.findbugs:annotations:jar:2.0.1 to assembly location: .
[DEBUG] Unpacking artifact contents for: com.google.code.findbugs:annotations:jar:2.0.1:compile to: 
[DEBUG] includes:
**/*

[DEBUG] excludes:
none

[DEBUG] Adding archived file-set in: /Users/timwhelan/.m2/repository/com/google/code/findbugs/annotations/2.0.1/annotations-2.0.1.jar to archive location: 
[DEBUG] Unpacking artifact: org.glassfish.jersey.media:jersey-media-multipart:jar:2.1 to assembly location: .
[DEBUG] Unpacking artifact contents for: org.glassfish.jersey.media:jersey-media-multipart:jar:2.1:compile to: 
[DEBUG] includes:
**/*

[DEBUG] excludes:
none

[DEBUG] Adding archived file-set in: /Users/timwhelan/.m2/repository/org/glassfish/jersey/media/jersey-media-multipart/2.1/jersey-media-multipart-2.1.jar to archive location: 
[DEBUG] Unpacking artifact: org.jvnet.mimepull:mimepull:jar:1.8 to assembly location: .
[DEBUG] Unpacking artifact contents for: org.jvnet.mimepull:mimepull:jar:1.8:compile to: 
[DEBUG] includes:
**/*

[DEBUG] excludes:
none

[DEBUG] Adding archived file-set in: /Users/timwhelan/.m2/repository/org/jvnet/mimepull/mimepull/1.8/mimepull-1.8.jar to archive location: 
[DEBUG] Unpacking artifact: io.swagger:swagger-hibernate-validations:jar:1.5.9 to assembly location: .
[DEBUG] Unpacking artifact contents for: io.swagger:swagger-hibernate-validations:jar:1.5.9:compile to: 
[DEBUG] includes:
**/*

[DEBUG] excludes:
none

[DEBUG] Adding archived file-set in: /Users/timwhelan/.m2/repository/io/swagger/swagger-hibernate-validations/1.5.9/swagger-hibernate-validations-1.5.9.jar to archive location: 
[DEBUG] Unpacking artifact: ch.qos.logback:logback-classic:jar:1.0.13 to assembly location: .
[DEBUG] Unpacking artifact contents for: ch.qos.logback:logback-classic:jar:1.0.13:compile to: 
[DEBUG] includes:
**/*

[DEBUG] excludes:
none

[DEBUG] Adding archived file-set in: /Users/timwhelan/.m2/repository/ch/qos/logback/logback-classic/1.0.13/logback-classic-1.0.13.jar to archive location: 
[DEBUG] Unpacking artifact: ch.qos.logback:logback-core:jar:1.0.13 to assembly location: .
[DEBUG] Unpacking artifact contents for: ch.qos.logback:logback-core:jar:1.0.13:compile to: 
[DEBUG] includes:
**/*

[DEBUG] excludes:
none

[DEBUG] Adding archived file-set in: /Users/timwhelan/.m2/repository/ch/qos/logback/logback-core/1.0.13/logback-core-1.0.13.jar to archive location: 
[DEBUG] FileSet[] dir perms: -1 file perms: -1
[DEBUG] The archive base directory is 'null'
[DEBUG] NOT reformatting any files in /Users/timwhelan/Documents/workspace/giftcard-service-test-pack/target/classes
[DEBUG] Adding file-set from directory: '/Users/timwhelan/Documents/workspace/giftcard-service-test-pack/target/classes'
assembly output directory is: ''
[DEBUG] Adding file-set in: /Users/timwhelan/Documents/workspace/giftcard-service-test-pack/target/classes to archive location: 
[INFO] META-INF/ already added, skipping
[INFO] META-INF/MANIFEST.MF already added, skipping
[INFO] META-INF/ already added, skipping
[INFO] META-INF/MANIFEST.MF already added, skipping
[INFO] org/ already added, skipping
[INFO] META-INF/maven/ already added, skipping
[INFO] META-INF/ already added, skipping
[INFO] META-INF/MANIFEST.MF already added, skipping
[INFO] META-INF/LICENSE.txt already added, skipping
[INFO] META-INF/maven/ already added, skipping
[INFO] META-INF/ already added, skipping
[INFO] META-INF/MANIFEST.MF already added, skipping
[INFO] org/ already added, skipping
[INFO] org/eclipse/ already added, skipping
[INFO] org/eclipse/jetty/ already added, skipping
[INFO] about.html already added, skipping
[INFO] META-INF/maven/ already added, skipping
[INFO] META-INF/maven/org.eclipse.jetty/ already added, skipping
[INFO] META-INF/ already added, skipping
[INFO] META-INF/MANIFEST.MF already added, skipping
[INFO] org/ already added, skipping
[INFO] org/eclipse/ already added, skipping
[INFO] org/eclipse/jetty/ already added, skipping
[INFO] about.html already added, skipping
[INFO] META-INF/maven/ already added, skipping
[INFO] META-INF/maven/org.eclipse.jetty/ already added, skipping
[INFO] META-INF/ already added, skipping
[INFO] META-INF/MANIFEST.MF already added, skipping
[INFO] org/ already added, skipping
[INFO] org/eclipse/ already added, skipping
[INFO] org/eclipse/jetty/ already added, skipping
[INFO] about.html already added, skipping
[INFO] META-INF/maven/ already added, skipping
[INFO] META-INF/maven/org.eclipse.jetty/ already added, skipping
[INFO] META-INF/MANIFEST.MF already added, skipping
[INFO] META-INF/ already added, skipping
[INFO] META-INF/maven/ already added, skipping
[INFO] org/ already added, skipping
[INFO] META-INF/MANIFEST.MF already added, skipping
[INFO] META-INF/ already added, skipping
[INFO] META-INF/maven/ already added, skipping
[INFO] javax/ already added, skipping
[INFO] META-INF/ already added, skipping
[INFO] META-INF/MANIFEST.MF already added, skipping
[INFO] javax/ already added, skipping
[INFO] META-INF/LICENSE.txt already added, skipping
[INFO] META-INF/maven/ already added, skipping
[INFO] META-INF/MANIFEST.MF already added, skipping
[INFO] META-INF/ already added, skipping
[INFO] META-INF/maven/ already added, skipping
[INFO] META-INF/ already added, skipping
[INFO] META-INF/MANIFEST.MF already added, skipping
[INFO] org/ already added, skipping
[INFO] org/glassfish/ already added, skipping
[INFO] META-INF/maven/ already added, skipping
[INFO] META-INF/ already added, skipping
[INFO] META-INF/MANIFEST.MF already added, skipping
[INFO] META-INF/maven/ already added, skipping
[INFO] org/ already added, skipping
[INFO] org/jvnet/ already added, skipping
[INFO] org/jvnet/hk2/ already added, skipping
[INFO] org/glassfish/ already added, skipping
[INFO] org/glassfish/hk2/ already added, skipping
[INFO] org/glassfish/hk2/utilities/ already added, skipping
[INFO] META-INF/maven/org.glassfish.hk2/ already added, skipping
[INFO] META-INF/ already added, skipping
[INFO] META-INF/MANIFEST.MF already added, skipping
[INFO] org/ already added, skipping
[INFO] META-INF/maven/ already added, skipping
[INFO] META-INF/ already added, skipping
[INFO] META-INF/MANIFEST.MF already added, skipping
[INFO] javax/ already added, skipping
[INFO] META-INF/maven/ already added, skipping
[INFO] META-INF/maven/org.glassfish.hk2.external/ already added, skipping
[INFO] META-INF/ already added, skipping
[INFO] META-INF/MANIFEST.MF already added, skipping
[INFO] org/ already added, skipping
[INFO] org/jvnet/ already added, skipping
[INFO] org/jvnet/hk2/ already added, skipping
[INFO] META-INF/maven/ already added, skipping
[INFO] META-INF/maven/org.glassfish.hk2/ already added, skipping
[INFO] META-INF/MANIFEST.MF already added, skipping
[INFO] META-INF/ already added, skipping
[INFO] META-INF/maven/ already added, skipping
[INFO] META-INF/ already added, skipping
[INFO] META-INF/MANIFEST.MF already added, skipping
[INFO] org/ already added, skipping
[INFO] org/glassfish/ already added, skipping
[INFO] org/glassfish/hk2/ already added, skipping
[INFO] META-INF/maven/ already added, skipping
[INFO] META-INF/maven/org.glassfish.hk2/ already added, skipping
[INFO] META-INF/MANIFEST.MF already added, skipping
[INFO] META-INF/ already added, skipping
[INFO] META-INF/maven/ already added, skipping
[INFO] META-INF/services/ already added, skipping
[INFO] org/ already added, skipping
[INFO] org/glassfish/ already added, skipping
[INFO] org/glassfish/jersey/ already added, skipping
[INFO] META-INF/MANIFEST.MF already added, skipping
[INFO] META-INF/ already added, skipping
[INFO] META-INF/maven/ already added, skipping
[INFO] org/ already added, skipping
[INFO] org/glassfish/ already added, skipping
[INFO] org/glassfish/jersey/ already added, skipping
[INFO] org/glassfish/jersey/message/ already added, skipping
[INFO] META-INF/MANIFEST.MF already added, skipping
[INFO] META-INF/ already added, skipping
[INFO] META-INF/maven/ already added, skipping
[INFO] com/ already added, skipping
[INFO] META-INF/MANIFEST.MF already added, skipping
[INFO] META-INF/ already added, skipping
[INFO] META-INF/maven/ already added, skipping
[INFO] META-INF/services/ already added, skipping
[INFO] com/ already added, skipping
[INFO] com/fasterxml/ already added, skipping
[INFO] com/fasterxml/jackson/ already added, skipping
[INFO] META-INF/MANIFEST.MF already added, skipping
[INFO] META-INF/ already added, skipping
[INFO] META-INF/LICENSE already added, skipping
[INFO] META-INF/NOTICE already added, skipping
[INFO] META-INF/maven/ already added, skipping
[INFO] META-INF/maven/com.fasterxml.jackson.core/ already added, skipping
[INFO] META-INF/services/ already added, skipping
[INFO] com/ already added, skipping
[INFO] com/fasterxml/ already added, skipping
[INFO] com/fasterxml/jackson/ already added, skipping
[INFO] META-INF/MANIFEST.MF already added, skipping
[INFO] META-INF/ already added, skipping
[INFO] META-INF/LICENSE already added, skipping
[INFO] META-INF/maven/ already added, skipping
[INFO] META-INF/maven/com.fasterxml.jackson.core/ already added, skipping
[INFO] com/ already added, skipping
[INFO] com/fasterxml/ already added, skipping
[INFO] com/fasterxml/jackson/ already added, skipping
[INFO] META-INF/MANIFEST.MF already added, skipping
[INFO] META-INF/ already added, skipping
[INFO] META-INF/LICENSE already added, skipping
[INFO] META-INF/NOTICE already added, skipping
[INFO] META-INF/maven/ already added, skipping
[INFO] META-INF/maven/com.fasterxml.jackson.jaxrs/ already added, skipping
[INFO] META-INF/services/ already added, skipping
[INFO] com/ already added, skipping
[INFO] com/fasterxml/ already added, skipping
[INFO] com/fasterxml/jackson/ already added, skipping
[INFO] com/fasterxml/jackson/jaxrs/ already added, skipping
[INFO] META-INF/MANIFEST.MF already added, skipping
[INFO] META-INF/ already added, skipping
[INFO] META-INF/LICENSE already added, skipping
[INFO] META-INF/NOTICE already added, skipping
[INFO] META-INF/maven/ already added, skipping
[INFO] META-INF/services/ already added, skipping
[INFO] com/ already added, skipping
[INFO] com/fasterxml/ already added, skipping
[INFO] com/fasterxml/jackson/ already added, skipping
[INFO] META-INF/ already added, skipping
[INFO] META-INF/MANIFEST.MF already added, skipping
[INFO] org/ already added, skipping
[INFO] META-INF/services/ already added, skipping
[INFO] META-INF/maven/ already added, skipping
[INFO] META-INF/ already added, skipping
[INFO] META-INF/MANIFEST.MF already added, skipping
[INFO] javax/ already added, skipping
[INFO] META-INF/maven/ already added, skipping
[INFO] META-INF/ already added, skipping
[INFO] META-INF/MANIFEST.MF already added, skipping
[INFO] org/ already added, skipping
[INFO] META-INF/LICENSE.txt already added, skipping
[INFO] META-INF/maven/ already added, skipping
[INFO] META-INF/MANIFEST.MF already added, skipping
[INFO] META-INF/ already added, skipping
[INFO] META-INF/LICENSE already added, skipping
[INFO] META-INF/NOTICE already added, skipping
[INFO] META-INF/maven/ already added, skipping
[INFO] com/ already added, skipping
[INFO] com/fasterxml/ already added, skipping
[INFO] META-INF/ already added, skipping
[INFO] META-INF/MANIFEST.MF already added, skipping
[INFO] javax/ already added, skipping
[INFO] META-INF/maven/ already added, skipping
[INFO] META-INF/ already added, skipping
[INFO] META-INF/MANIFEST.MF already added, skipping
[INFO] com/ already added, skipping
[INFO] META-INF/maven/ already added, skipping
[INFO] META-INF/ already added, skipping
[INFO] META-INF/MANIFEST.MF already added, skipping
[INFO] org/ already added, skipping
[INFO] META-INF/maven/ already added, skipping
[INFO] META-INF/ already added, skipping
[INFO] META-INF/MANIFEST.MF already added, skipping
[INFO] org/ already added, skipping
[INFO] org/eclipse/ already added, skipping
[INFO] org/eclipse/jetty/ already added, skipping
[INFO] about.html already added, skipping
[INFO] META-INF/maven/ already added, skipping
[INFO] META-INF/maven/org.eclipse.jetty/ already added, skipping
[INFO] META-INF/ already added, skipping
[INFO] META-INF/MANIFEST.MF already added, skipping
[INFO] org/ already added, skipping
[INFO] org/eclipse/ already added, skipping
[INFO] org/eclipse/jetty/ already added, skipping
[INFO] about.html already added, skipping
[INFO] META-INF/maven/ already added, skipping
[INFO] META-INF/maven/org.eclipse.jetty/ already added, skipping
[INFO] META-INF/ already added, skipping
[INFO] META-INF/MANIFEST.MF already added, skipping
[INFO] org/ already added, skipping
[INFO] org/eclipse/ already added, skipping
[INFO] org/eclipse/jetty/ already added, skipping
[INFO] about.html already added, skipping
[INFO] META-INF/maven/ already added, skipping
[INFO] META-INF/maven/org.eclipse.jetty/ already added, skipping
[INFO] META-INF/ already added, skipping
[INFO] META-INF/MANIFEST.MF already added, skipping
[INFO] org/ already added, skipping
[INFO] org/eclipse/ already added, skipping
[INFO] org/eclipse/jetty/ already added, skipping
[INFO] about.html already added, skipping
[INFO] META-INF/maven/ already added, skipping
[INFO] META-INF/maven/org.eclipse.jetty/ already added, skipping
[INFO] META-INF/MANIFEST.MF already added, skipping
[INFO] META-INF/ already added, skipping
[INFO] META-INF/maven/ already added, skipping
[INFO] META-INF/services/ already added, skipping
[INFO] org/ already added, skipping
[INFO] org/glassfish/ already added, skipping
[INFO] org/glassfish/jersey/ already added, skipping
[INFO] META-INF/MANIFEST.MF already added, skipping
[INFO] META-INF/ already added, skipping
[INFO] META-INF/maven/ already added, skipping
[INFO] META-INF/maven/org.glassfish.jersey.containers/ already added, skipping
[INFO] org/ already added, skipping
[INFO] org/glassfish/ already added, skipping
[INFO] org/glassfish/jersey/ already added, skipping
[INFO] org/glassfish/jersey/servlet/ already added, skipping
[INFO] META-INF/ already added, skipping
[INFO] META-INF/MANIFEST.MF already added, skipping
[INFO] META-INF/maven/ already added, skipping
[INFO] META-INF/maven/org.glassfish.jersey.core/ already added, skipping
[INFO] META-INF/services/ already added, skipping
[INFO] META-INF/services/org.glassfish.jersey.internal.spi.AutoDiscoverable already added, skipping
[INFO] com/ already added, skipping
[INFO] com/sun/ already added, skipping
[INFO] org/ already added, skipping
[INFO] org/glassfish/ already added, skipping
[INFO] org/glassfish/jersey/ already added, skipping
[INFO] jersey/ already added, skipping
[INFO] jersey/repackaged/ already added, skipping
[INFO] META-INF/MANIFEST.MF already added, skipping
[INFO] META-INF/ already added, skipping
[INFO] META-INF/maven/ already added, skipping
[INFO] META-INF/maven/org.glassfish.jersey.core/ already added, skipping
[INFO] org/ already added, skipping
[INFO] org/glassfish/ already added, skipping
[INFO] org/glassfish/jersey/ already added, skipping
[INFO] META-INF/MANIFEST.MF already added, skipping
[INFO] META-INF/ already added, skipping
[INFO] META-INF/maven/ already added, skipping
[INFO] META-INF/maven/org.glassfish.jersey.media/ already added, skipping
[INFO] META-INF/services/ already added, skipping
[INFO] META-INF/services/org.glassfish.jersey.internal.spi.ForcedAutoDiscoverable already added, skipping
[INFO] org/ already added, skipping
[INFO] org/glassfish/ already added, skipping
[INFO] org/glassfish/jersey/ already added, skipping
[INFO] META-INF/ already added, skipping
[INFO] META-INF/MANIFEST.MF already added, skipping
[INFO] META-INF/maven/ already added, skipping
[INFO] META-INF/ already added, skipping
[INFO] META-INF/MANIFEST.MF already added, skipping
[INFO] io/ already added, skipping
[INFO] io/electrum/ already added, skipping
[INFO] META-INF/maven/ already added, skipping
[INFO] META-INF/maven/io.electrum/ already added, skipping
[INFO] META-INF/ already added, skipping
[INFO] META-INF/MANIFEST.MF already added, skipping
[INFO] io/ already added, skipping
[INFO] META-INF/services/ already added, skipping
[INFO] META-INF/maven/ already added, skipping
[INFO] META-INF/MANIFEST.MF already added, skipping
[INFO] META-INF/ already added, skipping
[INFO] META-INF/maven/ already added, skipping
[INFO] META-INF/maven/io.swagger/ already added, skipping
[INFO] io/ already added, skipping
[INFO] io/swagger/ already added, skipping
[INFO] META-INF/ already added, skipping
[INFO] META-INF/MANIFEST.MF already added, skipping
[INFO] META-INF/LICENSE already added, skipping
[INFO] META-INF/NOTICE already added, skipping
[INFO] META-INF/maven/ already added, skipping
[INFO] META-INF/services/ already added, skipping
[INFO] META-INF/services/com.fasterxml.jackson.core.JsonFactory already added, skipping
[INFO] com/ already added, skipping
[INFO] com/fasterxml/ already added, skipping
[INFO] com/fasterxml/jackson/ already added, skipping
[INFO] META-INF/MANIFEST.MF already added, skipping
[INFO] META-INF/ already added, skipping
[INFO] META-INF/maven/ already added, skipping
[INFO] org/ already added, skipping
[INFO] META-INF/MANIFEST.MF already added, skipping
[INFO] META-INF/ already added, skipping
[INFO] META-INF/LICENSE already added, skipping
[INFO] META-INF/NOTICE already added, skipping
[INFO] META-INF/maven/ already added, skipping
[INFO] META-INF/maven/com.fasterxml.jackson.dataformat/ already added, skipping
[INFO] META-INF/services/ already added, skipping
[INFO] META-INF/services/com.fasterxml.jackson.core.JsonFactory already added, skipping
[INFO] META-INF/services/com.fasterxml.jackson.core.ObjectCodec already added, skipping
[INFO] com/ already added, skipping
[INFO] com/fasterxml/ already added, skipping
[INFO] com/fasterxml/jackson/ already added, skipping
[INFO] com/fasterxml/jackson/dataformat/ already added, skipping
[INFO] META-INF/MANIFEST.MF already added, skipping
[INFO] META-INF/ already added, skipping
[INFO] META-INF/maven/ already added, skipping
[INFO] org/ already added, skipping
[INFO] META-INF/MANIFEST.MF already added, skipping
[INFO] META-INF/ already added, skipping
[INFO] META-INF/maven/ already added, skipping
[INFO] META-INF/maven/io.swagger/ already added, skipping
[INFO] io/ already added, skipping
[INFO] io/swagger/ already added, skipping
[INFO] META-INF/ already added, skipping
[INFO] META-INF/MANIFEST.MF already added, skipping
[INFO] org/ already added, skipping
[INFO] META-INF/LICENSE.txt already added, skipping
[INFO] META-INF/NOTICE.txt already added, skipping
[INFO] META-INF/maven/ already added, skipping
[INFO] META-INF/MANIFEST.MF already added, skipping
[INFO] META-INF/ already added, skipping
[INFO] META-INF/LICENSE already added, skipping
[INFO] META-INF/maven/ already added, skipping
[INFO] META-INF/services/ already added, skipping
[INFO] META-INF/services/com.fasterxml.jackson.databind.Module already added, skipping
[INFO] com/ already added, skipping
[INFO] com/fasterxml/ already added, skipping
[INFO] com/fasterxml/jackson/ already added, skipping
[INFO] META-INF/MANIFEST.MF already added, skipping
[INFO] META-INF/ already added, skipping
[INFO] META-INF/maven/ already added, skipping
[INFO] META-INF/maven/io.swagger/ already added, skipping
[INFO] io/ already added, skipping
[INFO] io/swagger/ already added, skipping
[INFO] META-INF/MANIFEST.MF already added, skipping
[INFO] META-INF/ already added, skipping
[INFO] META-INF/maven/ already added, skipping
[INFO] META-INF/maven/io.swagger/ already added, skipping
[INFO] io/ already added, skipping
[INFO] io/swagger/ already added, skipping
[INFO] META-INF/MANIFEST.MF already added, skipping
[INFO] META-INF/ already added, skipping
[INFO] META-INF/maven/ already added, skipping
[INFO] com/ already added, skipping
[INFO] META-INF/ already added, skipping
[INFO] META-INF/MANIFEST.MF already added, skipping
[INFO] org/ already added, skipping
[INFO] META-INF/maven/ already added, skipping
[INFO] META-INF/ already added, skipping
[INFO] META-INF/MANIFEST.MF already added, skipping
[INFO] javax/ already added, skipping
[INFO] javax/annotation/ already added, skipping
[INFO] META-INF/MANIFEST.MF already added, skipping
[INFO] META-INF/ already added, skipping
[INFO] META-INF/maven/ already added, skipping
[INFO] META-INF/maven/org.glassfish.jersey.media/ already added, skipping
[INFO] org/ already added, skipping
[INFO] org/glassfish/ already added, skipping
[INFO] org/glassfish/jersey/ already added, skipping
[INFO] META-INF/ already added, skipping
[INFO] META-INF/MANIFEST.MF already added, skipping
[INFO] org/ already added, skipping
[INFO] org/jvnet/ already added, skipping
[INFO] META-INF/maven/ already added, skipping
[INFO] META-INF/ already added, skipping
[INFO] META-INF/MANIFEST.MF already added, skipping
[INFO] io/ already added, skipping
[INFO] io/swagger/ already added, skipping
[INFO] META-INF/services/ already added, skipping
[INFO] META-INF/maven/ already added, skipping
[INFO] META-INF/maven/io.swagger/ already added, skipping
[INFO] META-INF/ already added, skipping
[INFO] META-INF/MANIFEST.MF already added, skipping
[INFO] org/ already added, skipping
[INFO] org/slf4j/ already added, skipping
[INFO] META-INF/maven/ already added, skipping
[INFO] META-INF/ already added, skipping
[INFO] META-INF/MANIFEST.MF already added, skipping
[INFO] ch/ already added, skipping
[INFO] ch/qos/ already added, skipping
[INFO] ch/qos/logback/ already added, skipping
[INFO] META-INF/maven/ already added, skipping
[INFO] META-INF/maven/ch.qos.logback/ already added, skipping
[INFO] Building jar: /Users/timwhelan/Documents/workspace/giftcard-service-test-pack/target/giftcard-service-test-pack-1.0.0-jar-with-dependencies.jar
[DEBUG] adding directory META-INF/
[DEBUG] adding entry META-INF/MANIFEST.MF
[DEBUG] adding directory com/
[DEBUG] adding directory com/csvreader/
[DEBUG] adding entry com/csvreader/CsvReader$ColumnBuffer.class
[DEBUG] adding entry com/csvreader/CsvReader$ComplexEscape.class
[DEBUG] adding entry com/csvreader/CsvReader$DataBuffer.class
[DEBUG] adding entry com/csvreader/CsvReader$HeadersHolder.class
[DEBUG] adding entry com/csvreader/CsvReader$Letters.class
[DEBUG] adding entry com/csvreader/CsvReader$RawRecordBuffer.class
[DEBUG] adding entry com/csvreader/CsvReader$StaticSettings.class
[DEBUG] adding entry com/csvreader/CsvReader$UserSettings.class
[DEBUG] adding entry com/csvreader/CsvReader.class
[DEBUG] adding entry com/csvreader/CsvWriter$Letters.class
[DEBUG] adding entry com/csvreader/CsvWriter$UserSettings.class
[DEBUG] adding entry com/csvreader/CsvWriter.class
[INFO] META-INF/ already added, skipping
[INFO] META-INF/MANIFEST.MF already added, skipping
[DEBUG] adding directory org/
[DEBUG] adding directory org/joda/
[DEBUG] adding directory org/joda/time/
[DEBUG] adding directory org/joda/time/base/
[DEBUG] adding directory org/joda/time/chrono/
[DEBUG] adding directory org/joda/time/convert/
[DEBUG] adding directory org/joda/time/field/
[DEBUG] adding directory org/joda/time/format/
[DEBUG] adding directory org/joda/time/tz/
[DEBUG] adding directory org/joda/time/tz/data/
[DEBUG] adding directory org/joda/time/tz/data/Africa/
[DEBUG] adding directory org/joda/time/tz/data/America/
[DEBUG] adding directory org/joda/time/tz/data/America/Argentina/
[DEBUG] adding directory org/joda/time/tz/data/America/Indiana/
[DEBUG] adding directory org/joda/time/tz/data/America/Kentucky/
[DEBUG] adding directory org/joda/time/tz/data/America/North_Dakota/
[DEBUG] adding directory org/joda/time/tz/data/Antarctica/
[DEBUG] adding directory org/joda/time/tz/data/Arctic/
[DEBUG] adding directory org/joda/time/tz/data/Asia/
[DEBUG] adding directory org/joda/time/tz/data/Atlantic/
[DEBUG] adding directory org/joda/time/tz/data/Australia/
[DEBUG] adding directory org/joda/time/tz/data/Etc/
[DEBUG] adding directory org/joda/time/tz/data/Europe/
[DEBUG] adding directory org/joda/time/tz/data/Indian/
[DEBUG] adding directory org/joda/time/tz/data/Pacific/
[DEBUG] adding entry META-INF/LICENSE.txt
[DEBUG] adding entry META-INF/NOTICE.txt
[DEBUG] adding entry org/joda/time/base/AbstractDateTime.class
[DEBUG] adding entry org/joda/time/base/AbstractDuration.class
[DEBUG] adding entry org/joda/time/base/AbstractInstant.class
[DEBUG] adding entry org/joda/time/base/AbstractInterval.class
[DEBUG] adding entry org/joda/time/base/AbstractPartial.class
[DEBUG] adding entry org/joda/time/base/AbstractPeriod.class
[DEBUG] adding entry org/joda/time/base/BaseDateTime.class
[DEBUG] adding entry org/joda/time/base/BaseDuration.class
[DEBUG] adding entry org/joda/time/base/BaseInterval.class
[DEBUG] adding entry org/joda/time/base/BaseLocal.class
[DEBUG] adding entry org/joda/time/base/BasePartial.class
[DEBUG] adding entry org/joda/time/base/BasePeriod$1.class
[DEBUG] adding entry org/joda/time/base/BasePeriod.class
[DEBUG] adding entry org/joda/time/base/BaseSingleFieldPeriod.class
[DEBUG] adding entry org/joda/time/chrono/AssembledChronology$Fields.class
[DEBUG] adding entry org/joda/time/chrono/AssembledChronology.class
[DEBUG] adding entry org/joda/time/chrono/BaseChronology.class
[DEBUG] adding entry org/joda/time/chrono/BasicChronology$HalfdayField.class
[DEBUG] adding entry org/joda/time/chrono/BasicChronology$YearInfo.class
[DEBUG] adding entry org/joda/time/chrono/BasicChronology.class
[DEBUG] adding entry org/joda/time/chrono/BasicDayOfMonthDateTimeField.class
[DEBUG] adding entry org/joda/time/chrono/BasicDayOfYearDateTimeField.class
[DEBUG] adding entry org/joda/time/chrono/BasicFixedMonthChronology.class
[DEBUG] adding entry org/joda/time/chrono/BasicGJChronology.class
[DEBUG] adding entry org/joda/time/chrono/BasicMonthOfYearDateTimeField.class
[DEBUG] adding entry org/joda/time/chrono/BasicSingleEraDateTimeField.class
[DEBUG] adding entry org/joda/time/chrono/BasicWeekOfWeekyearDateTimeField.class
[DEBUG] adding entry org/joda/time/chrono/BasicWeekyearDateTimeField.class
[DEBUG] adding entry org/joda/time/chrono/BasicYearDateTimeField.class
[DEBUG] adding entry org/joda/time/chrono/BuddhistChronology.class
[DEBUG] adding entry org/joda/time/chrono/CopticChronology.class
[DEBUG] adding entry org/joda/time/chrono/EthiopicChronology.class
[DEBUG] adding entry org/joda/time/chrono/GJCacheKey.class
[DEBUG] adding entry org/joda/time/chrono/GJChronology$CutoverField.class
[DEBUG] adding entry org/joda/time/chrono/GJChronology$ImpreciseCutoverField.class
[DEBUG] adding entry org/joda/time/chrono/GJChronology$LinkedDurationField.class
[DEBUG] adding entry org/joda/time/chrono/GJChronology.class
[DEBUG] adding entry org/joda/time/chrono/GJDayOfWeekDateTimeField.class
[DEBUG] adding entry org/joda/time/chrono/GJEraDateTimeField.class
[DEBUG] adding entry org/joda/time/chrono/GJLocaleSymbols.class
[DEBUG] adding entry org/joda/time/chrono/GJMonthOfYearDateTimeField.class
[DEBUG] adding entry org/joda/time/chrono/GJYearOfEraDateTimeField.class
[DEBUG] adding entry org/joda/time/chrono/GregorianChronology.class
[DEBUG] adding entry org/joda/time/chrono/IslamicChronology$LeapYearPatternType.class
[DEBUG] adding entry org/joda/time/chrono/IslamicChronology.class
[DEBUG] adding entry org/joda/time/chrono/ISOChronology$Stub.class
[DEBUG] adding entry org/joda/time/chrono/ISOChronology.class
[DEBUG] adding entry org/joda/time/chrono/ISOYearOfEraDateTimeField.class
[DEBUG] adding entry org/joda/time/chrono/JulianChronology.class
[DEBUG] adding entry org/joda/time/chrono/LenientChronology.class
[DEBUG] adding entry org/joda/time/chrono/LimitChronology$LimitDateTimeField.class
[DEBUG] adding entry org/joda/time/chrono/LimitChronology$LimitDurationField.class
[DEBUG] adding entry org/joda/time/chrono/LimitChronology$LimitException.class
[DEBUG] adding entry org/joda/time/chrono/LimitChronology.class
[DEBUG] adding entry org/joda/time/chrono/StrictChronology.class
[DEBUG] adding entry org/joda/time/chrono/ZonedChronology$ZonedDateTimeField.class
[DEBUG] adding entry org/joda/time/chrono/ZonedChronology$ZonedDurationField.class
[DEBUG] adding entry org/joda/time/chrono/ZonedChronology.class
[DEBUG] adding entry org/joda/time/Chronology.class
[DEBUG] adding entry org/joda/time/convert/AbstractConverter.class
[DEBUG] adding entry org/joda/time/convert/CalendarConverter.class
[DEBUG] adding entry org/joda/time/convert/Converter.class
[DEBUG] adding entry org/joda/time/convert/ConverterManager.class
[DEBUG] adding entry org/joda/time/convert/ConverterSet$Entry.class
[DEBUG] adding entry org/joda/time/convert/ConverterSet.class
[DEBUG] adding entry org/joda/time/convert/DateConverter.class
[DEBUG] adding entry org/joda/time/convert/DurationConverter.class
[DEBUG] adding entry org/joda/time/convert/InstantConverter.class
[DEBUG] adding entry org/joda/time/convert/IntervalConverter.class
[DEBUG] adding entry org/joda/time/convert/LongConverter.class
[DEBUG] adding entry org/joda/time/convert/NullConverter.class
[DEBUG] adding entry org/joda/time/convert/PartialConverter.class
[DEBUG] adding entry org/joda/time/convert/PeriodConverter.class
[DEBUG] adding entry org/joda/time/convert/ReadableDurationConverter.class
[DEBUG] adding entry org/joda/time/convert/ReadableInstantConverter.class
[DEBUG] adding entry org/joda/time/convert/ReadableIntervalConverter.class
[DEBUG] adding entry org/joda/time/convert/ReadablePartialConverter.class
[DEBUG] adding entry org/joda/time/convert/ReadablePeriodConverter.class
[DEBUG] adding entry org/joda/time/convert/StringConverter.class
[DEBUG] adding entry org/joda/time/DateMidnight$Property.class
[DEBUG] adding entry org/joda/time/DateMidnight.class
[DEBUG] adding entry org/joda/time/DateTime$Property.class
[DEBUG] adding entry org/joda/time/DateTime.class
[DEBUG] adding entry org/joda/time/DateTimeComparator.class
[DEBUG] adding entry org/joda/time/DateTimeConstants.class
[DEBUG] adding entry org/joda/time/DateTimeField.class
[DEBUG] adding entry org/joda/time/DateTimeFieldType$StandardDateTimeFieldType.class
[DEBUG] adding entry org/joda/time/DateTimeFieldType.class
[DEBUG] adding entry org/joda/time/DateTimeUtils$FixedMillisProvider.class
[DEBUG] adding entry org/joda/time/DateTimeUtils$MillisProvider.class
[DEBUG] adding entry org/joda/time/DateTimeUtils$OffsetMillisProvider.class
[DEBUG] adding entry org/joda/time/DateTimeUtils$SystemMillisProvider.class
[DEBUG] adding entry org/joda/time/DateTimeUtils.class
[DEBUG] adding entry org/joda/time/DateTimeZone$LazyInit$1.class
[DEBUG] adding entry org/joda/time/DateTimeZone$LazyInit.class
[DEBUG] adding entry org/joda/time/DateTimeZone$Stub.class
[DEBUG] adding entry org/joda/time/DateTimeZone.class
[DEBUG] adding entry org/joda/time/Days.class
[DEBUG] adding entry org/joda/time/Duration.class
[DEBUG] adding entry org/joda/time/DurationField.class
[DEBUG] adding entry org/joda/time/DurationFieldType$StandardDurationFieldType.class
[DEBUG] adding entry org/joda/time/DurationFieldType.class
[DEBUG] adding entry org/joda/time/field/AbstractPartialFieldProperty.class
[DEBUG] adding entry org/joda/time/field/AbstractReadableInstantFieldProperty.class
[DEBUG] adding entry org/joda/time/field/BaseDateTimeField.class
[DEBUG] adding entry org/joda/time/field/BaseDurationField.class
[DEBUG] adding entry org/joda/time/field/DecoratedDateTimeField.class
[DEBUG] adding entry org/joda/time/field/DecoratedDurationField.class
[DEBUG] adding entry org/joda/time/field/DelegatedDateTimeField.class
[DEBUG] adding entry org/joda/time/field/DelegatedDurationField.class
[DEBUG] adding entry org/joda/time/field/DividedDateTimeField.class
[DEBUG] adding entry org/joda/time/field/FieldUtils.class
[DEBUG] adding entry org/joda/time/field/ImpreciseDateTimeField$LinkedDurationField.class
[DEBUG] adding entry org/joda/time/field/ImpreciseDateTimeField.class
[DEBUG] adding entry org/joda/time/field/LenientDateTimeField.class
[DEBUG] adding entry org/joda/time/field/MillisDurationField.class
[DEBUG] adding entry org/joda/time/field/OffsetDateTimeField.class
[DEBUG] adding entry org/joda/time/field/PreciseDateTimeField.class
[DEBUG] adding entry org/joda/time/field/PreciseDurationDateTimeField.class
[DEBUG] adding entry org/joda/time/field/PreciseDurationField.class
[DEBUG] adding entry org/joda/time/field/RemainderDateTimeField.class
[DEBUG] adding entry org/joda/time/field/ScaledDurationField.class
[DEBUG] adding entry org/joda/time/field/SkipDateTimeField.class
[DEBUG] adding entry org/joda/time/field/SkipUndoDateTimeField.class
[DEBUG] adding entry org/joda/time/field/StrictDateTimeField.class
[DEBUG] adding entry org/joda/time/field/UnsupportedDateTimeField.class
[DEBUG] adding entry org/joda/time/field/UnsupportedDurationField.class
[DEBUG] adding entry org/joda/time/field/ZeroIsMaxDateTimeField.class
[DEBUG] adding entry org/joda/time/format/DateTimeFormat$StyleFormatter.class
[DEBUG] adding entry org/joda/time/format/DateTimeFormat$StyleFormatterCacheKey.class
[DEBUG] adding entry org/joda/time/format/DateTimeFormat.class
[DEBUG] adding entry org/joda/time/format/DateTimeFormatter.class
[DEBUG] adding entry org/joda/time/format/DateTimeFormatterBuilder$CharacterLiteral.class
[DEBUG] adding entry org/joda/time/format/DateTimeFormatterBuilder$Composite.class
[DEBUG] adding entry org/joda/time/format/DateTimeFormatterBuilder$FixedNumber.class
[DEBUG] adding entry org/joda/time/format/DateTimeFormatterBuilder$Fraction.class
[DEBUG] adding entry org/joda/time/format/DateTimeFormatterBuilder$MatchingParser.class
[DEBUG] adding entry org/joda/time/format/DateTimeFormatterBuilder$NumberFormatter.class
[DEBUG] adding entry org/joda/time/format/DateTimeFormatterBuilder$PaddedNumber.class
[DEBUG] adding entry org/joda/time/format/DateTimeFormatterBuilder$StringLiteral.class
[DEBUG] adding entry org/joda/time/format/DateTimeFormatterBuilder$TextField.class
[DEBUG] adding entry org/joda/time/format/DateTimeFormatterBuilder$TimeZoneId.class
[DEBUG] adding entry org/joda/time/format/DateTimeFormatterBuilder$TimeZoneName.class
[DEBUG] adding entry org/joda/time/format/DateTimeFormatterBuilder$TimeZoneOffset.class
[DEBUG] adding entry org/joda/time/format/DateTimeFormatterBuilder$TwoDigitYear.class
[DEBUG] adding entry org/joda/time/format/DateTimeFormatterBuilder$UnpaddedNumber.class
[DEBUG] adding entry org/joda/time/format/DateTimeFormatterBuilder.class
[DEBUG] adding entry org/joda/time/format/DateTimeParser.class
[DEBUG] adding entry org/joda/time/format/DateTimeParserBucket$SavedField.class
[DEBUG] adding entry org/joda/time/format/DateTimeParserBucket$SavedState.class
[DEBUG] adding entry org/joda/time/format/DateTimeParserBucket.class
[DEBUG] adding entry org/joda/time/format/DateTimeParserInternalParser.class
[DEBUG] adding entry org/joda/time/format/DateTimePrinter.class
[DEBUG] adding entry org/joda/time/format/DateTimePrinterInternalPrinter.class
[DEBUG] adding entry org/joda/time/format/FormatUtils.class
[DEBUG] adding entry org/joda/time/format/InternalParser.class
[DEBUG] adding entry org/joda/time/format/InternalParserDateTimeParser.class
[DEBUG] adding entry org/joda/time/format/InternalPrinter.class
[DEBUG] adding entry org/joda/time/format/InternalPrinterDateTimePrinter.class
[DEBUG] adding entry org/joda/time/format/ISODateTimeFormat$Constants.class
[DEBUG] adding entry org/joda/time/format/ISODateTimeFormat.class
[DEBUG] adding entry org/joda/time/format/ISOPeriodFormat.class
[DEBUG] adding entry org/joda/time/format/messages.properties
[DEBUG] adding entry org/joda/time/format/messages_cs.properties
[DEBUG] adding entry org/joda/time/format/messages_da.properties
[DEBUG] adding entry org/joda/time/format/messages_de.properties
[DEBUG] adding entry org/joda/time/format/messages_en.properties
[DEBUG] adding entry org/joda/time/format/messages_es.properties
[DEBUG] adding entry org/joda/time/format/messages_fr.properties
[DEBUG] adding entry org/joda/time/format/messages_it.properties
[DEBUG] adding entry org/joda/time/format/messages_ja.properties
[DEBUG] adding entry org/joda/time/format/messages_nl.properties
[DEBUG] adding entry org/joda/time/format/messages_pl.properties
[DEBUG] adding entry org/joda/time/format/messages_pt.properties
[DEBUG] adding entry org/joda/time/format/messages_ru.properties
[DEBUG] adding entry org/joda/time/format/messages_tr.properties
[DEBUG] adding entry org/joda/time/format/PeriodFormat$DynamicWordBased.class
[DEBUG] adding entry org/joda/time/format/PeriodFormat.class
[DEBUG] adding entry org/joda/time/format/PeriodFormatter.class
[DEBUG] adding entry org/joda/time/format/PeriodFormatterBuilder$Composite.class
[DEBUG] adding entry org/joda/time/format/PeriodFormatterBuilder$CompositeAffix.class
[DEBUG] adding entry org/joda/time/format/PeriodFormatterBuilder$FieldFormatter.class
[DEBUG] adding entry org/joda/time/format/PeriodFormatterBuilder$IgnorableAffix.class
[DEBUG] adding entry org/joda/time/format/PeriodFormatterBuilder$Literal.class
[DEBUG] adding entry org/joda/time/format/PeriodFormatterBuilder$PeriodFieldAffix.class
[DEBUG] adding entry org/joda/time/format/PeriodFormatterBuilder$PluralAffix.class
[DEBUG] adding entry org/joda/time/format/PeriodFormatterBuilder$RegExAffix$1.class
[DEBUG] adding entry org/joda/time/format/PeriodFormatterBuilder$RegExAffix.class
[DEBUG] adding entry org/joda/time/format/PeriodFormatterBuilder$Separator.class
[DEBUG] adding entry org/joda/time/format/PeriodFormatterBuilder$SimpleAffix.class
[DEBUG] adding entry org/joda/time/format/PeriodFormatterBuilder.class
[DEBUG] adding entry org/joda/time/format/PeriodParser.class
[DEBUG] adding entry org/joda/time/format/PeriodPrinter.class
[DEBUG] adding entry org/joda/time/Hours.class
[DEBUG] adding entry org/joda/time/IllegalFieldValueException.class
[DEBUG] adding entry org/joda/time/IllegalInstantException.class
[DEBUG] adding entry org/joda/time/Instant.class
[DEBUG] adding entry org/joda/time/Interval.class
[DEBUG] adding entry org/joda/time/JodaTimePermission.class
[DEBUG] adding entry org/joda/time/LocalDate$Property.class
[DEBUG] adding entry org/joda/time/LocalDate.class
[DEBUG] adding entry org/joda/time/LocalDateTime$Property.class
[DEBUG] adding entry org/joda/time/LocalDateTime.class
[DEBUG] adding entry org/joda/time/LocalTime$Property.class
[DEBUG] adding entry org/joda/time/LocalTime.class
[DEBUG] adding entry org/joda/time/Minutes.class
[DEBUG] adding entry org/joda/time/MonthDay$Property.class
[DEBUG] adding entry org/joda/time/MonthDay.class
[DEBUG] adding entry org/joda/time/Months.class
[DEBUG] adding entry org/joda/time/MutableDateTime$Property.class
[DEBUG] adding entry org/joda/time/MutableDateTime.class
[DEBUG] adding entry org/joda/time/MutableInterval.class
[DEBUG] adding entry org/joda/time/MutablePeriod.class
[DEBUG] adding entry org/joda/time/Partial$Property.class
[DEBUG] adding entry org/joda/time/Partial.class
[DEBUG] adding entry org/joda/time/Period.class
[DEBUG] adding entry org/joda/time/PeriodType.class
[DEBUG] adding entry org/joda/time/ReadableDateTime.class
[DEBUG] adding entry org/joda/time/ReadableDuration.class
[DEBUG] adding entry org/joda/time/ReadableInstant.class
[DEBUG] adding entry org/joda/time/ReadableInterval.class
[DEBUG] adding entry org/joda/time/ReadablePartial.class
[DEBUG] adding entry org/joda/time/ReadablePeriod.class
[DEBUG] adding entry org/joda/time/ReadWritableDateTime.class
[DEBUG] adding entry org/joda/time/ReadWritableInstant.class
[DEBUG] adding entry org/joda/time/ReadWritableInterval.class
[DEBUG] adding entry org/joda/time/ReadWritablePeriod.class
[DEBUG] adding entry org/joda/time/Seconds.class
[DEBUG] adding entry org/joda/time/TimeOfDay$Property.class
[DEBUG] adding entry org/joda/time/TimeOfDay.class
[DEBUG] adding entry org/joda/time/tz/CachedDateTimeZone$Info.class
[DEBUG] adding entry org/joda/time/tz/CachedDateTimeZone.class
[DEBUG] adding entry org/joda/time/tz/data/Africa/Abidjan
[DEBUG] adding entry org/joda/time/tz/data/Africa/Accra
[DEBUG] adding entry org/joda/time/tz/data/Africa/Addis_Ababa
[DEBUG] adding entry org/joda/time/tz/data/Africa/Algiers
[DEBUG] adding entry org/joda/time/tz/data/Africa/Asmara
[DEBUG] adding entry org/joda/time/tz/data/Africa/Bamako
[DEBUG] adding entry org/joda/time/tz/data/Africa/Bangui
[DEBUG] adding entry org/joda/time/tz/data/Africa/Banjul
[DEBUG] adding entry org/joda/time/tz/data/Africa/Bissau
[DEBUG] adding entry org/joda/time/tz/data/Africa/Blantyre
[DEBUG] adding entry org/joda/time/tz/data/Africa/Brazzaville
[DEBUG] adding entry org/joda/time/tz/data/Africa/Bujumbura
[DEBUG] adding entry org/joda/time/tz/data/Africa/Cairo
[DEBUG] adding entry org/joda/time/tz/data/Africa/Casablanca
[DEBUG] adding entry org/joda/time/tz/data/Africa/Ceuta
[DEBUG] adding entry org/joda/time/tz/data/Africa/Conakry
[DEBUG] adding entry org/joda/time/tz/data/Africa/Dakar
[DEBUG] adding entry org/joda/time/tz/data/Africa/Dar_es_Salaam
[DEBUG] adding entry org/joda/time/tz/data/Africa/Djibouti
[DEBUG] adding entry org/joda/time/tz/data/Africa/Douala
[DEBUG] adding entry org/joda/time/tz/data/Africa/El_Aaiun
[DEBUG] adding entry org/joda/time/tz/data/Africa/Freetown
[DEBUG] adding entry org/joda/time/tz/data/Africa/Gaborone
[DEBUG] adding entry org/joda/time/tz/data/Africa/Harare
[DEBUG] adding entry org/joda/time/tz/data/Africa/Johannesburg
[DEBUG] adding entry org/joda/time/tz/data/Africa/Juba
[DEBUG] adding entry org/joda/time/tz/data/Africa/Kampala
[DEBUG] adding entry org/joda/time/tz/data/Africa/Khartoum
[DEBUG] adding entry org/joda/time/tz/data/Africa/Kigali
[DEBUG] adding entry org/joda/time/tz/data/Africa/Kinshasa
[DEBUG] adding entry org/joda/time/tz/data/Africa/Lagos
[DEBUG] adding entry org/joda/time/tz/data/Africa/Libreville
[DEBUG] adding entry org/joda/time/tz/data/Africa/Lome
[DEBUG] adding entry org/joda/time/tz/data/Africa/Luanda
[DEBUG] adding entry org/joda/time/tz/data/Africa/Lubumbashi
[DEBUG] adding entry org/joda/time/tz/data/Africa/Lusaka
[DEBUG] adding entry org/joda/time/tz/data/Africa/Malabo
[DEBUG] adding entry org/joda/time/tz/data/Africa/Maputo
[DEBUG] adding entry org/joda/time/tz/data/Africa/Maseru
[DEBUG] adding entry org/joda/time/tz/data/Africa/Mbabane
[DEBUG] adding entry org/joda/time/tz/data/Africa/Mogadishu
[DEBUG] adding entry org/joda/time/tz/data/Africa/Monrovia
[DEBUG] adding entry org/joda/time/tz/data/Africa/Nairobi
[DEBUG] adding entry org/joda/time/tz/data/Africa/Ndjamena
[DEBUG] adding entry org/joda/time/tz/data/Africa/Niamey
[DEBUG] adding entry org/joda/time/tz/data/Africa/Nouakchott
[DEBUG] adding entry org/joda/time/tz/data/Africa/Ouagadougou
[DEBUG] adding entry org/joda/time/tz/data/Africa/Porto-Novo
[DEBUG] adding entry org/joda/time/tz/data/Africa/Sao_Tome
[DEBUG] adding entry org/joda/time/tz/data/Africa/Tripoli
[DEBUG] adding entry org/joda/time/tz/data/Africa/Tunis
[DEBUG] adding entry org/joda/time/tz/data/Africa/Windhoek
[DEBUG] adding entry org/joda/time/tz/data/America/Adak
[DEBUG] adding entry org/joda/time/tz/data/America/Anchorage
[DEBUG] adding entry org/joda/time/tz/data/America/Anguilla
[DEBUG] adding entry org/joda/time/tz/data/America/Antigua
[DEBUG] adding entry org/joda/time/tz/data/America/Araguaina
[DEBUG] adding entry org/joda/time/tz/data/America/Argentina/Buenos_Aires
[DEBUG] adding entry org/joda/time/tz/data/America/Argentina/Catamarca
[DEBUG] adding entry org/joda/time/tz/data/America/Argentina/Cordoba
[DEBUG] adding entry org/joda/time/tz/data/America/Argentina/Jujuy
[DEBUG] adding entry org/joda/time/tz/data/America/Argentina/La_Rioja
[DEBUG] adding entry org/joda/time/tz/data/America/Argentina/Mendoza
[DEBUG] adding entry org/joda/time/tz/data/America/Argentina/Rio_Gallegos
[DEBUG] adding entry org/joda/time/tz/data/America/Argentina/Salta
[DEBUG] adding entry org/joda/time/tz/data/America/Argentina/San_Juan
[DEBUG] adding entry org/joda/time/tz/data/America/Argentina/San_Luis
[DEBUG] adding entry org/joda/time/tz/data/America/Argentina/Tucuman
[DEBUG] adding entry org/joda/time/tz/data/America/Argentina/Ushuaia
[DEBUG] adding entry org/joda/time/tz/data/America/Aruba
[DEBUG] adding entry org/joda/time/tz/data/America/Asuncion
[DEBUG] adding entry org/joda/time/tz/data/America/Atikokan
[DEBUG] adding entry org/joda/time/tz/data/America/Bahia
[DEBUG] adding entry org/joda/time/tz/data/America/Bahia_Banderas
[DEBUG] adding entry org/joda/time/tz/data/America/Barbados
[DEBUG] adding entry org/joda/time/tz/data/America/Belem
[DEBUG] adding entry org/joda/time/tz/data/America/Belize
[DEBUG] adding entry org/joda/time/tz/data/America/Blanc-Sablon
[DEBUG] adding entry org/joda/time/tz/data/America/Boa_Vista
[DEBUG] adding entry org/joda/time/tz/data/America/Bogota
[DEBUG] adding entry org/joda/time/tz/data/America/Boise
[DEBUG] adding entry org/joda/time/tz/data/America/Cambridge_Bay
[DEBUG] adding entry org/joda/time/tz/data/America/Campo_Grande
[DEBUG] adding entry org/joda/time/tz/data/America/Cancun
[DEBUG] adding entry org/joda/time/tz/data/America/Caracas
[DEBUG] adding entry org/joda/time/tz/data/America/Cayenne
[DEBUG] adding entry org/joda/time/tz/data/America/Cayman
[DEBUG] adding entry org/joda/time/tz/data/America/Chicago
[DEBUG] adding entry org/joda/time/tz/data/America/Chihuahua
[DEBUG] adding entry org/joda/time/tz/data/America/Costa_Rica
[DEBUG] adding entry org/joda/time/tz/data/America/Creston
[DEBUG] adding entry org/joda/time/tz/data/America/Cuiaba
[DEBUG] adding entry org/joda/time/tz/data/America/Curacao
[DEBUG] adding entry org/joda/time/tz/data/America/Danmarkshavn
[DEBUG] adding entry org/joda/time/tz/data/America/Dawson
[DEBUG] adding entry org/joda/time/tz/data/America/Dawson_Creek
[DEBUG] adding entry org/joda/time/tz/data/America/Denver
[DEBUG] adding entry org/joda/time/tz/data/America/Detroit
[DEBUG] adding entry org/joda/time/tz/data/America/Dominica
[DEBUG] adding entry org/joda/time/tz/data/America/Edmonton
[DEBUG] adding entry org/joda/time/tz/data/America/Eirunepe
[DEBUG] adding entry org/joda/time/tz/data/America/El_Salvador
[DEBUG] adding entry org/joda/time/tz/data/America/Fortaleza
[DEBUG] adding entry org/joda/time/tz/data/America/Fort_Nelson
[DEBUG] adding entry org/joda/time/tz/data/America/Glace_Bay
[DEBUG] adding entry org/joda/time/tz/data/America/Godthab
[DEBUG] adding entry org/joda/time/tz/data/America/Goose_Bay
[DEBUG] adding entry org/joda/time/tz/data/America/Grand_Turk
[DEBUG] adding entry org/joda/time/tz/data/America/Grenada
[DEBUG] adding entry org/joda/time/tz/data/America/Guadeloupe
[DEBUG] adding entry org/joda/time/tz/data/America/Guatemala
[DEBUG] adding entry org/joda/time/tz/data/America/Guayaquil
[DEBUG] adding entry org/joda/time/tz/data/America/Guyana
[DEBUG] adding entry org/joda/time/tz/data/America/Halifax
[DEBUG] adding entry org/joda/time/tz/data/America/Havana
[DEBUG] adding entry org/joda/time/tz/data/America/Hermosillo
[DEBUG] adding entry org/joda/time/tz/data/America/Indiana/Indianapolis
[DEBUG] adding entry org/joda/time/tz/data/America/Indiana/Knox
[DEBUG] adding entry org/joda/time/tz/data/America/Indiana/Marengo
[DEBUG] adding entry org/joda/time/tz/data/America/Indiana/Petersburg
[DEBUG] adding entry org/joda/time/tz/data/America/Indiana/Tell_City
[DEBUG] adding entry org/joda/time/tz/data/America/Indiana/Vevay
[DEBUG] adding entry org/joda/time/tz/data/America/Indiana/Vincennes
[DEBUG] adding entry org/joda/time/tz/data/America/Indiana/Winamac
[DEBUG] adding entry org/joda/time/tz/data/America/Inuvik
[DEBUG] adding entry org/joda/time/tz/data/America/Iqaluit
[DEBUG] adding entry org/joda/time/tz/data/America/Jamaica
[DEBUG] adding entry org/joda/time/tz/data/America/Juneau
[DEBUG] adding entry org/joda/time/tz/data/America/Kentucky/Louisville
[DEBUG] adding entry org/joda/time/tz/data/America/Kentucky/Monticello
[DEBUG] adding entry org/joda/time/tz/data/America/Kralendijk
[DEBUG] adding entry org/joda/time/tz/data/America/La_Paz
[DEBUG] adding entry org/joda/time/tz/data/America/Lima
[DEBUG] adding entry org/joda/time/tz/data/America/Los_Angeles
[DEBUG] adding entry org/joda/time/tz/data/America/Lower_Princes
[DEBUG] adding entry org/joda/time/tz/data/America/Maceio
[DEBUG] adding entry org/joda/time/tz/data/America/Managua
[DEBUG] adding entry org/joda/time/tz/data/America/Manaus
[DEBUG] adding entry org/joda/time/tz/data/America/Marigot
[DEBUG] adding entry org/joda/time/tz/data/America/Martinique
[DEBUG] adding entry org/joda/time/tz/data/America/Matamoros
[DEBUG] adding entry org/joda/time/tz/data/America/Mazatlan
[DEBUG] adding entry org/joda/time/tz/data/America/Menominee
[DEBUG] adding entry org/joda/time/tz/data/America/Merida
[DEBUG] adding entry org/joda/time/tz/data/America/Metlakatla
[DEBUG] adding entry org/joda/time/tz/data/America/Mexico_City
[DEBUG] adding entry org/joda/time/tz/data/America/Miquelon
[DEBUG] adding entry org/joda/time/tz/data/America/Moncton
[DEBUG] adding entry org/joda/time/tz/data/America/Monterrey
[DEBUG] adding entry org/joda/time/tz/data/America/Montevideo
[DEBUG] adding entry org/joda/time/tz/data/America/Montserrat
[DEBUG] adding entry org/joda/time/tz/data/America/Nassau
[DEBUG] adding entry org/joda/time/tz/data/America/New_York
[DEBUG] adding entry org/joda/time/tz/data/America/Nipigon
[DEBUG] adding entry org/joda/time/tz/data/America/Nome
[DEBUG] adding entry org/joda/time/tz/data/America/Noronha
[DEBUG] adding entry org/joda/time/tz/data/America/North_Dakota/Beulah
[DEBUG] adding entry org/joda/time/tz/data/America/North_Dakota/Center
[DEBUG] adding entry org/joda/time/tz/data/America/North_Dakota/New_Salem
[DEBUG] adding entry org/joda/time/tz/data/America/Ojinaga
[DEBUG] adding entry org/joda/time/tz/data/America/Panama
[DEBUG] adding entry org/joda/time/tz/data/America/Pangnirtung
[DEBUG] adding entry org/joda/time/tz/data/America/Paramaribo
[DEBUG] adding entry org/joda/time/tz/data/America/Phoenix
[DEBUG] adding entry org/joda/time/tz/data/America/Port-au-Prince
[DEBUG] adding entry org/joda/time/tz/data/America/Porto_Velho
[DEBUG] adding entry org/joda/time/tz/data/America/Port_of_Spain
[DEBUG] adding entry org/joda/time/tz/data/America/Puerto_Rico
[DEBUG] adding entry org/joda/time/tz/data/America/Rainy_River
[DEBUG] adding entry org/joda/time/tz/data/America/Rankin_Inlet
[DEBUG] adding entry org/joda/time/tz/data/America/Recife
[DEBUG] adding entry org/joda/time/tz/data/America/Regina
[DEBUG] adding entry org/joda/time/tz/data/America/Resolute
[DEBUG] adding entry org/joda/time/tz/data/America/Rio_Branco
[DEBUG] adding entry org/joda/time/tz/data/America/Santarem
[DEBUG] adding entry org/joda/time/tz/data/America/Santiago
[DEBUG] adding entry org/joda/time/tz/data/America/Santo_Domingo
[DEBUG] adding entry org/joda/time/tz/data/America/Sao_Paulo
[DEBUG] adding entry org/joda/time/tz/data/America/Scoresbysund
[DEBUG] adding entry org/joda/time/tz/data/America/Sitka
[DEBUG] adding entry org/joda/time/tz/data/America/St_Barthelemy
[DEBUG] adding entry org/joda/time/tz/data/America/St_Johns
[DEBUG] adding entry org/joda/time/tz/data/America/St_Kitts
[DEBUG] adding entry org/joda/time/tz/data/America/St_Lucia
[DEBUG] adding entry org/joda/time/tz/data/America/St_Thomas
[DEBUG] adding entry org/joda/time/tz/data/America/St_Vincent
[DEBUG] adding entry org/joda/time/tz/data/America/Swift_Current
[DEBUG] adding entry org/joda/time/tz/data/America/Tegucigalpa
[DEBUG] adding entry org/joda/time/tz/data/America/Thule
[DEBUG] adding entry org/joda/time/tz/data/America/Thunder_Bay
[DEBUG] adding entry org/joda/time/tz/data/America/Tijuana
[DEBUG] adding entry org/joda/time/tz/data/America/Toronto
[DEBUG] adding entry org/joda/time/tz/data/America/Tortola
[DEBUG] adding entry org/joda/time/tz/data/America/Vancouver
[DEBUG] adding entry org/joda/time/tz/data/America/Whitehorse
[DEBUG] adding entry org/joda/time/tz/data/America/Winnipeg
[DEBUG] adding entry org/joda/time/tz/data/America/Yakutat
[DEBUG] adding entry org/joda/time/tz/data/America/Yellowknife
[DEBUG] adding entry org/joda/time/tz/data/Antarctica/Casey
[DEBUG] adding entry org/joda/time/tz/data/Antarctica/Davis
[DEBUG] adding entry org/joda/time/tz/data/Antarctica/DumontDUrville
[DEBUG] adding entry org/joda/time/tz/data/Antarctica/Macquarie
[DEBUG] adding entry org/joda/time/tz/data/Antarctica/Mawson
[DEBUG] adding entry org/joda/time/tz/data/Antarctica/McMurdo
[DEBUG] adding entry org/joda/time/tz/data/Antarctica/Palmer
[DEBUG] adding entry org/joda/time/tz/data/Antarctica/Rothera
[DEBUG] adding entry org/joda/time/tz/data/Antarctica/Syowa
[DEBUG] adding entry org/joda/time/tz/data/Antarctica/Troll
[DEBUG] adding entry org/joda/time/tz/data/Antarctica/Vostok
[DEBUG] adding entry org/joda/time/tz/data/Arctic/Longyearbyen
[DEBUG] adding entry org/joda/time/tz/data/Asia/Aden
[DEBUG] adding entry org/joda/time/tz/data/Asia/Almaty
[DEBUG] adding entry org/joda/time/tz/data/Asia/Amman
[DEBUG] adding entry org/joda/time/tz/data/Asia/Anadyr
[DEBUG] adding entry org/joda/time/tz/data/Asia/Aqtau
[DEBUG] adding entry org/joda/time/tz/data/Asia/Aqtobe
[DEBUG] adding entry org/joda/time/tz/data/Asia/Ashgabat
[DEBUG] adding entry org/joda/time/tz/data/Asia/Baghdad
[DEBUG] adding entry org/joda/time/tz/data/Asia/Bahrain
[DEBUG] adding entry org/joda/time/tz/data/Asia/Baku
[DEBUG] adding entry org/joda/time/tz/data/Asia/Bangkok
[DEBUG] adding entry org/joda/time/tz/data/Asia/Barnaul
[DEBUG] adding entry org/joda/time/tz/data/Asia/Beirut
[DEBUG] adding entry org/joda/time/tz/data/Asia/Bishkek
[DEBUG] adding entry org/joda/time/tz/data/Asia/Brunei
[DEBUG] adding entry org/joda/time/tz/data/Asia/Chita
[DEBUG] adding entry org/joda/time/tz/data/Asia/Choibalsan
[DEBUG] adding entry org/joda/time/tz/data/Asia/Colombo
[DEBUG] adding entry org/joda/time/tz/data/Asia/Damascus
[DEBUG] adding entry org/joda/time/tz/data/Asia/Dhaka
[DEBUG] adding entry org/joda/time/tz/data/Asia/Dili
[DEBUG] adding entry org/joda/time/tz/data/Asia/Dubai
[DEBUG] adding entry org/joda/time/tz/data/Asia/Dushanbe
[DEBUG] adding entry org/joda/time/tz/data/Asia/Gaza
[DEBUG] adding entry org/joda/time/tz/data/Asia/Hebron
[DEBUG] adding entry org/joda/time/tz/data/Asia/Hong_Kong
[DEBUG] adding entry org/joda/time/tz/data/Asia/Hovd
[DEBUG] adding entry org/joda/time/tz/data/Asia/Ho_Chi_Minh
[DEBUG] adding entry org/joda/time/tz/data/Asia/Irkutsk
[DEBUG] adding entry org/joda/time/tz/data/Asia/Istanbul
[DEBUG] adding entry org/joda/time/tz/data/Asia/Jakarta
[DEBUG] adding entry org/joda/time/tz/data/Asia/Jayapura
[DEBUG] adding entry org/joda/time/tz/data/Asia/Jerusalem
[DEBUG] adding entry org/joda/time/tz/data/Asia/Kabul
[DEBUG] adding entry org/joda/time/tz/data/Asia/Kamchatka
[DEBUG] adding entry org/joda/time/tz/data/Asia/Karachi
[DEBUG] adding entry org/joda/time/tz/data/Asia/Kathmandu
[DEBUG] adding entry org/joda/time/tz/data/Asia/Khandyga
[DEBUG] adding entry org/joda/time/tz/data/Asia/Kolkata
[DEBUG] adding entry org/joda/time/tz/data/Asia/Krasnoyarsk
[DEBUG] adding entry org/joda/time/tz/data/Asia/Kuala_Lumpur
[DEBUG] adding entry org/joda/time/tz/data/Asia/Kuching
[DEBUG] adding entry org/joda/time/tz/data/Asia/Kuwait
[DEBUG] adding entry org/joda/time/tz/data/Asia/Macau
[DEBUG] adding entry org/joda/time/tz/data/Asia/Magadan
[DEBUG] adding entry org/joda/time/tz/data/Asia/Makassar
[DEBUG] adding entry org/joda/time/tz/data/Asia/Manila
[DEBUG] adding entry org/joda/time/tz/data/Asia/Muscat
[DEBUG] adding entry org/joda/time/tz/data/Asia/Nicosia
[DEBUG] adding entry org/joda/time/tz/data/Asia/Novokuznetsk
[DEBUG] adding entry org/joda/time/tz/data/Asia/Novosibirsk
[DEBUG] adding entry org/joda/time/tz/data/Asia/Omsk
[DEBUG] adding entry org/joda/time/tz/data/Asia/Oral
[DEBUG] adding entry org/joda/time/tz/data/Asia/Phnom_Penh
[DEBUG] adding entry org/joda/time/tz/data/Asia/Pontianak
[DEBUG] adding entry org/joda/time/tz/data/Asia/Pyongyang
[DEBUG] adding entry org/joda/time/tz/data/Asia/Qatar
[DEBUG] adding entry org/joda/time/tz/data/Asia/Qyzylorda
[DEBUG] adding entry org/joda/time/tz/data/Asia/Rangoon
[DEBUG] adding entry org/joda/time/tz/data/Asia/Riyadh
[DEBUG] adding entry org/joda/time/tz/data/Asia/Sakhalin
[DEBUG] adding entry org/joda/time/tz/data/Asia/Samarkand
[DEBUG] adding entry org/joda/time/tz/data/Asia/Seoul
[DEBUG] adding entry org/joda/time/tz/data/Asia/Shanghai
[DEBUG] adding entry org/joda/time/tz/data/Asia/Singapore
[DEBUG] adding entry org/joda/time/tz/data/Asia/Srednekolymsk
[DEBUG] adding entry org/joda/time/tz/data/Asia/Taipei
[DEBUG] adding entry org/joda/time/tz/data/Asia/Tashkent
[DEBUG] adding entry org/joda/time/tz/data/Asia/Tbilisi
[DEBUG] adding entry org/joda/time/tz/data/Asia/Tehran
[DEBUG] adding entry org/joda/time/tz/data/Asia/Thimphu
[DEBUG] adding entry org/joda/time/tz/data/Asia/Tokyo
[DEBUG] adding entry org/joda/time/tz/data/Asia/Tomsk
[DEBUG] adding entry org/joda/time/tz/data/Asia/Ulaanbaatar
[DEBUG] adding entry org/joda/time/tz/data/Asia/Urumqi
[DEBUG] adding entry org/joda/time/tz/data/Asia/Ust-Nera
[DEBUG] adding entry org/joda/time/tz/data/Asia/Vientiane
[DEBUG] adding entry org/joda/time/tz/data/Asia/Vladivostok
[DEBUG] adding entry org/joda/time/tz/data/Asia/Yakutsk
[DEBUG] adding entry org/joda/time/tz/data/Asia/Yekaterinburg
[DEBUG] adding entry org/joda/time/tz/data/Asia/Yerevan
[DEBUG] adding entry org/joda/time/tz/data/Atlantic/Azores
[DEBUG] adding entry org/joda/time/tz/data/Atlantic/Bermuda
[DEBUG] adding entry org/joda/time/tz/data/Atlantic/Canary
[DEBUG] adding entry org/joda/time/tz/data/Atlantic/Cape_Verde
[DEBUG] adding entry org/joda/time/tz/data/Atlantic/Faroe
[DEBUG] adding entry org/joda/time/tz/data/Atlantic/Madeira
[DEBUG] adding entry org/joda/time/tz/data/Atlantic/Reykjavik
[DEBUG] adding entry org/joda/time/tz/data/Atlantic/South_Georgia
[DEBUG] adding entry org/joda/time/tz/data/Atlantic/Stanley
[DEBUG] adding entry org/joda/time/tz/data/Atlantic/St_Helena
[DEBUG] adding entry org/joda/time/tz/data/Australia/Adelaide
[DEBUG] adding entry org/joda/time/tz/data/Australia/Brisbane
[DEBUG] adding entry org/joda/time/tz/data/Australia/Broken_Hill
[DEBUG] adding entry org/joda/time/tz/data/Australia/Currie
[DEBUG] adding entry org/joda/time/tz/data/Australia/Darwin
[DEBUG] adding entry org/joda/time/tz/data/Australia/Eucla
[DEBUG] adding entry org/joda/time/tz/data/Australia/Hobart
[DEBUG] adding entry org/joda/time/tz/data/Australia/Lindeman
[DEBUG] adding entry org/joda/time/tz/data/Australia/Lord_Howe
[DEBUG] adding entry org/joda/time/tz/data/Australia/Melbourne
[DEBUG] adding entry org/joda/time/tz/data/Australia/Perth
[DEBUG] adding entry org/joda/time/tz/data/Australia/Sydney
[DEBUG] adding entry org/joda/time/tz/data/CET
[DEBUG] adding entry org/joda/time/tz/data/CST6CDT
[DEBUG] adding entry org/joda/time/tz/data/EET
[DEBUG] adding entry org/joda/time/tz/data/EST
[DEBUG] adding entry org/joda/time/tz/data/EST5EDT
[DEBUG] adding entry org/joda/time/tz/data/Etc/GMT
[DEBUG] adding entry org/joda/time/tz/data/Etc/GMT+1
[DEBUG] adding entry org/joda/time/tz/data/Etc/GMT+10
[DEBUG] adding entry org/joda/time/tz/data/Etc/GMT+11
[DEBUG] adding entry org/joda/time/tz/data/Etc/GMT+12
[DEBUG] adding entry org/joda/time/tz/data/Etc/GMT+2
[DEBUG] adding entry org/joda/time/tz/data/Etc/GMT+3
[DEBUG] adding entry org/joda/time/tz/data/Etc/GMT+4
[DEBUG] adding entry org/joda/time/tz/data/Etc/GMT+5
[DEBUG] adding entry org/joda/time/tz/data/Etc/GMT+6
[DEBUG] adding entry org/joda/time/tz/data/Etc/GMT+7
[DEBUG] adding entry org/joda/time/tz/data/Etc/GMT+8
[DEBUG] adding entry org/joda/time/tz/data/Etc/GMT+9
[DEBUG] adding entry org/joda/time/tz/data/Etc/GMT-1
[DEBUG] adding entry org/joda/time/tz/data/Etc/GMT-10
[DEBUG] adding entry org/joda/time/tz/data/Etc/GMT-11
[DEBUG] adding entry org/joda/time/tz/data/Etc/GMT-12
[DEBUG] adding entry org/joda/time/tz/data/Etc/GMT-13
[DEBUG] adding entry org/joda/time/tz/data/Etc/GMT-14
[DEBUG] adding entry org/joda/time/tz/data/Etc/GMT-2
[DEBUG] adding entry org/joda/time/tz/data/Etc/GMT-3
[DEBUG] adding entry org/joda/time/tz/data/Etc/GMT-4
[DEBUG] adding entry org/joda/time/tz/data/Etc/GMT-5
[DEBUG] adding entry org/joda/time/tz/data/Etc/GMT-6
[DEBUG] adding entry org/joda/time/tz/data/Etc/GMT-7
[DEBUG] adding entry org/joda/time/tz/data/Etc/GMT-8
[DEBUG] adding entry org/joda/time/tz/data/Etc/GMT-9
[DEBUG] adding entry org/joda/time/tz/data/Etc/UCT
[DEBUG] adding entry org/joda/time/tz/data/Etc/UTC
[DEBUG] adding entry org/joda/time/tz/data/Europe/Amsterdam
[DEBUG] adding entry org/joda/time/tz/data/Europe/Andorra
[DEBUG] adding entry org/joda/time/tz/data/Europe/Astrakhan
[DEBUG] adding entry org/joda/time/tz/data/Europe/Athens
[DEBUG] adding entry org/joda/time/tz/data/Europe/Belgrade
[DEBUG] adding entry org/joda/time/tz/data/Europe/Berlin
[DEBUG] adding entry org/joda/time/tz/data/Europe/Bratislava
[DEBUG] adding entry org/joda/time/tz/data/Europe/Brussels
[DEBUG] adding entry org/joda/time/tz/data/Europe/Bucharest
[DEBUG] adding entry org/joda/time/tz/data/Europe/Budapest
[DEBUG] adding entry org/joda/time/tz/data/Europe/Busingen
[DEBUG] adding entry org/joda/time/tz/data/Europe/Chisinau
[DEBUG] adding entry org/joda/time/tz/data/Europe/Copenhagen
[DEBUG] adding entry org/joda/time/tz/data/Europe/Dublin
[DEBUG] adding entry org/joda/time/tz/data/Europe/Gibraltar
[DEBUG] adding entry org/joda/time/tz/data/Europe/Guernsey
[DEBUG] adding entry org/joda/time/tz/data/Europe/Helsinki
[DEBUG] adding entry org/joda/time/tz/data/Europe/Isle_of_Man
[DEBUG] adding entry org/joda/time/tz/data/Europe/Istanbul
[DEBUG] adding entry org/joda/time/tz/data/Europe/Jersey
[DEBUG] adding entry org/joda/time/tz/data/Europe/Kaliningrad
[DEBUG] adding entry org/joda/time/tz/data/Europe/Kiev
[DEBUG] adding entry org/joda/time/tz/data/Europe/Kirov
[DEBUG] adding entry org/joda/time/tz/data/Europe/Lisbon
[DEBUG] adding entry org/joda/time/tz/data/Europe/Ljubljana
[DEBUG] adding entry org/joda/time/tz/data/Europe/London
[DEBUG] adding entry org/joda/time/tz/data/Europe/Luxembourg
[DEBUG] adding entry org/joda/time/tz/data/Europe/Madrid
[DEBUG] adding entry org/joda/time/tz/data/Europe/Malta
[DEBUG] adding entry org/joda/time/tz/data/Europe/Mariehamn
[DEBUG] adding entry org/joda/time/tz/data/Europe/Minsk
[DEBUG] adding entry org/joda/time/tz/data/Europe/Monaco
[DEBUG] adding entry org/joda/time/tz/data/Europe/Moscow
[DEBUG] adding entry org/joda/time/tz/data/Europe/Nicosia
[DEBUG] adding entry org/joda/time/tz/data/Europe/Oslo
[DEBUG] adding entry org/joda/time/tz/data/Europe/Paris
[DEBUG] adding entry org/joda/time/tz/data/Europe/Podgorica
[DEBUG] adding entry org/joda/time/tz/data/Europe/Prague
[DEBUG] adding entry org/joda/time/tz/data/Europe/Riga
[DEBUG] adding entry org/joda/time/tz/data/Europe/Rome
[DEBUG] adding entry org/joda/time/tz/data/Europe/Samara
[DEBUG] adding entry org/joda/time/tz/data/Europe/San_Marino
[DEBUG] adding entry org/joda/time/tz/data/Europe/Sarajevo
[DEBUG] adding entry org/joda/time/tz/data/Europe/Simferopol
[DEBUG] adding entry org/joda/time/tz/data/Europe/Skopje
[DEBUG] adding entry org/joda/time/tz/data/Europe/Sofia
[DEBUG] adding entry org/joda/time/tz/data/Europe/Stockholm
[DEBUG] adding entry org/joda/time/tz/data/Europe/Tallinn
[DEBUG] adding entry org/joda/time/tz/data/Europe/Tirane
[DEBUG] adding entry org/joda/time/tz/data/Europe/Ulyanovsk
[DEBUG] adding entry org/joda/time/tz/data/Europe/Uzhgorod
[DEBUG] adding entry org/joda/time/tz/data/Europe/Vaduz
[DEBUG] adding entry org/joda/time/tz/data/Europe/Vatican
[DEBUG] adding entry org/joda/time/tz/data/Europe/Vienna
[DEBUG] adding entry org/joda/time/tz/data/Europe/Vilnius
[DEBUG] adding entry org/joda/time/tz/data/Europe/Volgograd
[DEBUG] adding entry org/joda/time/tz/data/Europe/Warsaw
[DEBUG] adding entry org/joda/time/tz/data/Europe/Zagreb
[DEBUG] adding entry org/joda/time/tz/data/Europe/Zaporozhye
[DEBUG] adding entry org/joda/time/tz/data/Europe/Zurich
[DEBUG] adding entry org/joda/time/tz/data/HST
[DEBUG] adding entry org/joda/time/tz/data/Indian/Antananarivo
[DEBUG] adding entry org/joda/time/tz/data/Indian/Chagos
[DEBUG] adding entry org/joda/time/tz/data/Indian/Christmas
[DEBUG] adding entry org/joda/time/tz/data/Indian/Cocos
[DEBUG] adding entry org/joda/time/tz/data/Indian/Comoro
[DEBUG] adding entry org/joda/time/tz/data/Indian/Kerguelen
[DEBUG] adding entry org/joda/time/tz/data/Indian/Mahe
[DEBUG] adding entry org/joda/time/tz/data/Indian/Maldives
[DEBUG] adding entry org/joda/time/tz/data/Indian/Mauritius
[DEBUG] adding entry org/joda/time/tz/data/Indian/Mayotte
[DEBUG] adding entry org/joda/time/tz/data/Indian/Reunion
[DEBUG] adding entry org/joda/time/tz/data/MET
[DEBUG] adding entry org/joda/time/tz/data/MST
[DEBUG] adding entry org/joda/time/tz/data/MST7MDT
[DEBUG] adding entry org/joda/time/tz/data/Pacific/Apia
[DEBUG] adding entry org/joda/time/tz/data/Pacific/Auckland
[DEBUG] adding entry org/joda/time/tz/data/Pacific/Bougainville
[DEBUG] adding entry org/joda/time/tz/data/Pacific/Chatham
[DEBUG] adding entry org/joda/time/tz/data/Pacific/Chuuk
[DEBUG] adding entry org/joda/time/tz/data/Pacific/Easter
[DEBUG] adding entry org/joda/time/tz/data/Pacific/Efate
[DEBUG] adding entry org/joda/time/tz/data/Pacific/Enderbury
[DEBUG] adding entry org/joda/time/tz/data/Pacific/Fakaofo
[DEBUG] adding entry org/joda/time/tz/data/Pacific/Fiji
[DEBUG] adding entry org/joda/time/tz/data/Pacific/Funafuti
[DEBUG] adding entry org/joda/time/tz/data/Pacific/Galapagos
[DEBUG] adding entry org/joda/time/tz/data/Pacific/Gambier
[DEBUG] adding entry org/joda/time/tz/data/Pacific/Guadalcanal
[DEBUG] adding entry org/joda/time/tz/data/Pacific/Guam
[DEBUG] adding entry org/joda/time/tz/data/Pacific/Honolulu
[DEBUG] adding entry org/joda/time/tz/data/Pacific/Johnston
[DEBUG] adding entry org/joda/time/tz/data/Pacific/Kiritimati
[DEBUG] adding entry org/joda/time/tz/data/Pacific/Kosrae
[DEBUG] adding entry org/joda/time/tz/data/Pacific/Kwajalein
[DEBUG] adding entry org/joda/time/tz/data/Pacific/Majuro
[DEBUG] adding entry org/joda/time/tz/data/Pacific/Marquesas
[DEBUG] adding entry org/joda/time/tz/data/Pacific/Midway
[DEBUG] adding entry org/joda/time/tz/data/Pacific/Nauru
[DEBUG] adding entry org/joda/time/tz/data/Pacific/Niue
[DEBUG] adding entry org/joda/time/tz/data/Pacific/Norfolk
[DEBUG] adding entry org/joda/time/tz/data/Pacific/Noumea
[DEBUG] adding entry org/joda/time/tz/data/Pacific/Pago_Pago
[DEBUG] adding entry org/joda/time/tz/data/Pacific/Palau
[DEBUG] adding entry org/joda/time/tz/data/Pacific/Pitcairn
[DEBUG] adding entry org/joda/time/tz/data/Pacific/Pohnpei
[DEBUG] adding entry org/joda/time/tz/data/Pacific/Port_Moresby
[DEBUG] adding entry org/joda/time/tz/data/Pacific/Rarotonga
[DEBUG] adding entry org/joda/time/tz/data/Pacific/Saipan
[DEBUG] adding entry org/joda/time/tz/data/Pacific/Tahiti
[DEBUG] adding entry org/joda/time/tz/data/Pacific/Tarawa
[DEBUG] adding entry org/joda/time/tz/data/Pacific/Tongatapu
[DEBUG] adding entry org/joda/time/tz/data/Pacific/Wake
[DEBUG] adding entry org/joda/time/tz/data/Pacific/Wallis
[DEBUG] adding entry org/joda/time/tz/data/PST8PDT
[DEBUG] adding entry org/joda/time/tz/data/WET
[DEBUG] adding entry org/joda/time/tz/data/ZoneInfoMap
[DEBUG] adding entry org/joda/time/tz/DateTimeZoneBuilder$DSTZone.class
[DEBUG] adding entry org/joda/time/tz/DateTimeZoneBuilder$OfYear.class
[DEBUG] adding entry org/joda/time/tz/DateTimeZoneBuilder$PrecalculatedZone.class
[DEBUG] adding entry org/joda/time/tz/DateTimeZoneBuilder$Recurrence.class
[DEBUG] adding entry org/joda/time/tz/DateTimeZoneBuilder$Rule.class
[DEBUG] adding entry org/joda/time/tz/DateTimeZoneBuilder$RuleSet.class
[DEBUG] adding entry org/joda/time/tz/DateTimeZoneBuilder$Transition.class
[DEBUG] adding entry org/joda/time/tz/DateTimeZoneBuilder.class
[DEBUG] adding entry org/joda/time/tz/DefaultNameProvider.class
[DEBUG] adding entry org/joda/time/tz/FixedDateTimeZone.class
[DEBUG] adding entry org/joda/time/tz/NameProvider.class
[DEBUG] adding entry org/joda/time/tz/Provider.class
[DEBUG] adding entry org/joda/time/tz/UTCProvider.class
[DEBUG] adding entry org/joda/time/tz/ZoneInfoCompiler$DateTimeOfYear.class
[DEBUG] adding entry org/joda/time/tz/ZoneInfoCompiler$Rule.class
[DEBUG] adding entry org/joda/time/tz/ZoneInfoCompiler$RuleSet.class
[DEBUG] adding entry org/joda/time/tz/ZoneInfoCompiler$Zone.class
[DEBUG] adding entry org/joda/time/tz/ZoneInfoCompiler.class
[DEBUG] adding entry org/joda/time/tz/ZoneInfoLogger$1.class
[DEBUG] adding entry org/joda/time/tz/ZoneInfoLogger.class
[DEBUG] adding entry org/joda/time/tz/ZoneInfoProvider$1.class
[DEBUG] adding entry org/joda/time/tz/ZoneInfoProvider.class
[DEBUG] adding entry org/joda/time/UTCDateTimeZone.class
[DEBUG] adding entry org/joda/time/Weeks.class
[DEBUG] adding entry org/joda/time/YearMonth$Property.class
[DEBUG] adding entry org/joda/time/YearMonth.class
[DEBUG] adding entry org/joda/time/YearMonthDay$Property.class
[DEBUG] adding entry org/joda/time/YearMonthDay.class
[DEBUG] adding entry org/joda/time/Years.class
[DEBUG] adding directory META-INF/maven/
[DEBUG] adding directory META-INF/maven/joda-time/
[DEBUG] adding directory META-INF/maven/joda-time/joda-time/
[DEBUG] adding entry META-INF/maven/joda-time/joda-time/pom.xml
[DEBUG] adding entry META-INF/maven/joda-time/joda-time/pom.properties
[INFO] META-INF/ already added, skipping
[INFO] META-INF/MANIFEST.MF already added, skipping
[INFO] org/ already added, skipping
[DEBUG] adding directory org/eclipse/
[DEBUG] adding directory org/eclipse/jetty/
[DEBUG] adding directory org/eclipse/jetty/server/
[DEBUG] adding directory org/eclipse/jetty/server/handler/
[DEBUG] adding directory org/eclipse/jetty/server/handler/jmx/
[DEBUG] adding directory org/eclipse/jetty/server/jmx/
[DEBUG] adding directory org/eclipse/jetty/server/nio/
[DEBUG] adding directory org/eclipse/jetty/server/session/
[DEBUG] adding directory org/eclipse/jetty/server/session/jmx/
[DEBUG] adding entry about.html
[DEBUG] adding entry org/eclipse/jetty/favicon.ico
[DEBUG] adding entry org/eclipse/jetty/server/AbstractConnectionFactory.class
[DEBUG] adding entry org/eclipse/jetty/server/AbstractConnector$1.class
[DEBUG] adding entry org/eclipse/jetty/server/AbstractConnector$Acceptor.class
[DEBUG] adding entry org/eclipse/jetty/server/AbstractConnector.class
[DEBUG] adding entry org/eclipse/jetty/server/AbstractNCSARequestLog$1.class
[DEBUG] adding entry org/eclipse/jetty/server/AbstractNCSARequestLog.class
[DEBUG] adding entry org/eclipse/jetty/server/AbstractNetworkConnector.class
[DEBUG] adding entry org/eclipse/jetty/server/AsyncContextEvent.class
[DEBUG] adding entry org/eclipse/jetty/server/AsyncContextState$1.class
[DEBUG] adding entry org/eclipse/jetty/server/AsyncContextState$2.class
[DEBUG] adding entry org/eclipse/jetty/server/AsyncContextState.class
[DEBUG] adding entry org/eclipse/jetty/server/AsyncNCSARequestLog$WriterThread.class
[DEBUG] adding entry org/eclipse/jetty/server/AsyncNCSARequestLog.class
[DEBUG] adding entry org/eclipse/jetty/server/Authentication$1.class
[DEBUG] adding entry org/eclipse/jetty/server/Authentication$2.class
[DEBUG] adding entry org/eclipse/jetty/server/Authentication$3.class
[DEBUG] adding entry org/eclipse/jetty/server/Authentication$4.class
[DEBUG] adding entry org/eclipse/jetty/server/Authentication$5.class
[DEBUG] adding entry org/eclipse/jetty/server/Authentication$Challenge.class
[DEBUG] adding entry org/eclipse/jetty/server/Authentication$Deferred.class
[DEBUG] adding entry org/eclipse/jetty/server/Authentication$Failed.class
[DEBUG] adding entry org/eclipse/jetty/server/Authentication$Failure.class
[DEBUG] adding entry org/eclipse/jetty/server/Authentication$ResponseSent.class
[DEBUG] adding entry org/eclipse/jetty/server/Authentication$SendSuccess.class
[DEBUG] adding entry org/eclipse/jetty/server/Authentication$User.class
[DEBUG] adding entry org/eclipse/jetty/server/Authentication$Wrapped.class
[DEBUG] adding entry org/eclipse/jetty/server/Authentication.class
[DEBUG] adding entry org/eclipse/jetty/server/ByteBufferQueuedHttpInput.class
[DEBUG] adding entry org/eclipse/jetty/server/ClassLoaderDump.class
[DEBUG] adding entry org/eclipse/jetty/server/ConnectionFactory.class
[DEBUG] adding entry org/eclipse/jetty/server/Connector.class
[DEBUG] adding entry org/eclipse/jetty/server/ConnectorStatistics$Sample.class
[DEBUG] adding entry org/eclipse/jetty/server/ConnectorStatistics.class
[DEBUG] adding entry org/eclipse/jetty/server/CookieCutter.class
[DEBUG] adding entry org/eclipse/jetty/server/Dispatcher$ForwardAttributes.class
[DEBUG] adding entry org/eclipse/jetty/server/Dispatcher$IncludeAttributes.class
[DEBUG] adding entry org/eclipse/jetty/server/Dispatcher.class
[DEBUG] adding entry org/eclipse/jetty/server/EncodingHttpWriter.class
[DEBUG] adding entry org/eclipse/jetty/server/ForwardedRequestCustomizer.class
[DEBUG] adding entry org/eclipse/jetty/server/handler/AbstractHandler.class
[DEBUG] adding entry org/eclipse/jetty/server/handler/AbstractHandlerContainer.class
[DEBUG] adding entry org/eclipse/jetty/server/handler/AllowSymLinkAliasChecker.class
[DEBUG] adding entry org/eclipse/jetty/server/handler/AsyncDelayHandler.class
[DEBUG] adding entry org/eclipse/jetty/server/handler/ContextHandler$1.class
[DEBUG] adding entry org/eclipse/jetty/server/handler/ContextHandler$AliasCheck.class
[DEBUG] adding entry org/eclipse/jetty/server/handler/ContextHandler$ApproveAliases.class
[DEBUG] adding entry org/eclipse/jetty/server/handler/ContextHandler$ApproveNonExistentDirectoryAliases.class
[DEBUG] adding entry org/eclipse/jetty/server/handler/ContextHandler$ApprovePathPrefixAliases.class
[DEBUG] adding entry org/eclipse/jetty/server/handler/ContextHandler$ApproveSameSuffixAliases.class
[DEBUG] adding entry org/eclipse/jetty/server/handler/ContextHandler$Availability.class
[DEBUG] adding entry org/eclipse/jetty/server/handler/ContextHandler$Context.class
[DEBUG] adding entry org/eclipse/jetty/server/handler/ContextHandler$NoContext.class
[DEBUG] adding entry org/eclipse/jetty/server/handler/ContextHandler.class
[DEBUG] adding entry org/eclipse/jetty/server/handler/ContextHandlerCollection$Branch.class
[DEBUG] adding entry org/eclipse/jetty/server/handler/ContextHandlerCollection.class
[DEBUG] adding entry org/eclipse/jetty/server/handler/DebugHandler.class
[DEBUG] adding entry org/eclipse/jetty/server/handler/DefaultHandler.class
[DEBUG] adding entry org/eclipse/jetty/server/handler/ErrorHandler$ErrorPageMapper.class
[DEBUG] adding entry org/eclipse/jetty/server/handler/ErrorHandler.class
[DEBUG] adding entry org/eclipse/jetty/server/handler/HandlerCollection.class
[DEBUG] adding entry org/eclipse/jetty/server/handler/HandlerList.class
[DEBUG] adding entry org/eclipse/jetty/server/handler/HandlerWrapper.class
[DEBUG] adding entry org/eclipse/jetty/server/handler/HotSwapHandler.class
[DEBUG] adding entry org/eclipse/jetty/server/handler/IdleTimeoutHandler$1.class
[DEBUG] adding entry org/eclipse/jetty/server/handler/IdleTimeoutHandler.class
[DEBUG] adding entry org/eclipse/jetty/server/handler/IPAccessHandler.class
[DEBUG] adding entry org/eclipse/jetty/server/handler/jmx/AbstractHandlerMBean.class
[DEBUG] adding entry org/eclipse/jetty/server/handler/jmx/ContextHandlerMBean.class
[DEBUG] adding entry org/eclipse/jetty/server/handler/MovedContextHandler$1.class
[DEBUG] adding entry org/eclipse/jetty/server/handler/MovedContextHandler$Redirector.class
[DEBUG] adding entry org/eclipse/jetty/server/handler/MovedContextHandler.class
[DEBUG] adding entry org/eclipse/jetty/server/handler/RequestLogHandler$1.class
[DEBUG] adding entry org/eclipse/jetty/server/handler/RequestLogHandler$NullRequestLog.class
[DEBUG] adding entry org/eclipse/jetty/server/handler/RequestLogHandler.class
[DEBUG] adding entry org/eclipse/jetty/server/handler/ResourceHandler$1.class
[DEBUG] adding entry org/eclipse/jetty/server/handler/ResourceHandler.class
[DEBUG] adding entry org/eclipse/jetty/server/handler/ScopedHandler.class
[DEBUG] adding entry org/eclipse/jetty/server/handler/SecuredRedirectHandler.class
[DEBUG] adding entry org/eclipse/jetty/server/handler/ShutdownHandler$1.class
[DEBUG] adding entry org/eclipse/jetty/server/handler/ShutdownHandler.class
[DEBUG] adding entry org/eclipse/jetty/server/handler/StatisticsHandler$1.class
[DEBUG] adding entry org/eclipse/jetty/server/handler/StatisticsHandler.class
[DEBUG] adding entry org/eclipse/jetty/server/Handler.class
[DEBUG] adding entry org/eclipse/jetty/server/HandlerContainer.class
[DEBUG] adding entry org/eclipse/jetty/server/HomeBaseWarning.class
[DEBUG] adding entry org/eclipse/jetty/server/HostHeaderCustomizer.class
[DEBUG] adding entry org/eclipse/jetty/server/HttpChannel$1.class
[DEBUG] adding entry org/eclipse/jetty/server/HttpChannel$Commit100Callback.class
[DEBUG] adding entry org/eclipse/jetty/server/HttpChannel$CommitCallback$1.class
[DEBUG] adding entry org/eclipse/jetty/server/HttpChannel$CommitCallback.class
[DEBUG] adding entry org/eclipse/jetty/server/HttpChannel.class
[DEBUG] adding entry org/eclipse/jetty/server/HttpChannelState$1.class
[DEBUG] adding entry org/eclipse/jetty/server/HttpChannelState$Action.class
[DEBUG] adding entry org/eclipse/jetty/server/HttpChannelState$Async.class
[DEBUG] adding entry org/eclipse/jetty/server/HttpChannelState$State.class
[DEBUG] adding entry org/eclipse/jetty/server/HttpChannelState.class
[DEBUG] adding entry org/eclipse/jetty/server/HttpConfiguration$ConnectionFactory.class
[DEBUG] adding entry org/eclipse/jetty/server/HttpConfiguration$Customizer.class
[DEBUG] adding entry org/eclipse/jetty/server/HttpConfiguration.class
[DEBUG] adding entry org/eclipse/jetty/server/HttpConnection$1.class
[DEBUG] adding entry org/eclipse/jetty/server/HttpConnection$HttpChannelOverHttp.class
[DEBUG] adding entry org/eclipse/jetty/server/HttpConnection$SendCallback.class
[DEBUG] adding entry org/eclipse/jetty/server/HttpConnection.class
[DEBUG] adding entry org/eclipse/jetty/server/HttpConnectionFactory.class
[DEBUG] adding entry org/eclipse/jetty/server/HttpInput$1.class
[DEBUG] adding entry org/eclipse/jetty/server/HttpInput$2.class
[DEBUG] adding entry org/eclipse/jetty/server/HttpInput$3.class
[DEBUG] adding entry org/eclipse/jetty/server/HttpInput$4.class
[DEBUG] adding entry org/eclipse/jetty/server/HttpInput$State.class
[DEBUG] adding entry org/eclipse/jetty/server/HttpInput.class
[DEBUG] adding entry org/eclipse/jetty/server/HttpInputOverHTTP.class
[DEBUG] adding entry org/eclipse/jetty/server/HttpOutput$1.class
[DEBUG] adding entry org/eclipse/jetty/server/HttpOutput$2.class
[DEBUG] adding entry org/eclipse/jetty/server/HttpOutput$3.class
[DEBUG] adding entry org/eclipse/jetty/server/HttpOutput$AsyncFlush.class
[DEBUG] adding entry org/eclipse/jetty/server/HttpOutput$AsyncICB.class
[DEBUG] adding entry org/eclipse/jetty/server/HttpOutput$AsyncWrite.class
[DEBUG] adding entry org/eclipse/jetty/server/HttpOutput$InputStreamWritingCB.class
[DEBUG] adding entry org/eclipse/jetty/server/HttpOutput$OutputState.class
[DEBUG] adding entry org/eclipse/jetty/server/HttpOutput$ReadableByteChannelWritingCB.class
[DEBUG] adding entry org/eclipse/jetty/server/HttpOutput.class
[DEBUG] adding entry org/eclipse/jetty/server/HttpTransport.class
[DEBUG] adding entry org/eclipse/jetty/server/HttpWriter.class
[DEBUG] adding entry org/eclipse/jetty/server/InclusiveByteRange.class
[DEBUG] adding entry org/eclipse/jetty/server/Iso88591HttpWriter.class
[DEBUG] adding entry org/eclipse/jetty/server/jmx/AbstractConnectorMBean.class
[DEBUG] adding entry org/eclipse/jetty/server/jmx/ServerMBean.class
[DEBUG] adding entry org/eclipse/jetty/server/LocalConnector$LocalEndPoint.class
[DEBUG] adding entry org/eclipse/jetty/server/LocalConnector.class
[DEBUG] adding entry org/eclipse/jetty/server/LowResourceMonitor$1.class
[DEBUG] adding entry org/eclipse/jetty/server/LowResourceMonitor$LRMScheduler.class
[DEBUG] adding entry org/eclipse/jetty/server/LowResourceMonitor.class
[DEBUG] adding entry org/eclipse/jetty/server/NCSARequestLog.class
[DEBUG] adding entry org/eclipse/jetty/server/NegotiatingServerConnection.class
[DEBUG] adding entry org/eclipse/jetty/server/NegotiatingServerConnectionFactory.class
[DEBUG] adding entry org/eclipse/jetty/server/NetworkConnector.class
[DEBUG] adding entry org/eclipse/jetty/server/NetworkTrafficServerConnector.class
[DEBUG] adding entry org/eclipse/jetty/server/nio/NetworkTrafficSelectChannelConnector.class
[DEBUG] adding entry org/eclipse/jetty/server/QueuedHttpInput.class
[DEBUG] adding entry org/eclipse/jetty/server/QuietServletException.class
[DEBUG] adding entry org/eclipse/jetty/server/Request$1.class
[DEBUG] adding entry org/eclipse/jetty/server/Request$MultiPartCleanerListener.class
[DEBUG] adding entry org/eclipse/jetty/server/Request.class
[DEBUG] adding entry org/eclipse/jetty/server/RequestLog.class
[DEBUG] adding entry org/eclipse/jetty/server/ResourceCache$1.class
[DEBUG] adding entry org/eclipse/jetty/server/ResourceCache$Content.class
[DEBUG] adding entry org/eclipse/jetty/server/ResourceCache.class
[DEBUG] adding entry org/eclipse/jetty/server/Response$1.class
[DEBUG] adding entry org/eclipse/jetty/server/Response$2.class
[DEBUG] adding entry org/eclipse/jetty/server/Response$OutputType.class
[DEBUG] adding entry org/eclipse/jetty/server/Response$ResponseWriter.class
[DEBUG] adding entry org/eclipse/jetty/server/Response.class
[DEBUG] adding entry org/eclipse/jetty/server/SecureRequestCustomizer$CachedInfo.class
[DEBUG] adding entry org/eclipse/jetty/server/SecureRequestCustomizer.class
[DEBUG] adding entry org/eclipse/jetty/server/Server$DateField.class
[DEBUG] adding entry org/eclipse/jetty/server/Server.class
[DEBUG] adding entry org/eclipse/jetty/server/ServerConnector$1.class
[DEBUG] adding entry org/eclipse/jetty/server/ServerConnector$ServerConnectorManager.class
[DEBUG] adding entry org/eclipse/jetty/server/ServerConnector.class
[DEBUG] adding entry org/eclipse/jetty/server/ServletRequestHttpWrapper.class
[DEBUG] adding entry org/eclipse/jetty/server/ServletResponseHttpWrapper.class
[DEBUG] adding entry org/eclipse/jetty/server/session/AbstractSession.class
[DEBUG] adding entry org/eclipse/jetty/server/session/AbstractSessionIdManager.class
[DEBUG] adding entry org/eclipse/jetty/server/session/AbstractSessionManager$1.class
[DEBUG] adding entry org/eclipse/jetty/server/session/AbstractSessionManager$CookieConfig.class
[DEBUG] adding entry org/eclipse/jetty/server/session/AbstractSessionManager$SessionIf.class
[DEBUG] adding entry org/eclipse/jetty/server/session/AbstractSessionManager.class
[DEBUG] adding entry org/eclipse/jetty/server/session/HashedSession.class
[DEBUG] adding entry org/eclipse/jetty/server/session/HashSessionIdManager.class
[DEBUG] adding entry org/eclipse/jetty/server/session/HashSessionManager$Saver.class
[DEBUG] adding entry org/eclipse/jetty/server/session/HashSessionManager$Scavenger.class
[DEBUG] adding entry org/eclipse/jetty/server/session/HashSessionManager.class
[DEBUG] adding entry org/eclipse/jetty/server/session/JDBCSessionIdManager$DatabaseAdaptor.class
[DEBUG] adding entry org/eclipse/jetty/server/session/JDBCSessionIdManager$Scavenger.class
[DEBUG] adding entry org/eclipse/jetty/server/session/JDBCSessionIdManager$SessionIdTableSchema.class
[DEBUG] adding entry org/eclipse/jetty/server/session/JDBCSessionIdManager$SessionTableSchema.class
[DEBUG] adding entry org/eclipse/jetty/server/session/JDBCSessionIdManager.class
[DEBUG] adding entry org/eclipse/jetty/server/session/JDBCSessionManager$1.class
[DEBUG] adding entry org/eclipse/jetty/server/session/JDBCSessionManager$Session.class
[DEBUG] adding entry org/eclipse/jetty/server/session/JDBCSessionManager.class
[DEBUG] adding entry org/eclipse/jetty/server/session/jmx/AbstractSessionManagerMBean.class
[DEBUG] adding entry org/eclipse/jetty/server/session/MemSession.class
[DEBUG] adding entry org/eclipse/jetty/server/session/SessionHandler.class
[DEBUG] adding entry org/eclipse/jetty/server/SessionIdManager.class
[DEBUG] adding entry org/eclipse/jetty/server/SessionManager.class
[DEBUG] adding entry org/eclipse/jetty/server/ShutdownMonitor$1.class
[DEBUG] adding entry org/eclipse/jetty/server/ShutdownMonitor$Holder.class
[DEBUG] adding entry org/eclipse/jetty/server/ShutdownMonitor$ShutdownMonitorRunnable.class
[DEBUG] adding entry org/eclipse/jetty/server/ShutdownMonitor.class
[DEBUG] adding entry org/eclipse/jetty/server/Slf4jRequestLog.class
[DEBUG] adding entry org/eclipse/jetty/server/SslConnectionFactory.class
[DEBUG] adding entry org/eclipse/jetty/server/UserIdentity$1.class
[DEBUG] adding entry org/eclipse/jetty/server/UserIdentity$Scope.class
[DEBUG] adding entry org/eclipse/jetty/server/UserIdentity$UnauthenticatedUserIdentity.class
[DEBUG] adding entry org/eclipse/jetty/server/UserIdentity.class
[DEBUG] adding entry org/eclipse/jetty/server/Utf8HttpWriter.class
[INFO] META-INF/maven/ already added, skipping
[DEBUG] adding directory META-INF/maven/org.eclipse.jetty/
[DEBUG] adding directory META-INF/maven/org.eclipse.jetty/jetty-server/
[DEBUG] adding entry META-INF/maven/org.eclipse.jetty/jetty-server/pom.xml
[DEBUG] adding entry META-INF/maven/org.eclipse.jetty/jetty-server/pom.properties
[INFO] META-INF/ already added, skipping
[INFO] META-INF/MANIFEST.MF already added, skipping
[DEBUG] adding directory javax/
[DEBUG] adding directory javax/servlet/
[DEBUG] adding directory javax/servlet/annotation/
[DEBUG] adding directory javax/servlet/descriptor/
[DEBUG] adding directory javax/servlet/http/
[DEBUG] adding entry javax/servlet/annotation/HandlesTypes.class
[DEBUG] adding entry javax/servlet/annotation/HttpConstraint.class
[DEBUG] adding entry javax/servlet/annotation/HttpMethodConstraint.class
[DEBUG] adding entry javax/servlet/annotation/MultipartConfig.class
[DEBUG] adding entry javax/servlet/annotation/package.html
[DEBUG] adding entry javax/servlet/annotation/ServletSecurity$EmptyRoleSemantic.class
[DEBUG] adding entry javax/servlet/annotation/ServletSecurity$TransportGuarantee.class
[DEBUG] adding entry javax/servlet/annotation/ServletSecurity.class
[DEBUG] adding entry javax/servlet/annotation/WebFilter.class
[DEBUG] adding entry javax/servlet/annotation/WebInitParam.class
[DEBUG] adding entry javax/servlet/annotation/WebListener.class
[DEBUG] adding entry javax/servlet/annotation/WebServlet.class
[DEBUG] adding entry javax/servlet/AsyncContext.class
[DEBUG] adding entry javax/servlet/AsyncEvent.class
[DEBUG] adding entry javax/servlet/AsyncListener.class
[DEBUG] adding entry javax/servlet/descriptor/JspConfigDescriptor.class
[DEBUG] adding entry javax/servlet/descriptor/JspPropertyGroupDescriptor.class
[DEBUG] adding entry javax/servlet/descriptor/package.html
[DEBUG] adding entry javax/servlet/descriptor/TaglibDescriptor.class
[DEBUG] adding entry javax/servlet/DispatcherType.class
[DEBUG] adding entry javax/servlet/Filter.class
[DEBUG] adding entry javax/servlet/FilterChain.class
[DEBUG] adding entry javax/servlet/FilterConfig.class
[DEBUG] adding entry javax/servlet/FilterRegistration$Dynamic.class
[DEBUG] adding entry javax/servlet/FilterRegistration.class
[DEBUG] adding entry javax/servlet/GenericServlet.class
[DEBUG] adding entry javax/servlet/http/Cookie.class
[DEBUG] adding entry javax/servlet/http/HttpServlet.class
[DEBUG] adding entry javax/servlet/http/HttpServletRequest.class
[DEBUG] adding entry javax/servlet/http/HttpServletRequestWrapper.class
[DEBUG] adding entry javax/servlet/http/HttpServletResponse.class
[DEBUG] adding entry javax/servlet/http/HttpServletResponseWrapper.class
[DEBUG] adding entry javax/servlet/http/HttpSession.class
[DEBUG] adding entry javax/servlet/http/HttpSessionActivationListener.class
[DEBUG] adding entry javax/servlet/http/HttpSessionAttributeListener.class
[DEBUG] adding entry javax/servlet/http/HttpSessionBindingEvent.class
[DEBUG] adding entry javax/servlet/http/HttpSessionBindingListener.class
[DEBUG] adding entry javax/servlet/http/HttpSessionContext.class
[DEBUG] adding entry javax/servlet/http/HttpSessionEvent.class
[DEBUG] adding entry javax/servlet/http/HttpSessionIdListener.class
[DEBUG] adding entry javax/servlet/http/HttpSessionListener.class
[DEBUG] adding entry javax/servlet/http/HttpUpgradeHandler.class
[DEBUG] adding entry javax/servlet/http/HttpUtils.class
[DEBUG] adding entry javax/servlet/http/LocalStrings.properties
[DEBUG] adding entry javax/servlet/http/LocalStrings_es.properties
[DEBUG] adding entry javax/servlet/http/LocalStrings_fr.properties
[DEBUG] adding entry javax/servlet/http/LocalStrings_ja.properties
[DEBUG] adding entry javax/servlet/http/NoBodyOutputStream.class
[DEBUG] adding entry javax/servlet/http/NoBodyResponse.class
[DEBUG] adding entry javax/servlet/http/package.html
[DEBUG] adding entry javax/servlet/http/Part.class
[DEBUG] adding entry javax/servlet/http/WebConnection.class
[DEBUG] adding entry javax/servlet/HttpConstraintElement.class
[DEBUG] adding entry javax/servlet/HttpMethodConstraintElement.class
[DEBUG] adding entry javax/servlet/LocalStrings.properties
[DEBUG] adding entry javax/servlet/LocalStrings_fr.properties
[DEBUG] adding entry javax/servlet/LocalStrings_ja.properties
[DEBUG] adding entry javax/servlet/MultipartConfigElement.class
[DEBUG] adding entry javax/servlet/package.html
[DEBUG] adding entry javax/servlet/ReadListener.class
[DEBUG] adding entry javax/servlet/Registration$Dynamic.class
[DEBUG] adding entry javax/servlet/Registration.class
[DEBUG] adding entry javax/servlet/RequestDispatcher.class
[DEBUG] adding entry javax/servlet/Servlet.class
[DEBUG] adding entry javax/servlet/ServletConfig.class
[DEBUG] adding entry javax/servlet/ServletContainerInitializer.class
[DEBUG] adding entry javax/servlet/ServletContext.class
[DEBUG] adding entry javax/servlet/ServletContextAttributeEvent.class
[DEBUG] adding entry javax/servlet/ServletContextAttributeListener.class
[DEBUG] adding entry javax/servlet/ServletContextEvent.class
[DEBUG] adding entry javax/servlet/ServletContextListener.class
[DEBUG] adding entry javax/servlet/ServletException.class
[DEBUG] adding entry javax/servlet/ServletInputStream.class
[DEBUG] adding entry javax/servlet/ServletOutputStream.class
[DEBUG] adding entry javax/servlet/ServletRegistration$Dynamic.class
[DEBUG] adding entry javax/servlet/ServletRegistration.class
[DEBUG] adding entry javax/servlet/ServletRequest.class
[DEBUG] adding entry javax/servlet/ServletRequestAttributeEvent.class
[DEBUG] adding entry javax/servlet/ServletRequestAttributeListener.class
[DEBUG] adding entry javax/servlet/ServletRequestEvent.class
[DEBUG] adding entry javax/servlet/ServletRequestListener.class
[DEBUG] adding entry javax/servlet/ServletRequestWrapper.class
[DEBUG] adding entry javax/servlet/ServletResponse.class
[DEBUG] adding entry javax/servlet/ServletResponseWrapper.class
[DEBUG] adding entry javax/servlet/ServletSecurityElement.class
[DEBUG] adding entry javax/servlet/SessionCookieConfig.class
[DEBUG] adding entry javax/servlet/SessionTrackingMode.class
[DEBUG] adding entry javax/servlet/SingleThreadModel.class
[DEBUG] adding entry javax/servlet/UnavailableException.class
[DEBUG] adding entry javax/servlet/WriteListener.class
[INFO] META-INF/LICENSE.txt already added, skipping
[INFO] META-INF/maven/ already added, skipping
[DEBUG] adding directory META-INF/maven/javax.servlet/
[DEBUG] adding directory META-INF/maven/javax.servlet/javax.servlet-api/
[DEBUG] adding entry META-INF/maven/javax.servlet/javax.servlet-api/pom.xml
[DEBUG] adding entry META-INF/maven/javax.servlet/javax.servlet-api/pom.properties
[INFO] META-INF/ already added, skipping
[INFO] META-INF/MANIFEST.MF already added, skipping
[INFO] org/ already added, skipping
[INFO] org/eclipse/ already added, skipping
[INFO] org/eclipse/jetty/ already added, skipping
[DEBUG] adding directory org/eclipse/jetty/http/
[INFO] about.html already added, skipping
[DEBUG] adding entry org/eclipse/jetty/http/DateGenerator$1.class
[DEBUG] adding entry org/eclipse/jetty/http/DateGenerator.class
[DEBUG] adding entry org/eclipse/jetty/http/DateParser$1.class
[DEBUG] adding entry org/eclipse/jetty/http/DateParser.class
[DEBUG] adding entry org/eclipse/jetty/http/encoding.properties
[DEBUG] adding entry org/eclipse/jetty/http/HttpContent$ResourceAsHttpContent.class
[DEBUG] adding entry org/eclipse/jetty/http/HttpContent.class
[DEBUG] adding entry org/eclipse/jetty/http/HttpCookie.class
[DEBUG] adding entry org/eclipse/jetty/http/HttpField.class
[DEBUG] adding entry org/eclipse/jetty/http/HttpFields$1.class
[DEBUG] adding entry org/eclipse/jetty/http/HttpFields$2.class
[DEBUG] adding entry org/eclipse/jetty/http/HttpFields.class
[DEBUG] adding entry org/eclipse/jetty/http/HttpGenerator$1.class
[DEBUG] adding entry org/eclipse/jetty/http/HttpGenerator$2.class
[DEBUG] adding entry org/eclipse/jetty/http/HttpGenerator$CachedHttpField.class
[DEBUG] adding entry org/eclipse/jetty/http/HttpGenerator$Info.class
[DEBUG] adding entry org/eclipse/jetty/http/HttpGenerator$PreparedResponse.class
[DEBUG] adding entry org/eclipse/jetty/http/HttpGenerator$RequestInfo.class
[DEBUG] adding entry org/eclipse/jetty/http/HttpGenerator$ResponseInfo.class
[DEBUG] adding entry org/eclipse/jetty/http/HttpGenerator$Result.class
[DEBUG] adding entry org/eclipse/jetty/http/HttpGenerator$State.class
[DEBUG] adding entry org/eclipse/jetty/http/HttpGenerator.class
[DEBUG] adding entry org/eclipse/jetty/http/HttpHeader.class
[DEBUG] adding entry org/eclipse/jetty/http/HttpHeaderValue.class
[DEBUG] adding entry org/eclipse/jetty/http/HttpMethod.class
[DEBUG] adding entry org/eclipse/jetty/http/HttpParser$1.class
[DEBUG] adding entry org/eclipse/jetty/http/HttpParser$BadMessageException.class
[DEBUG] adding entry org/eclipse/jetty/http/HttpParser$HttpHandler.class
[DEBUG] adding entry org/eclipse/jetty/http/HttpParser$IllegalCharacterException.class
[DEBUG] adding entry org/eclipse/jetty/http/HttpParser$ProxyHandler.class
[DEBUG] adding entry org/eclipse/jetty/http/HttpParser$RequestHandler.class
[DEBUG] adding entry org/eclipse/jetty/http/HttpParser$ResponseHandler.class
[DEBUG] adding entry org/eclipse/jetty/http/HttpParser$State.class
[DEBUG] adding entry org/eclipse/jetty/http/HttpParser.class
[DEBUG] adding entry org/eclipse/jetty/http/HttpScheme.class
[DEBUG] adding entry org/eclipse/jetty/http/HttpStatus$Code.class
[DEBUG] adding entry org/eclipse/jetty/http/HttpStatus.class
[DEBUG] adding entry org/eclipse/jetty/http/HttpTester$1.class
[DEBUG] adding entry org/eclipse/jetty/http/HttpTester$Message.class
[DEBUG] adding entry org/eclipse/jetty/http/HttpTester$Request.class
[DEBUG] adding entry org/eclipse/jetty/http/HttpTester$Response.class
[DEBUG] adding entry org/eclipse/jetty/http/HttpTester.class
[DEBUG] adding entry org/eclipse/jetty/http/HttpTokens$EndOfContent.class
[DEBUG] adding entry org/eclipse/jetty/http/HttpTokens.class
[DEBUG] adding entry org/eclipse/jetty/http/HttpURI.class
[DEBUG] adding entry org/eclipse/jetty/http/HttpVersion.class
[DEBUG] adding entry org/eclipse/jetty/http/mime.properties
[DEBUG] adding entry org/eclipse/jetty/http/MimeTypes$Type.class
[DEBUG] adding entry org/eclipse/jetty/http/MimeTypes.class
[DEBUG] adding entry org/eclipse/jetty/http/PathMap$MappedEntry.class
[DEBUG] adding entry org/eclipse/jetty/http/PathMap.class
[DEBUG] adding entry org/eclipse/jetty/http/useragents
[INFO] META-INF/maven/ already added, skipping
[INFO] META-INF/maven/org.eclipse.jetty/ already added, skipping
[DEBUG] adding directory META-INF/maven/org.eclipse.jetty/jetty-http/
[DEBUG] adding entry META-INF/maven/org.eclipse.jetty/jetty-http/pom.xml
[DEBUG] adding entry META-INF/maven/org.eclipse.jetty/jetty-http/pom.properties
[INFO] META-INF/ already added, skipping
[INFO] META-INF/MANIFEST.MF already added, skipping
[INFO] org/ already added, skipping
[INFO] org/eclipse/ already added, skipping
[INFO] org/eclipse/jetty/ already added, skipping
[DEBUG] adding directory org/eclipse/jetty/util/
[DEBUG] adding directory org/eclipse/jetty/util/annotation/
[DEBUG] adding directory org/eclipse/jetty/util/component/
[DEBUG] adding directory org/eclipse/jetty/util/log/
[DEBUG] adding directory org/eclipse/jetty/util/preventers/
[DEBUG] adding directory org/eclipse/jetty/util/resource/
[DEBUG] adding directory org/eclipse/jetty/util/security/
[DEBUG] adding directory org/eclipse/jetty/util/ssl/
[DEBUG] adding directory org/eclipse/jetty/util/statistic/
[DEBUG] adding directory org/eclipse/jetty/util/thread/
[INFO] about.html already added, skipping
[DEBUG] adding entry jetty-dir.css
[DEBUG] adding entry org/eclipse/jetty/util/AbstractTrie.class
[DEBUG] adding entry org/eclipse/jetty/util/annotation/ManagedAttribute.class
[DEBUG] adding entry org/eclipse/jetty/util/annotation/ManagedObject.class
[DEBUG] adding entry org/eclipse/jetty/util/annotation/ManagedOperation.class
[DEBUG] adding entry org/eclipse/jetty/util/annotation/Name.class
[DEBUG] adding entry org/eclipse/jetty/util/ArrayQueue.class
[DEBUG] adding entry org/eclipse/jetty/util/ArrayTernaryTrie.class
[DEBUG] adding entry org/eclipse/jetty/util/ArrayTrie.class
[DEBUG] adding entry org/eclipse/jetty/util/ArrayUtil.class
[DEBUG] adding entry org/eclipse/jetty/util/Atomics.class
[DEBUG] adding entry org/eclipse/jetty/util/Attributes.class
[DEBUG] adding entry org/eclipse/jetty/util/AttributesMap.class
[DEBUG] adding entry org/eclipse/jetty/util/B64Code.class
[DEBUG] adding entry org/eclipse/jetty/util/BlockingArrayQueue$Itr.class
[DEBUG] adding entry org/eclipse/jetty/util/BlockingArrayQueue.class
[DEBUG] adding entry org/eclipse/jetty/util/BlockingCallback$1.class
[DEBUG] adding entry org/eclipse/jetty/util/BlockingCallback$2.class
[DEBUG] adding entry org/eclipse/jetty/util/BlockingCallback.class
[DEBUG] adding entry org/eclipse/jetty/util/BufferUtil.class
[DEBUG] adding entry org/eclipse/jetty/util/ByteArrayISO8859Writer.class
[DEBUG] adding entry org/eclipse/jetty/util/ByteArrayOutputStream2.class
[DEBUG] adding entry org/eclipse/jetty/util/Callback$Adapter.class
[DEBUG] adding entry org/eclipse/jetty/util/Callback.class
[DEBUG] adding entry org/eclipse/jetty/util/ClassLoadingObjectInputStream.class
[DEBUG] adding entry org/eclipse/jetty/util/CompletableCallback$1.class
[DEBUG] adding entry org/eclipse/jetty/util/CompletableCallback$State.class
[DEBUG] adding entry org/eclipse/jetty/util/CompletableCallback.class
[DEBUG] adding entry org/eclipse/jetty/util/component/AbstractLifeCycle$AbstractLifeCycleListener.class
[DEBUG] adding entry org/eclipse/jetty/util/component/AbstractLifeCycle.class
[DEBUG] adding entry org/eclipse/jetty/util/component/Container$InheritedListener.class
[DEBUG] adding entry org/eclipse/jetty/util/component/Container$Listener.class
[DEBUG] adding entry org/eclipse/jetty/util/component/Container.class
[DEBUG] adding entry org/eclipse/jetty/util/component/ContainerLifeCycle$1.class
[DEBUG] adding entry org/eclipse/jetty/util/component/ContainerLifeCycle$Bean.class
[DEBUG] adding entry org/eclipse/jetty/util/component/ContainerLifeCycle$Managed.class
[DEBUG] adding entry org/eclipse/jetty/util/component/ContainerLifeCycle.class
[DEBUG] adding entry org/eclipse/jetty/util/component/Destroyable.class
[DEBUG] adding entry org/eclipse/jetty/util/component/Dumpable.class
[DEBUG] adding entry org/eclipse/jetty/util/component/FileDestroyable.class
[DEBUG] adding entry org/eclipse/jetty/util/component/FileNoticeLifeCycleListener.class
[DEBUG] adding entry org/eclipse/jetty/util/component/Graceful.class
[DEBUG] adding entry org/eclipse/jetty/util/component/LifeCycle$Listener.class
[DEBUG] adding entry org/eclipse/jetty/util/component/LifeCycle.class
[DEBUG] adding entry org/eclipse/jetty/util/ConcurrentArrayQueue$1.class
[DEBUG] adding entry org/eclipse/jetty/util/ConcurrentArrayQueue$2.class
[DEBUG] adding entry org/eclipse/jetty/util/ConcurrentArrayQueue$Block.class
[DEBUG] adding entry org/eclipse/jetty/util/ConcurrentArrayQueue.class
[DEBUG] adding entry org/eclipse/jetty/util/ConcurrentHashSet.class
[DEBUG] adding entry org/eclipse/jetty/util/CountingCallback.class
[DEBUG] adding entry org/eclipse/jetty/util/DateCache$Tick.class
[DEBUG] adding entry org/eclipse/jetty/util/DateCache.class
[DEBUG] adding entry org/eclipse/jetty/util/Fields$1.class
[DEBUG] adding entry org/eclipse/jetty/util/Fields$Field.class
[DEBUG] adding entry org/eclipse/jetty/util/Fields.class
[DEBUG] adding entry org/eclipse/jetty/util/FutureCallback.class
[DEBUG] adding entry org/eclipse/jetty/util/FuturePromise.class
[DEBUG] adding entry org/eclipse/jetty/util/HostMap.class
[DEBUG] adding entry org/eclipse/jetty/util/HttpCookieStore$Empty.class
[DEBUG] adding entry org/eclipse/jetty/util/HttpCookieStore.class
[DEBUG] adding entry org/eclipse/jetty/util/IntrospectionUtil.class
[DEBUG] adding entry org/eclipse/jetty/util/IO$1.class
[DEBUG] adding entry org/eclipse/jetty/util/IO$ClosedIS.class
[DEBUG] adding entry org/eclipse/jetty/util/IO$Job.class
[DEBUG] adding entry org/eclipse/jetty/util/IO$NullOS.class
[DEBUG] adding entry org/eclipse/jetty/util/IO$NullWrite.class
[DEBUG] adding entry org/eclipse/jetty/util/IO.class
[DEBUG] adding entry org/eclipse/jetty/util/IPAddressMap$IPAddrPattern.class
[DEBUG] adding entry org/eclipse/jetty/util/IPAddressMap$OctetPattern.class
[DEBUG] adding entry org/eclipse/jetty/util/IPAddressMap.class
[DEBUG] adding entry org/eclipse/jetty/util/IteratingCallback$1.class
[DEBUG] adding entry org/eclipse/jetty/util/IteratingCallback$Action.class
[DEBUG] adding entry org/eclipse/jetty/util/IteratingCallback$State.class
[DEBUG] adding entry org/eclipse/jetty/util/IteratingCallback.class
[DEBUG] adding entry org/eclipse/jetty/util/IteratingNestedCallback.class
[DEBUG] adding entry org/eclipse/jetty/util/Jetty.class
[DEBUG] adding entry org/eclipse/jetty/util/LazyList.class
[DEBUG] adding entry org/eclipse/jetty/util/LeakDetector$1.class
[DEBUG] adding entry org/eclipse/jetty/util/LeakDetector$LeakInfo.class
[DEBUG] adding entry org/eclipse/jetty/util/LeakDetector.class
[DEBUG] adding entry org/eclipse/jetty/util/Loader.class
[DEBUG] adding entry org/eclipse/jetty/util/log/AbstractLogger.class
[DEBUG] adding entry org/eclipse/jetty/util/log/JavaUtilLog.class
[DEBUG] adding entry org/eclipse/jetty/util/log/JettyAwareLogger.class
[DEBUG] adding entry org/eclipse/jetty/util/log/Log$1.class
[DEBUG] adding entry org/eclipse/jetty/util/log/Log.class
[DEBUG] adding entry org/eclipse/jetty/util/log/Logger.class
[DEBUG] adding entry org/eclipse/jetty/util/log/LoggerLog.class
[DEBUG] adding entry org/eclipse/jetty/util/log/Slf4jLog.class
[DEBUG] adding entry org/eclipse/jetty/util/log/StacklessLogging.class
[DEBUG] adding entry org/eclipse/jetty/util/log/StdErrLog.class
[DEBUG] adding entry org/eclipse/jetty/util/MemoryUtils$1.class
[DEBUG] adding entry org/eclipse/jetty/util/MemoryUtils.class
[DEBUG] adding entry org/eclipse/jetty/util/MultiException.class
[DEBUG] adding entry org/eclipse/jetty/util/MultiMap$1.class
[DEBUG] adding entry org/eclipse/jetty/util/MultiMap.class
[DEBUG] adding entry org/eclipse/jetty/util/MultiPartInputStreamParser$1.class
[DEBUG] adding entry org/eclipse/jetty/util/MultiPartInputStreamParser$Base64InputStream.class
[DEBUG] adding entry org/eclipse/jetty/util/MultiPartInputStreamParser$MultiPart.class
[DEBUG] adding entry org/eclipse/jetty/util/MultiPartInputStreamParser.class
[DEBUG] adding entry org/eclipse/jetty/util/MultiPartOutputStream.class
[DEBUG] adding entry org/eclipse/jetty/util/MultiPartWriter.class
[DEBUG] adding entry org/eclipse/jetty/util/PatternMatcher.class
[DEBUG] adding entry org/eclipse/jetty/util/preventers/AbstractLeakPreventer.class
[DEBUG] adding entry org/eclipse/jetty/util/preventers/AppContextLeakPreventer.class
[DEBUG] adding entry org/eclipse/jetty/util/preventers/AWTLeakPreventer.class
[DEBUG] adding entry org/eclipse/jetty/util/preventers/DOMLeakPreventer.class
[DEBUG] adding entry org/eclipse/jetty/util/preventers/DriverManagerLeakPreventer.class
[DEBUG] adding entry org/eclipse/jetty/util/preventers/GCThreadLeakPreventer.class
[DEBUG] adding entry org/eclipse/jetty/util/preventers/Java2DLeakPreventer.class
[DEBUG] adding entry org/eclipse/jetty/util/preventers/LDAPLeakPreventer.class
[DEBUG] adding entry org/eclipse/jetty/util/preventers/LoginConfigurationLeakPreventer.class
[DEBUG] adding entry org/eclipse/jetty/util/preventers/SecurityProviderLeakPreventer.class
[DEBUG] adding entry org/eclipse/jetty/util/Promise$Adapter.class
[DEBUG] adding entry org/eclipse/jetty/util/Promise.class
[DEBUG] adding entry org/eclipse/jetty/util/QuotedStringTokenizer.class
[DEBUG] adding entry org/eclipse/jetty/util/ReadLineInputStream.class
[DEBUG] adding entry org/eclipse/jetty/util/resource/BadResource.class
[DEBUG] adding entry org/eclipse/jetty/util/resource/EmptyResource.class
[DEBUG] adding entry org/eclipse/jetty/util/resource/FileResource$1.class
[DEBUG] adding entry org/eclipse/jetty/util/resource/FileResource.class
[DEBUG] adding entry org/eclipse/jetty/util/resource/JarFileResource.class
[DEBUG] adding entry org/eclipse/jetty/util/resource/JarResource$1.class
[DEBUG] adding entry org/eclipse/jetty/util/resource/JarResource.class
[DEBUG] adding entry org/eclipse/jetty/util/resource/PathResource.class
[DEBUG] adding entry org/eclipse/jetty/util/resource/Resource.class
[DEBUG] adding entry org/eclipse/jetty/util/resource/ResourceCollection.class
[DEBUG] adding entry org/eclipse/jetty/util/resource/ResourceFactory.class
[DEBUG] adding entry org/eclipse/jetty/util/resource/URLResource.class
[DEBUG] adding entry org/eclipse/jetty/util/RolloverFileOutputStream$1.class
[DEBUG] adding entry org/eclipse/jetty/util/RolloverFileOutputStream$RollTask.class
[DEBUG] adding entry org/eclipse/jetty/util/RolloverFileOutputStream.class
[DEBUG] adding entry org/eclipse/jetty/util/Scanner$1.class
[DEBUG] adding entry org/eclipse/jetty/util/Scanner$2.class
[DEBUG] adding entry org/eclipse/jetty/util/Scanner$BulkListener.class
[DEBUG] adding entry org/eclipse/jetty/util/Scanner$DiscreteListener.class
[DEBUG] adding entry org/eclipse/jetty/util/Scanner$Listener.class
[DEBUG] adding entry org/eclipse/jetty/util/Scanner$Notification.class
[DEBUG] adding entry org/eclipse/jetty/util/Scanner$ScanCycleListener.class
[DEBUG] adding entry org/eclipse/jetty/util/Scanner$ScanListener.class
[DEBUG] adding entry org/eclipse/jetty/util/Scanner$TimeNSize.class
[DEBUG] adding entry org/eclipse/jetty/util/Scanner.class
[DEBUG] adding entry org/eclipse/jetty/util/security/CertificateUtils.class
[DEBUG] adding entry org/eclipse/jetty/util/security/CertificateValidator.class
[DEBUG] adding entry org/eclipse/jetty/util/security/Constraint.class
[DEBUG] adding entry org/eclipse/jetty/util/security/Credential$Crypt.class
[DEBUG] adding entry org/eclipse/jetty/util/security/Credential$MD5.class
[DEBUG] adding entry org/eclipse/jetty/util/security/Credential.class
[DEBUG] adding entry org/eclipse/jetty/util/security/Password.class
[DEBUG] adding entry org/eclipse/jetty/util/security/UnixCrypt.class
[DEBUG] adding entry org/eclipse/jetty/util/SharedBlockingCallback$1.class
[DEBUG] adding entry org/eclipse/jetty/util/SharedBlockingCallback$2.class
[DEBUG] adding entry org/eclipse/jetty/util/SharedBlockingCallback$3.class
[DEBUG] adding entry org/eclipse/jetty/util/SharedBlockingCallback$Blocker.class
[DEBUG] adding entry org/eclipse/jetty/util/SharedBlockingCallback$BlockerTimeoutException.class
[DEBUG] adding entry org/eclipse/jetty/util/SharedBlockingCallback.class
[DEBUG] adding entry org/eclipse/jetty/util/SocketAddressResolver$Async$1$1.class
[DEBUG] adding entry org/eclipse/jetty/util/SocketAddressResolver$Async$1.class
[DEBUG] adding entry org/eclipse/jetty/util/SocketAddressResolver$Async.class
[DEBUG] adding entry org/eclipse/jetty/util/SocketAddressResolver$Sync.class
[DEBUG] adding entry org/eclipse/jetty/util/SocketAddressResolver.class
[DEBUG] adding entry org/eclipse/jetty/util/ssl/AliasedX509ExtendedKeyManager.class
[DEBUG] adding entry org/eclipse/jetty/util/ssl/AliasedX509KeyManager.class
[DEBUG] adding entry org/eclipse/jetty/util/ssl/SslContextFactory$1.class
[DEBUG] adding entry org/eclipse/jetty/util/ssl/SslContextFactory.class
[DEBUG] adding entry org/eclipse/jetty/util/statistic/CounterStatistic.class
[DEBUG] adding entry org/eclipse/jetty/util/statistic/SampleStatistic.class
[DEBUG] adding entry org/eclipse/jetty/util/StringUtil.class
[DEBUG] adding entry org/eclipse/jetty/util/thread/ExecutorThreadPool.class
[DEBUG] adding entry org/eclipse/jetty/util/thread/NonBlockingThread.class
[DEBUG] adding entry org/eclipse/jetty/util/thread/QueuedThreadPool$1.class
[DEBUG] adding entry org/eclipse/jetty/util/thread/QueuedThreadPool$2.class
[DEBUG] adding entry org/eclipse/jetty/util/thread/QueuedThreadPool$3.class
[DEBUG] adding entry org/eclipse/jetty/util/thread/QueuedThreadPool.class
[DEBUG] adding entry org/eclipse/jetty/util/thread/ScheduledExecutorScheduler$1.class
[DEBUG] adding entry org/eclipse/jetty/util/thread/ScheduledExecutorScheduler$2.class
[DEBUG] adding entry org/eclipse/jetty/util/thread/ScheduledExecutorScheduler$ScheduledFutureTask.class
[DEBUG] adding entry org/eclipse/jetty/util/thread/ScheduledExecutorScheduler.class
[DEBUG] adding entry org/eclipse/jetty/util/thread/Scheduler$Task.class
[DEBUG] adding entry org/eclipse/jetty/util/thread/Scheduler.class
[DEBUG] adding entry org/eclipse/jetty/util/thread/ShutdownThread.class
[DEBUG] adding entry org/eclipse/jetty/util/thread/SpinLock$Lock.class
[DEBUG] adding entry org/eclipse/jetty/util/thread/SpinLock.class
[DEBUG] adding entry org/eclipse/jetty/util/thread/Sweeper$Sweepable.class
[DEBUG] adding entry org/eclipse/jetty/util/thread/Sweeper.class
[DEBUG] adding entry org/eclipse/jetty/util/thread/ThreadPool$SizedThreadPool.class
[DEBUG] adding entry org/eclipse/jetty/util/thread/ThreadPool.class
[DEBUG] adding entry org/eclipse/jetty/util/thread/TimerScheduler$1.class
[DEBUG] adding entry org/eclipse/jetty/util/thread/TimerScheduler$SimpleTask.class
[DEBUG] adding entry org/eclipse/jetty/util/thread/TimerScheduler.class
[DEBUG] adding entry org/eclipse/jetty/util/TreeTrie.class
[DEBUG] adding entry org/eclipse/jetty/util/Trie.class
[DEBUG] adding entry org/eclipse/jetty/util/TypeUtil.class
[DEBUG] adding entry org/eclipse/jetty/util/Uptime$DefaultImpl.class
[DEBUG] adding entry org/eclipse/jetty/util/Uptime$Impl.class
[DEBUG] adding entry org/eclipse/jetty/util/Uptime.class
[DEBUG] adding entry org/eclipse/jetty/util/URIUtil.class
[DEBUG] adding entry org/eclipse/jetty/util/UrlEncoded.class
[DEBUG] adding entry org/eclipse/jetty/util/Utf8Appendable$NotUtf8Exception.class
[DEBUG] adding entry org/eclipse/jetty/util/Utf8Appendable.class
[DEBUG] adding entry org/eclipse/jetty/util/Utf8LineParser$1.class
[DEBUG] adding entry org/eclipse/jetty/util/Utf8LineParser$State.class
[DEBUG] adding entry org/eclipse/jetty/util/Utf8LineParser.class
[DEBUG] adding entry org/eclipse/jetty/util/Utf8StringBuffer.class
[DEBUG] adding entry org/eclipse/jetty/util/Utf8StringBuilder.class
[INFO] META-INF/maven/ already added, skipping
[INFO] META-INF/maven/org.eclipse.jetty/ already added, skipping
[DEBUG] adding directory META-INF/maven/org.eclipse.jetty/jetty-util/
[DEBUG] adding entry META-INF/maven/org.eclipse.jetty/jetty-util/pom.xml
[DEBUG] adding entry META-INF/maven/org.eclipse.jetty/jetty-util/pom.properties
[INFO] META-INF/ already added, skipping
[INFO] META-INF/MANIFEST.MF already added, skipping
[INFO] org/ already added, skipping
[INFO] org/eclipse/ already added, skipping
[INFO] org/eclipse/jetty/ already added, skipping
[DEBUG] adding directory org/eclipse/jetty/io/
[DEBUG] adding directory org/eclipse/jetty/io/ssl/
[INFO] about.html already added, skipping
[DEBUG] adding entry org/eclipse/jetty/io/AbstractConnection$1.class
[DEBUG] adding entry org/eclipse/jetty/io/AbstractConnection$2.class
[DEBUG] adding entry org/eclipse/jetty/io/AbstractConnection$FillingFillInterestedState.class
[DEBUG] adding entry org/eclipse/jetty/io/AbstractConnection$FillingInterestedCallback$1.class
[DEBUG] adding entry org/eclipse/jetty/io/AbstractConnection$FillingInterestedCallback.class
[DEBUG] adding entry org/eclipse/jetty/io/AbstractConnection$FillingState.class
[DEBUG] adding entry org/eclipse/jetty/io/AbstractConnection$FillInterestedState.class
[DEBUG] adding entry org/eclipse/jetty/io/AbstractConnection$IdleState.class
[DEBUG] adding entry org/eclipse/jetty/io/AbstractConnection$NestedState.class
[DEBUG] adding entry org/eclipse/jetty/io/AbstractConnection$ReadCallback$1.class
[DEBUG] adding entry org/eclipse/jetty/io/AbstractConnection$ReadCallback.class
[DEBUG] adding entry org/eclipse/jetty/io/AbstractConnection$RefillingState.class
[DEBUG] adding entry org/eclipse/jetty/io/AbstractConnection$State.class
[DEBUG] adding entry org/eclipse/jetty/io/AbstractConnection.class
[DEBUG] adding entry org/eclipse/jetty/io/AbstractEndPoint$1.class
[DEBUG] adding entry org/eclipse/jetty/io/AbstractEndPoint$2.class
[DEBUG] adding entry org/eclipse/jetty/io/AbstractEndPoint.class
[DEBUG] adding entry org/eclipse/jetty/io/ArrayByteBufferPool$Bucket.class
[DEBUG] adding entry org/eclipse/jetty/io/ArrayByteBufferPool.class
[DEBUG] adding entry org/eclipse/jetty/io/ByteArrayEndPoint.class
[DEBUG] adding entry org/eclipse/jetty/io/ByteBufferPool.class
[DEBUG] adding entry org/eclipse/jetty/io/ChannelEndPoint.class
[DEBUG] adding entry org/eclipse/jetty/io/ClientConnectionFactory$Helper.class
[DEBUG] adding entry org/eclipse/jetty/io/ClientConnectionFactory.class
[DEBUG] adding entry org/eclipse/jetty/io/Connection$Listener$Adapter.class
[DEBUG] adding entry org/eclipse/jetty/io/Connection$Listener.class
[DEBUG] adding entry org/eclipse/jetty/io/Connection$UpgradeFrom.class
[DEBUG] adding entry org/eclipse/jetty/io/Connection$UpgradeTo.class
[DEBUG] adding entry org/eclipse/jetty/io/Connection.class
[DEBUG] adding entry org/eclipse/jetty/io/EndPoint.class
[DEBUG] adding entry org/eclipse/jetty/io/EofException.class
[DEBUG] adding entry org/eclipse/jetty/io/FillInterest.class
[DEBUG] adding entry org/eclipse/jetty/io/IdleTimeout$1.class
[DEBUG] adding entry org/eclipse/jetty/io/IdleTimeout.class
[DEBUG] adding entry org/eclipse/jetty/io/LeakTrackingByteBufferPool$1.class
[DEBUG] adding entry org/eclipse/jetty/io/LeakTrackingByteBufferPool.class
[DEBUG] adding entry org/eclipse/jetty/io/MappedByteBufferPool$Tagged.class
[DEBUG] adding entry org/eclipse/jetty/io/MappedByteBufferPool.class
[DEBUG] adding entry org/eclipse/jetty/io/NegotiatingClientConnection.class
[DEBUG] adding entry org/eclipse/jetty/io/NegotiatingClientConnectionFactory.class
[DEBUG] adding entry org/eclipse/jetty/io/NetworkTrafficListener$Adapter.class
[DEBUG] adding entry org/eclipse/jetty/io/NetworkTrafficListener.class
[DEBUG] adding entry org/eclipse/jetty/io/NetworkTrafficSelectChannelEndPoint.class
[DEBUG] adding entry org/eclipse/jetty/io/RuntimeIOException.class
[DEBUG] adding entry org/eclipse/jetty/io/SelectChannelEndPoint$1.class
[DEBUG] adding entry org/eclipse/jetty/io/SelectChannelEndPoint.class
[DEBUG] adding entry org/eclipse/jetty/io/SelectorManager$1.class
[DEBUG] adding entry org/eclipse/jetty/io/SelectorManager$ManagedSelector$Accept.class
[DEBUG] adding entry org/eclipse/jetty/io/SelectorManager$ManagedSelector$Acceptor.class
[DEBUG] adding entry org/eclipse/jetty/io/SelectorManager$ManagedSelector$Connect.class
[DEBUG] adding entry org/eclipse/jetty/io/SelectorManager$ManagedSelector$ConnectTimeout.class
[DEBUG] adding entry org/eclipse/jetty/io/SelectorManager$ManagedSelector$DumpKeys.class
[DEBUG] adding entry org/eclipse/jetty/io/SelectorManager$ManagedSelector$EndPointCloser.class
[DEBUG] adding entry org/eclipse/jetty/io/SelectorManager$ManagedSelector$Stop.class
[DEBUG] adding entry org/eclipse/jetty/io/SelectorManager$ManagedSelector.class
[DEBUG] adding entry org/eclipse/jetty/io/SelectorManager$SelectableEndPoint.class
[DEBUG] adding entry org/eclipse/jetty/io/SelectorManager$State.class
[DEBUG] adding entry org/eclipse/jetty/io/SelectorManager.class
[DEBUG] adding entry org/eclipse/jetty/io/ssl/SslClientConnectionFactory.class
[DEBUG] adding entry org/eclipse/jetty/io/ssl/SslConnection$1.class
[DEBUG] adding entry org/eclipse/jetty/io/ssl/SslConnection$2.class
[DEBUG] adding entry org/eclipse/jetty/io/ssl/SslConnection$DecryptedEndPoint$1$1.class
[DEBUG] adding entry org/eclipse/jetty/io/ssl/SslConnection$DecryptedEndPoint$1.class
[DEBUG] adding entry org/eclipse/jetty/io/ssl/SslConnection$DecryptedEndPoint.class
[DEBUG] adding entry org/eclipse/jetty/io/ssl/SslConnection.class
[DEBUG] adding entry org/eclipse/jetty/io/UncheckedPrintWriter.class
[DEBUG] adding entry org/eclipse/jetty/io/WriteFlusher$1.class
[DEBUG] adding entry org/eclipse/jetty/io/WriteFlusher$CompletingState.class
[DEBUG] adding entry org/eclipse/jetty/io/WriteFlusher$FailedState.class
[DEBUG] adding entry org/eclipse/jetty/io/WriteFlusher$IdleState.class
[DEBUG] adding entry org/eclipse/jetty/io/WriteFlusher$PendingState.class
[DEBUG] adding entry org/eclipse/jetty/io/WriteFlusher$State.class
[DEBUG] adding entry org/eclipse/jetty/io/WriteFlusher$StateType.class
[DEBUG] adding entry org/eclipse/jetty/io/WriteFlusher$WritingState.class
[DEBUG] adding entry org/eclipse/jetty/io/WriteFlusher.class
[DEBUG] adding entry org/eclipse/jetty/io/WriterOutputStream.class
[INFO] META-INF/maven/ already added, skipping
[INFO] META-INF/maven/org.eclipse.jetty/ already added, skipping
[DEBUG] adding directory META-INF/maven/org.eclipse.jetty/jetty-io/
[DEBUG] adding entry META-INF/maven/org.eclipse.jetty/jetty-io/pom.xml
[DEBUG] adding entry META-INF/maven/org.eclipse.jetty/jetty-io/pom.properties
[INFO] META-INF/MANIFEST.MF already added, skipping
[INFO] META-INF/ already added, skipping
[INFO] META-INF/maven/ already added, skipping
[DEBUG] adding directory META-INF/maven/org.glassfish.jersey.core/
[DEBUG] adding directory META-INF/maven/org.glassfish.jersey.core/jersey-common/
[DEBUG] adding entry META-INF/maven/org.glassfish.jersey.core/jersey-common/pom.properties
[DEBUG] adding entry META-INF/maven/org.glassfish.jersey.core/jersey-common/pom.xml
[INFO] org/ already added, skipping
[DEBUG] adding directory org/glassfish/
[DEBUG] adding directory org/glassfish/jersey/
[DEBUG] adding entry org/glassfish/jersey/Beta.class
[DEBUG] adding entry org/glassfish/jersey/CommonProperties.class
[DEBUG] adding entry org/glassfish/jersey/ExtendedConfig.class
[DEBUG] adding entry org/glassfish/jersey/JerseyPriorities.class
[DEBUG] adding entry org/glassfish/jersey/ServiceLocatorProvider.class
[DEBUG] adding entry org/glassfish/jersey/Severity.class
[DEBUG] adding entry org/glassfish/jersey/SslConfigurator.class
[DEBUG] adding directory org/glassfish/jersey/filter/
[DEBUG] adding entry org/glassfish/jersey/filter/LoggingFilter$1.class
[DEBUG] adding entry org/glassfish/jersey/filter/LoggingFilter$LoggingStream.class
[DEBUG] adding entry org/glassfish/jersey/filter/LoggingFilter.class
[DEBUG] adding directory org/glassfish/jersey/internal/
[DEBUG] adding entry org/glassfish/jersey/internal/AbstractRuntimeDelegate.class
[DEBUG] adding entry org/glassfish/jersey/internal/ContextResolverFactory$1.class
[DEBUG] adding entry org/glassfish/jersey/internal/ContextResolverFactory$Binder.class
[DEBUG] adding entry org/glassfish/jersey/internal/ContextResolverFactory$ContextResolverAdapter.class
[DEBUG] adding entry org/glassfish/jersey/internal/ContextResolverFactory$NullContextResolverAdapter.class
[DEBUG] adding entry org/glassfish/jersey/internal/ContextResolverFactory.class
[DEBUG] adding entry org/glassfish/jersey/internal/Errors$1.class
[DEBUG] adding entry org/glassfish/jersey/internal/Errors$2.class
[DEBUG] adding entry org/glassfish/jersey/internal/Errors$3.class
[DEBUG] adding entry org/glassfish/jersey/internal/Errors$ErrorMessage.class
[DEBUG] adding entry org/glassfish/jersey/internal/Errors$ErrorMessagesException.class
[DEBUG] adding entry org/glassfish/jersey/internal/Errors.class
[DEBUG] adding entry org/glassfish/jersey/internal/ExceptionMapperFactory$1.class
[DEBUG] adding entry org/glassfish/jersey/internal/ExceptionMapperFactory$Binder.class
[DEBUG] adding entry org/glassfish/jersey/internal/ExceptionMapperFactory$ExceptionMapperType.class
[DEBUG] adding entry org/glassfish/jersey/internal/ExceptionMapperFactory.class
[DEBUG] adding entry org/glassfish/jersey/internal/InternalProperties.class
[DEBUG] adding entry org/glassfish/jersey/internal/JaxrsProviders$Binder.class
[DEBUG] adding entry org/glassfish/jersey/internal/JaxrsProviders.class
[DEBUG] adding entry org/glassfish/jersey/internal/JerseyErrorService$1.class
[DEBUG] adding entry org/glassfish/jersey/internal/JerseyErrorService$2.class
[DEBUG] adding entry org/glassfish/jersey/internal/JerseyErrorService$Binder.class
[DEBUG] adding entry org/glassfish/jersey/internal/JerseyErrorService.class
[DEBUG] adding entry org/glassfish/jersey/internal/LocalizationMessages.class
[DEBUG] adding entry org/glassfish/jersey/internal/MapPropertiesDelegate.class
[DEBUG] adding entry org/glassfish/jersey/internal/OsgiRegistry$1.class
[DEBUG] adding entry org/glassfish/jersey/internal/OsgiRegistry$2.class
[DEBUG] adding entry org/glassfish/jersey/internal/OsgiRegistry$BundleSpiProvidersLoader.class
[DEBUG] adding entry org/glassfish/jersey/internal/OsgiRegistry$OsgiServiceFinder$1.class
[DEBUG] adding entry org/glassfish/jersey/internal/OsgiRegistry$OsgiServiceFinder$2.class
[DEBUG] adding entry org/glassfish/jersey/internal/OsgiRegistry$OsgiServiceFinder.class
[DEBUG] adding entry org/glassfish/jersey/internal/OsgiRegistry.class
[DEBUG] adding entry org/glassfish/jersey/internal/PropertiesDelegate.class
[DEBUG] adding entry org/glassfish/jersey/internal/RuntimeDelegateImpl.class
[DEBUG] adding entry org/glassfish/jersey/internal/ServiceConfigurationError.class
[DEBUG] adding entry org/glassfish/jersey/internal/ServiceFinder$1.class
[DEBUG] adding entry org/glassfish/jersey/internal/ServiceFinder$AbstractLazyIterator.class
[DEBUG] adding entry org/glassfish/jersey/internal/ServiceFinder$DefaultServiceIteratorProvider.class
[DEBUG] adding entry org/glassfish/jersey/internal/ServiceFinder$LazyClassIterator.class
[DEBUG] adding entry org/glassfish/jersey/internal/ServiceFinder$LazyObjectIterator.class
[DEBUG] adding entry org/glassfish/jersey/internal/ServiceFinder$ServiceIteratorProvider.class
[DEBUG] adding entry org/glassfish/jersey/internal/ServiceFinder.class
[DEBUG] adding entry org/glassfish/jersey/internal/ServiceFinderBinder.class
[DEBUG] adding entry org/glassfish/jersey/internal/Version.class
[DEBUG] adding entry org/glassfish/jersey/internal/build.properties
[DEBUG] adding directory org/glassfish/jersey/internal/inject/
[DEBUG] adding entry org/glassfish/jersey/internal/inject/ContextInjectionResolver$1.class
[DEBUG] adding entry org/glassfish/jersey/internal/inject/ContextInjectionResolver$2.class
[DEBUG] adding entry org/glassfish/jersey/internal/inject/ContextInjectionResolver$3.class
[DEBUG] adding entry org/glassfish/jersey/internal/inject/ContextInjectionResolver$4.class
[DEBUG] adding entry org/glassfish/jersey/internal/inject/ContextInjectionResolver$Binder$1.class
[DEBUG] adding entry org/glassfish/jersey/internal/inject/ContextInjectionResolver$Binder.class
[DEBUG] adding entry org/glassfish/jersey/internal/inject/ContextInjectionResolver$DescriptorOverridingInjectee.class
[DEBUG] adding entry org/glassfish/jersey/internal/inject/ContextInjectionResolver$RequiredTypeOverridingInjectee.class
[DEBUG] adding entry org/glassfish/jersey/internal/inject/ContextInjectionResolver.class
[DEBUG] adding entry org/glassfish/jersey/internal/inject/Custom.class
[DEBUG] adding entry org/glassfish/jersey/internal/inject/CustomAnnotationLiteral.class
[DEBUG] adding entry org/glassfish/jersey/internal/inject/ExtractorException.class
[DEBUG] adding entry org/glassfish/jersey/internal/inject/FactoryToService.class
[DEBUG] adding entry org/glassfish/jersey/internal/inject/ForeignRequestScopeBridge.class
[DEBUG] adding entry org/glassfish/jersey/internal/inject/Injections.class
[DEBUG] adding entry org/glassfish/jersey/internal/inject/JerseyClassAnalyzer$1.class
[DEBUG] adding entry org/glassfish/jersey/internal/inject/JerseyClassAnalyzer$Binder.class
[DEBUG] adding entry org/glassfish/jersey/internal/inject/JerseyClassAnalyzer.class
[DEBUG] adding entry org/glassfish/jersey/internal/inject/ProviderBinder$1.class
[DEBUG] adding entry org/glassfish/jersey/internal/inject/ProviderBinder$2.class
[DEBUG] adding entry org/glassfish/jersey/internal/inject/ProviderBinder$3.class
[DEBUG] adding entry org/glassfish/jersey/internal/inject/ProviderBinder.class
[DEBUG] adding entry org/glassfish/jersey/internal/inject/ProviderToFactory$1.class
[DEBUG] adding entry org/glassfish/jersey/internal/inject/ProviderToFactory.class
[DEBUG] adding entry org/glassfish/jersey/internal/inject/ProviderToService.class
[DEBUG] adding entry org/glassfish/jersey/internal/inject/Providers$1.class
[DEBUG] adding entry org/glassfish/jersey/internal/inject/Providers$2.class
[DEBUG] adding entry org/glassfish/jersey/internal/inject/Providers$3.class
[DEBUG] adding entry org/glassfish/jersey/internal/inject/Providers$ProviderRuntime.class
[DEBUG] adding entry org/glassfish/jersey/internal/inject/Providers.class
[DEBUG] adding entry org/glassfish/jersey/internal/inject/ReferenceTransformingFactory$Transformer.class
[DEBUG] adding entry org/glassfish/jersey/internal/inject/ReferenceTransformingFactory.class
[DEBUG] adding entry org/glassfish/jersey/internal/inject/ReferencingFactory$1.class
[DEBUG] adding entry org/glassfish/jersey/internal/inject/ReferencingFactory$EmptyReferenceFactory.class
[DEBUG] adding entry org/glassfish/jersey/internal/inject/ReferencingFactory$InitializedReferenceFactory.class
[DEBUG] adding entry org/glassfish/jersey/internal/inject/ReferencingFactory.class
[DEBUG] adding entry org/glassfish/jersey/internal/inject/ServiceLocatorSupplier.class
[DEBUG] adding directory org/glassfish/jersey/internal/l10n/
[DEBUG] adding entry org/glassfish/jersey/internal/l10n/Localizable.class
[DEBUG] adding entry org/glassfish/jersey/internal/l10n/LocalizableMessage.class
[DEBUG] adding entry org/glassfish/jersey/internal/l10n/LocalizableMessageFactory.class
[DEBUG] adding entry org/glassfish/jersey/internal/l10n/Localizer.class
[DEBUG] adding entry org/glassfish/jersey/internal/localization.properties
[DEBUG] adding directory org/glassfish/jersey/internal/sonar/
[DEBUG] adding entry org/glassfish/jersey/internal/sonar/SonarJerseyCommon.class
[DEBUG] adding directory org/glassfish/jersey/internal/spi/
[DEBUG] adding entry org/glassfish/jersey/internal/spi/AutoDiscoverable.class
[DEBUG] adding entry org/glassfish/jersey/internal/spi/ForcedAutoDiscoverable.class
[DEBUG] adding directory org/glassfish/jersey/internal/util/
[DEBUG] adding entry org/glassfish/jersey/internal/util/Base64.class
[DEBUG] adding entry org/glassfish/jersey/internal/util/Closing.class
[DEBUG] adding entry org/glassfish/jersey/internal/util/Closure.class
[DEBUG] adding entry org/glassfish/jersey/internal/util/ExtendedLogger.class
[DEBUG] adding entry org/glassfish/jersey/internal/util/JdkVersion.class
[DEBUG] adding entry org/glassfish/jersey/internal/util/LazyUid.class
[DEBUG] adding entry org/glassfish/jersey/internal/util/Producer.class
[DEBUG] adding entry org/glassfish/jersey/internal/util/PropertiesClass.class
[DEBUG] adding entry org/glassfish/jersey/internal/util/PropertiesHelper$1.class
[DEBUG] adding entry org/glassfish/jersey/internal/util/PropertiesHelper$2.class
[DEBUG] adding entry org/glassfish/jersey/internal/util/PropertiesHelper$3.class
[DEBUG] adding entry org/glassfish/jersey/internal/util/PropertiesHelper.class
[DEBUG] adding entry org/glassfish/jersey/internal/util/Property.class
[DEBUG] adding entry org/glassfish/jersey/internal/util/PropertyAlias.class
[DEBUG] adding entry org/glassfish/jersey/internal/util/ReflectionHelper$1.class
[DEBUG] adding entry org/glassfish/jersey/internal/util/ReflectionHelper$10.class
[DEBUG] adding entry org/glassfish/jersey/internal/util/ReflectionHelper$11.class
[DEBUG] adding entry org/glassfish/jersey/internal/util/ReflectionHelper$12.class
[DEBUG] adding entry org/glassfish/jersey/internal/util/ReflectionHelper$13.class
[DEBUG] adding entry org/glassfish/jersey/internal/util/ReflectionHelper$14.class
[DEBUG] adding entry org/glassfish/jersey/internal/util/ReflectionHelper$15.class
[DEBUG] adding entry org/glassfish/jersey/internal/util/ReflectionHelper$16.class
[DEBUG] adding entry org/glassfish/jersey/internal/util/ReflectionHelper$17.class
[DEBUG] adding entry org/glassfish/jersey/internal/util/ReflectionHelper$18.class
[DEBUG] adding entry org/glassfish/jersey/internal/util/ReflectionHelper$19.class
[DEBUG] adding entry org/glassfish/jersey/internal/util/ReflectionHelper$2.class
[DEBUG] adding entry org/glassfish/jersey/internal/util/ReflectionHelper$3.class
[DEBUG] adding entry org/glassfish/jersey/internal/util/ReflectionHelper$4.class
[DEBUG] adding entry org/glassfish/jersey/internal/util/ReflectionHelper$5.class
[DEBUG] adding entry org/glassfish/jersey/internal/util/ReflectionHelper$6.class
[DEBUG] adding entry org/glassfish/jersey/internal/util/ReflectionHelper$7.class
[DEBUG] adding entry org/glassfish/jersey/internal/util/ReflectionHelper$8.class
[DEBUG] adding entry org/glassfish/jersey/internal/util/ReflectionHelper$9.class
[DEBUG] adding entry org/glassfish/jersey/internal/util/ReflectionHelper$DeclaringClassInterfacePair.class
[DEBUG] adding entry org/glassfish/jersey/internal/util/ReflectionHelper.class
[DEBUG] adding entry org/glassfish/jersey/internal/util/SaxHelper.class
[DEBUG] adding entry org/glassfish/jersey/internal/util/SimpleNamespaceResolver.class
[DEBUG] adding entry org/glassfish/jersey/internal/util/Tokenizer.class
[DEBUG] adding entry org/glassfish/jersey/internal/util/TypeVisitor.class
[DEBUG] adding directory org/glassfish/jersey/internal/util/collection/
[DEBUG] adding entry org/glassfish/jersey/internal/util/collection/ByteBufferInputStream.class
[DEBUG] adding entry org/glassfish/jersey/internal/util/collection/ClassTypePair.class
[DEBUG] adding entry org/glassfish/jersey/internal/util/collection/ConcurrentHashMapV8$1.class
[DEBUG] adding entry org/glassfish/jersey/internal/util/collection/ConcurrentHashMapV8$BaseIterator.class
[DEBUG] adding entry org/glassfish/jersey/internal/util/collection/ConcurrentHashMapV8$CollectionView.class
[DEBUG] adding entry org/glassfish/jersey/internal/util/collection/ConcurrentHashMapV8$CounterCell.class
[DEBUG] adding entry org/glassfish/jersey/internal/util/collection/ConcurrentHashMapV8$CounterHashCode.class
[DEBUG] adding entry org/glassfish/jersey/internal/util/collection/ConcurrentHashMapV8$EntryIterator.class
[DEBUG] adding entry org/glassfish/jersey/internal/util/collection/ConcurrentHashMapV8$EntrySetView.class
[DEBUG] adding entry org/glassfish/jersey/internal/util/collection/ConcurrentHashMapV8$ForwardingNode.class
[DEBUG] adding entry org/glassfish/jersey/internal/util/collection/ConcurrentHashMapV8$KeyIterator.class
[DEBUG] adding entry org/glassfish/jersey/internal/util/collection/ConcurrentHashMapV8$KeySetView.class
[DEBUG] adding entry org/glassfish/jersey/internal/util/collection/ConcurrentHashMapV8$MapEntry.class
[DEBUG] adding entry org/glassfish/jersey/internal/util/collection/ConcurrentHashMapV8$Node.class
[DEBUG] adding entry org/glassfish/jersey/internal/util/collection/ConcurrentHashMapV8$ReservationNode.class
[DEBUG] adding entry org/glassfish/jersey/internal/util/collection/ConcurrentHashMapV8$Segment.class
[DEBUG] adding entry org/glassfish/jersey/internal/util/collection/ConcurrentHashMapV8$Traverser.class
[DEBUG] adding entry org/glassfish/jersey/internal/util/collection/ConcurrentHashMapV8$TreeBin.class
[DEBUG] adding entry org/glassfish/jersey/internal/util/collection/ConcurrentHashMapV8$TreeNode.class
[DEBUG] adding entry org/glassfish/jersey/internal/util/collection/ConcurrentHashMapV8$ValueIterator.class
[DEBUG] adding entry org/glassfish/jersey/internal/util/collection/ConcurrentHashMapV8$ValuesView.class
[DEBUG] adding entry org/glassfish/jersey/internal/util/collection/ConcurrentHashMapV8.class
[DEBUG] adding entry org/glassfish/jersey/internal/util/collection/DataStructures$1.class
[DEBUG] adding entry org/glassfish/jersey/internal/util/collection/DataStructures$2.class
[DEBUG] adding entry org/glassfish/jersey/internal/util/collection/DataStructures.class
[DEBUG] adding entry org/glassfish/jersey/internal/util/collection/ImmutableMultivaluedMap.class
[DEBUG] adding entry org/glassfish/jersey/internal/util/collection/KeyComparator.class
[DEBUG] adding entry org/glassfish/jersey/internal/util/collection/KeyComparatorHashMap$1.class
[DEBUG] adding entry org/glassfish/jersey/internal/util/collection/KeyComparatorHashMap$Entry.class
[DEBUG] adding entry org/glassfish/jersey/internal/util/collection/KeyComparatorHashMap$EntryIterator.class
[DEBUG] adding entry org/glassfish/jersey/internal/util/collection/KeyComparatorHashMap$EntrySet.class
[DEBUG] adding entry org/glassfish/jersey/internal/util/collection/KeyComparatorHashMap$HashIterator.class
[DEBUG] adding entry org/glassfish/jersey/internal/util/collection/KeyComparatorHashMap$KeyIterator.class
[DEBUG] adding entry org/glassfish/jersey/internal/util/collection/KeyComparatorHashMap$ValueIterator.class
[DEBUG] adding entry org/glassfish/jersey/internal/util/collection/KeyComparatorHashMap.class
[DEBUG] adding entry org/glassfish/jersey/internal/util/collection/KeyComparatorLinkedHashMap$1.class
[DEBUG] adding entry org/glassfish/jersey/internal/util/collection/KeyComparatorLinkedHashMap$Entry.class
[DEBUG] adding entry org/glassfish/jersey/internal/util/collection/KeyComparatorLinkedHashMap$EntryIterator.class
[DEBUG] adding entry org/glassfish/jersey/internal/util/collection/KeyComparatorLinkedHashMap$KeyIterator.class
[DEBUG] adding entry org/glassfish/jersey/internal/util/collection/KeyComparatorLinkedHashMap$LinkedHashIterator.class
[DEBUG] adding entry org/glassfish/jersey/internal/util/collection/KeyComparatorLinkedHashMap$ValueIterator.class
[DEBUG] adding entry org/glassfish/jersey/internal/util/collection/KeyComparatorLinkedHashMap.class
[DEBUG] adding entry org/glassfish/jersey/internal/util/collection/LazyUnsafeValue.class
[DEBUG] adding entry org/glassfish/jersey/internal/util/collection/LazyValue.class
[DEBUG] adding entry org/glassfish/jersey/internal/util/collection/LinkedTransferQueue$1.class
[DEBUG] adding entry org/glassfish/jersey/internal/util/collection/LinkedTransferQueue$Itr.class
[DEBUG] adding entry org/glassfish/jersey/internal/util/collection/LinkedTransferQueue$Node.class
[DEBUG] adding entry org/glassfish/jersey/internal/util/collection/LinkedTransferQueue.class
[DEBUG] adding entry org/glassfish/jersey/internal/util/collection/MultivaluedStringMap.class
[DEBUG] adding entry org/glassfish/jersey/internal/util/collection/NonBlockingInputStream.class
[DEBUG] adding entry org/glassfish/jersey/internal/util/collection/NullableMultivaluedHashMap.class
[DEBUG] adding entry org/glassfish/jersey/internal/util/collection/Ref.class
[DEBUG] adding entry org/glassfish/jersey/internal/util/collection/Refs$DefaultRefImpl.class
[DEBUG] adding entry org/glassfish/jersey/internal/util/collection/Refs$ImmutableRefImpl.class
[DEBUG] adding entry org/glassfish/jersey/internal/util/collection/Refs$ThreadSafeRefImpl.class
[DEBUG] adding entry org/glassfish/jersey/internal/util/collection/Refs.class
[DEBUG] adding entry org/glassfish/jersey/internal/util/collection/Settable.class
[DEBUG] adding entry org/glassfish/jersey/internal/util/collection/StringIgnoreCaseKeyComparator.class
[DEBUG] adding entry org/glassfish/jersey/internal/util/collection/StringKeyIgnoreCaseMultivaluedMap.class
[DEBUG] adding entry org/glassfish/jersey/internal/util/collection/ThreadLocalRandom$1.class
[DEBUG] adding entry org/glassfish/jersey/internal/util/collection/ThreadLocalRandom.class
[DEBUG] adding entry org/glassfish/jersey/internal/util/collection/TransferQueue.class
[DEBUG] adding entry org/glassfish/jersey/internal/util/collection/UnsafeValue.class
[DEBUG] adding entry org/glassfish/jersey/internal/util/collection/Value.class
[DEBUG] adding entry org/glassfish/jersey/internal/util/collection/Values$1.class
[DEBUG] adding entry org/glassfish/jersey/internal/util/collection/Values$2.class
[DEBUG] adding entry org/glassfish/jersey/internal/util/collection/Values$EagerValue.class
[DEBUG] adding entry org/glassfish/jersey/internal/util/collection/Values$ExceptionValue.class
[DEBUG] adding entry org/glassfish/jersey/internal/util/collection/Values$InstanceUnsafeValue.class
[DEBUG] adding entry org/glassfish/jersey/internal/util/collection/Values$InstanceValue.class
[DEBUG] adding entry org/glassfish/jersey/internal/util/collection/Values$LazyUnsafeValueImpl.class
[DEBUG] adding entry org/glassfish/jersey/internal/util/collection/Values$LazyValueImpl.class
[DEBUG] adding entry org/glassfish/jersey/internal/util/collection/Values.class
[DEBUG] adding directory org/glassfish/jersey/message/
[DEBUG] adding entry org/glassfish/jersey/message/AbstractEntityProviderModel.class
[DEBUG] adding entry org/glassfish/jersey/message/DeflateEncoder.class
[DEBUG] adding entry org/glassfish/jersey/message/GZipEncoder.class
[DEBUG] adding entry org/glassfish/jersey/message/MessageBodyWorkers.class
[DEBUG] adding entry org/glassfish/jersey/message/MessageProperties.class
[DEBUG] adding entry org/glassfish/jersey/message/MessageUtils.class
[DEBUG] adding entry org/glassfish/jersey/message/ReaderModel.class
[DEBUG] adding entry org/glassfish/jersey/message/WriterModel.class
[DEBUG] adding entry org/glassfish/jersey/message/XmlHeader.class
[DEBUG] adding directory org/glassfish/jersey/message/internal/
[DEBUG] adding entry org/glassfish/jersey/message/internal/AbstractFormProvider.class
[DEBUG] adding entry org/glassfish/jersey/message/internal/AbstractMessageReaderWriterProvider.class
[DEBUG] adding entry org/glassfish/jersey/message/internal/AcceptableLanguageTag.class
[DEBUG] adding entry org/glassfish/jersey/message/internal/AcceptableMediaType$1.class
[DEBUG] adding entry org/glassfish/jersey/message/internal/AcceptableMediaType.class
[DEBUG] adding entry org/glassfish/jersey/message/internal/AcceptableToken.class
[DEBUG] adding entry org/glassfish/jersey/message/internal/BasicTypesMessageProvider$1.class
[DEBUG] adding entry org/glassfish/jersey/message/internal/BasicTypesMessageProvider$PrimitiveTypes$1.class
[DEBUG] adding entry org/glassfish/jersey/message/internal/BasicTypesMessageProvider$PrimitiveTypes$2.class
[DEBUG] adding entry org/glassfish/jersey/message/internal/BasicTypesMessageProvider$PrimitiveTypes$3.class
[DEBUG] adding entry org/glassfish/jersey/message/internal/BasicTypesMessageProvider$PrimitiveTypes$4.class
[DEBUG] adding entry org/glassfish/jersey/message/internal/BasicTypesMessageProvider$PrimitiveTypes$5.class
[DEBUG] adding entry org/glassfish/jersey/message/internal/BasicTypesMessageProvider$PrimitiveTypes$6.class
[DEBUG] adding entry org/glassfish/jersey/message/internal/BasicTypesMessageProvider$PrimitiveTypes$7.class
[DEBUG] adding entry org/glassfish/jersey/message/internal/BasicTypesMessageProvider$PrimitiveTypes$8.class
[DEBUG] adding entry org/glassfish/jersey/message/internal/BasicTypesMessageProvider$PrimitiveTypes.class
[DEBUG] adding entry org/glassfish/jersey/message/internal/BasicTypesMessageProvider.class
[DEBUG] adding entry org/glassfish/jersey/message/internal/ByteArrayProvider.class
[DEBUG] adding entry org/glassfish/jersey/message/internal/CacheControlProvider.class
[DEBUG] adding entry org/glassfish/jersey/message/internal/CommittingOutputStream$1.class
[DEBUG] adding entry org/glassfish/jersey/message/internal/CommittingOutputStream.class
[DEBUG] adding entry org/glassfish/jersey/message/internal/CompletableReader.class
[DEBUG] adding entry org/glassfish/jersey/message/internal/CookieProvider.class
[DEBUG] adding entry org/glassfish/jersey/message/internal/CookiesParser$MutableCookie.class
[DEBUG] adding entry org/glassfish/jersey/message/internal/CookiesParser$MutableNewCookie.class
[DEBUG] adding entry org/glassfish/jersey/message/internal/CookiesParser.class
[DEBUG] adding entry org/glassfish/jersey/message/internal/DataSourceProvider$ByteArrayDataSource$DSByteArrayOutputStream.class
[DEBUG] adding entry org/glassfish/jersey/message/internal/DataSourceProvider$ByteArrayDataSource.class
[DEBUG] adding entry org/glassfish/jersey/message/internal/DataSourceProvider.class
[DEBUG] adding entry org/glassfish/jersey/message/internal/DateProvider.class
[DEBUG] adding entry org/glassfish/jersey/message/internal/EntityInputStream.class
[DEBUG] adding entry org/glassfish/jersey/message/internal/EntityTagProvider.class
[DEBUG] adding entry org/glassfish/jersey/message/internal/FileProvider.class
[DEBUG] adding entry org/glassfish/jersey/message/internal/FormMultivaluedMapProvider.class
[DEBUG] adding entry org/glassfish/jersey/message/internal/FormProvider.class
[DEBUG] adding entry org/glassfish/jersey/message/internal/GrammarUtil.class
[DEBUG] adding entry org/glassfish/jersey/message/internal/HeaderUtils$1.class
[DEBUG] adding entry org/glassfish/jersey/message/internal/HeaderUtils$2.class
[DEBUG] adding entry org/glassfish/jersey/message/internal/HeaderUtils$3.class
[DEBUG] adding entry org/glassfish/jersey/message/internal/HeaderUtils.class
[DEBUG] adding entry org/glassfish/jersey/message/internal/HeaderValueException$Context.class
[DEBUG] adding entry org/glassfish/jersey/message/internal/HeaderValueException.class
[DEBUG] adding entry org/glassfish/jersey/message/internal/HttpDateFormat$1.class
[DEBUG] adding entry org/glassfish/jersey/message/internal/HttpDateFormat.class
[DEBUG] adding entry org/glassfish/jersey/message/internal/HttpHeaderListAdapter.class
[DEBUG] adding entry org/glassfish/jersey/message/internal/HttpHeaderReader$1.class
[DEBUG] adding entry org/glassfish/jersey/message/internal/HttpHeaderReader$2.class
[DEBUG] adding entry org/glassfish/jersey/message/internal/HttpHeaderReader$3.class
[DEBUG] adding entry org/glassfish/jersey/message/internal/HttpHeaderReader$4.class
[DEBUG] adding entry org/glassfish/jersey/message/internal/HttpHeaderReader$5.class
[DEBUG] adding entry org/glassfish/jersey/message/internal/HttpHeaderReader$6.class
[DEBUG] adding entry org/glassfish/jersey/message/internal/HttpHeaderReader$7.class
[DEBUG] adding entry org/glassfish/jersey/message/internal/HttpHeaderReader$8.class
[DEBUG] adding entry org/glassfish/jersey/message/internal/HttpHeaderReader$Event.class
[DEBUG] adding entry org/glassfish/jersey/message/internal/HttpHeaderReader$ListElementCreator.class
[DEBUG] adding entry org/glassfish/jersey/message/internal/HttpHeaderReader.class
[DEBUG] adding entry org/glassfish/jersey/message/internal/HttpHeaderReaderImpl.class
[DEBUG] adding entry org/glassfish/jersey/message/internal/InboundMessageContext$1.class
[DEBUG] adding entry org/glassfish/jersey/message/internal/InboundMessageContext$2.class
[DEBUG] adding entry org/glassfish/jersey/message/internal/InboundMessageContext$3.class
[DEBUG] adding entry org/glassfish/jersey/message/internal/InboundMessageContext$4.class
[DEBUG] adding entry org/glassfish/jersey/message/internal/InboundMessageContext$5.class
[DEBUG] adding entry org/glassfish/jersey/message/internal/InboundMessageContext$6.class
[DEBUG] adding entry org/glassfish/jersey/message/internal/InboundMessageContext$7.class
[DEBUG] adding entry org/glassfish/jersey/message/internal/InboundMessageContext$8.class
[DEBUG] adding entry org/glassfish/jersey/message/internal/InboundMessageContext$EntityContent.class
[DEBUG] adding entry org/glassfish/jersey/message/internal/InboundMessageContext.class
[DEBUG] adding entry org/glassfish/jersey/message/internal/InputStreamProvider.class
[DEBUG] adding entry org/glassfish/jersey/message/internal/InterceptorExecutor$1.class
[DEBUG] adding entry org/glassfish/jersey/message/internal/InterceptorExecutor$InterceptorTimestampPair.class
[DEBUG] adding entry org/glassfish/jersey/message/internal/InterceptorExecutor.class
[DEBUG] adding entry org/glassfish/jersey/message/internal/JerseyLink$1.class
[DEBUG] adding entry org/glassfish/jersey/message/internal/JerseyLink$Builder.class
[DEBUG] adding entry org/glassfish/jersey/message/internal/JerseyLink.class
[DEBUG] adding entry org/glassfish/jersey/message/internal/LanguageTag.class
[DEBUG] adding entry org/glassfish/jersey/message/internal/LinkProvider.class
[DEBUG] adding entry org/glassfish/jersey/message/internal/LocaleProvider.class
[DEBUG] adding entry org/glassfish/jersey/message/internal/MatchingEntityTag.class
[DEBUG] adding entry org/glassfish/jersey/message/internal/MediaTypeProvider.class
[DEBUG] adding entry org/glassfish/jersey/message/internal/MediaTypes$1.class
[DEBUG] adding entry org/glassfish/jersey/message/internal/MediaTypes$2.class
[DEBUG] adding entry org/glassfish/jersey/message/internal/MediaTypes$3.class
[DEBUG] adding entry org/glassfish/jersey/message/internal/MediaTypes$4.class
[DEBUG] adding entry org/glassfish/jersey/message/internal/MediaTypes.class
[DEBUG] adding entry org/glassfish/jersey/message/internal/MessageBodyFactory$1.class
[DEBUG] adding entry org/glassfish/jersey/message/internal/MessageBodyFactory$2.class
[DEBUG] adding entry org/glassfish/jersey/message/internal/MessageBodyFactory$3.class
[DEBUG] adding entry org/glassfish/jersey/message/internal/MessageBodyFactory$4.class
[DEBUG] adding entry org/glassfish/jersey/message/internal/MessageBodyFactory$Binder.class
[DEBUG] adding entry org/glassfish/jersey/message/internal/MessageBodyFactory$DeclarationDistanceComparator.class
[DEBUG] adding entry org/glassfish/jersey/message/internal/MessageBodyFactory$LegacyWorkerComparator.class
[DEBUG] adding entry org/glassfish/jersey/message/internal/MessageBodyFactory$ModelLookupKey.class
[DEBUG] adding entry org/glassfish/jersey/message/internal/MessageBodyFactory$WorkerComparator.class
[DEBUG] adding entry org/glassfish/jersey/message/internal/MessageBodyFactory.class
[DEBUG] adding entry org/glassfish/jersey/message/internal/MessageBodyProcessingException.class
[DEBUG] adding entry org/glassfish/jersey/message/internal/MessageBodyProviderNotFoundException.class
[DEBUG] adding entry org/glassfish/jersey/message/internal/MessagingBinders$HeaderDelegateProviders.class
[DEBUG] adding entry org/glassfish/jersey/message/internal/MessagingBinders$MessageBodyProviders.class
[DEBUG] adding entry org/glassfish/jersey/message/internal/MessagingBinders.class
[DEBUG] adding entry org/glassfish/jersey/message/internal/MsgTraceEvent.class
[DEBUG] adding entry org/glassfish/jersey/message/internal/NewCookieProvider.class
[DEBUG] adding entry org/glassfish/jersey/message/internal/NullOutputStream.class
[DEBUG] adding entry org/glassfish/jersey/message/internal/OutboundJaxrsResponse$Builder.class
[DEBUG] adding entry org/glassfish/jersey/message/internal/OutboundJaxrsResponse.class
[DEBUG] adding entry org/glassfish/jersey/message/internal/OutboundMessageContext$1.class
[DEBUG] adding entry org/glassfish/jersey/message/internal/OutboundMessageContext$10.class
[DEBUG] adding entry org/glassfish/jersey/message/internal/OutboundMessageContext$11.class
[DEBUG] adding entry org/glassfish/jersey/message/internal/OutboundMessageContext$2.class
[DEBUG] adding entry org/glassfish/jersey/message/internal/OutboundMessageContext$3.class
[DEBUG] adding entry org/glassfish/jersey/message/internal/OutboundMessageContext$4.class
[DEBUG] adding entry org/glassfish/jersey/message/internal/OutboundMessageContext$5.class
[DEBUG] adding entry org/glassfish/jersey/message/internal/OutboundMessageContext$6.class
[DEBUG] adding entry org/glassfish/jersey/message/internal/OutboundMessageContext$7.class
[DEBUG] adding entry org/glassfish/jersey/message/internal/OutboundMessageContext$8.class
[DEBUG] adding entry org/glassfish/jersey/message/internal/OutboundMessageContext$9.class
[DEBUG] adding entry org/glassfish/jersey/message/internal/OutboundMessageContext$StreamProvider.class
[DEBUG] adding entry org/glassfish/jersey/message/internal/OutboundMessageContext.class
[DEBUG] adding entry org/glassfish/jersey/message/internal/ParameterizedHeader.class
[DEBUG] adding entry org/glassfish/jersey/message/internal/Qualified.class
[DEBUG] adding entry org/glassfish/jersey/message/internal/Quality$1.class
[DEBUG] adding entry org/glassfish/jersey/message/internal/Quality$2.class
[DEBUG] adding entry org/glassfish/jersey/message/internal/Quality.class
[DEBUG] adding entry org/glassfish/jersey/message/internal/QualitySourceMediaType$1.class
[DEBUG] adding entry org/glassfish/jersey/message/internal/QualitySourceMediaType.class
[DEBUG] adding entry org/glassfish/jersey/message/internal/ReaderInterceptorExecutor$1.class
[DEBUG] adding entry org/glassfish/jersey/message/internal/ReaderInterceptorExecutor$TerminalReaderInterceptor.class
[DEBUG] adding entry org/glassfish/jersey/message/internal/ReaderInterceptorExecutor$UnCloseableInputStream.class
[DEBUG] adding entry org/glassfish/jersey/message/internal/ReaderInterceptorExecutor.class
[DEBUG] adding entry org/glassfish/jersey/message/internal/ReaderProvider.class
[DEBUG] adding entry org/glassfish/jersey/message/internal/ReaderWriter.class
[DEBUG] adding entry org/glassfish/jersey/message/internal/RenderedImageProvider.class
[DEBUG] adding entry org/glassfish/jersey/message/internal/SourceProvider$DomSourceReader.class
[DEBUG] adding entry org/glassfish/jersey/message/internal/SourceProvider$SaxSourceReader.class
[DEBUG] adding entry org/glassfish/jersey/message/internal/SourceProvider$SourceWriter.class
[DEBUG] adding entry org/glassfish/jersey/message/internal/SourceProvider$StreamSourceReader.class
[DEBUG] adding entry org/glassfish/jersey/message/internal/SourceProvider.class
[DEBUG] adding entry org/glassfish/jersey/message/internal/Statuses$1.class
[DEBUG] adding entry org/glassfish/jersey/message/internal/Statuses$StatusImpl.class
[DEBUG] adding entry org/glassfish/jersey/message/internal/Statuses.class
[DEBUG] adding entry org/glassfish/jersey/message/internal/StreamingOutputProvider.class
[DEBUG] adding entry org/glassfish/jersey/message/internal/StringBuilderUtils.class
[DEBUG] adding entry org/glassfish/jersey/message/internal/StringHeaderProvider.class
[DEBUG] adding entry org/glassfish/jersey/message/internal/StringMessageProvider.class
[DEBUG] adding entry org/glassfish/jersey/message/internal/Token.class
[DEBUG] adding entry org/glassfish/jersey/message/internal/TracingAwarePropertiesDelegate.class
[DEBUG] adding entry org/glassfish/jersey/message/internal/TracingInfo$Message.class
[DEBUG] adding entry org/glassfish/jersey/message/internal/TracingInfo.class
[DEBUG] adding entry org/glassfish/jersey/message/internal/TracingLogger$1.class
[DEBUG] adding entry org/glassfish/jersey/message/internal/TracingLogger$2.class
[DEBUG] adding entry org/glassfish/jersey/message/internal/TracingLogger$Event.class
[DEBUG] adding entry org/glassfish/jersey/message/internal/TracingLogger$Level.class
[DEBUG] adding entry org/glassfish/jersey/message/internal/TracingLogger$TracingLoggerImpl.class
[DEBUG] adding entry org/glassfish/jersey/message/internal/TracingLogger.class
[DEBUG] adding entry org/glassfish/jersey/message/internal/UriProvider.class
[DEBUG] adding entry org/glassfish/jersey/message/internal/Utils.class
[DEBUG] adding entry org/glassfish/jersey/message/internal/VariantListBuilder.class
[DEBUG] adding entry org/glassfish/jersey/message/internal/VariantSelector$1.class
[DEBUG] adding entry org/glassfish/jersey/message/internal/VariantSelector$2.class
[DEBUG] adding entry org/glassfish/jersey/message/internal/VariantSelector$3.class
[DEBUG] adding entry org/glassfish/jersey/message/internal/VariantSelector$4.class
[DEBUG] adding entry org/glassfish/jersey/message/internal/VariantSelector$5.class
[DEBUG] adding entry org/glassfish/jersey/message/internal/VariantSelector$DimensionChecker.class
[DEBUG] adding entry org/glassfish/jersey/message/internal/VariantSelector$VariantHolder.class
[DEBUG] adding entry org/glassfish/jersey/message/internal/VariantSelector.class
[DEBUG] adding entry org/glassfish/jersey/message/internal/WriterInterceptorExecutor$1.class
[DEBUG] adding entry org/glassfish/jersey/message/internal/WriterInterceptorExecutor$TerminalWriterInterceptor.class
[DEBUG] adding entry org/glassfish/jersey/message/internal/WriterInterceptorExecutor$UnCloseableOutputStream.class
[DEBUG] adding entry org/glassfish/jersey/message/internal/WriterInterceptorExecutor.class
[DEBUG] adding directory org/glassfish/jersey/model/
[DEBUG] adding entry org/glassfish/jersey/model/ContractProvider$1.class
[DEBUG] adding entry org/glassfish/jersey/model/ContractProvider$Builder$1.class
[DEBUG] adding entry org/glassfish/jersey/model/ContractProvider$Builder.class
[DEBUG] adding entry org/glassfish/jersey/model/ContractProvider.class
[DEBUG] adding entry org/glassfish/jersey/model/NameBound.class
[DEBUG] adding entry org/glassfish/jersey/model/Scoped.class
[DEBUG] adding directory org/glassfish/jersey/model/internal/
[DEBUG] adding entry org/glassfish/jersey/model/internal/CommonConfig$1.class
[DEBUG] adding entry org/glassfish/jersey/model/internal/CommonConfig$2.class
[DEBUG] adding entry org/glassfish/jersey/model/internal/CommonConfig$3.class
[DEBUG] adding entry org/glassfish/jersey/model/internal/CommonConfig$FeatureRegistration.class
[DEBUG] adding entry org/glassfish/jersey/model/internal/CommonConfig.class
[DEBUG] adding entry org/glassfish/jersey/model/internal/ComponentBag$1.class
[DEBUG] adding entry org/glassfish/jersey/model/internal/ComponentBag$2.class
[DEBUG] adding entry org/glassfish/jersey/model/internal/ComponentBag$3.class
[DEBUG] adding entry org/glassfish/jersey/model/internal/ComponentBag$4.class
[DEBUG] adding entry org/glassfish/jersey/model/internal/ComponentBag$5.class
[DEBUG] adding entry org/glassfish/jersey/model/internal/ComponentBag$6.class
[DEBUG] adding entry org/glassfish/jersey/model/internal/ComponentBag$7.class
[DEBUG] adding entry org/glassfish/jersey/model/internal/ComponentBag$ImmutableComponentBag.class
[DEBUG] adding entry org/glassfish/jersey/model/internal/ComponentBag.class
[DEBUG] adding entry org/glassfish/jersey/model/internal/FeatureContextWrapper.class
[DEBUG] adding entry org/glassfish/jersey/model/internal/ImmutableCommonConfig.class
[DEBUG] adding entry org/glassfish/jersey/model/internal/RankedComparator$Order.class
[DEBUG] adding entry org/glassfish/jersey/model/internal/RankedComparator.class
[DEBUG] adding entry org/glassfish/jersey/model/internal/RankedProvider.class
[DEBUG] adding directory org/glassfish/jersey/process/
[DEBUG] adding entry org/glassfish/jersey/process/Inflector.class
[DEBUG] adding entry org/glassfish/jersey/process/JerseyProcessingUncaughtExceptionHandler.class
[DEBUG] adding directory org/glassfish/jersey/process/internal/
[DEBUG] adding entry org/glassfish/jersey/process/internal/AbstractChainableStage.class
[DEBUG] adding entry org/glassfish/jersey/process/internal/ChainableStage.class
[DEBUG] adding entry org/glassfish/jersey/process/internal/ExecutorProviders$1.class
[DEBUG] adding entry org/glassfish/jersey/process/internal/ExecutorProviders$ExecutorServiceFactory.class
[DEBUG] adding entry org/glassfish/jersey/process/internal/ExecutorProviders$ScheduledExecutorServiceFactory.class
[DEBUG] adding entry org/glassfish/jersey/process/internal/ExecutorProviders.class
[DEBUG] adding entry org/glassfish/jersey/process/internal/Inflecting.class
[DEBUG] adding entry org/glassfish/jersey/process/internal/RequestScope$1.class
[DEBUG] adding entry org/glassfish/jersey/process/internal/RequestScope$Binder.class
[DEBUG] adding entry org/glassfish/jersey/process/internal/RequestScope$Instance.class
[DEBUG] adding entry org/glassfish/jersey/process/internal/RequestScope.class
[DEBUG] adding entry org/glassfish/jersey/process/internal/RequestScoped.class
[DEBUG] adding entry org/glassfish/jersey/process/internal/Stage$Builder.class
[DEBUG] adding entry org/glassfish/jersey/process/internal/Stage$Continuation.class
[DEBUG] adding entry org/glassfish/jersey/process/internal/Stage.class
[DEBUG] adding entry org/glassfish/jersey/process/internal/Stages$1.class
[DEBUG] adding entry org/glassfish/jersey/process/internal/Stages$InflectingStage.class
[DEBUG] adding entry org/glassfish/jersey/process/internal/Stages$LinkedStage.class
[DEBUG] adding entry org/glassfish/jersey/process/internal/Stages$StageChainBuilder.class
[DEBUG] adding entry org/glassfish/jersey/process/internal/Stages.class
[DEBUG] adding directory org/glassfish/jersey/spi/
[DEBUG] adding entry org/glassfish/jersey/spi/AbstractThreadPoolProvider$1.class
[DEBUG] adding entry org/glassfish/jersey/spi/AbstractThreadPoolProvider$2.class
[DEBUG] adding entry org/glassfish/jersey/spi/AbstractThreadPoolProvider$3.class
[DEBUG] adding entry org/glassfish/jersey/spi/AbstractThreadPoolProvider.class
[DEBUG] adding entry org/glassfish/jersey/spi/ContentEncoder.class
[DEBUG] adding entry org/glassfish/jersey/spi/ContextResolvers.class
[DEBUG] adding entry org/glassfish/jersey/spi/Contract.class
[DEBUG] adding entry org/glassfish/jersey/spi/ExceptionMappers.class
[DEBUG] adding entry org/glassfish/jersey/spi/ExecutorServiceProvider.class
[DEBUG] adding entry org/glassfish/jersey/spi/ExtendedExceptionMapper.class
[DEBUG] adding entry org/glassfish/jersey/spi/HeaderDelegateProvider.class
[DEBUG] adding entry org/glassfish/jersey/spi/ScheduledExecutorServiceProvider.class
[DEBUG] adding entry org/glassfish/jersey/spi/ScheduledThreadPoolExecutorProvider.class
[DEBUG] adding entry org/glassfish/jersey/spi/ThreadPoolExecutorProvider.class
[DEBUG] adding directory org/glassfish/jersey/uri/
[DEBUG] adding entry org/glassfish/jersey/uri/PathPattern$1.class
[DEBUG] adding entry org/glassfish/jersey/uri/PathPattern$RightHandPath.class
[DEBUG] adding entry org/glassfish/jersey/uri/PathPattern.class
[DEBUG] adding entry org/glassfish/jersey/uri/PathTemplate$PathTemplateParser.class
[DEBUG] adding entry org/glassfish/jersey/uri/PathTemplate.class
[DEBUG] adding entry org/glassfish/jersey/uri/PatternWithGroups$1.class
[DEBUG] adding entry org/glassfish/jersey/uri/PatternWithGroups$EmptyStringMatchResult.class
[DEBUG] adding entry org/glassfish/jersey/uri/PatternWithGroups$GroupIndexMatchResult.class
[DEBUG] adding entry org/glassfish/jersey/uri/PatternWithGroups.class
[DEBUG] adding entry org/glassfish/jersey/uri/UriComponent$1.class
[DEBUG] adding entry org/glassfish/jersey/uri/UriComponent$PathSegmentImpl.class
[DEBUG] adding entry org/glassfish/jersey/uri/UriComponent$Type.class
[DEBUG] adding entry org/glassfish/jersey/uri/UriComponent.class
[DEBUG] adding entry org/glassfish/jersey/uri/UriTemplate$1.class
[DEBUG] adding entry org/glassfish/jersey/uri/UriTemplate$1ValuesFromArrayStrategy.class
[DEBUG] adding entry org/glassfish/jersey/uri/UriTemplate$2.class
[DEBUG] adding entry org/glassfish/jersey/uri/UriTemplate$3.class
[DEBUG] adding entry org/glassfish/jersey/uri/UriTemplate$4.class
[DEBUG] adding entry org/glassfish/jersey/uri/UriTemplate$TemplateValueStrategy.class
[DEBUG] adding entry org/glassfish/jersey/uri/UriTemplate.class
[DEBUG] adding directory org/glassfish/jersey/uri/internal/
[DEBUG] adding entry org/glassfish/jersey/uri/internal/CharacterIterator.class
[DEBUG] adding entry org/glassfish/jersey/uri/internal/JerseyUriBuilder.class
[DEBUG] adding entry org/glassfish/jersey/uri/internal/UriParser.class
[DEBUG] adding entry org/glassfish/jersey/uri/internal/UriTemplateParser.class
[INFO] META-INF/MANIFEST.MF already added, skipping
[INFO] META-INF/ already added, skipping
[INFO] META-INF/maven/ already added, skipping
[DEBUG] adding directory META-INF/maven/javax.ws.rs/
[DEBUG] adding directory META-INF/maven/javax.ws.rs/javax.ws.rs-api/
[DEBUG] adding entry META-INF/maven/javax.ws.rs/javax.ws.rs-api/pom.properties
[DEBUG] adding entry META-INF/maven/javax.ws.rs/javax.ws.rs-api/pom.xml
[INFO] javax/ already added, skipping
[DEBUG] adding directory javax/ws/
[DEBUG] adding directory javax/ws/rs/
[DEBUG] adding entry javax/ws/rs/ApplicationPath.class
[DEBUG] adding entry javax/ws/rs/BadRequestException.class
[DEBUG] adding entry javax/ws/rs/BeanParam.class
[DEBUG] adding entry javax/ws/rs/ClientErrorException.class
[DEBUG] adding entry javax/ws/rs/ConstrainedTo.class
[DEBUG] adding entry javax/ws/rs/Consumes.class
[DEBUG] adding entry javax/ws/rs/CookieParam.class
[DEBUG] adding entry javax/ws/rs/DELETE.class
[DEBUG] adding entry javax/ws/rs/DefaultValue.class
[DEBUG] adding entry javax/ws/rs/Encoded.class
[DEBUG] adding entry javax/ws/rs/ForbiddenException.class
[DEBUG] adding entry javax/ws/rs/FormParam.class
[DEBUG] adding entry javax/ws/rs/GET.class
[DEBUG] adding entry javax/ws/rs/HEAD.class
[DEBUG] adding entry javax/ws/rs/HeaderParam.class
[DEBUG] adding entry javax/ws/rs/HttpMethod.class
[DEBUG] adding entry javax/ws/rs/InternalServerErrorException.class
[DEBUG] adding entry javax/ws/rs/MatrixParam.class
[DEBUG] adding entry javax/ws/rs/NameBinding.class
[DEBUG] adding entry javax/ws/rs/NotAcceptableException.class
[DEBUG] adding entry javax/ws/rs/NotAllowedException.class
[DEBUG] adding entry javax/ws/rs/NotAuthorizedException.class
[DEBUG] adding entry javax/ws/rs/NotFoundException.class
[DEBUG] adding entry javax/ws/rs/NotSupportedException.class
[DEBUG] adding entry javax/ws/rs/OPTIONS.class
[DEBUG] adding entry javax/ws/rs/POST.class
[DEBUG] adding entry javax/ws/rs/PUT.class
[DEBUG] adding entry javax/ws/rs/Path.class
[DEBUG] adding entry javax/ws/rs/PathParam.class
[DEBUG] adding entry javax/ws/rs/Priorities.class
[DEBUG] adding entry javax/ws/rs/ProcessingException.class
[DEBUG] adding entry javax/ws/rs/Produces.class
[DEBUG] adding entry javax/ws/rs/QueryParam.class
[DEBUG] adding entry javax/ws/rs/RedirectionException.class
[DEBUG] adding entry javax/ws/rs/RuntimeType.class
[DEBUG] adding entry javax/ws/rs/ServerErrorException.class
[DEBUG] adding entry javax/ws/rs/ServiceUnavailableException.class
[DEBUG] adding entry javax/ws/rs/WebApplicationException.class
[DEBUG] adding directory javax/ws/rs/client/
[DEBUG] adding entry javax/ws/rs/client/AsyncInvoker.class
[DEBUG] adding entry javax/ws/rs/client/Client.class
[DEBUG] adding entry javax/ws/rs/client/ClientBuilder.class
[DEBUG] adding entry javax/ws/rs/client/ClientRequestContext.class
[DEBUG] adding entry javax/ws/rs/client/ClientRequestFilter.class
[DEBUG] adding entry javax/ws/rs/client/ClientResponseContext.class
[DEBUG] adding entry javax/ws/rs/client/ClientResponseFilter.class
[DEBUG] adding entry javax/ws/rs/client/Entity.class
[DEBUG] adding entry javax/ws/rs/client/FactoryFinder$1.class
[DEBUG] adding entry javax/ws/rs/client/FactoryFinder.class
[DEBUG] adding entry javax/ws/rs/client/Invocation$Builder.class
[DEBUG] adding entry javax/ws/rs/client/Invocation.class
[DEBUG] adding entry javax/ws/rs/client/InvocationCallback.class
[DEBUG] adding entry javax/ws/rs/client/ResponseProcessingException.class
[DEBUG] adding entry javax/ws/rs/client/SyncInvoker.class
[DEBUG] adding entry javax/ws/rs/client/WebTarget.class
[DEBUG] adding directory javax/ws/rs/container/
[DEBUG] adding entry javax/ws/rs/container/AsyncResponse.class
[DEBUG] adding entry javax/ws/rs/container/CompletionCallback.class
[DEBUG] adding entry javax/ws/rs/container/ConnectionCallback.class
[DEBUG] adding entry javax/ws/rs/container/ContainerRequestContext.class
[DEBUG] adding entry javax/ws/rs/container/ContainerRequestFilter.class
[DEBUG] adding entry javax/ws/rs/container/ContainerResponseContext.class
[DEBUG] adding entry javax/ws/rs/container/ContainerResponseFilter.class
[DEBUG] adding entry javax/ws/rs/container/DynamicFeature.class
[DEBUG] adding entry javax/ws/rs/container/PreMatching.class
[DEBUG] adding entry javax/ws/rs/container/ResourceContext.class
[DEBUG] adding entry javax/ws/rs/container/ResourceInfo.class
[DEBUG] adding entry javax/ws/rs/container/Suspended.class
[DEBUG] adding entry javax/ws/rs/container/TimeoutHandler.class
[DEBUG] adding directory javax/ws/rs/core/
[DEBUG] adding entry javax/ws/rs/core/AbstractMultivaluedMap.class
[DEBUG] adding entry javax/ws/rs/core/Application.class
[DEBUG] adding entry javax/ws/rs/core/CacheControl.class
[DEBUG] adding entry javax/ws/rs/core/Configurable.class
[DEBUG] adding entry javax/ws/rs/core/Configuration.class
[DEBUG] adding entry javax/ws/rs/core/Context.class
[DEBUG] adding entry javax/ws/rs/core/Cookie.class
[DEBUG] adding entry javax/ws/rs/core/EntityTag.class
[DEBUG] adding entry javax/ws/rs/core/Feature.class
[DEBUG] adding entry javax/ws/rs/core/FeatureContext.class
[DEBUG] adding entry javax/ws/rs/core/Form$1.class
[DEBUG] adding entry javax/ws/rs/core/Form.class
[DEBUG] adding entry javax/ws/rs/core/GenericEntity.class
[DEBUG] adding entry javax/ws/rs/core/GenericType.class
[DEBUG] adding entry javax/ws/rs/core/HttpHeaders.class
[DEBUG] adding entry javax/ws/rs/core/Link$Builder.class
[DEBUG] adding entry javax/ws/rs/core/Link$JaxbAdapter.class
[DEBUG] adding entry javax/ws/rs/core/Link$JaxbLink.class
[DEBUG] adding entry javax/ws/rs/core/Link.class
[DEBUG] adding entry javax/ws/rs/core/MediaType$1.class
[DEBUG] adding entry javax/ws/rs/core/MediaType$2.class
[DEBUG] adding entry javax/ws/rs/core/MediaType.class
[DEBUG] adding entry javax/ws/rs/core/MultivaluedHashMap.class
[DEBUG] adding entry javax/ws/rs/core/MultivaluedMap.class
[DEBUG] adding entry javax/ws/rs/core/NewCookie.class
[DEBUG] adding entry javax/ws/rs/core/NoContentException.class
[DEBUG] adding entry javax/ws/rs/core/PathSegment.class
[DEBUG] adding entry javax/ws/rs/core/Request.class
[DEBUG] adding entry javax/ws/rs/core/Response$ResponseBuilder.class
[DEBUG] adding entry javax/ws/rs/core/Response$Status$Family.class
[DEBUG] adding entry javax/ws/rs/core/Response$Status.class
[DEBUG] adding entry javax/ws/rs/core/Response$StatusType.class
[DEBUG] adding entry javax/ws/rs/core/Response.class
[DEBUG] adding entry javax/ws/rs/core/SecurityContext.class
[DEBUG] adding entry javax/ws/rs/core/StreamingOutput.class
[DEBUG] adding entry javax/ws/rs/core/UriBuilder.class
[DEBUG] adding entry javax/ws/rs/core/UriBuilderException.class
[DEBUG] adding entry javax/ws/rs/core/UriInfo.class
[DEBUG] adding entry javax/ws/rs/core/Variant$VariantListBuilder.class
[DEBUG] adding entry javax/ws/rs/core/Variant.class
[DEBUG] adding directory javax/ws/rs/ext/
[DEBUG] adding entry javax/ws/rs/ext/ContextResolver.class
[DEBUG] adding entry javax/ws/rs/ext/ExceptionMapper.class
[DEBUG] adding entry javax/ws/rs/ext/FactoryFinder$1.class
[DEBUG] adding entry javax/ws/rs/ext/FactoryFinder.class
[DEBUG] adding entry javax/ws/rs/ext/InterceptorContext.class
[DEBUG] adding entry javax/ws/rs/ext/MessageBodyReader.class
[DEBUG] adding entry javax/ws/rs/ext/MessageBodyWriter.class
[DEBUG] adding entry javax/ws/rs/ext/ParamConverter$Lazy.class
[DEBUG] adding entry javax/ws/rs/ext/ParamConverter.class
[DEBUG] adding entry javax/ws/rs/ext/ParamConverterProvider.class
[DEBUG] adding entry javax/ws/rs/ext/Provider.class
[DEBUG] adding entry javax/ws/rs/ext/Providers.class
[DEBUG] adding entry javax/ws/rs/ext/ReaderInterceptor.class
[DEBUG] adding entry javax/ws/rs/ext/ReaderInterceptorContext.class
[DEBUG] adding entry javax/ws/rs/ext/RuntimeDelegate$HeaderDelegate.class
[DEBUG] adding entry javax/ws/rs/ext/RuntimeDelegate.class
[DEBUG] adding entry javax/ws/rs/ext/WriterInterceptor.class
[DEBUG] adding entry javax/ws/rs/ext/WriterInterceptorContext.class
[INFO] META-INF/ already added, skipping
[INFO] META-INF/MANIFEST.MF already added, skipping
[INFO] javax/ already added, skipping
[DEBUG] adding directory javax/annotation/
[DEBUG] adding directory javax/annotation/security/
[DEBUG] adding directory javax/annotation/sql/
[DEBUG] adding entry javax/annotation/Generated.class
[DEBUG] adding entry javax/annotation/ManagedBean.class
[DEBUG] adding entry javax/annotation/package.html
[DEBUG] adding entry javax/annotation/PostConstruct.class
[DEBUG] adding entry javax/annotation/PreDestroy.class
[DEBUG] adding entry javax/annotation/Priority.class
[DEBUG] adding entry javax/annotation/Resource$AuthenticationType.class
[DEBUG] adding entry javax/annotation/Resource.class
[DEBUG] adding entry javax/annotation/Resources.class
[DEBUG] adding entry javax/annotation/security/DeclareRoles.class
[DEBUG] adding entry javax/annotation/security/DenyAll.class
[DEBUG] adding entry javax/annotation/security/package.html
[DEBUG] adding entry javax/annotation/security/PermitAll.class
[DEBUG] adding entry javax/annotation/security/RolesAllowed.class
[DEBUG] adding entry javax/annotation/security/RunAs.class
[DEBUG] adding entry javax/annotation/sql/DataSourceDefinition.class
[DEBUG] adding entry javax/annotation/sql/DataSourceDefinitions.class
[INFO] META-INF/LICENSE.txt already added, skipping
[INFO] META-INF/maven/ already added, skipping
[DEBUG] adding directory META-INF/maven/javax.annotation/
[DEBUG] adding directory META-INF/maven/javax.annotation/javax.annotation-api/
[DEBUG] adding entry META-INF/maven/javax.annotation/javax.annotation-api/pom.xml
[DEBUG] adding entry META-INF/maven/javax.annotation/javax.annotation-api/pom.properties
[INFO] META-INF/MANIFEST.MF already added, skipping
[INFO] META-INF/ already added, skipping
[INFO] META-INF/maven/ already added, skipping
[DEBUG] adding directory META-INF/maven/org.glassfish.jersey.bundles.repackaged/
[DEBUG] adding directory META-INF/maven/org.glassfish.jersey.bundles.repackaged/jersey-guava/
[DEBUG] adding entry META-INF/maven/org.glassfish.jersey.bundles.repackaged/jersey-guava/pom.properties
[DEBUG] adding entry META-INF/maven/org.glassfish.jersey.bundles.repackaged/jersey-guava/pom.xml
[DEBUG] adding directory jersey/
[DEBUG] adding directory jersey/repackaged/
[DEBUG] adding directory jersey/repackaged/com/
[DEBUG] adding directory jersey/repackaged/com/google/
[DEBUG] adding directory jersey/repackaged/com/google/common/
[DEBUG] adding directory jersey/repackaged/com/google/common/base/
[DEBUG] adding entry jersey/repackaged/com/google/common/base/Absent.class
[DEBUG] adding entry jersey/repackaged/com/google/common/base/AbstractIterator$1.class
[DEBUG] adding entry jersey/repackaged/com/google/common/base/AbstractIterator$State.class
[DEBUG] adding entry jersey/repackaged/com/google/common/base/AbstractIterator.class
[DEBUG] adding entry jersey/repackaged/com/google/common/base/Ascii.class
[DEBUG] adding entry jersey/repackaged/com/google/common/base/CharMatcher$1.class
[DEBUG] adding entry jersey/repackaged/com/google/common/base/CharMatcher$13.class
[DEBUG] adding entry jersey/repackaged/com/google/common/base/CharMatcher$15.class
[DEBUG] adding entry jersey/repackaged/com/google/common/base/CharMatcher$2.class
[DEBUG] adding entry jersey/repackaged/com/google/common/base/CharMatcher$3.class
[DEBUG] adding entry jersey/repackaged/com/google/common/base/CharMatcher$4.class
[DEBUG] adding entry jersey/repackaged/com/google/common/base/CharMatcher$5.class
[DEBUG] adding entry jersey/repackaged/com/google/common/base/CharMatcher$6.class
[DEBUG] adding entry jersey/repackaged/com/google/common/base/CharMatcher$7.class
[DEBUG] adding entry jersey/repackaged/com/google/common/base/CharMatcher$8.class
[DEBUG] adding entry jersey/repackaged/com/google/common/base/CharMatcher$9.class
[DEBUG] adding entry jersey/repackaged/com/google/common/base/CharMatcher$FastMatcher.class
[DEBUG] adding entry jersey/repackaged/com/google/common/base/CharMatcher$Or.class
[DEBUG] adding entry jersey/repackaged/com/google/common/base/CharMatcher$RangesMatcher.class
[DEBUG] adding entry jersey/repackaged/com/google/common/base/CharMatcher.class
[DEBUG] adding entry jersey/repackaged/com/google/common/base/Converter.class
[DEBUG] adding entry jersey/repackaged/com/google/common/base/Equivalence$Equals.class
[DEBUG] adding entry jersey/repackaged/com/google/common/base/Equivalence$Identity.class
[DEBUG] adding entry jersey/repackaged/com/google/common/base/Equivalence.class
[DEBUG] adding entry jersey/repackaged/com/google/common/base/Function.class
[DEBUG] adding entry jersey/repackaged/com/google/common/base/Joiner$1.class
[DEBUG] adding entry jersey/repackaged/com/google/common/base/Joiner$MapJoiner.class
[DEBUG] adding entry jersey/repackaged/com/google/common/base/Joiner.class
[DEBUG] adding entry jersey/repackaged/com/google/common/base/MoreObjects$1.class
[DEBUG] adding entry jersey/repackaged/com/google/common/base/MoreObjects$ToStringHelper$ValueHolder.class
[DEBUG] adding entry jersey/repackaged/com/google/common/base/MoreObjects$ToStringHelper.class
[DEBUG] adding entry jersey/repackaged/com/google/common/base/MoreObjects.class
[DEBUG] adding entry jersey/repackaged/com/google/common/base/Objects$1.class
[DEBUG] adding entry jersey/repackaged/com/google/common/base/Objects$ToStringHelper$ValueHolder.class
[DEBUG] adding entry jersey/repackaged/com/google/common/base/Objects$ToStringHelper.class
[DEBUG] adding entry jersey/repackaged/com/google/common/base/Objects.class
[DEBUG] adding entry jersey/repackaged/com/google/common/base/Optional.class
[DEBUG] adding entry jersey/repackaged/com/google/common/base/Platform.class
[DEBUG] adding entry jersey/repackaged/com/google/common/base/Preconditions.class
[DEBUG] adding entry jersey/repackaged/com/google/common/base/Predicate.class
[DEBUG] adding entry jersey/repackaged/com/google/common/base/Predicates$1.class
[DEBUG] adding entry jersey/repackaged/com/google/common/base/Predicates$AndPredicate.class
[DEBUG] adding entry jersey/repackaged/com/google/common/base/Predicates$AssignableFromPredicate.class
[DEBUG] adding entry jersey/repackaged/com/google/common/base/Predicates$CompositionPredicate.class
[DEBUG] adding entry jersey/repackaged/com/google/common/base/Predicates$ContainsPatternFromStringPredicate.class
[DEBUG] adding entry jersey/repackaged/com/google/common/base/Predicates$ContainsPatternPredicate.class
[DEBUG] adding entry jersey/repackaged/com/google/common/base/Predicates$InPredicate.class
[DEBUG] adding entry jersey/repackaged/com/google/common/base/Predicates$InstanceOfPredicate.class
[DEBUG] adding entry jersey/repackaged/com/google/common/base/Predicates$IsEqualToPredicate.class
[DEBUG] adding entry jersey/repackaged/com/google/common/base/Predicates$NotPredicate.class
[DEBUG] adding entry jersey/repackaged/com/google/common/base/Predicates$ObjectPredicate$1.class
[DEBUG] adding entry jersey/repackaged/com/google/common/base/Predicates$ObjectPredicate$2.class
[DEBUG] adding entry jersey/repackaged/com/google/common/base/Predicates$ObjectPredicate$3.class
[DEBUG] adding entry jersey/repackaged/com/google/common/base/Predicates$ObjectPredicate$4.class
[DEBUG] adding entry jersey/repackaged/com/google/common/base/Predicates$ObjectPredicate.class
[DEBUG] adding entry jersey/repackaged/com/google/common/base/Predicates$OrPredicate.class
[DEBUG] adding entry jersey/repackaged/com/google/common/base/Predicates.class
[DEBUG] adding entry jersey/repackaged/com/google/common/base/Present.class
[DEBUG] adding entry jersey/repackaged/com/google/common/base/Splitter$1$1.class
[DEBUG] adding entry jersey/repackaged/com/google/common/base/Splitter$1.class
[DEBUG] adding entry jersey/repackaged/com/google/common/base/Splitter$5.class
[DEBUG] adding entry jersey/repackaged/com/google/common/base/Splitter$SplittingIterator.class
[DEBUG] adding entry jersey/repackaged/com/google/common/base/Splitter$Strategy.class
[DEBUG] adding entry jersey/repackaged/com/google/common/base/Splitter.class
[DEBUG] adding entry jersey/repackaged/com/google/common/base/Stopwatch$1.class
[DEBUG] adding entry jersey/repackaged/com/google/common/base/Stopwatch.class
[DEBUG] adding entry jersey/repackaged/com/google/common/base/Supplier.class
[DEBUG] adding entry jersey/repackaged/com/google/common/base/Suppliers$SupplierOfInstance.class
[DEBUG] adding entry jersey/repackaged/com/google/common/base/Suppliers.class
[DEBUG] adding entry jersey/repackaged/com/google/common/base/Throwables.class
[DEBUG] adding entry jersey/repackaged/com/google/common/base/Ticker$1.class
[DEBUG] adding entry jersey/repackaged/com/google/common/base/Ticker.class
[DEBUG] adding directory jersey/repackaged/com/google/common/cache/
[DEBUG] adding entry jersey/repackaged/com/google/common/cache/AbstractCache$SimpleStatsCounter.class
[DEBUG] adding entry jersey/repackaged/com/google/common/cache/AbstractCache$StatsCounter.class
[DEBUG] adding entry jersey/repackaged/com/google/common/cache/AbstractCache.class
[DEBUG] adding entry jersey/repackaged/com/google/common/cache/Cache.class
[DEBUG] adding entry jersey/repackaged/com/google/common/cache/CacheBuilder$1.class
[DEBUG] adding entry jersey/repackaged/com/google/common/cache/CacheBuilder$2.class
[DEBUG] adding entry jersey/repackaged/com/google/common/cache/CacheBuilder$3.class
[DEBUG] adding entry jersey/repackaged/com/google/common/cache/CacheBuilder$NullListener.class
[DEBUG] adding entry jersey/repackaged/com/google/common/cache/CacheBuilder$OneWeigher.class
[DEBUG] adding entry jersey/repackaged/com/google/common/cache/CacheBuilder.class
[DEBUG] adding entry jersey/repackaged/com/google/common/cache/CacheBuilderSpec$1.class
[DEBUG] adding entry jersey/repackaged/com/google/common/cache/CacheBuilderSpec$AccessDurationParser.class
[DEBUG] adding entry jersey/repackaged/com/google/common/cache/CacheBuilderSpec$ConcurrencyLevelParser.class
[DEBUG] adding entry jersey/repackaged/com/google/common/cache/CacheBuilderSpec$DurationParser.class
[DEBUG] adding entry jersey/repackaged/com/google/common/cache/CacheBuilderSpec$InitialCapacityParser.class
[DEBUG] adding entry jersey/repackaged/com/google/common/cache/CacheBuilderSpec$IntegerParser.class
[DEBUG] adding entry jersey/repackaged/com/google/common/cache/CacheBuilderSpec$KeyStrengthParser.class
[DEBUG] adding entry jersey/repackaged/com/google/common/cache/CacheBuilderSpec$LongParser.class
[DEBUG] adding entry jersey/repackaged/com/google/common/cache/CacheBuilderSpec$MaximumSizeParser.class
[DEBUG] adding entry jersey/repackaged/com/google/common/cache/CacheBuilderSpec$MaximumWeightParser.class
[DEBUG] adding entry jersey/repackaged/com/google/common/cache/CacheBuilderSpec$RecordStatsParser.class
[DEBUG] adding entry jersey/repackaged/com/google/common/cache/CacheBuilderSpec$RefreshDurationParser.class
[DEBUG] adding entry jersey/repackaged/com/google/common/cache/CacheBuilderSpec$ValueParser.class
[DEBUG] adding entry jersey/repackaged/com/google/common/cache/CacheBuilderSpec$ValueStrengthParser.class
[DEBUG] adding entry jersey/repackaged/com/google/common/cache/CacheBuilderSpec$WriteDurationParser.class
[DEBUG] adding entry jersey/repackaged/com/google/common/cache/CacheBuilderSpec.class
[DEBUG] adding entry jersey/repackaged/com/google/common/cache/CacheLoader$1$1.class
[DEBUG] adding entry jersey/repackaged/com/google/common/cache/CacheLoader$1.class
[DEBUG] adding entry jersey/repackaged/com/google/common/cache/CacheLoader$FunctionToCacheLoader.class
[DEBUG] adding entry jersey/repackaged/com/google/common/cache/CacheLoader$InvalidCacheLoadException.class
[DEBUG] adding entry jersey/repackaged/com/google/common/cache/CacheLoader$SupplierToCacheLoader.class
[DEBUG] adding entry jersey/repackaged/com/google/common/cache/CacheLoader$UnsupportedLoadingOperationException.class
[DEBUG] adding entry jersey/repackaged/com/google/common/cache/CacheLoader.class
[DEBUG] adding entry jersey/repackaged/com/google/common/cache/CacheStats.class
[DEBUG] adding entry jersey/repackaged/com/google/common/cache/LoadingCache.class
[DEBUG] adding entry jersey/repackaged/com/google/common/cache/LocalCache$1.class
[DEBUG] adding entry jersey/repackaged/com/google/common/cache/LocalCache$2.class
[DEBUG] adding entry jersey/repackaged/com/google/common/cache/LocalCache$AbstractCacheSet.class
[DEBUG] adding entry jersey/repackaged/com/google/common/cache/LocalCache$AbstractReferenceEntry.class
[DEBUG] adding entry jersey/repackaged/com/google/common/cache/LocalCache$AccessQueue$1.class
[DEBUG] adding entry jersey/repackaged/com/google/common/cache/LocalCache$AccessQueue$2.class
[DEBUG] adding entry jersey/repackaged/com/google/common/cache/LocalCache$AccessQueue.class
[DEBUG] adding entry jersey/repackaged/com/google/common/cache/LocalCache$EntryFactory$1.class
[DEBUG] adding entry jersey/repackaged/com/google/common/cache/LocalCache$EntryFactory$2.class
[DEBUG] adding entry jersey/repackaged/com/google/common/cache/LocalCache$EntryFactory$3.class
[DEBUG] adding entry jersey/repackaged/com/google/common/cache/LocalCache$EntryFactory$4.class
[DEBUG] adding entry jersey/repackaged/com/google/common/cache/LocalCache$EntryFactory$5.class
[DEBUG] adding entry jersey/repackaged/com/google/common/cache/LocalCache$EntryFactory$6.class
[DEBUG] adding entry jersey/repackaged/com/google/common/cache/LocalCache$EntryFactory$7.class
[DEBUG] adding entry jersey/repackaged/com/google/common/cache/LocalCache$EntryFactory$8.class
[DEBUG] adding entry jersey/repackaged/com/google/common/cache/LocalCache$EntryFactory.class
[DEBUG] adding entry jersey/repackaged/com/google/common/cache/LocalCache$EntryIterator.class
[DEBUG] adding entry jersey/repackaged/com/google/common/cache/LocalCache$EntrySet.class
[DEBUG] adding entry jersey/repackaged/com/google/common/cache/LocalCache$HashIterator.class
[DEBUG] adding entry jersey/repackaged/com/google/common/cache/LocalCache$KeyIterator.class
[DEBUG] adding entry jersey/repackaged/com/google/common/cache/LocalCache$KeySet.class
[DEBUG] adding entry jersey/repackaged/com/google/common/cache/LocalCache$LoadingValueReference$1.class
[DEBUG] adding entry jersey/repackaged/com/google/common/cache/LocalCache$LoadingValueReference.class
[DEBUG] adding entry jersey/repackaged/com/google/common/cache/LocalCache$LocalLoadingCache.class
[DEBUG] adding entry jersey/repackaged/com/google/common/cache/LocalCache$LocalManualCache$1.class
[DEBUG] adding entry jersey/repackaged/com/google/common/cache/LocalCache$LocalManualCache.class
[DEBUG] adding entry jersey/repackaged/com/google/common/cache/LocalCache$NullEntry.class
[DEBUG] adding entry jersey/repackaged/com/google/common/cache/LocalCache$ReferenceEntry.class
[DEBUG] adding entry jersey/repackaged/com/google/common/cache/LocalCache$Segment$1.class
[DEBUG] adding entry jersey/repackaged/com/google/common/cache/LocalCache$Segment.class
[DEBUG] adding entry jersey/repackaged/com/google/common/cache/LocalCache$SoftValueReference.class
[DEBUG] adding entry jersey/repackaged/com/google/common/cache/LocalCache$Strength$1.class
[DEBUG] adding entry jersey/repackaged/com/google/common/cache/LocalCache$Strength$2.class
[DEBUG] adding entry jersey/repackaged/com/google/common/cache/LocalCache$Strength$3.class
[DEBUG] adding entry jersey/repackaged/com/google/common/cache/LocalCache$Strength.class
[DEBUG] adding entry jersey/repackaged/com/google/common/cache/LocalCache$StrongAccessEntry.class
[DEBUG] adding entry jersey/repackaged/com/google/common/cache/LocalCache$StrongAccessWriteEntry.class
[DEBUG] adding entry jersey/repackaged/com/google/common/cache/LocalCache$StrongEntry.class
[DEBUG] adding entry jersey/repackaged/com/google/common/cache/LocalCache$StrongValueReference.class
[DEBUG] adding entry jersey/repackaged/com/google/common/cache/LocalCache$StrongWriteEntry.class
[DEBUG] adding entry jersey/repackaged/com/google/common/cache/LocalCache$ValueIterator.class
[DEBUG] adding entry jersey/repackaged/com/google/common/cache/LocalCache$ValueReference.class
[DEBUG] adding entry jersey/repackaged/com/google/common/cache/LocalCache$Values.class
[DEBUG] adding entry jersey/repackaged/com/google/common/cache/LocalCache$WeakAccessEntry.class
[DEBUG] adding entry jersey/repackaged/com/google/common/cache/LocalCache$WeakAccessWriteEntry.class
[DEBUG] adding entry jersey/repackaged/com/google/common/cache/LocalCache$WeakEntry.class
[DEBUG] adding entry jersey/repackaged/com/google/common/cache/LocalCache$WeakValueReference.class
[DEBUG] adding entry jersey/repackaged/com/google/common/cache/LocalCache$WeakWriteEntry.class
[DEBUG] adding entry jersey/repackaged/com/google/common/cache/LocalCache$WeightedSoftValueReference.class
[DEBUG] adding entry jersey/repackaged/com/google/common/cache/LocalCache$WeightedStrongValueReference.class
[DEBUG] adding entry jersey/repackaged/com/google/common/cache/LocalCache$WeightedWeakValueReference.class
[DEBUG] adding entry jersey/repackaged/com/google/common/cache/LocalCache$WriteQueue$1.class
[DEBUG] adding entry jersey/repackaged/com/google/common/cache/LocalCache$WriteQueue$2.class
[DEBUG] adding entry jersey/repackaged/com/google/common/cache/LocalCache$WriteQueue.class
[DEBUG] adding entry jersey/repackaged/com/google/common/cache/LocalCache$WriteThroughEntry.class
[DEBUG] adding entry jersey/repackaged/com/google/common/cache/LocalCache.class
[DEBUG] adding entry jersey/repackaged/com/google/common/cache/LongAddable.class
[DEBUG] adding entry jersey/repackaged/com/google/common/cache/LongAddables$1.class
[DEBUG] adding entry jersey/repackaged/com/google/common/cache/LongAddables$2.class
[DEBUG] adding entry jersey/repackaged/com/google/common/cache/LongAddables$PureJavaLongAddable.class
[DEBUG] adding entry jersey/repackaged/com/google/common/cache/LongAddables.class
[DEBUG] adding entry jersey/repackaged/com/google/common/cache/LongAdder.class
[DEBUG] adding entry jersey/repackaged/com/google/common/cache/RemovalCause$1.class
[DEBUG] adding entry jersey/repackaged/com/google/common/cache/RemovalCause$2.class
[DEBUG] adding entry jersey/repackaged/com/google/common/cache/RemovalCause$3.class
[DEBUG] adding entry jersey/repackaged/com/google/common/cache/RemovalCause$4.class
[DEBUG] adding entry jersey/repackaged/com/google/common/cache/RemovalCause$5.class
[DEBUG] adding entry jersey/repackaged/com/google/common/cache/RemovalCause.class
[DEBUG] adding entry jersey/repackaged/com/google/common/cache/RemovalListener.class
[DEBUG] adding entry jersey/repackaged/com/google/common/cache/RemovalNotification.class
[DEBUG] adding entry jersey/repackaged/com/google/common/cache/Striped64$1.class
[DEBUG] adding entry jersey/repackaged/com/google/common/cache/Striped64$Cell.class
[DEBUG] adding entry jersey/repackaged/com/google/common/cache/Striped64.class
[DEBUG] adding entry jersey/repackaged/com/google/common/cache/Weigher.class
[DEBUG] adding directory jersey/repackaged/com/google/common/collect/
[DEBUG] adding entry jersey/repackaged/com/google/common/collect/AbstractIndexedListIterator.class
[DEBUG] adding entry jersey/repackaged/com/google/common/collect/AbstractIterator$1.class
[DEBUG] adding entry jersey/repackaged/com/google/common/collect/AbstractIterator$State.class
[DEBUG] adding entry jersey/repackaged/com/google/common/collect/AbstractIterator.class
[DEBUG] adding entry jersey/repackaged/com/google/common/collect/AbstractListMultimap.class
[DEBUG] adding entry jersey/repackaged/com/google/common/collect/AbstractMapBasedMultimap$1.class
[DEBUG] adding entry jersey/repackaged/com/google/common/collect/AbstractMapBasedMultimap$2.class
[DEBUG] adding entry jersey/repackaged/com/google/common/collect/AbstractMapBasedMultimap$AsMap$AsMapEntries.class
[DEBUG] adding entry jersey/repackaged/com/google/common/collect/AbstractMapBasedMultimap$AsMap$AsMapIterator.class
[DEBUG] adding entry jersey/repackaged/com/google/common/collect/AbstractMapBasedMultimap$AsMap.class
[DEBUG] adding entry jersey/repackaged/com/google/common/collect/AbstractMapBasedMultimap$Itr.class
[DEBUG] adding entry jersey/repackaged/com/google/common/collect/AbstractMapBasedMultimap$KeySet$1.class
[DEBUG] adding entry jersey/repackaged/com/google/common/collect/AbstractMapBasedMultimap$KeySet.class
[DEBUG] adding entry jersey/repackaged/com/google/common/collect/AbstractMapBasedMultimap$NavigableAsMap.class
[DEBUG] adding entry jersey/repackaged/com/google/common/collect/AbstractMapBasedMultimap$NavigableKeySet.class
[DEBUG] adding entry jersey/repackaged/com/google/common/collect/AbstractMapBasedMultimap$RandomAccessWrappedList.class
[DEBUG] adding entry jersey/repackaged/com/google/common/collect/AbstractMapBasedMultimap$SortedAsMap.class
[DEBUG] adding entry jersey/repackaged/com/google/common/collect/AbstractMapBasedMultimap$SortedKeySet.class
[DEBUG] adding entry jersey/repackaged/com/google/common/collect/AbstractMapBasedMultimap$WrappedCollection$WrappedIterator.class
[DEBUG] adding entry jersey/repackaged/com/google/common/collect/AbstractMapBasedMultimap$WrappedCollection.class
[DEBUG] adding entry jersey/repackaged/com/google/common/collect/AbstractMapBasedMultimap$WrappedList$WrappedListIterator.class
[DEBUG] adding entry jersey/repackaged/com/google/common/collect/AbstractMapBasedMultimap$WrappedList.class
[DEBUG] adding entry jersey/repackaged/com/google/common/collect/AbstractMapBasedMultimap$WrappedNavigableSet.class
[DEBUG] adding entry jersey/repackaged/com/google/common/collect/AbstractMapBasedMultimap$WrappedSet.class
[DEBUG] adding entry jersey/repackaged/com/google/common/collect/AbstractMapBasedMultimap$WrappedSortedSet.class
[DEBUG] adding entry jersey/repackaged/com/google/common/collect/AbstractMapBasedMultimap.class
[DEBUG] adding entry jersey/repackaged/com/google/common/collect/AbstractMapBasedMultiset$1$1.class
[DEBUG] adding entry jersey/repackaged/com/google/common/collect/AbstractMapBasedMultiset$1.class
[DEBUG] adding entry jersey/repackaged/com/google/common/collect/AbstractMapBasedMultiset$MapBasedMultisetIterator.class
[DEBUG] adding entry jersey/repackaged/com/google/common/collect/AbstractMapBasedMultiset.class
[DEBUG] adding entry jersey/repackaged/com/google/common/collect/AbstractMapEntry.class
[DEBUG] adding entry jersey/repackaged/com/google/common/collect/AbstractMultimap$1.class
[DEBUG] adding entry jersey/repackaged/com/google/common/collect/AbstractMultimap$Entries.class
[DEBUG] adding entry jersey/repackaged/com/google/common/collect/AbstractMultimap$EntrySet.class
[DEBUG] adding entry jersey/repackaged/com/google/common/collect/AbstractMultimap$Values.class
[DEBUG] adding entry jersey/repackaged/com/google/common/collect/AbstractMultimap.class
[DEBUG] adding entry jersey/repackaged/com/google/common/collect/AbstractMultiset$ElementSet.class
[DEBUG] adding entry jersey/repackaged/com/google/common/collect/AbstractMultiset$EntrySet.class
[DEBUG] adding entry jersey/repackaged/com/google/common/collect/AbstractMultiset.class
[DEBUG] adding entry jersey/repackaged/com/google/common/collect/AbstractNavigableMap$1.class
[DEBUG] adding entry jersey/repackaged/com/google/common/collect/AbstractNavigableMap$DescendingMap.class
[DEBUG] adding entry jersey/repackaged/com/google/common/collect/AbstractNavigableMap.class
[DEBUG] adding entry jersey/repackaged/com/google/common/collect/AbstractSequentialIterator.class
[DEBUG] adding entry jersey/repackaged/com/google/common/collect/AbstractSetMultimap.class
[DEBUG] adding entry jersey/repackaged/com/google/common/collect/AbstractSortedKeySortedSetMultimap.class
[DEBUG] adding entry jersey/repackaged/com/google/common/collect/AbstractSortedSetMultimap.class
[DEBUG] adding entry jersey/repackaged/com/google/common/collect/AbstractTable$1.class
[DEBUG] adding entry jersey/repackaged/com/google/common/collect/AbstractTable$CellSet.class
[DEBUG] adding entry jersey/repackaged/com/google/common/collect/AbstractTable$Values.class
[DEBUG] adding entry jersey/repackaged/com/google/common/collect/AbstractTable.class
[DEBUG] adding entry jersey/repackaged/com/google/common/collect/BiMap.class
[DEBUG] adding entry jersey/repackaged/com/google/common/collect/ByFunctionOrdering.class
[DEBUG] adding entry jersey/repackaged/com/google/common/collect/CartesianList$1.class
[DEBUG] adding entry jersey/repackaged/com/google/common/collect/CartesianList.class
[DEBUG] adding entry jersey/repackaged/com/google/common/collect/CollectPreconditions.class
[DEBUG] adding entry jersey/repackaged/com/google/common/collect/Collections2$1.class
[DEBUG] adding entry jersey/repackaged/com/google/common/collect/Collections2$FilteredCollection.class
[DEBUG] adding entry jersey/repackaged/com/google/common/collect/Collections2$OrderedPermutationCollection.class
[DEBUG] adding entry jersey/repackaged/com/google/common/collect/Collections2$OrderedPermutationIterator.class
[DEBUG] adding entry jersey/repackaged/com/google/common/collect/Collections2$PermutationCollection.class
[DEBUG] adding entry jersey/repackaged/com/google/common/collect/Collections2$PermutationIterator.class
[DEBUG] adding entry jersey/repackaged/com/google/common/collect/Collections2$TransformedCollection.class
[DEBUG] adding entry jersey/repackaged/com/google/common/collect/Collections2.class
[DEBUG] adding entry jersey/repackaged/com/google/common/collect/ComparatorOrdering.class
[DEBUG] adding entry jersey/repackaged/com/google/common/collect/Count.class
[DEBUG] adding entry jersey/repackaged/com/google/common/collect/DescendingImmutableSortedSet.class
[DEBUG] adding entry jersey/repackaged/com/google/common/collect/EmptyImmutableBiMap.class
[DEBUG] adding entry jersey/repackaged/com/google/common/collect/EmptyImmutableListMultimap.class
[DEBUG] adding entry jersey/repackaged/com/google/common/collect/EmptyImmutableSet.class
[DEBUG] adding entry jersey/repackaged/com/google/common/collect/EmptyImmutableSetMultimap.class
[DEBUG] adding entry jersey/repackaged/com/google/common/collect/EmptyImmutableSortedMap.class
[DEBUG] adding entry jersey/repackaged/com/google/common/collect/EmptyImmutableSortedSet.class
[DEBUG] adding entry jersey/repackaged/com/google/common/collect/FilteredEntryMultimap$AsMap$1.class
[DEBUG] adding entry jersey/repackaged/com/google/common/collect/FilteredEntryMultimap$AsMap$2$1.class
[DEBUG] adding entry jersey/repackaged/com/google/common/collect/FilteredEntryMultimap$AsMap$2.class
[DEBUG] adding entry jersey/repackaged/com/google/common/collect/FilteredEntryMultimap$AsMap$3.class
[DEBUG] adding entry jersey/repackaged/com/google/common/collect/FilteredEntryMultimap$AsMap.class
[DEBUG] adding entry jersey/repackaged/com/google/common/collect/FilteredEntryMultimap$Keys$1$1.class
[DEBUG] adding entry jersey/repackaged/com/google/common/collect/FilteredEntryMultimap$Keys$1.class
[DEBUG] adding entry jersey/repackaged/com/google/common/collect/FilteredEntryMultimap$Keys.class
[DEBUG] adding entry jersey/repackaged/com/google/common/collect/FilteredEntryMultimap$ValuePredicate.class
[DEBUG] adding entry jersey/repackaged/com/google/common/collect/FilteredEntryMultimap.class
[DEBUG] adding entry jersey/repackaged/com/google/common/collect/FilteredEntrySetMultimap.class
[DEBUG] adding entry jersey/repackaged/com/google/common/collect/FilteredKeyListMultimap.class
[DEBUG] adding entry jersey/repackaged/com/google/common/collect/FilteredKeyMultimap$AddRejectingList.class
[DEBUG] adding entry jersey/repackaged/com/google/common/collect/FilteredKeyMultimap$AddRejectingSet.class
[DEBUG] adding entry jersey/repackaged/com/google/common/collect/FilteredKeyMultimap$Entries.class
[DEBUG] adding entry jersey/repackaged/com/google/common/collect/FilteredKeyMultimap.class
[DEBUG] adding entry jersey/repackaged/com/google/common/collect/FilteredKeySetMultimap$EntrySet.class
[DEBUG] adding entry jersey/repackaged/com/google/common/collect/FilteredKeySetMultimap.class
[DEBUG] adding entry jersey/repackaged/com/google/common/collect/FilteredMultimap.class
[DEBUG] adding entry jersey/repackaged/com/google/common/collect/FilteredMultimapValues.class
[DEBUG] adding entry jersey/repackaged/com/google/common/collect/FilteredSetMultimap.class
[DEBUG] adding entry jersey/repackaged/com/google/common/collect/FluentIterable.class
[DEBUG] adding entry jersey/repackaged/com/google/common/collect/ForwardingCollection.class
[DEBUG] adding entry jersey/repackaged/com/google/common/collect/ForwardingIterator.class
[DEBUG] adding entry jersey/repackaged/com/google/common/collect/ForwardingList.class
[DEBUG] adding entry jersey/repackaged/com/google/common/collect/ForwardingMap.class
[DEBUG] adding entry jersey/repackaged/com/google/common/collect/ForwardingMapEntry.class
[DEBUG] adding entry jersey/repackaged/com/google/common/collect/ForwardingMultimap.class
[DEBUG] adding entry jersey/repackaged/com/google/common/collect/ForwardingMultiset.class
[DEBUG] adding entry jersey/repackaged/com/google/common/collect/ForwardingNavigableSet.class
[DEBUG] adding entry jersey/repackaged/com/google/common/collect/ForwardingObject.class
[DEBUG] adding entry jersey/repackaged/com/google/common/collect/ForwardingSet.class
[DEBUG] adding entry jersey/repackaged/com/google/common/collect/ForwardingSortedMap.class
[DEBUG] adding entry jersey/repackaged/com/google/common/collect/ForwardingSortedSet.class
[DEBUG] adding entry jersey/repackaged/com/google/common/collect/GenericMapMaker$NullListener.class
[DEBUG] adding entry jersey/repackaged/com/google/common/collect/GenericMapMaker.class
[DEBUG] adding entry jersey/repackaged/com/google/common/collect/HashBasedTable$Factory.class
[DEBUG] adding entry jersey/repackaged/com/google/common/collect/HashBasedTable.class
[DEBUG] adding entry jersey/repackaged/com/google/common/collect/HashMultimap.class
[DEBUG] adding entry jersey/repackaged/com/google/common/collect/HashMultiset.class
[DEBUG] adding entry jersey/repackaged/com/google/common/collect/Hashing.class
[DEBUG] adding entry jersey/repackaged/com/google/common/collect/ImmutableAsList$SerializedForm.class
[DEBUG] adding entry jersey/repackaged/com/google/common/collect/ImmutableAsList.class
[DEBUG] adding entry jersey/repackaged/com/google/common/collect/ImmutableBiMap$SerializedForm.class
[DEBUG] adding entry jersey/repackaged/com/google/common/collect/ImmutableBiMap.class
[DEBUG] adding entry jersey/repackaged/com/google/common/collect/ImmutableCollection$ArrayBasedBuilder.class
[DEBUG] adding entry jersey/repackaged/com/google/common/collect/ImmutableCollection$Builder.class
[DEBUG] adding entry jersey/repackaged/com/google/common/collect/ImmutableCollection.class
[DEBUG] adding entry jersey/repackaged/com/google/common/collect/ImmutableEntry.class
[DEBUG] adding entry jersey/repackaged/com/google/common/collect/ImmutableEnumMap$1.class
[DEBUG] adding entry jersey/repackaged/com/google/common/collect/ImmutableEnumMap$2$1.class
[DEBUG] adding entry jersey/repackaged/com/google/common/collect/ImmutableEnumMap$2.class
[DEBUG] adding entry jersey/repackaged/com/google/common/collect/ImmutableEnumMap$EnumSerializedForm.class
[DEBUG] adding entry jersey/repackaged/com/google/common/collect/ImmutableEnumMap.class
[DEBUG] adding entry jersey/repackaged/com/google/common/collect/ImmutableEnumSet$EnumSerializedForm.class
[DEBUG] adding entry jersey/repackaged/com/google/common/collect/ImmutableEnumSet.class
[DEBUG] adding entry jersey/repackaged/com/google/common/collect/ImmutableList$1.class
[DEBUG] adding entry jersey/repackaged/com/google/common/collect/ImmutableList$Builder.class
[DEBUG] adding entry jersey/repackaged/com/google/common/collect/ImmutableList$ReverseImmutableList.class
[DEBUG] adding entry jersey/repackaged/com/google/common/collect/ImmutableList$SerializedForm.class
[DEBUG] adding entry jersey/repackaged/com/google/common/collect/ImmutableList$SubList.class
[DEBUG] adding entry jersey/repackaged/com/google/common/collect/ImmutableList.class
[DEBUG] adding entry jersey/repackaged/com/google/common/collect/ImmutableListMultimap$Builder.class
[DEBUG] adding entry jersey/repackaged/com/google/common/collect/ImmutableListMultimap.class
[DEBUG] adding entry jersey/repackaged/com/google/common/collect/ImmutableMap$Builder.class
[DEBUG] adding entry jersey/repackaged/com/google/common/collect/ImmutableMap$MapViewOfValuesAsSingletonSets$1$1$1.class
[DEBUG] adding entry jersey/repackaged/com/google/common/collect/ImmutableMap$MapViewOfValuesAsSingletonSets$1$1.class
[DEBUG] adding entry jersey/repackaged/com/google/common/collect/ImmutableMap$MapViewOfValuesAsSingletonSets$1.class
[DEBUG] adding entry jersey/repackaged/com/google/common/collect/ImmutableMap$MapViewOfValuesAsSingletonSets.class
[DEBUG] adding entry jersey/repackaged/com/google/common/collect/ImmutableMap$SerializedForm.class
[DEBUG] adding entry jersey/repackaged/com/google/common/collect/ImmutableMap.class
[DEBUG] adding entry jersey/repackaged/com/google/common/collect/ImmutableMapEntry$TerminalEntry.class
[DEBUG] adding entry jersey/repackaged/com/google/common/collect/ImmutableMapEntry.class
[DEBUG] adding entry jersey/repackaged/com/google/common/collect/ImmutableMapEntrySet$EntrySetSerializedForm.class
[DEBUG] adding entry jersey/repackaged/com/google/common/collect/ImmutableMapEntrySet.class
[DEBUG] adding entry jersey/repackaged/com/google/common/collect/ImmutableMapKeySet$1.class
[DEBUG] adding entry jersey/repackaged/com/google/common/collect/ImmutableMapKeySet$KeySetSerializedForm.class
[DEBUG] adding entry jersey/repackaged/com/google/common/collect/ImmutableMapKeySet.class
[DEBUG] adding entry jersey/repackaged/com/google/common/collect/ImmutableMapValues$1.class
[DEBUG] adding entry jersey/repackaged/com/google/common/collect/ImmutableMapValues$SerializedForm.class
[DEBUG] adding entry jersey/repackaged/com/google/common/collect/ImmutableMapValues.class
[DEBUG] adding entry jersey/repackaged/com/google/common/collect/ImmutableMultimap$1.class
[DEBUG] adding entry jersey/repackaged/com/google/common/collect/ImmutableMultimap$2.class
[DEBUG] adding entry jersey/repackaged/com/google/common/collect/ImmutableMultimap$Builder.class
[DEBUG] adding entry jersey/repackaged/com/google/common/collect/ImmutableMultimap$BuilderMultimap.class
[DEBUG] adding entry jersey/repackaged/com/google/common/collect/ImmutableMultimap$EntryCollection.class
[DEBUG] adding entry jersey/repackaged/com/google/common/collect/ImmutableMultimap$Itr.class
[DEBUG] adding entry jersey/repackaged/com/google/common/collect/ImmutableMultimap$Keys.class
[DEBUG] adding entry jersey/repackaged/com/google/common/collect/ImmutableMultimap$Values.class
[DEBUG] adding entry jersey/repackaged/com/google/common/collect/ImmutableMultimap.class
[DEBUG] adding entry jersey/repackaged/com/google/common/collect/ImmutableMultiset$1.class
[DEBUG] adding entry jersey/repackaged/com/google/common/collect/ImmutableMultiset$EntrySet$1.class
[DEBUG] adding entry jersey/repackaged/com/google/common/collect/ImmutableMultiset$EntrySet.class
[DEBUG] adding entry jersey/repackaged/com/google/common/collect/ImmutableMultiset$EntrySetSerializedForm.class
[DEBUG] adding entry jersey/repackaged/com/google/common/collect/ImmutableMultiset$SerializedForm.class
[DEBUG] adding entry jersey/repackaged/com/google/common/collect/ImmutableMultiset.class
[DEBUG] adding entry jersey/repackaged/com/google/common/collect/ImmutableSet$SerializedForm.class
[DEBUG] adding entry jersey/repackaged/com/google/common/collect/ImmutableSet.class
[DEBUG] adding entry jersey/repackaged/com/google/common/collect/ImmutableSetMultimap$EntrySet.class
[DEBUG] adding entry jersey/repackaged/com/google/common/collect/ImmutableSetMultimap.class
[DEBUG] adding entry jersey/repackaged/com/google/common/collect/ImmutableSortedMap$SerializedForm.class
[DEBUG] adding entry jersey/repackaged/com/google/common/collect/ImmutableSortedMap.class
[DEBUG] adding entry jersey/repackaged/com/google/common/collect/ImmutableSortedMapFauxverideShim.class
[DEBUG] adding entry jersey/repackaged/com/google/common/collect/ImmutableSortedSet$SerializedForm.class
[DEBUG] adding entry jersey/repackaged/com/google/common/collect/ImmutableSortedSet.class
[DEBUG] adding entry jersey/repackaged/com/google/common/collect/ImmutableSortedSetFauxverideShim.class
[DEBUG] adding entry jersey/repackaged/com/google/common/collect/Iterables$8.class
[DEBUG] adding entry jersey/repackaged/com/google/common/collect/Iterables.class
[DEBUG] adding entry jersey/repackaged/com/google/common/collect/Iterators$1.class
[DEBUG] adding entry jersey/repackaged/com/google/common/collect/Iterators$10.class
[DEBUG] adding entry jersey/repackaged/com/google/common/collect/Iterators$11.class
[DEBUG] adding entry jersey/repackaged/com/google/common/collect/Iterators$12.class
[DEBUG] adding entry jersey/repackaged/com/google/common/collect/Iterators$13.class
[DEBUG] adding entry jersey/repackaged/com/google/common/collect/Iterators$14.class
[DEBUG] adding entry jersey/repackaged/com/google/common/collect/Iterators$2.class
[DEBUG] adding entry jersey/repackaged/com/google/common/collect/Iterators$3.class
[DEBUG] adding entry jersey/repackaged/com/google/common/collect/Iterators$4.class
[DEBUG] adding entry jersey/repackaged/com/google/common/collect/Iterators$5.class
[DEBUG] adding entry jersey/repackaged/com/google/common/collect/Iterators$6.class
[DEBUG] adding entry jersey/repackaged/com/google/common/collect/Iterators$7.class
[DEBUG] adding entry jersey/repackaged/com/google/common/collect/Iterators$8.class
[DEBUG] adding entry jersey/repackaged/com/google/common/collect/Iterators$9.class
[DEBUG] adding entry jersey/repackaged/com/google/common/collect/Iterators$MergingIterator$1.class
[DEBUG] adding entry jersey/repackaged/com/google/common/collect/Iterators$MergingIterator.class
[DEBUG] adding entry jersey/repackaged/com/google/common/collect/Iterators$PeekingImpl.class
[DEBUG] adding entry jersey/repackaged/com/google/common/collect/Iterators.class
[DEBUG] adding entry jersey/repackaged/com/google/common/collect/ListMultimap.class
[DEBUG] adding entry jersey/repackaged/com/google/common/collect/Lists$1.class
[DEBUG] adding entry jersey/repackaged/com/google/common/collect/Lists$2.class
[DEBUG] adding entry jersey/repackaged/com/google/common/collect/Lists$AbstractListWrapper.class
[DEBUG] adding entry jersey/repackaged/com/google/common/collect/Lists$CharSequenceAsList.class
[DEBUG] adding entry jersey/repackaged/com/google/common/collect/Lists$OnePlusArrayList.class
[DEBUG] adding entry jersey/repackaged/com/google/common/collect/Lists$Partition.class
[DEBUG] adding entry jersey/repackaged/com/google/common/collect/Lists$RandomAccessListWrapper.class
[DEBUG] adding entry jersey/repackaged/com/google/common/collect/Lists$RandomAccessPartition.class
[DEBUG] adding entry jersey/repackaged/com/google/common/collect/Lists$RandomAccessReverseList.class
[DEBUG] adding entry jersey/repackaged/com/google/common/collect/Lists$ReverseList$1.class
[DEBUG] adding entry jersey/repackaged/com/google/common/collect/Lists$ReverseList.class
[DEBUG] adding entry jersey/repackaged/com/google/common/collect/Lists$StringAsImmutableList.class
[DEBUG] adding entry jersey/repackaged/com/google/common/collect/Lists$TransformingRandomAccessList$1.class
[DEBUG] adding entry jersey/repackaged/com/google/common/collect/Lists$TransformingRandomAccessList.class
[DEBUG] adding entry jersey/repackaged/com/google/common/collect/Lists$TransformingSequentialList$1.class
[DEBUG] adding entry jersey/repackaged/com/google/common/collect/Lists$TransformingSequentialList.class
[DEBUG] adding entry jersey/repackaged/com/google/common/collect/Lists$TwoPlusArrayList.class
[DEBUG] adding entry jersey/repackaged/com/google/common/collect/Lists.class
[DEBUG] adding entry jersey/repackaged/com/google/common/collect/MapDifference$ValueDifference.class
[DEBUG] adding entry jersey/repackaged/com/google/common/collect/MapDifference.class
[DEBUG] adding entry jersey/repackaged/com/google/common/collect/MapMaker$1.class
[DEBUG] adding entry jersey/repackaged/com/google/common/collect/MapMaker$NullConcurrentMap.class
[DEBUG] adding entry jersey/repackaged/com/google/common/collect/MapMaker$RemovalCause$1.class
[DEBUG] adding entry jersey/repackaged/com/google/common/collect/MapMaker$RemovalCause$2.class
[DEBUG] adding entry jersey/repackaged/com/google/common/collect/MapMaker$RemovalCause$3.class
[DEBUG] adding entry jersey/repackaged/com/google/common/collect/MapMaker$RemovalCause$4.class
[DEBUG] adding entry jersey/repackaged/com/google/common/collect/MapMaker$RemovalCause$5.class
[DEBUG] adding entry jersey/repackaged/com/google/common/collect/MapMaker$RemovalCause.class
[DEBUG] adding entry jersey/repackaged/com/google/common/collect/MapMaker$RemovalListener.class
[DEBUG] adding entry jersey/repackaged/com/google/common/collect/MapMaker$RemovalNotification.class
[DEBUG] adding entry jersey/repackaged/com/google/common/collect/MapMaker.class
[DEBUG] adding entry jersey/repackaged/com/google/common/collect/MapMakerInternalMap$1.class
[DEBUG] adding entry jersey/repackaged/com/google/common/collect/MapMakerInternalMap$2.class
[DEBUG] adding entry jersey/repackaged/com/google/common/collect/MapMakerInternalMap$AbstractReferenceEntry.class
[DEBUG] adding entry jersey/repackaged/com/google/common/collect/MapMakerInternalMap$EntryFactory$1.class
[DEBUG] adding entry jersey/repackaged/com/google/common/collect/MapMakerInternalMap$EntryFactory$2.class
[DEBUG] adding entry jersey/repackaged/com/google/common/collect/MapMakerInternalMap$EntryFactory$3.class
[DEBUG] adding entry jersey/repackaged/com/google/common/collect/MapMakerInternalMap$EntryFactory$4.class
[DEBUG] adding entry jersey/repackaged/com/google/common/collect/MapMakerInternalMap$EntryFactory$5.class
[DEBUG] adding entry jersey/repackaged/com/google/common/collect/MapMakerInternalMap$EntryFactory$6.class
[DEBUG] adding entry jersey/repackaged/com/google/common/collect/MapMakerInternalMap$EntryFactory$7.class
[DEBUG] adding entry jersey/repackaged/com/google/common/collect/MapMakerInternalMap$EntryFactory$8.class
[DEBUG] adding entry jersey/repackaged/com/google/common/collect/MapMakerInternalMap$EntryFactory.class
[DEBUG] adding entry jersey/repackaged/com/google/common/collect/MapMakerInternalMap$EntryIterator.class
[DEBUG] adding entry jersey/repackaged/com/google/common/collect/MapMakerInternalMap$EntrySet.class
[DEBUG] adding entry jersey/repackaged/com/google/common/collect/MapMakerInternalMap$EvictionQueue$1.class
[DEBUG] adding entry jersey/repackaged/com/google/common/collect/MapMakerInternalMap$EvictionQueue$2.class
[DEBUG] adding entry jersey/repackaged/com/google/common/collect/MapMakerInternalMap$EvictionQueue.class
[DEBUG] adding entry jersey/repackaged/com/google/common/collect/MapMakerInternalMap$ExpirationQueue$1.class
[DEBUG] adding entry jersey/repackaged/com/google/common/collect/MapMakerInternalMap$ExpirationQueue$2.class
[DEBUG] adding entry jersey/repackaged/com/google/common/collect/MapMakerInternalMap$ExpirationQueue.class
[DEBUG] adding entry jersey/repackaged/com/google/common/collect/MapMakerInternalMap$HashIterator.class
[DEBUG] adding entry jersey/repackaged/com/google/common/collect/MapMakerInternalMap$KeyIterator.class
[DEBUG] adding entry jersey/repackaged/com/google/common/collect/MapMakerInternalMap$KeySet.class
[DEBUG] adding entry jersey/repackaged/com/google/common/collect/MapMakerInternalMap$NullEntry.class
[DEBUG] adding entry jersey/repackaged/com/google/common/collect/MapMakerInternalMap$ReferenceEntry.class
[DEBUG] adding entry jersey/repackaged/com/google/common/collect/MapMakerInternalMap$Segment.class
[DEBUG] adding entry jersey/repackaged/com/google/common/collect/MapMakerInternalMap$SoftValueReference.class
[DEBUG] adding entry jersey/repackaged/com/google/common/collect/MapMakerInternalMap$Strength$1.class
[DEBUG] adding entry jersey/repackaged/com/google/common/collect/MapMakerInternalMap$Strength$2.class
[DEBUG] adding entry jersey/repackaged/com/google/common/collect/MapMakerInternalMap$Strength$3.class
[DEBUG] adding entry jersey/repackaged/com/google/common/collect/MapMakerInternalMap$Strength.class
[DEBUG] adding entry jersey/repackaged/com/google/common/collect/MapMakerInternalMap$StrongEntry.class
[DEBUG] adding entry jersey/repackaged/com/google/common/collect/MapMakerInternalMap$StrongEvictableEntry.class
[DEBUG] adding entry jersey/repackaged/com/google/common/collect/MapMakerInternalMap$StrongExpirableEntry.class
[DEBUG] adding entry jersey/repackaged/com/google/common/collect/MapMakerInternalMap$StrongExpirableEvictableEntry.class
[DEBUG] adding entry jersey/repackaged/com/google/common/collect/MapMakerInternalMap$StrongValueReference.class
[DEBUG] adding entry jersey/repackaged/com/google/common/collect/MapMakerInternalMap$ValueIterator.class
[DEBUG] adding entry jersey/repackaged/com/google/common/collect/MapMakerInternalMap$ValueReference.class
[DEBUG] adding entry jersey/repackaged/com/google/common/collect/MapMakerInternalMap$Values.class
[DEBUG] adding entry jersey/repackaged/com/google/common/collect/MapMakerInternalMap$WeakEntry.class
[DEBUG] adding entry jersey/repackaged/com/google/common/collect/MapMakerInternalMap$WeakEvictableEntry.class
[DEBUG] adding entry jersey/repackaged/com/google/common/collect/MapMakerInternalMap$WeakExpirableEntry.class
[DEBUG] adding entry jersey/repackaged/com/google/common/collect/MapMakerInternalMap$WeakExpirableEvictableEntry.class
[DEBUG] adding entry jersey/repackaged/com/google/common/collect/MapMakerInternalMap$WeakValueReference.class
[DEBUG] adding entry jersey/repackaged/com/google/common/collect/MapMakerInternalMap$WriteThroughEntry.class
[DEBUG] adding entry jersey/repackaged/com/google/common/collect/MapMakerInternalMap.class
[DEBUG] adding entry jersey/repackaged/com/google/common/collect/Maps$1.class
[DEBUG] adding entry jersey/repackaged/com/google/common/collect/Maps$10.class
[DEBUG] adding entry jersey/repackaged/com/google/common/collect/Maps$11.class
[DEBUG] adding entry jersey/repackaged/com/google/common/collect/Maps$2.class
[DEBUG] adding entry jersey/repackaged/com/google/common/collect/Maps$3.class
[DEBUG] adding entry jersey/repackaged/com/google/common/collect/Maps$4.class
[DEBUG] adding entry jersey/repackaged/com/google/common/collect/Maps$5.class
[DEBUG] adding entry jersey/repackaged/com/google/common/collect/Maps$6.class
[DEBUG] adding entry jersey/repackaged/com/google/common/collect/Maps$7.class
[DEBUG] adding entry jersey/repackaged/com/google/common/collect/Maps$8.class
[DEBUG] adding entry jersey/repackaged/com/google/common/collect/Maps$9.class
[DEBUG] adding entry jersey/repackaged/com/google/common/collect/Maps$AbstractFilteredMap.class
[DEBUG] adding entry jersey/repackaged/com/google/common/collect/Maps$AsMapView$1.class
[DEBUG] adding entry jersey/repackaged/com/google/common/collect/Maps$AsMapView.class
[DEBUG] adding entry jersey/repackaged/com/google/common/collect/Maps$BiMapConverter.class
[DEBUG] adding entry jersey/repackaged/com/google/common/collect/Maps$DescendingMap$1.class
[DEBUG] adding entry jersey/repackaged/com/google/common/collect/Maps$DescendingMap.class
[DEBUG] adding entry jersey/repackaged/com/google/common/collect/Maps$EntryFunction$1.class
[DEBUG] adding entry jersey/repackaged/com/google/common/collect/Maps$EntryFunction$2.class
[DEBUG] adding entry jersey/repackaged/com/google/common/collect/Maps$EntryFunction.class
[DEBUG] adding entry jersey/repackaged/com/google/common/collect/Maps$EntrySet.class
[DEBUG] adding entry jersey/repackaged/com/google/common/collect/Maps$EntryTransformer.class
[DEBUG] adding entry jersey/repackaged/com/google/common/collect/Maps$FilteredEntryBiMap$1.class
[DEBUG] adding entry jersey/repackaged/com/google/common/collect/Maps$FilteredEntryBiMap.class
[DEBUG] adding entry jersey/repackaged/com/google/common/collect/Maps$FilteredEntryMap$EntrySet$1$1.class
[DEBUG] adding entry jersey/repackaged/com/google/common/collect/Maps$FilteredEntryMap$EntrySet$1.class
[DEBUG] adding entry jersey/repackaged/com/google/common/collect/Maps$FilteredEntryMap$EntrySet.class
[DEBUG] adding entry jersey/repackaged/com/google/common/collect/Maps$FilteredEntryMap$KeySet.class
[DEBUG] adding entry jersey/repackaged/com/google/common/collect/Maps$FilteredEntryMap.class
[DEBUG] adding entry jersey/repackaged/com/google/common/collect/Maps$FilteredEntryNavigableMap$1.class
[DEBUG] adding entry jersey/repackaged/com/google/common/collect/Maps$FilteredEntryNavigableMap.class
[DEBUG] adding entry jersey/repackaged/com/google/common/collect/Maps$FilteredEntrySortedMap$SortedKeySet.class
[DEBUG] adding entry jersey/repackaged/com/google/common/collect/Maps$FilteredEntrySortedMap.class
[DEBUG] adding entry jersey/repackaged/com/google/common/collect/Maps$FilteredKeyMap.class
[DEBUG] adding entry jersey/repackaged/com/google/common/collect/Maps$FilteredMapValues.class
[DEBUG] adding entry jersey/repackaged/com/google/common/collect/Maps$ImprovedAbstractMap.class
[DEBUG] adding entry jersey/repackaged/com/google/common/collect/Maps$KeySet.class
[DEBUG] adding entry jersey/repackaged/com/google/common/collect/Maps$MapDifferenceImpl.class
[DEBUG] adding entry jersey/repackaged/com/google/common/collect/Maps$NavigableAsMapView.class
[DEBUG] adding entry jersey/repackaged/com/google/common/collect/Maps$NavigableKeySet.class
[DEBUG] adding entry jersey/repackaged/com/google/common/collect/Maps$SortedAsMapView.class
[DEBUG] adding entry jersey/repackaged/com/google/common/collect/Maps$SortedKeySet.class
[DEBUG] adding entry jersey/repackaged/com/google/common/collect/Maps$SortedMapDifferenceImpl.class
[DEBUG] adding entry jersey/repackaged/com/google/common/collect/Maps$TransformedEntriesMap$1.class
[DEBUG] adding entry jersey/repackaged/com/google/common/collect/Maps$TransformedEntriesMap.class
[DEBUG] adding entry jersey/repackaged/com/google/common/collect/Maps$TransformedEntriesNavigableMap.class
[DEBUG] adding entry jersey/repackaged/com/google/common/collect/Maps$TransformedEntriesSortedMap.class
[DEBUG] adding entry jersey/repackaged/com/google/common/collect/Maps$UnmodifiableBiMap.class
[DEBUG] adding entry jersey/repackaged/com/google/common/collect/Maps$UnmodifiableEntries$1.class
[DEBUG] adding entry jersey/repackaged/com/google/common/collect/Maps$UnmodifiableEntries.class
[DEBUG] adding entry jersey/repackaged/com/google/common/collect/Maps$UnmodifiableEntrySet.class
[DEBUG] adding entry jersey/repackaged/com/google/common/collect/Maps$UnmodifiableNavigableMap.class
[DEBUG] adding entry jersey/repackaged/com/google/common/collect/Maps$ValueDifferenceImpl.class
[DEBUG] adding entry jersey/repackaged/com/google/common/collect/Maps$Values.class
[DEBUG] adding entry jersey/repackaged/com/google/common/collect/Maps.class
[DEBUG] adding entry jersey/repackaged/com/google/common/collect/Multimap.class
[DEBUG] adding entry jersey/repackaged/com/google/common/collect/Multimaps$AsMap$EntrySet$1.class
[DEBUG] adding entry jersey/repackaged/com/google/common/collect/Multimaps$AsMap$EntrySet.class
[DEBUG] adding entry jersey/repackaged/com/google/common/collect/Multimaps$AsMap.class
[DEBUG] adding entry jersey/repackaged/com/google/common/collect/Multimaps$CustomListMultimap.class
[DEBUG] adding entry jersey/repackaged/com/google/common/collect/Multimaps$CustomMultimap.class
[DEBUG] adding entry jersey/repackaged/com/google/common/collect/Multimaps$CustomSetMultimap.class
[DEBUG] adding entry jersey/repackaged/com/google/common/collect/Multimaps$CustomSortedSetMultimap.class
[DEBUG] adding entry jersey/repackaged/com/google/common/collect/Multimaps$Entries.class
[DEBUG] adding entry jersey/repackaged/com/google/common/collect/Multimaps$Keys$1$1.class
[DEBUG] adding entry jersey/repackaged/com/google/common/collect/Multimaps$Keys$1.class
[DEBUG] adding entry jersey/repackaged/com/google/common/collect/Multimaps$Keys$KeysEntrySet.class
[DEBUG] adding entry jersey/repackaged/com/google/common/collect/Multimaps$Keys.class
[DEBUG] adding entry jersey/repackaged/com/google/common/collect/Multimaps$MapMultimap$1$1.class
[DEBUG] adding entry jersey/repackaged/com/google/common/collect/Multimaps$MapMultimap$1.class
[DEBUG] adding entry jersey/repackaged/com/google/common/collect/Multimaps$MapMultimap.class
[DEBUG] adding entry jersey/repackaged/com/google/common/collect/Multimaps$TransformedEntriesListMultimap.class
[DEBUG] adding entry jersey/repackaged/com/google/common/collect/Multimaps$TransformedEntriesMultimap$1.class
[DEBUG] adding entry jersey/repackaged/com/google/common/collect/Multimaps$TransformedEntriesMultimap.class
[DEBUG] adding entry jersey/repackaged/com/google/common/collect/Multimaps$UnmodifiableListMultimap.class
[DEBUG] adding entry jersey/repackaged/com/google/common/collect/Multimaps$UnmodifiableMultimap$1.class
[DEBUG] adding entry jersey/repackaged/com/google/common/collect/Multimaps$UnmodifiableMultimap.class
[DEBUG] adding entry jersey/repackaged/com/google/common/collect/Multimaps$UnmodifiableSetMultimap.class
[DEBUG] adding entry jersey/repackaged/com/google/common/collect/Multimaps$UnmodifiableSortedSetMultimap.class
[DEBUG] adding entry jersey/repackaged/com/google/common/collect/Multimaps.class
[DEBUG] adding entry jersey/repackaged/com/google/common/collect/Multiset$Entry.class
[DEBUG] adding entry jersey/repackaged/com/google/common/collect/Multiset.class
[DEBUG] adding entry jersey/repackaged/com/google/common/collect/Multisets$5.class
[DEBUG] adding entry jersey/repackaged/com/google/common/collect/Multisets$AbstractEntry.class
[DEBUG] adding entry jersey/repackaged/com/google/common/collect/Multisets$ElementSet$1.class
[DEBUG] adding entry jersey/repackaged/com/google/common/collect/Multisets$ElementSet.class
[DEBUG] adding entry jersey/repackaged/com/google/common/collect/Multisets$EntrySet.class
[DEBUG] adding entry jersey/repackaged/com/google/common/collect/Multisets$FilteredMultiset$1.class
[DEBUG] adding entry jersey/repackaged/com/google/common/collect/Multisets$FilteredMultiset.class
[DEBUG] adding entry jersey/repackaged/com/google/common/collect/Multisets$ImmutableEntry.class
[DEBUG] adding entry jersey/repackaged/com/google/common/collect/Multisets$MultisetIteratorImpl.class
[DEBUG] adding entry jersey/repackaged/com/google/common/collect/Multisets$UnmodifiableMultiset.class
[DEBUG] adding entry jersey/repackaged/com/google/common/collect/Multisets.class
[DEBUG] adding entry jersey/repackaged/com/google/common/collect/NaturalOrdering.class
[DEBUG] adding entry jersey/repackaged/com/google/common/collect/ObjectArrays.class
[DEBUG] adding entry jersey/repackaged/com/google/common/collect/Ordering.class
[DEBUG] adding entry jersey/repackaged/com/google/common/collect/PeekingIterator.class
[DEBUG] adding entry jersey/repackaged/com/google/common/collect/Platform.class
[DEBUG] adding entry jersey/repackaged/com/google/common/collect/Queues.class
[DEBUG] adding entry jersey/repackaged/com/google/common/collect/RegularImmutableAsList.class
[DEBUG] adding entry jersey/repackaged/com/google/common/collect/RegularImmutableList.class
[DEBUG] adding entry jersey/repackaged/com/google/common/collect/RegularImmutableMap$1.class
[DEBUG] adding entry jersey/repackaged/com/google/common/collect/RegularImmutableMap$EntrySet.class
[DEBUG] adding entry jersey/repackaged/com/google/common/collect/RegularImmutableMap$NonTerminalMapEntry.class
[DEBUG] adding entry jersey/repackaged/com/google/common/collect/RegularImmutableMap.class
[DEBUG] adding entry jersey/repackaged/com/google/common/collect/RegularImmutableMultiset.class
[DEBUG] adding entry jersey/repackaged/com/google/common/collect/RegularImmutableSet.class
[DEBUG] adding entry jersey/repackaged/com/google/common/collect/ReverseNaturalOrdering.class
[DEBUG] adding entry jersey/repackaged/com/google/common/collect/ReverseOrdering.class
[DEBUG] adding entry jersey/repackaged/com/google/common/collect/Serialization.class
[DEBUG] adding entry jersey/repackaged/com/google/common/collect/SetMultimap.class
[DEBUG] adding entry jersey/repackaged/com/google/common/collect/Sets$1.class
[DEBUG] adding entry jersey/repackaged/com/google/common/collect/Sets$2.class
[DEBUG] adding entry jersey/repackaged/com/google/common/collect/Sets$3.class
[DEBUG] adding entry jersey/repackaged/com/google/common/collect/Sets$CartesianSet$1.class
[DEBUG] adding entry jersey/repackaged/com/google/common/collect/Sets$CartesianSet.class
[DEBUG] adding entry jersey/repackaged/com/google/common/collect/Sets$FilteredNavigableSet.class
[DEBUG] adding entry jersey/repackaged/com/google/common/collect/Sets$FilteredSet.class
[DEBUG] adding entry jersey/repackaged/com/google/common/collect/Sets$FilteredSortedSet.class
[DEBUG] adding entry jersey/repackaged/com/google/common/collect/Sets$ImprovedAbstractSet.class
[DEBUG] adding entry jersey/repackaged/com/google/common/collect/Sets$PowerSet$1.class
[DEBUG] adding entry jersey/repackaged/com/google/common/collect/Sets$PowerSet.class
[DEBUG] adding entry jersey/repackaged/com/google/common/collect/Sets$SetView.class
[DEBUG] adding entry jersey/repackaged/com/google/common/collect/Sets$SubSet$1.class
[DEBUG] adding entry jersey/repackaged/com/google/common/collect/Sets$SubSet.class
[DEBUG] adding entry jersey/repackaged/com/google/common/collect/Sets$UnmodifiableNavigableSet.class
[DEBUG] adding entry jersey/repackaged/com/google/common/collect/Sets.class
[DEBUG] adding entry jersey/repackaged/com/google/common/collect/SingletonImmutableBiMap.class
[DEBUG] adding entry jersey/repackaged/com/google/common/collect/SingletonImmutableList.class
[DEBUG] adding entry jersey/repackaged/com/google/common/collect/SingletonImmutableSet.class
[DEBUG] adding entry jersey/repackaged/com/google/common/collect/SortedIterable.class
[DEBUG] adding entry jersey/repackaged/com/google/common/collect/SortedMapDifference.class
[DEBUG] adding entry jersey/repackaged/com/google/common/collect/SortedSetMultimap.class
[DEBUG] adding entry jersey/repackaged/com/google/common/collect/StandardTable$1.class
[DEBUG] adding entry jersey/repackaged/com/google/common/collect/StandardTable$CellIterator.class
[DEBUG] adding entry jersey/repackaged/com/google/common/collect/StandardTable$Column$EntrySet.class
[DEBUG] adding entry jersey/repackaged/com/google/common/collect/StandardTable$Column$EntrySetIterator$1.class
[DEBUG] adding entry jersey/repackaged/com/google/common/collect/StandardTable$Column$EntrySetIterator.class
[DEBUG] adding entry jersey/repackaged/com/google/common/collect/StandardTable$Column$KeySet.class
[DEBUG] adding entry jersey/repackaged/com/google/common/collect/StandardTable$Column$Values.class
[DEBUG] adding entry jersey/repackaged/com/google/common/collect/StandardTable$Column.class
[DEBUG] adding entry jersey/repackaged/com/google/common/collect/StandardTable$ColumnKeyIterator.class
[DEBUG] adding entry jersey/repackaged/com/google/common/collect/StandardTable$ColumnKeySet.class
[DEBUG] adding entry jersey/repackaged/com/google/common/collect/StandardTable$ColumnMap$ColumnMapEntrySet$1.class
[DEBUG] adding entry jersey/repackaged/com/google/common/collect/StandardTable$ColumnMap$ColumnMapEntrySet.class
[DEBUG] adding entry jersey/repackaged/com/google/common/collect/StandardTable$ColumnMap$ColumnMapValues.class
[DEBUG] adding entry jersey/repackaged/com/google/common/collect/StandardTable$ColumnMap.class
[DEBUG] adding entry jersey/repackaged/com/google/common/collect/StandardTable$Row$RowEntrySet$1$1.class
[DEBUG] adding entry jersey/repackaged/com/google/common/collect/StandardTable$Row$RowEntrySet$1.class
[DEBUG] adding entry jersey/repackaged/com/google/common/collect/StandardTable$Row$RowEntrySet.class
[DEBUG] adding entry jersey/repackaged/com/google/common/collect/StandardTable$Row.class
[DEBUG] adding entry jersey/repackaged/com/google/common/collect/StandardTable$RowMap$EntrySet$1.class
[DEBUG] adding entry jersey/repackaged/com/google/common/collect/StandardTable$RowMap$EntrySet.class
[DEBUG] adding entry jersey/repackaged/com/google/common/collect/StandardTable$RowMap.class
[DEBUG] adding entry jersey/repackaged/com/google/common/collect/StandardTable$TableSet.class
[DEBUG] adding entry jersey/repackaged/com/google/common/collect/StandardTable.class
[DEBUG] adding entry jersey/repackaged/com/google/common/collect/Synchronized$1.class
[DEBUG] adding entry jersey/repackaged/com/google/common/collect/Synchronized$SynchronizedAsMap.class
[DEBUG] adding entry jersey/repackaged/com/google/common/collect/Synchronized$SynchronizedAsMapEntries$1$1.class
[DEBUG] adding entry jersey/repackaged/com/google/common/collect/Synchronized$SynchronizedAsMapEntries$1.class
[DEBUG] adding entry jersey/repackaged/com/google/common/collect/Synchronized$SynchronizedAsMapEntries.class
[DEBUG] adding entry jersey/repackaged/com/google/common/collect/Synchronized$SynchronizedAsMapValues$1.class
[DEBUG] adding entry jersey/repackaged/com/google/common/collect/Synchronized$SynchronizedAsMapValues.class
[DEBUG] adding entry jersey/repackaged/com/google/common/collect/Synchronized$SynchronizedBiMap.class
[DEBUG] adding entry jersey/repackaged/com/google/common/collect/Synchronized$SynchronizedCollection.class
[DEBUG] adding entry jersey/repackaged/com/google/common/collect/Synchronized$SynchronizedDeque.class
[DEBUG] adding entry jersey/repackaged/com/google/common/collect/Synchronized$SynchronizedEntry.class
[DEBUG] adding entry jersey/repackaged/com/google/common/collect/Synchronized$SynchronizedList.class
[DEBUG] adding entry jersey/repackaged/com/google/common/collect/Synchronized$SynchronizedListMultimap.class
[DEBUG] adding entry jersey/repackaged/com/google/common/collect/Synchronized$SynchronizedMap.class
[DEBUG] adding entry jersey/repackaged/com/google/common/collect/Synchronized$SynchronizedMultimap.class
[DEBUG] adding entry jersey/repackaged/com/google/common/collect/Synchronized$SynchronizedMultiset.class
[DEBUG] adding entry jersey/repackaged/com/google/common/collect/Synchronized$SynchronizedNavigableMap.class
[DEBUG] adding entry jersey/repackaged/com/google/common/collect/Synchronized$SynchronizedNavigableSet.class
[DEBUG] adding entry jersey/repackaged/com/google/common/collect/Synchronized$SynchronizedObject.class
[DEBUG] adding entry jersey/repackaged/com/google/common/collect/Synchronized$SynchronizedQueue.class
[DEBUG] adding entry jersey/repackaged/com/google/common/collect/Synchronized$SynchronizedRandomAccessList.class
[DEBUG] adding entry jersey/repackaged/com/google/common/collect/Synchronized$SynchronizedSet.class
[DEBUG] adding entry jersey/repackaged/com/google/common/collect/Synchronized$SynchronizedSetMultimap.class
[DEBUG] adding entry jersey/repackaged/com/google/common/collect/Synchronized$SynchronizedSortedMap.class
[DEBUG] adding entry jersey/repackaged/com/google/common/collect/Synchronized$SynchronizedSortedSet.class
[DEBUG] adding entry jersey/repackaged/com/google/common/collect/Synchronized$SynchronizedSortedSetMultimap.class
[DEBUG] adding entry jersey/repackaged/com/google/common/collect/Synchronized.class
[DEBUG] adding entry jersey/repackaged/com/google/common/collect/Table$Cell.class
[DEBUG] adding entry jersey/repackaged/com/google/common/collect/Table.class
[DEBUG] adding entry jersey/repackaged/com/google/common/collect/Tables$1.class
[DEBUG] adding entry jersey/repackaged/com/google/common/collect/Tables$AbstractCell.class
[DEBUG] adding entry jersey/repackaged/com/google/common/collect/Tables$ImmutableCell.class
[DEBUG] adding entry jersey/repackaged/com/google/common/collect/Tables.class
[DEBUG] adding entry jersey/repackaged/com/google/common/collect/TransformedIterator.class
[DEBUG] adding entry jersey/repackaged/com/google/common/collect/TransformedListIterator.class
[DEBUG] adding entry jersey/repackaged/com/google/common/collect/TreeMultimap.class
[DEBUG] adding entry jersey/repackaged/com/google/common/collect/UnmodifiableIterator.class
[DEBUG] adding entry jersey/repackaged/com/google/common/collect/UnmodifiableListIterator.class
[DEBUG] adding directory jersey/repackaged/com/google/common/hash/
[DEBUG] adding entry jersey/repackaged/com/google/common/hash/AbstractHasher.class
[DEBUG] adding entry jersey/repackaged/com/google/common/hash/AbstractStreamingHashFunction$AbstractStreamingHasher.class
[DEBUG] adding entry jersey/repackaged/com/google/common/hash/AbstractStreamingHashFunction.class
[DEBUG] adding entry jersey/repackaged/com/google/common/hash/HashCode$IntHashCode.class
[DEBUG] adding entry jersey/repackaged/com/google/common/hash/HashCode.class
[DEBUG] adding entry jersey/repackaged/com/google/common/hash/HashFunction.class
[DEBUG] adding entry jersey/repackaged/com/google/common/hash/Hasher.class
[DEBUG] adding entry jersey/repackaged/com/google/common/hash/Hashing$Murmur3_32Holder.class
[DEBUG] adding entry jersey/repackaged/com/google/common/hash/Hashing.class
[DEBUG] adding entry jersey/repackaged/com/google/common/hash/Murmur3_32HashFunction$Murmur3_32Hasher.class
[DEBUG] adding entry jersey/repackaged/com/google/common/hash/Murmur3_32HashFunction.class
[DEBUG] adding directory jersey/repackaged/com/google/common/io/
[DEBUG] adding entry jersey/repackaged/com/google/common/io/ByteArrayDataInput.class
[DEBUG] adding entry jersey/repackaged/com/google/common/io/ByteStreams$1.class
[DEBUG] adding entry jersey/repackaged/com/google/common/io/ByteStreams$ByteArrayDataInputStream.class
[DEBUG] adding entry jersey/repackaged/com/google/common/io/ByteStreams.class
[DEBUG] adding directory jersey/repackaged/com/google/common/math/
[DEBUG] adding entry jersey/repackaged/com/google/common/math/IntMath$1.class
[DEBUG] adding entry jersey/repackaged/com/google/common/math/IntMath.class
[DEBUG] adding entry jersey/repackaged/com/google/common/math/LongMath$1.class
[DEBUG] adding entry jersey/repackaged/com/google/common/math/LongMath.class
[DEBUG] adding entry jersey/repackaged/com/google/common/math/MathPreconditions.class
[DEBUG] adding directory jersey/repackaged/com/google/common/net/
[DEBUG] adding entry jersey/repackaged/com/google/common/net/InetAddresses$TeredoInfo.class
[DEBUG] adding entry jersey/repackaged/com/google/common/net/InetAddresses.class
[DEBUG] adding directory jersey/repackaged/com/google/common/primitives/
[DEBUG] adding entry jersey/repackaged/com/google/common/primitives/Ints.class
[DEBUG] adding entry jersey/repackaged/com/google/common/primitives/Primitives.class
[DEBUG] adding entry jersey/repackaged/com/google/common/primitives/UnsignedBytes.class
[DEBUG] adding directory jersey/repackaged/com/google/common/util/
[DEBUG] adding directory jersey/repackaged/com/google/common/util/concurrent/
[DEBUG] adding entry jersey/repackaged/com/google/common/util/concurrent/AbstractCheckedFuture.class
[DEBUG] adding entry jersey/repackaged/com/google/common/util/concurrent/AbstractFuture$Sync.class
[DEBUG] adding entry jersey/repackaged/com/google/common/util/concurrent/AbstractFuture.class
[DEBUG] adding entry jersey/repackaged/com/google/common/util/concurrent/AbstractListeningExecutorService.class
[DEBUG] adding entry jersey/repackaged/com/google/common/util/concurrent/AsyncFunction.class
[DEBUG] adding entry jersey/repackaged/com/google/common/util/concurrent/AsyncSettableFuture$1.class
[DEBUG] adding entry jersey/repackaged/com/google/common/util/concurrent/AsyncSettableFuture$NestedFuture.class
[DEBUG] adding entry jersey/repackaged/com/google/common/util/concurrent/AsyncSettableFuture.class
[DEBUG] adding entry jersey/repackaged/com/google/common/util/concurrent/Callables$2.class
[DEBUG] adding entry jersey/repackaged/com/google/common/util/concurrent/Callables$3.class
[DEBUG] adding entry jersey/repackaged/com/google/common/util/concurrent/Callables.class
[DEBUG] adding entry jersey/repackaged/com/google/common/util/concurrent/CheckedFuture.class
[DEBUG] adding entry jersey/repackaged/com/google/common/util/concurrent/ExecutionError.class
[DEBUG] adding entry jersey/repackaged/com/google/common/util/concurrent/ExecutionList$RunnableExecutorPair.class
[DEBUG] adding entry jersey/repackaged/com/google/common/util/concurrent/ExecutionList.class
[DEBUG] adding entry jersey/repackaged/com/google/common/util/concurrent/ForwardingFuture.class
[DEBUG] adding entry jersey/repackaged/com/google/common/util/concurrent/ForwardingListenableFuture$SimpleForwardingListenableFuture.class
[DEBUG] adding entry jersey/repackaged/com/google/common/util/concurrent/ForwardingListenableFuture.class
[DEBUG] adding entry jersey/repackaged/com/google/common/util/concurrent/FutureCallback.class
[DEBUG] adding entry jersey/repackaged/com/google/common/util/concurrent/FutureFallback.class
[DEBUG] adding entry jersey/repackaged/com/google/common/util/concurrent/Futures$1$1.class
[DEBUG] adding entry jersey/repackaged/com/google/common/util/concurrent/Futures$1.class
[DEBUG] adding entry jersey/repackaged/com/google/common/util/concurrent/Futures$2.class
[DEBUG] adding entry jersey/repackaged/com/google/common/util/concurrent/Futures$3.class
[DEBUG] adding entry jersey/repackaged/com/google/common/util/concurrent/Futures$4.class
[DEBUG] adding entry jersey/repackaged/com/google/common/util/concurrent/Futures$5.class
[DEBUG] adding entry jersey/repackaged/com/google/common/util/concurrent/Futures$6.class
[DEBUG] adding entry jersey/repackaged/com/google/common/util/concurrent/Futures$7.class
[DEBUG] adding entry jersey/repackaged/com/google/common/util/concurrent/Futures$8.class
[DEBUG] adding entry jersey/repackaged/com/google/common/util/concurrent/Futures$ChainingListenableFuture$1.class
[DEBUG] adding entry jersey/repackaged/com/google/common/util/concurrent/Futures$ChainingListenableFuture.class
[DEBUG] adding entry jersey/repackaged/com/google/common/util/concurrent/Futures$CombinedFuture$1.class
[DEBUG] adding entry jersey/repackaged/com/google/common/util/concurrent/Futures$CombinedFuture$2.class
[DEBUG] adding entry jersey/repackaged/com/google/common/util/concurrent/Futures$CombinedFuture.class
[DEBUG] adding entry jersey/repackaged/com/google/common/util/concurrent/Futures$FallbackFuture$1$1.class
[DEBUG] adding entry jersey/repackaged/com/google/common/util/concurrent/Futures$FallbackFuture$1.class
[DEBUG] adding entry jersey/repackaged/com/google/common/util/concurrent/Futures$FallbackFuture.class
[DEBUG] adding entry jersey/repackaged/com/google/common/util/concurrent/Futures$FutureCombiner.class
[DEBUG] adding entry jersey/repackaged/com/google/common/util/concurrent/Futures$ImmediateCancelledFuture.class
[DEBUG] adding entry jersey/repackaged/com/google/common/util/concurrent/Futures$ImmediateFailedCheckedFuture.class
[DEBUG] adding entry jersey/repackaged/com/google/common/util/concurrent/Futures$ImmediateFailedFuture.class
[DEBUG] adding entry jersey/repackaged/com/google/common/util/concurrent/Futures$ImmediateFuture.class
[DEBUG] adding entry jersey/repackaged/com/google/common/util/concurrent/Futures$ImmediateSuccessfulCheckedFuture.class
[DEBUG] adding entry jersey/repackaged/com/google/common/util/concurrent/Futures$ImmediateSuccessfulFuture.class
[DEBUG] adding entry jersey/repackaged/com/google/common/util/concurrent/Futures$MappingCheckedFuture.class
[DEBUG] adding entry jersey/repackaged/com/google/common/util/concurrent/Futures$NonCancellationPropagatingFuture$1.class
[DEBUG] adding entry jersey/repackaged/com/google/common/util/concurrent/Futures$NonCancellationPropagatingFuture.class
[DEBUG] adding entry jersey/repackaged/com/google/common/util/concurrent/Futures.class
[DEBUG] adding entry jersey/repackaged/com/google/common/util/concurrent/ListenableFuture.class
[DEBUG] adding entry jersey/repackaged/com/google/common/util/concurrent/ListenableFutureTask.class
[DEBUG] adding entry jersey/repackaged/com/google/common/util/concurrent/ListenableScheduledFuture.class
[DEBUG] adding entry jersey/repackaged/com/google/common/util/concurrent/ListeningExecutorService.class
[DEBUG] adding entry jersey/repackaged/com/google/common/util/concurrent/ListeningScheduledExecutorService.class
[DEBUG] adding entry jersey/repackaged/com/google/common/util/concurrent/MoreExecutors$1.class
[DEBUG] adding entry jersey/repackaged/com/google/common/util/concurrent/MoreExecutors$2.class
[DEBUG] adding entry jersey/repackaged/com/google/common/util/concurrent/MoreExecutors$3.class
[DEBUG] adding entry jersey/repackaged/com/google/common/util/concurrent/MoreExecutors$4.class
[DEBUG] adding entry jersey/repackaged/com/google/common/util/concurrent/MoreExecutors$Application$1.class
[DEBUG] adding entry jersey/repackaged/com/google/common/util/concurrent/MoreExecutors$Application.class
[DEBUG] adding entry jersey/repackaged/com/google/common/util/concurrent/MoreExecutors$DirectExecutor.class
[DEBUG] adding entry jersey/repackaged/com/google/common/util/concurrent/MoreExecutors$DirectExecutorService.class
[DEBUG] adding entry jersey/repackaged/com/google/common/util/concurrent/MoreExecutors$ListeningDecorator.class
[DEBUG] adding entry jersey/repackaged/com/google/common/util/concurrent/MoreExecutors$ScheduledListeningDecorator$ListenableScheduledTask.class
[DEBUG] adding entry jersey/repackaged/com/google/common/util/concurrent/MoreExecutors$ScheduledListeningDecorator$NeverSuccessfulListenableFutureTask.class
[DEBUG] adding entry jersey/repackaged/com/google/common/util/concurrent/MoreExecutors$ScheduledListeningDecorator.class
[DEBUG] adding entry jersey/repackaged/com/google/common/util/concurrent/MoreExecutors.class
[DEBUG] adding entry jersey/repackaged/com/google/common/util/concurrent/SerializingExecutor$1.class
[DEBUG] adding entry jersey/repackaged/com/google/common/util/concurrent/SerializingExecutor$TaskRunner.class
[DEBUG] adding entry jersey/repackaged/com/google/common/util/concurrent/SerializingExecutor.class
[DEBUG] adding entry jersey/repackaged/com/google/common/util/concurrent/SettableFuture.class
[DEBUG] adding entry jersey/repackaged/com/google/common/util/concurrent/ThreadFactoryBuilder$1.class
[DEBUG] adding entry jersey/repackaged/com/google/common/util/concurrent/ThreadFactoryBuilder.class
[DEBUG] adding entry jersey/repackaged/com/google/common/util/concurrent/UncheckedExecutionException.class
[DEBUG] adding entry jersey/repackaged/com/google/common/util/concurrent/Uninterruptibles.class
[DEBUG] adding entry jersey/repackaged/com/google/common/util/concurrent/WrappingExecutorService$1.class
[DEBUG] adding entry jersey/repackaged/com/google/common/util/concurrent/WrappingExecutorService.class
[DEBUG] adding entry jersey/repackaged/com/google/common/util/concurrent/WrappingScheduledExecutorService.class
[INFO] META-INF/ already added, skipping
[INFO] META-INF/MANIFEST.MF already added, skipping
[INFO] org/ already added, skipping
[DEBUG] adding directory org/jvnet/
[DEBUG] adding directory org/jvnet/hk2/
[DEBUG] adding directory org/jvnet/hk2/annotations/
[INFO] org/glassfish/ already added, skipping
[DEBUG] adding directory org/glassfish/hk2/
[DEBUG] adding directory org/glassfish/hk2/internal/
[DEBUG] adding directory org/glassfish/hk2/api/
[DEBUG] adding directory org/glassfish/hk2/api/messaging/
[DEBUG] adding directory org/glassfish/hk2/extension/
[DEBUG] adding directory org/glassfish/hk2/utilities/
[DEBUG] adding directory org/glassfish/hk2/utilities/binding/
[DEBUG] adding entry org/jvnet/hk2/annotations/ContractsProvided.class
[DEBUG] adding entry org/jvnet/hk2/annotations/Contract.class
[DEBUG] adding entry org/jvnet/hk2/annotations/InhabitantAnnotation.class
[DEBUG] adding entry org/jvnet/hk2/annotations/Service.class
[DEBUG] adding entry org/jvnet/hk2/annotations/Optional.class
[DEBUG] adding entry org/glassfish/hk2/internal/PerThreadContext.class
[DEBUG] adding entry org/glassfish/hk2/internal/ActiveDescriptorBuilderImpl$1.class
[DEBUG] adding entry org/glassfish/hk2/internal/ImmediateHelper$ImmediateLocalLocatorFilter.class
[DEBUG] adding entry org/glassfish/hk2/internal/InheritableThreadContext$InheritableContextThreadWrapper.class
[DEBUG] adding entry org/glassfish/hk2/internal/IndexedFilterImpl.class
[DEBUG] adding entry org/glassfish/hk2/internal/PerThreadContext$2.class
[DEBUG] adding entry org/glassfish/hk2/internal/ActiveDescriptorBuilderImpl$BuiltActiveDescriptor.class
[DEBUG] adding entry org/glassfish/hk2/internal/InheritableThreadContext$1.class
[DEBUG] adding entry org/glassfish/hk2/internal/ServiceLocatorFactoryImpl$1.class
[DEBUG] adding entry org/glassfish/hk2/internal/ImmediateHelper$ImmediateThread.class
[DEBUG] adding entry org/glassfish/hk2/internal/StarFilter.class
[DEBUG] adding entry org/glassfish/hk2/internal/SpecificFilterImpl.class
[DEBUG] adding entry org/glassfish/hk2/internal/ImmediateHelper$HandleAndService.class
[DEBUG] adding entry org/glassfish/hk2/internal/ImmediateHelper$ImmediateThreadFactory.class
[DEBUG] adding entry org/glassfish/hk2/internal/InheritableThreadContext$2.class
[DEBUG] adding entry org/glassfish/hk2/internal/ActiveDescriptorBuilderImpl.class
[DEBUG] adding entry org/glassfish/hk2/internal/ConstantActiveDescriptor.class
[DEBUG] adding entry org/glassfish/hk2/internal/DescriptorBuilderImpl.class
[DEBUG] adding entry org/glassfish/hk2/internal/PerThreadContext$PerContextThreadWrapper.class
[DEBUG] adding entry org/glassfish/hk2/internal/InheritableThreadContext.class
[DEBUG] adding entry org/glassfish/hk2/internal/PerThreadContext$1.class
[DEBUG] adding entry org/glassfish/hk2/internal/ImmediateHelper$1.class
[DEBUG] adding entry org/glassfish/hk2/internal/ImmediateHelper.class
[DEBUG] adding entry org/glassfish/hk2/internal/ServiceLocatorFactoryImpl.class
[DEBUG] adding entry org/glassfish/hk2/api/HK2RuntimeException.class
[DEBUG] adding entry org/glassfish/hk2/api/DescriptorFileFinderInformation.class
[DEBUG] adding entry org/glassfish/hk2/api/Self.class
[DEBUG] adding entry org/glassfish/hk2/api/HK2Exception.class
[DEBUG] adding entry org/glassfish/hk2/api/DescriptorFileFinder.class
[DEBUG] adding entry org/glassfish/hk2/api/Validator.class
[DEBUG] adding entry org/glassfish/hk2/api/HK2Loader.class
[DEBUG] adding entry org/glassfish/hk2/api/DescriptorType.class
[DEBUG] adding entry org/glassfish/hk2/api/Injectee.class
[DEBUG] adding entry org/glassfish/hk2/api/UseProxy.class
[DEBUG] adding entry org/glassfish/hk2/api/PopulatorPostProcessor.class
[DEBUG] adding entry org/glassfish/hk2/api/Context.class
[DEBUG] adding entry org/glassfish/hk2/api/InstanceLifecycleEvent.class
[DEBUG] adding entry org/glassfish/hk2/api/Metadata.class
[DEBUG] adding entry org/glassfish/hk2/api/InstanceLifecycleListener.class
[DEBUG] adding entry org/glassfish/hk2/api/ServiceHandle.class
[DEBUG] adding entry org/glassfish/hk2/api/ContractIndicator.class
[DEBUG] adding entry org/glassfish/hk2/api/SingleCache.class
[DEBUG] adding entry org/glassfish/hk2/api/messaging/SubscribeTo.class
[DEBUG] adding entry org/glassfish/hk2/api/messaging/TopicDistributionService.class
[DEBUG] adding entry org/glassfish/hk2/api/messaging/Topic.class
[DEBUG] adding entry org/glassfish/hk2/api/messaging/MessageReceiver.class
[DEBUG] adding entry org/glassfish/hk2/api/Immediate.class
[DEBUG] adding entry org/glassfish/hk2/api/InjectionPointIndicator.class
[DEBUG] adding entry org/glassfish/hk2/api/UnsatisfiedDependencyException.class
[DEBUG] adding entry org/glassfish/hk2/api/Proxiable.class
[DEBUG] adding entry org/glassfish/hk2/api/JustInTimeInjectionResolver.class
[DEBUG] adding entry org/glassfish/hk2/api/DynamicConfigurationService.class
[DEBUG] adding entry org/glassfish/hk2/api/ProxyForSameScope.class
[DEBUG] adding entry org/glassfish/hk2/api/PerLookup.class
[DEBUG] adding entry org/glassfish/hk2/api/Filter.class
[DEBUG] adding entry org/glassfish/hk2/api/ServiceLocator.class
[DEBUG] adding entry org/glassfish/hk2/api/TypeLiteral.class
[DEBUG] adding entry org/glassfish/hk2/api/InstantiationService.class
[DEBUG] adding entry org/glassfish/hk2/api/Factory.class
[DEBUG] adding entry org/glassfish/hk2/api/PreDestroy.class
[DEBUG] adding entry org/glassfish/hk2/api/ServiceLocatorState.class
[DEBUG] adding entry org/glassfish/hk2/api/DynamicConfiguration.class
[DEBUG] adding entry org/glassfish/hk2/api/InstanceLifecycleEventType.class
[DEBUG] adding entry org/glassfish/hk2/api/ValidationInformation.class
[DEBUG] adding entry org/glassfish/hk2/api/AnnotationLiteral$2.class
[DEBUG] adding entry org/glassfish/hk2/api/PerThread.class
[DEBUG] adding entry org/glassfish/hk2/api/ClassAnalyzer.class
[DEBUG] adding entry org/glassfish/hk2/api/ProxyCtl.class
[DEBUG] adding entry org/glassfish/hk2/api/AOPProxyCtl.class
[DEBUG] adding entry org/glassfish/hk2/api/Rank.class
[DEBUG] adding entry org/glassfish/hk2/api/FactoryDescriptors.class
[DEBUG] adding entry org/glassfish/hk2/api/ValidationService.class
[DEBUG] adding entry org/glassfish/hk2/api/DynamicConfigurationListener.class
[DEBUG] adding entry org/glassfish/hk2/api/AnnotationLiteral$1.class
[DEBUG] adding entry org/glassfish/hk2/api/Visibility.class
[DEBUG] adding entry org/glassfish/hk2/api/InheritableThread.class
[DEBUG] adding entry org/glassfish/hk2/api/IndexedFilter.class
[DEBUG] adding entry org/glassfish/hk2/api/PostConstruct.class
[DEBUG] adding entry org/glassfish/hk2/api/ServiceLocatorFactory.class
[DEBUG] adding entry org/glassfish/hk2/api/HK2Invocation.class
[DEBUG] adding entry org/glassfish/hk2/api/InjectionResolver.class
[DEBUG] adding entry org/glassfish/hk2/api/ServiceLocatorFactory$CreatePolicy.class
[DEBUG] adding entry org/glassfish/hk2/api/Operation.class
[DEBUG] adding entry org/glassfish/hk2/api/InterceptionService.class
[DEBUG] adding entry org/glassfish/hk2/api/MultiException.class
[DEBUG] adding entry org/glassfish/hk2/api/ActiveDescriptor.class
[DEBUG] adding entry org/glassfish/hk2/api/ErrorType.class
[DEBUG] adding entry org/glassfish/hk2/api/IterableProvider.class
[DEBUG] adding entry org/glassfish/hk2/api/DescriptorVisibility.class
[DEBUG] adding entry org/glassfish/hk2/api/ErrorService.class
[DEBUG] adding entry org/glassfish/hk2/api/ServiceLocatorListener.class
[DEBUG] adding entry org/glassfish/hk2/api/Unqualified.class
[DEBUG] adding entry org/glassfish/hk2/api/InstantiationData.class
[DEBUG] adding entry org/glassfish/hk2/api/AnnotationLiteral.class
[DEBUG] adding entry org/glassfish/hk2/api/Unproxiable.class
[DEBUG] adding entry org/glassfish/hk2/api/ErrorInformation.class
[DEBUG] adding entry org/glassfish/hk2/api/Descriptor.class
[DEBUG] adding entry org/glassfish/hk2/api/Populator.class
[DEBUG] adding entry org/glassfish/hk2/extension/ServiceLocatorGenerator.class
[DEBUG] adding entry org/glassfish/hk2/utilities/ServiceLocatorUtilities.class
[DEBUG] adding entry org/glassfish/hk2/utilities/ServiceLocatorUtilities$4.class
[DEBUG] adding entry org/glassfish/hk2/utilities/DuplicatePostProcessor.class
[DEBUG] adding entry org/glassfish/hk2/utilities/ServiceLocatorUtilities$PerThreadImpl.class
[DEBUG] adding entry org/glassfish/hk2/utilities/BuilderHelper$1.class
[DEBUG] adding entry org/glassfish/hk2/utilities/ServiceLocatorUtilities$PerLookupImpl.class
[DEBUG] adding entry org/glassfish/hk2/utilities/ServiceLocatorUtilities$5.class
[DEBUG] adding entry org/glassfish/hk2/utilities/ServiceLocatorUtilities$2.class
[DEBUG] adding entry org/glassfish/hk2/utilities/binding/AbstractBindingBuilder$InstanceBasedBindingBuilder.class
[DEBUG] adding entry org/glassfish/hk2/utilities/binding/NamedBindingBuilder.class
[DEBUG] adding entry org/glassfish/hk2/utilities/binding/BindingBuilderFactory.class
[DEBUG] adding entry org/glassfish/hk2/utilities/binding/AbstractBinder.class
[DEBUG] adding entry org/glassfish/hk2/utilities/binding/ServiceBindingBuilder.class
[DEBUG] adding entry org/glassfish/hk2/utilities/binding/AbstractBindingBuilder$FactoryTypeBasedBindingBuilder.class
[DEBUG] adding entry org/glassfish/hk2/utilities/binding/AbstractBinder$2.class
[DEBUG] adding entry org/glassfish/hk2/utilities/binding/AbstractBindingBuilder$FactoryInstanceBasedBindingBuilder.class
[DEBUG] adding entry org/glassfish/hk2/utilities/binding/AbstractBindingBuilder$ClassBasedBindingBuilder.class
[DEBUG] adding entry org/glassfish/hk2/utilities/binding/AbstractBinder$1.class
[DEBUG] adding entry org/glassfish/hk2/utilities/binding/ScopedBindingBuilder.class
[DEBUG] adding entry org/glassfish/hk2/utilities/binding/BindingBuilder.class
[DEBUG] adding entry org/glassfish/hk2/utilities/binding/AbstractBindingBuilder.class
[DEBUG] adding entry org/glassfish/hk2/utilities/binding/ScopedNamedBindingBuilder.class
[DEBUG] adding entry org/glassfish/hk2/utilities/DescriptorImpl.class
[DEBUG] adding entry org/glassfish/hk2/utilities/BuilderHelper$2.class
[DEBUG] adding entry org/glassfish/hk2/utilities/ClassLoaderPostProcessor.class
[DEBUG] adding entry org/glassfish/hk2/utilities/EnableLookupExceptionsModule.class
[DEBUG] adding entry org/glassfish/hk2/utilities/BuilderHelper.class
[DEBUG] adding entry org/glassfish/hk2/utilities/ServiceLocatorUtilities$1.class
[DEBUG] adding entry org/glassfish/hk2/utilities/ServiceLocatorUtilities$6.class
[DEBUG] adding entry org/glassfish/hk2/utilities/AbstractActiveDescriptor.class
[DEBUG] adding entry org/glassfish/hk2/utilities/ServiceLocatorUtilities$InheritableThreadImpl.class
[DEBUG] adding entry org/glassfish/hk2/utilities/NamedImpl.class
[DEBUG] adding entry org/glassfish/hk2/utilities/InjecteeImpl.class
[DEBUG] adding entry org/glassfish/hk2/utilities/PerThreadScopeModule.class
[DEBUG] adding entry org/glassfish/hk2/utilities/ContextualInput.class
[DEBUG] adding entry org/glassfish/hk2/utilities/InheritableThreadScopeModule.class
[DEBUG] adding entry org/glassfish/hk2/utilities/DuplicatePostProcessor$1.class
[DEBUG] adding entry org/glassfish/hk2/utilities/ClasspathDescriptorFileFinder.class
[DEBUG] adding entry org/glassfish/hk2/utilities/OrFilter.class
[DEBUG] adding entry org/glassfish/hk2/utilities/AliasDescriptor.class
[DEBUG] adding entry org/glassfish/hk2/utilities/ImmediateScopeModule.class
[DEBUG] adding entry org/glassfish/hk2/utilities/ServiceLocatorUtilities$7.class
[DEBUG] adding entry org/glassfish/hk2/utilities/RethrowErrorService.class
[DEBUG] adding entry org/glassfish/hk2/utilities/FactoryDescriptorsImpl.class
[DEBUG] adding entry org/glassfish/hk2/utilities/ImmediateContext.class
[DEBUG] adding entry org/glassfish/hk2/utilities/ServiceLocatorUtilities$ImmediateImpl.class
[DEBUG] adding entry org/glassfish/hk2/utilities/ServiceLocatorUtilities$3.class
[DEBUG] adding entry org/glassfish/hk2/utilities/HK2LoaderImpl.class
[DEBUG] adding entry org/glassfish/hk2/utilities/ActiveDescriptorBuilder.class
[DEBUG] adding entry org/glassfish/hk2/utilities/ImmediateErrorHandler.class
[DEBUG] adding entry org/glassfish/hk2/utilities/Binder.class
[DEBUG] adding entry org/glassfish/hk2/utilities/BuilderHelper$3.class
[DEBUG] adding entry org/glassfish/hk2/utilities/UnqualifiedImpl.class
[DEBUG] adding entry org/glassfish/hk2/utilities/ServiceLocatorUtilities$AliasFilter.class
[DEBUG] adding entry org/glassfish/hk2/utilities/DescriptorBuilder.class
[DEBUG] adding entry org/glassfish/hk2/utilities/ServiceLocatorUtilities$SingletonImpl.class
[INFO] META-INF/maven/ already added, skipping
[DEBUG] adding directory META-INF/maven/org.glassfish.hk2/
[DEBUG] adding directory META-INF/maven/org.glassfish.hk2/hk2-api/
[DEBUG] adding entry META-INF/maven/org.glassfish.hk2/hk2-api/pom.xml
[DEBUG] adding entry META-INF/maven/org.glassfish.hk2/hk2-api/pom.properties
[INFO] META-INF/ already added, skipping
[INFO] META-INF/MANIFEST.MF already added, skipping
[INFO] META-INF/maven/ already added, skipping
[DEBUG] adding directory META-INF/maven/org.jvnet/
[DEBUG] adding directory META-INF/maven/org.jvnet/tiger-types/
[INFO] org/ already added, skipping
[INFO] org/jvnet/ already added, skipping
[DEBUG] adding directory org/jvnet/tiger_types/
[INFO] org/jvnet/hk2/ already added, skipping
[DEBUG] adding directory org/jvnet/hk2/component/
[INFO] org/glassfish/ already added, skipping
[INFO] org/glassfish/hk2/ already added, skipping
[INFO] org/glassfish/hk2/utilities/ already added, skipping
[DEBUG] adding directory org/glassfish/hk2/utilities/general/
[DEBUG] adding directory org/glassfish/hk2/utilities/cache/
[DEBUG] adding directory org/glassfish/hk2/utilities/cache/internal/
[DEBUG] adding directory org/glassfish/hk2/utilities/reflection/
[DEBUG] adding directory org/glassfish/hk2/utilities/reflection/internal/
[DEBUG] adding entry META-INF/maven/org.jvnet/tiger-types/pom.xml
[DEBUG] adding entry META-INF/maven/org.jvnet/tiger-types/pom.properties
[DEBUG] adding entry org/jvnet/tiger_types/ParameterizedTypeImpl.class
[DEBUG] adding entry org/jvnet/tiger_types/Lister$2.class
[DEBUG] adding entry org/jvnet/tiger_types/Types$BinderArg.class
[DEBUG] adding entry org/jvnet/tiger_types/Types$3.class
[DEBUG] adding entry org/jvnet/tiger_types/GenericArrayTypeImpl.class
[DEBUG] adding entry org/jvnet/tiger_types/WildcardTypeImpl.class
[DEBUG] adding entry org/jvnet/tiger_types/Types$1.class
[DEBUG] adding entry org/jvnet/tiger_types/TypeVisitor.class
[DEBUG] adding entry org/jvnet/tiger_types/Lister.class
[DEBUG] adding entry org/jvnet/tiger_types/Types.class
[DEBUG] adding entry org/jvnet/tiger_types/Types$2.class
[DEBUG] adding entry org/jvnet/tiger_types/Lister$1.class
[DEBUG] adding entry org/jvnet/hk2/component/MultiMap.class
[DEBUG] adding entry org/jvnet/hk2/component/MultiMap$1.class
[DEBUG] adding entry org/glassfish/hk2/utilities/general/ThreadSpecificObject.class
[DEBUG] adding entry org/glassfish/hk2/utilities/general/GeneralUtilities.class
[DEBUG] adding entry org/glassfish/hk2/utilities/general/Hk2ThreadLocal.class
[DEBUG] adding entry org/glassfish/hk2/utilities/cache/internal/LRUCacheCheapRead$CacheEntryImpl.class
[DEBUG] adding entry org/glassfish/hk2/utilities/cache/internal/LRUCacheCheapRead$1.class
[DEBUG] adding entry org/glassfish/hk2/utilities/cache/internal/LRUCacheCheapRead.class
[DEBUG] adding entry org/glassfish/hk2/utilities/cache/internal/LRUCacheCheapRead$CacheEntryImplComparator.class
[DEBUG] adding entry org/glassfish/hk2/utilities/cache/Cache$OriginThreadAwareFuture.class
[DEBUG] adding entry org/glassfish/hk2/utilities/cache/Cache$OriginThreadAwareFuture$1.class
[DEBUG] adding entry org/glassfish/hk2/utilities/cache/LRUCache.class
[DEBUG] adding entry org/glassfish/hk2/utilities/cache/Cache$CycleHandler.class
[DEBUG] adding entry org/glassfish/hk2/utilities/cache/LRUHybridCache$CycleHandler.class
[DEBUG] adding entry org/glassfish/hk2/utilities/cache/CacheEntry.class
[DEBUG] adding entry org/glassfish/hk2/utilities/cache/CacheKeyFilter.class
[DEBUG] adding entry org/glassfish/hk2/utilities/cache/LRUHybridCache$1.class
[DEBUG] adding entry org/glassfish/hk2/utilities/cache/LRUHybridCache.class
[DEBUG] adding entry org/glassfish/hk2/utilities/cache/Computable.class
[DEBUG] adding entry org/glassfish/hk2/utilities/cache/LRUHybridCache$CacheEntryImplComparator.class
[DEBUG] adding entry org/glassfish/hk2/utilities/cache/Cache.class
[DEBUG] adding entry org/glassfish/hk2/utilities/cache/LRUHybridCache$HybridCacheEntryImpl.class
[DEBUG] adding entry org/glassfish/hk2/utilities/cache/HybridCacheEntry.class
[DEBUG] adding entry org/glassfish/hk2/utilities/cache/Cache$1.class
[DEBUG] adding entry org/glassfish/hk2/utilities/cache/LRUHybridCache$OriginThreadAwareFuture.class
[DEBUG] adding entry org/glassfish/hk2/utilities/cache/LRUHybridCache$OriginThreadAwareFuture$1.class
[DEBUG] adding entry org/glassfish/hk2/utilities/reflection/ParameterizedTypeImpl.class
[DEBUG] adding entry org/glassfish/hk2/utilities/reflection/internal/ClassReflectionHelperImpl.class
[DEBUG] adding entry org/glassfish/hk2/utilities/reflection/internal/ClassReflectionHelperImpl$LifecycleKey.class
[DEBUG] adding entry org/glassfish/hk2/utilities/reflection/internal/ClassReflectionHelperImpl$2.class
[DEBUG] adding entry org/glassfish/hk2/utilities/reflection/internal/ClassReflectionHelperUtilities$2.class
[DEBUG] adding entry org/glassfish/hk2/utilities/reflection/internal/ClassReflectionHelperUtilities$4.class
[DEBUG] adding entry org/glassfish/hk2/utilities/reflection/internal/ClassReflectionHelperUtilities$3.class
[DEBUG] adding entry org/glassfish/hk2/utilities/reflection/internal/ClassReflectionHelperImpl$1.class
[DEBUG] adding entry org/glassfish/hk2/utilities/reflection/internal/ClassReflectionHelperUtilities.class
[DEBUG] adding entry org/glassfish/hk2/utilities/reflection/internal/MethodWrapperImpl.class
[DEBUG] adding entry org/glassfish/hk2/utilities/reflection/internal/ClassReflectionHelperUtilities$1.class
[DEBUG] adding entry org/glassfish/hk2/utilities/reflection/internal/ClassReflectionHelperImpl$3.class
[DEBUG] adding entry org/glassfish/hk2/utilities/reflection/internal/ClassReflectionHelperImpl$4.class
[DEBUG] adding entry org/glassfish/hk2/utilities/reflection/ReflectionHelper$1.class
[DEBUG] adding entry org/glassfish/hk2/utilities/reflection/Logger.class
[DEBUG] adding entry org/glassfish/hk2/utilities/reflection/ReflectionHelper$4.class
[DEBUG] adding entry org/glassfish/hk2/utilities/reflection/BeanReflectionHelper.class
[DEBUG] adding entry org/glassfish/hk2/utilities/reflection/Logger$1.class
[DEBUG] adding entry org/glassfish/hk2/utilities/reflection/GenericArrayTypeImpl.class
[DEBUG] adding entry org/glassfish/hk2/utilities/reflection/Constants.class
[DEBUG] adding entry org/glassfish/hk2/utilities/reflection/BeanReflectionHelper$1.class
[DEBUG] adding entry org/glassfish/hk2/utilities/reflection/ReflectionHelper.class
[DEBUG] adding entry org/glassfish/hk2/utilities/reflection/Pretty.class
[DEBUG] adding entry org/glassfish/hk2/utilities/reflection/ReflectionHelper$3.class
[DEBUG] adding entry org/glassfish/hk2/utilities/reflection/ReflectionHelper$2.class
[DEBUG] adding entry org/glassfish/hk2/utilities/reflection/MethodWrapper.class
[DEBUG] adding entry org/glassfish/hk2/utilities/reflection/ScopeInfo.class
[DEBUG] adding entry org/glassfish/hk2/utilities/reflection/ClassReflectionHelper.class
[DEBUG] adding entry org/glassfish/hk2/utilities/reflection/ReflectionHelper$5.class
[DEBUG] adding entry org/glassfish/hk2/utilities/reflection/TypeChecker.class
[INFO] META-INF/maven/org.glassfish.hk2/ already added, skipping
[DEBUG] adding directory META-INF/maven/org.glassfish.hk2/hk2-utils/
[DEBUG] adding entry META-INF/maven/org.glassfish.hk2/hk2-utils/pom.xml
[DEBUG] adding entry META-INF/maven/org.glassfish.hk2/hk2-utils/pom.properties
[INFO] META-INF/ already added, skipping
[INFO] META-INF/MANIFEST.MF already added, skipping
[INFO] org/ already added, skipping
[DEBUG] adding directory org/aopalliance/
[DEBUG] adding directory org/aopalliance/reflect/
[DEBUG] adding directory org/aopalliance/aop/
[DEBUG] adding directory org/aopalliance/instrument/
[DEBUG] adding directory org/aopalliance/intercept/
[DEBUG] adding entry org/aopalliance/reflect/Metadata.class
[DEBUG] adding entry org/aopalliance/reflect/Locator.class
[DEBUG] adding entry org/aopalliance/reflect/Class.class
[DEBUG] adding entry org/aopalliance/reflect/ClassLocator.class
[DEBUG] adding entry org/aopalliance/reflect/Member.class
[DEBUG] adding entry org/aopalliance/reflect/CodeLocator.class
[DEBUG] adding entry org/aopalliance/reflect/Method.class
[DEBUG] adding entry org/aopalliance/reflect/Field.class
[DEBUG] adding entry org/aopalliance/reflect/Code.class
[DEBUG] adding entry org/aopalliance/reflect/UnitLocator.class
[DEBUG] adding entry org/aopalliance/reflect/ProgramUnit.class
[DEBUG] adding entry org/aopalliance/aop/Advice.class
[DEBUG] adding entry org/aopalliance/aop/AspectException.class
[DEBUG] adding entry org/aopalliance/instrument/InstrumentationError.class
[DEBUG] adding entry org/aopalliance/instrument/Instrumentor.class
[DEBUG] adding entry org/aopalliance/instrument/UndoNotSupportedException.class
[DEBUG] adding entry org/aopalliance/instrument/Instrumentation.class
[DEBUG] adding entry org/aopalliance/intercept/Invocation.class
[DEBUG] adding entry org/aopalliance/intercept/Interceptor.class
[DEBUG] adding entry org/aopalliance/intercept/ConstructorInvocation.class
[DEBUG] adding entry org/aopalliance/intercept/MethodInterceptor.class
[DEBUG] adding entry org/aopalliance/intercept/FieldAccess.class
[DEBUG] adding entry org/aopalliance/intercept/MethodInvocation.class
[DEBUG] adding entry org/aopalliance/intercept/FieldInterceptor.class
[DEBUG] adding entry org/aopalliance/intercept/Joinpoint.class
[DEBUG] adding entry org/aopalliance/intercept/ConstructorInterceptor.class
[INFO] META-INF/maven/ already added, skipping
[DEBUG] adding directory META-INF/maven/org.glassfish.hk2.external/
[DEBUG] adding directory META-INF/maven/org.glassfish.hk2.external/aopalliance-repackaged/
[DEBUG] adding entry META-INF/maven/org.glassfish.hk2.external/aopalliance-repackaged/pom.xml
[DEBUG] adding entry META-INF/maven/org.glassfish.hk2.external/aopalliance-repackaged/pom.properties
[INFO] META-INF/ already added, skipping
[INFO] META-INF/MANIFEST.MF already added, skipping
[INFO] javax/ already added, skipping
[DEBUG] adding directory javax/inject/
[DEBUG] adding entry javax/inject/Inject.class
[DEBUG] adding entry javax/inject/Qualifier.class
[DEBUG] adding entry javax/inject/Singleton.class
[DEBUG] adding entry javax/inject/Provider.class
[DEBUG] adding entry javax/inject/Scope.class
[DEBUG] adding entry javax/inject/Named.class
[INFO] META-INF/maven/ already added, skipping
[INFO] META-INF/maven/org.glassfish.hk2.external/ already added, skipping
[DEBUG] adding directory META-INF/maven/org.glassfish.hk2.external/javax.inject/
[DEBUG] adding entry META-INF/maven/org.glassfish.hk2.external/javax.inject/pom.xml
[DEBUG] adding entry META-INF/maven/org.glassfish.hk2.external/javax.inject/pom.properties
[INFO] META-INF/ already added, skipping
[INFO] META-INF/MANIFEST.MF already added, skipping
[DEBUG] adding directory META-INF/services/
[INFO] org/ already added, skipping
[INFO] org/jvnet/ already added, skipping
[INFO] org/jvnet/hk2/ already added, skipping
[DEBUG] adding directory org/jvnet/hk2/external/
[DEBUG] adding directory org/jvnet/hk2/external/runtime/
[DEBUG] adding directory org/jvnet/hk2/external/generator/
[DEBUG] adding directory org/jvnet/hk2/internal/
[DEBUG] adding entry META-INF/services/org.glassfish.hk2.extension.ServiceLocatorGenerator
[DEBUG] adding entry org/jvnet/hk2/external/runtime/ServiceLocatorRuntimeBean.class
[DEBUG] adding entry org/jvnet/hk2/external/generator/ServiceLocatorGeneratorImpl.class
[DEBUG] adding entry org/jvnet/hk2/internal/PerLocatorUtilities$2.class
[DEBUG] adding entry org/jvnet/hk2/internal/ClazzCreator$ResolutionInfo.class
[DEBUG] adding entry org/jvnet/hk2/internal/ImmediateResults.class
[DEBUG] adding entry org/jvnet/hk2/internal/CacheKey.class
[DEBUG] adding entry org/jvnet/hk2/internal/ServiceLocatorImpl$4.class
[DEBUG] adding entry org/jvnet/hk2/internal/IterableProviderImpl$1.class
[DEBUG] adding entry org/jvnet/hk2/internal/IterableProviderImpl$MyHandleIterator.class
[DEBUG] adding entry org/jvnet/hk2/internal/MethodInterceptorImpl.class
[DEBUG] adding entry org/jvnet/hk2/internal/ErrorResults.class
[DEBUG] adding entry org/jvnet/hk2/internal/DynamicConfigurationImpl.class
[DEBUG] adding entry org/jvnet/hk2/internal/Utilities$3.class
[DEBUG] adding entry org/jvnet/hk2/internal/Utilities$2.class
[DEBUG] adding entry org/jvnet/hk2/internal/ServiceLocatorImpl$IgdCacheKey.class
[DEBUG] adding entry org/jvnet/hk2/internal/ServiceLocatorImpl$10.class
[DEBUG] adding entry org/jvnet/hk2/internal/ThreeThirtyResolver.class
[DEBUG] adding entry org/jvnet/hk2/internal/ProxyUtilities.class
[DEBUG] adding entry org/jvnet/hk2/internal/ProxyUtilities$4$1.class
[DEBUG] adding entry org/jvnet/hk2/internal/MethodInterceptorHandler$1.class
[DEBUG] adding entry org/jvnet/hk2/internal/SingletonContext.class
[DEBUG] adding entry org/jvnet/hk2/internal/InstantiationServiceImpl.class
[DEBUG] adding entry org/jvnet/hk2/internal/Utilities$AnnotationInformation.class
[DEBUG] adding entry org/jvnet/hk2/internal/ServiceHandleComparator.class
[DEBUG] adding entry org/jvnet/hk2/internal/SingletonContext$1.class
[DEBUG] adding entry org/jvnet/hk2/internal/ServiceLocatorImpl$CheckConfigurationData.class
[DEBUG] adding entry org/jvnet/hk2/internal/ProxyUtilities$4.class
[DEBUG] adding entry org/jvnet/hk2/internal/Utilities$Interceptors.class
[DEBUG] adding entry org/jvnet/hk2/internal/InstantiationServiceImpl$1.class
[DEBUG] adding entry org/jvnet/hk2/internal/ConstructorInterceptorHandler$ConstructorInvocationImpl.class
[DEBUG] adding entry org/jvnet/hk2/internal/DefaultClassAnalyzer.class
[DEBUG] adding entry org/jvnet/hk2/internal/ProxyUtilities$1.class
[DEBUG] adding entry org/jvnet/hk2/internal/ProxyUtilities$3.class
[DEBUG] adding entry org/jvnet/hk2/internal/SoftAnnotatedElementAnnotationInfo.class
[DEBUG] adding entry org/jvnet/hk2/internal/ServiceLocatorImpl$1.class
[DEBUG] adding entry org/jvnet/hk2/internal/Utilities$1.class
[DEBUG] adding entry org/jvnet/hk2/internal/ServiceLocatorRuntimeImpl.class
[DEBUG] adding entry org/jvnet/hk2/internal/AutoActiveDescriptor.class
[DEBUG] adding entry org/jvnet/hk2/internal/ServiceLocatorImpl$UnqualifiedIndexedFilter.class
[DEBUG] adding entry org/jvnet/hk2/internal/ConstructorInterceptorHandler$1.class
[DEBUG] adding entry org/jvnet/hk2/internal/ServiceLocatorImpl$7.class
[DEBUG] adding entry org/jvnet/hk2/internal/IndexedListData.class
[DEBUG] adding entry org/jvnet/hk2/internal/TopicImpl.class
[DEBUG] adding entry org/jvnet/hk2/internal/FactoryCreator.class
[DEBUG] adding entry org/jvnet/hk2/internal/ProxyUtilities$2.class
[DEBUG] adding entry org/jvnet/hk2/internal/NarrowResults.class
[DEBUG] adding entry org/jvnet/hk2/internal/ServiceLocatorImpl$3.class
[DEBUG] adding entry org/jvnet/hk2/internal/Collector.class
[DEBUG] adding entry org/jvnet/hk2/internal/AnnotatedElementAnnotationInfo.class
[DEBUG] adding entry org/jvnet/hk2/internal/ServiceLocatorImpl$5.class
[DEBUG] adding entry org/jvnet/hk2/internal/Utilities$4.class
[DEBUG] adding entry org/jvnet/hk2/internal/Utilities$5.class
[DEBUG] adding entry org/jvnet/hk2/internal/SystemDescriptor$1.class
[DEBUG] adding entry org/jvnet/hk2/internal/DelegatingClassLoader.class
[DEBUG] adding entry org/jvnet/hk2/internal/PerLocatorUtilities.class
[DEBUG] adding entry org/jvnet/hk2/internal/ServiceLocatorImpl$11.class
[DEBUG] adding entry org/jvnet/hk2/internal/ConstructorAction.class
[DEBUG] adding entry org/jvnet/hk2/internal/IterableProviderImpl$HandleIterable.class
[DEBUG] adding entry org/jvnet/hk2/internal/ConstantActiveDescriptor.class
[DEBUG] adding entry org/jvnet/hk2/internal/SingletonContext$GenerationComparator.class
[DEBUG] adding entry org/jvnet/hk2/internal/ErrorInformationImpl.class
[DEBUG] adding entry org/jvnet/hk2/internal/MethodInterceptorInvocationHandler.class
[DEBUG] adding entry org/jvnet/hk2/internal/PerLookupContext.class
[DEBUG] adding entry org/jvnet/hk2/internal/Utilities.class
[DEBUG] adding entry org/jvnet/hk2/internal/Creator.class
[DEBUG] adding entry org/jvnet/hk2/internal/ConstructorActionImpl$2.class
[DEBUG] adding entry org/jvnet/hk2/internal/DescriptorComparator.class
[DEBUG] adding entry org/jvnet/hk2/internal/ServiceLocatorImpl$12.class
[DEBUG] adding entry org/jvnet/hk2/internal/DynamicConfigurationServiceImpl.class
[DEBUG] adding entry org/jvnet/hk2/internal/InstanceLifecycleEventImpl.class
[DEBUG] adding entry org/jvnet/hk2/internal/ServiceLocatorImpl$9.class
[DEBUG] adding entry org/jvnet/hk2/internal/PopulatorImpl.class
[DEBUG] adding entry org/jvnet/hk2/internal/ServiceLocatorImpl.class
[DEBUG] adding entry org/jvnet/hk2/internal/ServiceLocatorImpl$6.class
[DEBUG] adding entry org/jvnet/hk2/internal/SystemDescriptor.class
[DEBUG] adding entry org/jvnet/hk2/internal/ClazzCreator$1.class
[DEBUG] adding entry org/jvnet/hk2/internal/ServiceHandleImpl.class
[DEBUG] adding entry org/jvnet/hk2/internal/ServiceLocatorImpl$2.class
[DEBUG] adding entry org/jvnet/hk2/internal/ClazzCreator.class
[DEBUG] adding entry org/jvnet/hk2/internal/ConstructorInterceptorHandler.class
[DEBUG] adding entry org/jvnet/hk2/internal/ServiceLocatorImpl$IgdValue.class
[DEBUG] adding entry org/jvnet/hk2/internal/CacheKey$1.class
[DEBUG] adding entry org/jvnet/hk2/internal/ValidationInformationImpl.class
[DEBUG] adding entry org/jvnet/hk2/internal/IterableProviderImpl$MyIterator.class
[DEBUG] adding entry org/jvnet/hk2/internal/ConstructorActionImpl$1.class
[DEBUG] adding entry org/jvnet/hk2/internal/PerLocatorUtilities$1.class
[DEBUG] adding entry org/jvnet/hk2/internal/MethodInterceptorHandler$MethodInvocationImpl.class
[DEBUG] adding entry org/jvnet/hk2/internal/ConstructorActionImpl.class
[DEBUG] adding entry org/jvnet/hk2/internal/SingletonContext$2.class
[DEBUG] adding entry org/jvnet/hk2/internal/MethodInterceptorHandler.class
[DEBUG] adding entry org/jvnet/hk2/internal/Closeable.class
[DEBUG] adding entry org/jvnet/hk2/internal/ServiceLocatorImpl$8.class
[DEBUG] adding entry org/jvnet/hk2/internal/IterableProviderImpl.class
[DEBUG] adding entry org/jvnet/hk2/internal/SystemInjecteeImpl.class
[INFO] META-INF/maven/ already added, skipping
[INFO] META-INF/maven/org.glassfish.hk2/ already added, skipping
[DEBUG] adding directory META-INF/maven/org.glassfish.hk2/hk2-locator/
[DEBUG] adding entry META-INF/maven/org.glassfish.hk2/hk2-locator/pom.xml
[DEBUG] adding entry META-INF/maven/org.glassfish.hk2/hk2-locator/pom.properties
[INFO] META-INF/MANIFEST.MF already added, skipping
[INFO] META-INF/ already added, skipping
[INFO] META-INF/maven/ already added, skipping
[DEBUG] adding directory META-INF/maven/org.javassist/
[DEBUG] adding directory META-INF/maven/org.javassist/javassist/
[DEBUG] adding entry META-INF/maven/org.javassist/javassist/pom.properties
[DEBUG] adding entry META-INF/maven/org.javassist/javassist/pom.xml
[DEBUG] adding directory javassist/
[DEBUG] adding entry javassist/ByteArrayClassPath.class
[DEBUG] adding entry javassist/CannotCompileException.class
[DEBUG] adding entry javassist/ClassClassPath.class
[DEBUG] adding entry javassist/ClassMap.class
[DEBUG] adding entry javassist/ClassPath.class
[DEBUG] adding entry javassist/ClassPathList.class
[DEBUG] adding entry javassist/ClassPool$1.class
[DEBUG] adding entry javassist/ClassPool.class
[DEBUG] adding entry javassist/ClassPoolTail.class
[DEBUG] adding entry javassist/CodeConverter$ArrayAccessReplacementMethodNames.class
[DEBUG] adding entry javassist/CodeConverter$DefaultArrayAccessReplacementMethodNames.class
[DEBUG] adding entry javassist/CodeConverter.class
[DEBUG] adding entry javassist/CtArray.class
[DEBUG] adding entry javassist/CtBehavior.class
[DEBUG] adding entry javassist/CtClass$1.class
[DEBUG] adding entry javassist/CtClass$DelayedFileOutputStream.class
[DEBUG] adding entry javassist/CtClass.class
[DEBUG] adding entry javassist/CtClassType.class
[DEBUG] adding entry javassist/CtConstructor.class
[DEBUG] adding entry javassist/CtField$ArrayInitializer.class
[DEBUG] adding entry javassist/CtField$CodeInitializer.class
[DEBUG] adding entry javassist/CtField$CodeInitializer0.class
[DEBUG] adding entry javassist/CtField$DoubleInitializer.class
[DEBUG] adding entry javassist/CtField$FloatInitializer.class
[DEBUG] adding entry javassist/CtField$Initializer.class
[DEBUG] adding entry javassist/CtField$IntInitializer.class
[DEBUG] adding entry javassist/CtField$LongInitializer.class
[DEBUG] adding entry javassist/CtField$MethodInitializer.class
[DEBUG] adding entry javassist/CtField$MultiArrayInitializer.class
[DEBUG] adding entry javassist/CtField$NewInitializer.class
[DEBUG] adding entry javassist/CtField$ParamInitializer.class
[DEBUG] adding entry javassist/CtField$PtreeInitializer.class
[DEBUG] adding entry javassist/CtField$StringInitializer.class
[DEBUG] adding entry javassist/CtField.class
[DEBUG] adding entry javassist/CtMember$Cache.class
[DEBUG] adding entry javassist/CtMember.class
[DEBUG] adding entry javassist/CtMethod$ConstParameter.class
[DEBUG] adding entry javassist/CtMethod$IntConstParameter.class
[DEBUG] adding entry javassist/CtMethod$LongConstParameter.class
[DEBUG] adding entry javassist/CtMethod$StringConstParameter.class
[DEBUG] adding entry javassist/CtMethod.class
[DEBUG] adding entry javassist/CtNewClass.class
[DEBUG] adding entry javassist/CtNewConstructor.class
[DEBUG] adding entry javassist/CtNewMethod.class
[DEBUG] adding entry javassist/CtNewNestedClass.class
[DEBUG] adding entry javassist/CtNewWrappedConstructor.class
[DEBUG] adding entry javassist/CtNewWrappedMethod.class
[DEBUG] adding entry javassist/CtPrimitiveType.class
[DEBUG] adding entry javassist/DirClassPath.class
[DEBUG] adding entry javassist/FieldInitLink.class
[DEBUG] adding entry javassist/JarClassPath.class
[DEBUG] adding entry javassist/JarDirClassPath$1.class
[DEBUG] adding entry javassist/JarDirClassPath.class
[DEBUG] adding entry javassist/Loader.class
[DEBUG] adding entry javassist/LoaderClassPath.class
[DEBUG] adding entry javassist/Modifier.class
[DEBUG] adding entry javassist/NotFoundException.class
[DEBUG] adding entry javassist/SerialVersionUID$1.class
[DEBUG] adding entry javassist/SerialVersionUID$2.class
[DEBUG] adding entry javassist/SerialVersionUID$3.class
[DEBUG] adding entry javassist/SerialVersionUID.class
[DEBUG] adding entry javassist/Translator.class
[DEBUG] adding entry javassist/URLClassPath.class
[DEBUG] adding directory javassist/bytecode/
[DEBUG] adding entry javassist/bytecode/AccessFlag.class
[DEBUG] adding entry javassist/bytecode/AnnotationDefaultAttribute.class
[DEBUG] adding entry javassist/bytecode/AnnotationsAttribute$Copier.class
[DEBUG] adding entry javassist/bytecode/AnnotationsAttribute$Parser.class
[DEBUG] adding entry javassist/bytecode/AnnotationsAttribute$Renamer.class
[DEBUG] adding entry javassist/bytecode/AnnotationsAttribute$Walker.class
[DEBUG] adding entry javassist/bytecode/AnnotationsAttribute.class
[DEBUG] adding entry javassist/bytecode/AttributeInfo.class
[DEBUG] adding entry javassist/bytecode/BadBytecode.class
[DEBUG] adding entry javassist/bytecode/BootstrapMethodsAttribute$BootstrapMethod.class
[DEBUG] adding entry javassist/bytecode/BootstrapMethodsAttribute.class
[DEBUG] adding entry javassist/bytecode/ByteArray.class
[DEBUG] adding entry javassist/bytecode/ByteStream.class
[DEBUG] adding entry javassist/bytecode/ByteVector.class
[DEBUG] adding entry javassist/bytecode/Bytecode.class
[DEBUG] adding entry javassist/bytecode/ClassFile.class
[DEBUG] adding entry javassist/bytecode/ClassFilePrinter.class
[DEBUG] adding entry javassist/bytecode/ClassFileWriter$AttributeWriter.class
[DEBUG] adding entry javassist/bytecode/ClassFileWriter$ConstPoolWriter.class
[DEBUG] adding entry javassist/bytecode/ClassFileWriter$FieldWriter.class
[DEBUG] adding entry javassist/bytecode/ClassFileWriter$MethodWriter.class
[DEBUG] adding entry javassist/bytecode/ClassFileWriter.class
[DEBUG] adding entry javassist/bytecode/ClassInfo.class
[DEBUG] adding entry javassist/bytecode/CodeAnalyzer.class
[DEBUG] adding entry javassist/bytecode/CodeAttribute$LdcEntry.class
[DEBUG] adding entry javassist/bytecode/CodeAttribute$RuntimeCopyException.class
[DEBUG] adding entry javassist/bytecode/CodeAttribute.class
[DEBUG] adding entry javassist/bytecode/CodeIterator$AlignmentException.class
[DEBUG] adding entry javassist/bytecode/CodeIterator$Branch.class
[DEBUG] adding entry javassist/bytecode/CodeIterator$Branch16.class
[DEBUG] adding entry javassist/bytecode/CodeIterator$Gap.class
[DEBUG] adding entry javassist/bytecode/CodeIterator$If16.class
[DEBUG] adding entry javassist/bytecode/CodeIterator$Jump16.class
[DEBUG] adding entry javassist/bytecode/CodeIterator$Jump32.class
[DEBUG] adding entry javassist/bytecode/CodeIterator$LdcW.class
[DEBUG] adding entry javassist/bytecode/CodeIterator$Lookup.class
[DEBUG] adding entry javassist/bytecode/CodeIterator$Pointers.class
[DEBUG] adding entry javassist/bytecode/CodeIterator$Switcher.class
[DEBUG] adding entry javassist/bytecode/CodeIterator$Table.class
[DEBUG] adding entry javassist/bytecode/CodeIterator.class
[DEBUG] adding entry javassist/bytecode/ConstInfo.class
[DEBUG] adding entry javassist/bytecode/ConstInfoPadding.class
[DEBUG] adding entry javassist/bytecode/ConstPool.class
[DEBUG] adding entry javassist/bytecode/ConstantAttribute.class
[DEBUG] adding entry javassist/bytecode/DeprecatedAttribute.class
[DEBUG] adding entry javassist/bytecode/Descriptor$Iterator.class
[DEBUG] adding entry javassist/bytecode/Descriptor$PrettyPrinter.class
[DEBUG] adding entry javassist/bytecode/Descriptor.class
[DEBUG] adding entry javassist/bytecode/DoubleInfo.class
[DEBUG] adding entry javassist/bytecode/DuplicateMemberException.class
[DEBUG] adding entry javassist/bytecode/EnclosingMethodAttribute.class
[DEBUG] adding entry javassist/bytecode/ExceptionTable.class
[DEBUG] adding entry javassist/bytecode/ExceptionTableEntry.class
[DEBUG] adding entry javassist/bytecode/ExceptionsAttribute.class
[DEBUG] adding entry javassist/bytecode/FieldInfo.class
[DEBUG] adding entry javassist/bytecode/FieldrefInfo.class
[DEBUG] adding entry javassist/bytecode/FloatInfo.class
[DEBUG] adding entry javassist/bytecode/InnerClassesAttribute.class
[DEBUG] adding entry javassist/bytecode/InstructionPrinter.class
[DEBUG] adding entry javassist/bytecode/IntegerInfo.class
[DEBUG] adding entry javassist/bytecode/InterfaceMethodrefInfo.class
[DEBUG] adding entry javassist/bytecode/InvokeDynamicInfo.class
[DEBUG] adding entry javassist/bytecode/LineNumberAttribute$Pc.class
[DEBUG] adding entry javassist/bytecode/LineNumberAttribute.class
[DEBUG] adding entry javassist/bytecode/LocalVariableAttribute.class
[DEBUG] adding entry javassist/bytecode/LocalVariableTypeAttribute.class
[DEBUG] adding entry javassist/bytecode/LongInfo.class
[DEBUG] adding entry javassist/bytecode/LongVector.class
[DEBUG] adding entry javassist/bytecode/MemberrefInfo.class
[DEBUG] adding entry javassist/bytecode/MethodHandleInfo.class
[DEBUG] adding entry javassist/bytecode/MethodInfo.class
[DEBUG] adding entry javassist/bytecode/MethodTypeInfo.class
[DEBUG] adding entry javassist/bytecode/MethodrefInfo.class
[DEBUG] adding entry javassist/bytecode/Mnemonic.class
[DEBUG] adding entry javassist/bytecode/NameAndTypeInfo.class
[DEBUG] adding entry javassist/bytecode/Opcode.class
[DEBUG] adding entry javassist/bytecode/ParameterAnnotationsAttribute.class
[DEBUG] adding entry javassist/bytecode/SignatureAttribute$1.class
[DEBUG] adding entry javassist/bytecode/SignatureAttribute$ArrayType.class
[DEBUG] adding entry javassist/bytecode/SignatureAttribute$BaseType.class
[DEBUG] adding entry javassist/bytecode/SignatureAttribute$ClassSignature.class
[DEBUG] adding entry javassist/bytecode/SignatureAttribute$ClassType.class
[DEBUG] adding entry javassist/bytecode/SignatureAttribute$Cursor.class
[DEBUG] adding entry javassist/bytecode/SignatureAttribute$MethodSignature.class
[DEBUG] adding entry javassist/bytecode/SignatureAttribute$NestedClassType.class
[DEBUG] adding entry javassist/bytecode/SignatureAttribute$ObjectType.class
[DEBUG] adding entry javassist/bytecode/SignatureAttribute$Type.class
[DEBUG] adding entry javassist/bytecode/SignatureAttribute$TypeArgument.class
[DEBUG] adding entry javassist/bytecode/SignatureAttribute$TypeParameter.class
[DEBUG] adding entry javassist/bytecode/SignatureAttribute$TypeVariable.class
[DEBUG] adding entry javassist/bytecode/SignatureAttribute.class
[DEBUG] adding entry javassist/bytecode/SourceFileAttribute.class
[DEBUG] adding entry javassist/bytecode/StackMap$Copier.class
[DEBUG] adding entry javassist/bytecode/StackMap$InsertLocal.class
[DEBUG] adding entry javassist/bytecode/StackMap$NewRemover.class
[DEBUG] adding entry javassist/bytecode/StackMap$Printer.class
[DEBUG] adding entry javassist/bytecode/StackMap$Shifter.class
[DEBUG] adding entry javassist/bytecode/StackMap$SimpleCopy.class
[DEBUG] adding entry javassist/bytecode/StackMap$SwitchShifter.class
[DEBUG] adding entry javassist/bytecode/StackMap$Walker.class
[DEBUG] adding entry javassist/bytecode/StackMap$Writer.class
[DEBUG] adding entry javassist/bytecode/StackMap.class
[DEBUG] adding entry javassist/bytecode/StackMapTable$Copier.class
[DEBUG] adding entry javassist/bytecode/StackMapTable$InsertLocal.class
[DEBUG] adding entry javassist/bytecode/StackMapTable$NewRemover.class
[DEBUG] adding entry javassist/bytecode/StackMapTable$OffsetShifter.class
[DEBUG] adding entry javassist/bytecode/StackMapTable$Printer.class
[DEBUG] adding entry javassist/bytecode/StackMapTable$RuntimeCopyException.class
[DEBUG] adding entry javassist/bytecode/StackMapTable$Shifter.class
[DEBUG] adding entry javassist/bytecode/StackMapTable$SimpleCopy.class
[DEBUG] adding entry javassist/bytecode/StackMapTable$SwitchShifter.class
[DEBUG] adding entry javassist/bytecode/StackMapTable$Walker.class
[DEBUG] adding entry javassist/bytecode/StackMapTable$Writer.class
[DEBUG] adding entry javassist/bytecode/StackMapTable.class
[DEBUG] adding entry javassist/bytecode/StringInfo.class
[DEBUG] adding entry javassist/bytecode/SyntheticAttribute.class
[DEBUG] adding entry javassist/bytecode/Utf8Info.class
[DEBUG] adding directory javassist/bytecode/analysis/
[DEBUG] adding entry javassist/bytecode/analysis/Analyzer$1.class
[DEBUG] adding entry javassist/bytecode/analysis/Analyzer$ExceptionInfo.class
[DEBUG] adding entry javassist/bytecode/analysis/Analyzer.class
[DEBUG] adding entry javassist/bytecode/analysis/ControlFlow$1.class
[DEBUG] adding entry javassist/bytecode/analysis/ControlFlow$2.class
[DEBUG] adding entry javassist/bytecode/analysis/ControlFlow$3.class
[DEBUG] adding entry javassist/bytecode/analysis/ControlFlow$Access.class
[DEBUG] adding entry javassist/bytecode/analysis/ControlFlow$Block.class
[DEBUG] adding entry javassist/bytecode/analysis/ControlFlow$Catcher.class
[DEBUG] adding entry javassist/bytecode/analysis/ControlFlow$Node.class
[DEBUG] adding entry javassist/bytecode/analysis/ControlFlow.class
[DEBUG] adding entry javassist/bytecode/analysis/Executor.class
[DEBUG] adding entry javassist/bytecode/analysis/Frame.class
[DEBUG] adding entry javassist/bytecode/analysis/FramePrinter.class
[DEBUG] adding entry javassist/bytecode/analysis/IntQueue$1.class
[DEBUG] adding entry javassist/bytecode/analysis/IntQueue$Entry.class
[DEBUG] adding entry javassist/bytecode/analysis/IntQueue.class
[DEBUG] adding entry javassist/bytecode/analysis/MultiArrayType.class
[DEBUG] adding entry javassist/bytecode/analysis/MultiType.class
[DEBUG] adding entry javassist/bytecode/analysis/Subroutine.class
[DEBUG] adding entry javassist/bytecode/analysis/SubroutineScanner.class
[DEBUG] adding entry javassist/bytecode/analysis/Type.class
[DEBUG] adding entry javassist/bytecode/analysis/Util.class
[DEBUG] adding directory javassist/bytecode/annotation/
[DEBUG] adding entry javassist/bytecode/annotation/Annotation$Pair.class
[DEBUG] adding entry javassist/bytecode/annotation/Annotation.class
[DEBUG] adding entry javassist/bytecode/annotation/AnnotationImpl.class
[DEBUG] adding entry javassist/bytecode/annotation/AnnotationMemberValue.class
[DEBUG] adding entry javassist/bytecode/annotation/AnnotationsWriter.class
[DEBUG] adding entry javassist/bytecode/annotation/ArrayMemberValue.class
[DEBUG] adding entry javassist/bytecode/annotation/BooleanMemberValue.class
[DEBUG] adding entry javassist/bytecode/annotation/ByteMemberValue.class
[DEBUG] adding entry javassist/bytecode/annotation/CharMemberValue.class
[DEBUG] adding entry javassist/bytecode/annotation/ClassMemberValue.class
[DEBUG] adding entry javassist/bytecode/annotation/DoubleMemberValue.class
[DEBUG] adding entry javassist/bytecode/annotation/EnumMemberValue.class
[DEBUG] adding entry javassist/bytecode/annotation/FloatMemberValue.class
[DEBUG] adding entry javassist/bytecode/annotation/IntegerMemberValue.class
[DEBUG] adding entry javassist/bytecode/annotation/LongMemberValue.class
[DEBUG] adding entry javassist/bytecode/annotation/MemberValue.class
[DEBUG] adding entry javassist/bytecode/annotation/MemberValueVisitor.class
[DEBUG] adding entry javassist/bytecode/annotation/NoSuchClassError.class
[DEBUG] adding entry javassist/bytecode/annotation/ShortMemberValue.class
[DEBUG] adding entry javassist/bytecode/annotation/StringMemberValue.class
[DEBUG] adding directory javassist/bytecode/stackmap/
[DEBUG] adding entry javassist/bytecode/stackmap/BasicBlock$Catch.class
[DEBUG] adding entry javassist/bytecode/stackmap/BasicBlock$JsrBytecode.class
[DEBUG] adding entry javassist/bytecode/stackmap/BasicBlock$Maker.class
[DEBUG] adding entry javassist/bytecode/stackmap/BasicBlock$Mark.class
[DEBUG] adding entry javassist/bytecode/stackmap/BasicBlock.class
[DEBUG] adding entry javassist/bytecode/stackmap/MapMaker.class
[DEBUG] adding entry javassist/bytecode/stackmap/Tracer.class
[DEBUG] adding entry javassist/bytecode/stackmap/TypeData$AbsTypeVar.class
[DEBUG] adding entry javassist/bytecode/stackmap/TypeData$ArrayElement.class
[DEBUG] adding entry javassist/bytecode/stackmap/TypeData$ArrayType.class
[DEBUG] adding entry javassist/bytecode/stackmap/TypeData$BasicType.class
[DEBUG] adding entry javassist/bytecode/stackmap/TypeData$ClassName.class
[DEBUG] adding entry javassist/bytecode/stackmap/TypeData$NullType.class
[DEBUG] adding entry javassist/bytecode/stackmap/TypeData$TypeVar.class
[DEBUG] adding entry javassist/bytecode/stackmap/TypeData$UninitData.class
[DEBUG] adding entry javassist/bytecode/stackmap/TypeData$UninitThis.class
[DEBUG] adding entry javassist/bytecode/stackmap/TypeData$UninitTypeVar.class
[DEBUG] adding entry javassist/bytecode/stackmap/TypeData.class
[DEBUG] adding entry javassist/bytecode/stackmap/TypeTag.class
[DEBUG] adding entry javassist/bytecode/stackmap/TypedBlock$Maker.class
[DEBUG] adding entry javassist/bytecode/stackmap/TypedBlock.class
[DEBUG] adding directory javassist/compiler/
[DEBUG] adding entry javassist/compiler/AccessorMaker.class
[DEBUG] adding entry javassist/compiler/CodeGen$1.class
[DEBUG] adding entry javassist/compiler/CodeGen$ReturnHook.class
[DEBUG] adding entry javassist/compiler/CodeGen.class
[DEBUG] adding entry javassist/compiler/CompileError.class
[DEBUG] adding entry javassist/compiler/Javac$1.class
[DEBUG] adding entry javassist/compiler/Javac$2.class
[DEBUG] adding entry javassist/compiler/Javac$3.class
[DEBUG] adding entry javassist/compiler/Javac$CtFieldWithInit.class
[DEBUG] adding entry javassist/compiler/Javac.class
[DEBUG] adding entry javassist/compiler/JvstCodeGen.class
[DEBUG] adding entry javassist/compiler/JvstTypeChecker.class
[DEBUG] adding entry javassist/compiler/KeywordTable.class
[DEBUG] adding entry javassist/compiler/Lex.class
[DEBUG] adding entry javassist/compiler/MemberCodeGen$JsrHook.class
[DEBUG] adding entry javassist/compiler/MemberCodeGen$JsrHook2.class
[DEBUG] adding entry javassist/compiler/MemberCodeGen.class
[DEBUG] adding entry javassist/compiler/MemberResolver$Method.class
[DEBUG] adding entry javassist/compiler/MemberResolver.class
[DEBUG] adding entry javassist/compiler/NoFieldException.class
[DEBUG] adding entry javassist/compiler/Parser.class
[DEBUG] adding entry javassist/compiler/ProceedHandler.class
[DEBUG] adding entry javassist/compiler/SymbolTable.class
[DEBUG] adding entry javassist/compiler/SyntaxError.class
[DEBUG] adding entry javassist/compiler/Token.class
[DEBUG] adding entry javassist/compiler/TokenId.class
[DEBUG] adding entry javassist/compiler/TypeChecker.class
[DEBUG] adding directory javassist/compiler/ast/
[DEBUG] adding entry javassist/compiler/ast/ASTList.class
[DEBUG] adding entry javassist/compiler/ast/ASTree.class
[DEBUG] adding entry javassist/compiler/ast/ArrayInit.class
[DEBUG] adding entry javassist/compiler/ast/AssignExpr.class
[DEBUG] adding entry javassist/compiler/ast/BinExpr.class
[DEBUG] adding entry javassist/compiler/ast/CallExpr.class
[DEBUG] adding entry javassist/compiler/ast/CastExpr.class
[DEBUG] adding entry javassist/compiler/ast/CondExpr.class
[DEBUG] adding entry javassist/compiler/ast/Declarator.class
[DEBUG] adding entry javassist/compiler/ast/DoubleConst.class
[DEBUG] adding entry javassist/compiler/ast/Expr.class
[DEBUG] adding entry javassist/compiler/ast/FieldDecl.class
[DEBUG] adding entry javassist/compiler/ast/InstanceOfExpr.class
[DEBUG] adding entry javassist/compiler/ast/IntConst.class
[DEBUG] adding entry javassist/compiler/ast/Keyword.class
[DEBUG] adding entry javassist/compiler/ast/Member.class
[DEBUG] adding entry javassist/compiler/ast/MethodDecl.class
[DEBUG] adding entry javassist/compiler/ast/NewExpr.class
[DEBUG] adding entry javassist/compiler/ast/Pair.class
[DEBUG] adding entry javassist/compiler/ast/Stmnt.class
[DEBUG] adding entry javassist/compiler/ast/StringL.class
[DEBUG] adding entry javassist/compiler/ast/Symbol.class
[DEBUG] adding entry javassist/compiler/ast/Variable.class
[DEBUG] adding entry javassist/compiler/ast/Visitor.class
[DEBUG] adding directory javassist/convert/
[DEBUG] adding entry javassist/convert/TransformAccessArrayField.class
[DEBUG] adding entry javassist/convert/TransformAfter.class
[DEBUG] adding entry javassist/convert/TransformBefore.class
[DEBUG] adding entry javassist/convert/TransformCall.class
[DEBUG] adding entry javassist/convert/TransformFieldAccess.class
[DEBUG] adding entry javassist/convert/TransformNew.class
[DEBUG] adding entry javassist/convert/TransformNewClass.class
[DEBUG] adding entry javassist/convert/TransformReadField.class
[DEBUG] adding entry javassist/convert/TransformWriteField.class
[DEBUG] adding entry javassist/convert/Transformer.class
[DEBUG] adding directory javassist/expr/
[DEBUG] adding entry javassist/expr/Cast$ProceedForCast.class
[DEBUG] adding entry javassist/expr/Cast.class
[DEBUG] adding entry javassist/expr/ConstructorCall.class
[DEBUG] adding entry javassist/expr/Expr.class
[DEBUG] adding entry javassist/expr/ExprEditor$LoopContext.class
[DEBUG] adding entry javassist/expr/ExprEditor$NewOp.class
[DEBUG] adding entry javassist/expr/ExprEditor.class
[DEBUG] adding entry javassist/expr/FieldAccess$ProceedForRead.class
[DEBUG] adding entry javassist/expr/FieldAccess$ProceedForWrite.class
[DEBUG] adding entry javassist/expr/FieldAccess.class
[DEBUG] adding entry javassist/expr/Handler.class
[DEBUG] adding entry javassist/expr/Instanceof$ProceedForInstanceof.class
[DEBUG] adding entry javassist/expr/Instanceof.class
[DEBUG] adding entry javassist/expr/MethodCall.class
[DEBUG] adding entry javassist/expr/NewArray$ProceedForArray.class
[DEBUG] adding entry javassist/expr/NewArray.class
[DEBUG] adding entry javassist/expr/NewExpr$ProceedForNew.class
[DEBUG] adding entry javassist/expr/NewExpr.class
[DEBUG] adding directory javassist/runtime/
[DEBUG] adding entry javassist/runtime/Cflow$Depth.class
[DEBUG] adding entry javassist/runtime/Cflow.class
[DEBUG] adding entry javassist/runtime/Desc.class
[DEBUG] adding entry javassist/runtime/DotClass.class
[DEBUG] adding entry javassist/runtime/Inner.class
[DEBUG] adding directory javassist/scopedpool/
[DEBUG] adding entry javassist/scopedpool/ScopedClassPool.class
[DEBUG] adding entry javassist/scopedpool/ScopedClassPoolFactory.class
[DEBUG] adding entry javassist/scopedpool/ScopedClassPoolFactoryImpl.class
[DEBUG] adding entry javassist/scopedpool/ScopedClassPoolRepository.class
[DEBUG] adding entry javassist/scopedpool/ScopedClassPoolRepositoryImpl.class
[DEBUG] adding entry javassist/scopedpool/SoftValueHashMap$SoftValueRef.class
[DEBUG] adding entry javassist/scopedpool/SoftValueHashMap.class
[DEBUG] adding directory javassist/tools/
[DEBUG] adding entry javassist/tools/Dump.class
[DEBUG] adding entry javassist/tools/framedump.class
[DEBUG] adding directory javassist/tools/reflect/
[DEBUG] adding entry javassist/tools/reflect/CannotCreateException.class
[DEBUG] adding entry javassist/tools/reflect/CannotInvokeException.class
[DEBUG] adding entry javassist/tools/reflect/CannotReflectException.class
[DEBUG] adding entry javassist/tools/reflect/ClassMetaobject.class
[DEBUG] adding entry javassist/tools/reflect/CompiledClass.class
[DEBUG] adding entry javassist/tools/reflect/Compiler.class
[DEBUG] adding entry javassist/tools/reflect/Loader.class
[DEBUG] adding entry javassist/tools/reflect/Metalevel.class
[DEBUG] adding entry javassist/tools/reflect/Metaobject.class
[DEBUG] adding entry javassist/tools/reflect/Reflection.class
[DEBUG] adding entry javassist/tools/reflect/Sample.class
[DEBUG] adding directory javassist/tools/rmi/
[DEBUG] adding entry javassist/tools/rmi/AppletServer.class
[DEBUG] adding entry javassist/tools/rmi/ExportedObject.class
[DEBUG] adding entry javassist/tools/rmi/ObjectImporter.class
[DEBUG] adding entry javassist/tools/rmi/ObjectNotFoundException.class
[DEBUG] adding entry javassist/tools/rmi/Proxy.class
[DEBUG] adding entry javassist/tools/rmi/RemoteException.class
[DEBUG] adding entry javassist/tools/rmi/RemoteRef.class
[DEBUG] adding entry javassist/tools/rmi/Sample.class
[DEBUG] adding entry javassist/tools/rmi/StubGenerator.class
[DEBUG] adding directory javassist/tools/web/
[DEBUG] adding entry javassist/tools/web/BadHttpRequest.class
[DEBUG] adding entry javassist/tools/web/ServiceThread.class
[DEBUG] adding entry javassist/tools/web/Viewer.class
[DEBUG] adding entry javassist/tools/web/Webserver.class
[DEBUG] adding directory javassist/util/
[DEBUG] adding entry javassist/util/HotSwapper$1.class
[DEBUG] adding entry javassist/util/HotSwapper.class
[DEBUG] adding entry javassist/util/Trigger.class
[DEBUG] adding directory javassist/util/proxy/
[DEBUG] adding entry javassist/util/proxy/FactoryHelper.class
[DEBUG] adding entry javassist/util/proxy/MethodFilter.class
[DEBUG] adding entry javassist/util/proxy/MethodHandler.class
[DEBUG] adding entry javassist/util/proxy/Proxy.class
[DEBUG] adding entry javassist/util/proxy/ProxyFactory$1.class
[DEBUG] adding entry javassist/util/proxy/ProxyFactory$2.class
[DEBUG] adding entry javassist/util/proxy/ProxyFactory$3.class
[DEBUG] adding entry javassist/util/proxy/ProxyFactory$ClassLoaderProvider.class
[DEBUG] adding entry javassist/util/proxy/ProxyFactory$Find2MethodsArgs.class
[DEBUG] adding entry javassist/util/proxy/ProxyFactory$ProxyDetails.class
[DEBUG] adding entry javassist/util/proxy/ProxyFactory$UniqueName.class
[DEBUG] adding entry javassist/util/proxy/ProxyFactory.class
[DEBUG] adding entry javassist/util/proxy/ProxyObject.class
[DEBUG] adding entry javassist/util/proxy/ProxyObjectInputStream.class
[DEBUG] adding entry javassist/util/proxy/ProxyObjectOutputStream.class
[DEBUG] adding entry javassist/util/proxy/RuntimeSupport$DefaultMethodHandler.class
[DEBUG] adding entry javassist/util/proxy/RuntimeSupport.class
[DEBUG] adding entry javassist/util/proxy/SecurityActions$1.class
[DEBUG] adding entry javassist/util/proxy/SecurityActions$2.class
[DEBUG] adding entry javassist/util/proxy/SecurityActions$3.class
[DEBUG] adding entry javassist/util/proxy/SecurityActions$4.class
[DEBUG] adding entry javassist/util/proxy/SecurityActions$5.class
[DEBUG] adding entry javassist/util/proxy/SecurityActions$6.class
[DEBUG] adding entry javassist/util/proxy/SecurityActions.class
[DEBUG] adding entry javassist/util/proxy/SerializedProxy$1.class
[DEBUG] adding entry javassist/util/proxy/SerializedProxy.class
[INFO] META-INF/ already added, skipping
[INFO] META-INF/MANIFEST.MF already added, skipping
[INFO] org/ already added, skipping
[INFO] org/glassfish/ already added, skipping
[INFO] org/glassfish/hk2/ already added, skipping
[DEBUG] adding directory org/glassfish/hk2/osgiresourcelocator/
[DEBUG] adding entry org/glassfish/hk2/osgiresourcelocator/ServiceLoader$ProviderFactory.class
[DEBUG] adding entry org/glassfish/hk2/osgiresourcelocator/ServiceLoader.class
[DEBUG] adding entry org/glassfish/hk2/osgiresourcelocator/ResourceFinder.class
[DEBUG] adding entry org/glassfish/hk2/osgiresourcelocator/Activator.class
[DEBUG] adding entry org/glassfish/hk2/osgiresourcelocator/ServiceLoaderImpl$1.class
[DEBUG] adding entry org/glassfish/hk2/osgiresourcelocator/ServiceLoaderImpl$2.class
[DEBUG] adding entry org/glassfish/hk2/osgiresourcelocator/ServiceLoaderImpl$BundleTracker.class
[DEBUG] adding entry org/glassfish/hk2/osgiresourcelocator/ServiceLoaderImpl$ProvidersPerBundle.class
[DEBUG] adding entry org/glassfish/hk2/osgiresourcelocator/ServiceLoaderImpl$ProvidersList.class
[DEBUG] adding entry org/glassfish/hk2/osgiresourcelocator/ServiceLoaderImpl$DefaultFactory.class
[DEBUG] adding entry org/glassfish/hk2/osgiresourcelocator/ServiceLoaderImpl.class
[DEBUG] adding entry org/glassfish/hk2/osgiresourcelocator/ResourceFinderImpl.class
[INFO] META-INF/maven/ already added, skipping
[INFO] META-INF/maven/org.glassfish.hk2/ already added, skipping
[DEBUG] adding directory META-INF/maven/org.glassfish.hk2/osgi-resource-locator/
[DEBUG] adding entry META-INF/maven/org.glassfish.hk2/osgi-resource-locator/pom.xml
[DEBUG] adding entry META-INF/maven/org.glassfish.hk2/osgi-resource-locator/pom.properties
[INFO] META-INF/MANIFEST.MF already added, skipping
[INFO] META-INF/ already added, skipping
[INFO] META-INF/maven/ already added, skipping
[DEBUG] adding directory META-INF/maven/org.glassfish.jersey.media/
[DEBUG] adding directory META-INF/maven/org.glassfish.jersey.media/jersey-media-json-jackson/
[DEBUG] adding entry META-INF/maven/org.glassfish.jersey.media/jersey-media-json-jackson/pom.properties
[DEBUG] adding entry META-INF/maven/org.glassfish.jersey.media/jersey-media-json-jackson/pom.xml
[INFO] META-INF/services/ already added, skipping
[DEBUG] adding entry META-INF/services/org.glassfish.jersey.internal.spi.AutoDiscoverable
[INFO] org/ already added, skipping
[INFO] org/glassfish/ already added, skipping
[INFO] org/glassfish/jersey/ already added, skipping
[DEBUG] adding directory org/glassfish/jersey/jackson/
[DEBUG] adding entry org/glassfish/jersey/jackson/JacksonFeature.class
[DEBUG] adding directory org/glassfish/jersey/jackson/internal/
[DEBUG] adding entry org/glassfish/jersey/jackson/internal/FilteringJacksonJaxbJsonProvider$1.class
[DEBUG] adding entry org/glassfish/jersey/jackson/internal/FilteringJacksonJaxbJsonProvider$FilteringObjectWriterModifier$1.class
[DEBUG] adding entry org/glassfish/jersey/jackson/internal/FilteringJacksonJaxbJsonProvider$FilteringObjectWriterModifier.class
[DEBUG] adding entry org/glassfish/jersey/jackson/internal/FilteringJacksonJaxbJsonProvider.class
[DEBUG] adding entry org/glassfish/jersey/jackson/internal/JacksonAutoDiscoverable.class
[DEBUG] adding entry org/glassfish/jersey/jackson/internal/JacksonFilteringFeature$1.class
[DEBUG] adding entry org/glassfish/jersey/jackson/internal/JacksonFilteringFeature$Binder$1.class
[DEBUG] adding entry org/glassfish/jersey/jackson/internal/JacksonFilteringFeature$Binder$2.class
[DEBUG] adding entry org/glassfish/jersey/jackson/internal/JacksonFilteringFeature$Binder.class
[DEBUG] adding entry org/glassfish/jersey/jackson/internal/JacksonFilteringFeature.class
[DEBUG] adding entry org/glassfish/jersey/jackson/internal/JacksonObjectProvider$1.class
[DEBUG] adding entry org/glassfish/jersey/jackson/internal/JacksonObjectProvider$FilteringFilterProvider.class
[DEBUG] adding entry org/glassfish/jersey/jackson/internal/JacksonObjectProvider$FilteringPropertyFilter.class
[DEBUG] adding entry org/glassfish/jersey/jackson/internal/JacksonObjectProvider.class
[INFO] META-INF/MANIFEST.MF already added, skipping
[INFO] META-INF/ already added, skipping
[INFO] META-INF/maven/ already added, skipping
[DEBUG] adding directory META-INF/maven/org.glassfish.jersey.ext/
[DEBUG] adding directory META-INF/maven/org.glassfish.jersey.ext/jersey-entity-filtering/
[DEBUG] adding entry META-INF/maven/org.glassfish.jersey.ext/jersey-entity-filtering/pom.properties
[DEBUG] adding entry META-INF/maven/org.glassfish.jersey.ext/jersey-entity-filtering/pom.xml
[INFO] org/ already added, skipping
[INFO] org/glassfish/ already added, skipping
[INFO] org/glassfish/jersey/ already added, skipping
[INFO] org/glassfish/jersey/message/ already added, skipping
[DEBUG] adding directory org/glassfish/jersey/message/filtering/
[DEBUG] adding entry org/glassfish/jersey/message/filtering/CommonScopeProvider.class
[DEBUG] adding entry org/glassfish/jersey/message/filtering/DefaultEntityProcessor$1.class
[DEBUG] adding entry org/glassfish/jersey/message/filtering/DefaultEntityProcessor.class
[DEBUG] adding entry org/glassfish/jersey/message/filtering/EmptyEntityGraphImpl.class
[DEBUG] adding entry org/glassfish/jersey/message/filtering/EmptyObjectGraph.class
[DEBUG] adding entry org/glassfish/jersey/message/filtering/EntityFiltering.class
[DEBUG] adding entry org/glassfish/jersey/message/filtering/EntityFilteringBinder$1.class
[DEBUG] adding entry org/glassfish/jersey/message/filtering/EntityFilteringBinder$2.class
[DEBUG] adding entry org/glassfish/jersey/message/filtering/EntityFilteringBinder$3.class
[DEBUG] adding entry org/glassfish/jersey/message/filtering/EntityFilteringBinder$4.class
[DEBUG] adding entry org/glassfish/jersey/message/filtering/EntityFilteringBinder.class
[DEBUG] adding entry org/glassfish/jersey/message/filtering/EntityFilteringFeature.class
[DEBUG] adding entry org/glassfish/jersey/message/filtering/EntityFilteringHelper.class
[DEBUG] adding entry org/glassfish/jersey/message/filtering/EntityFilteringProcessor$1.class
[DEBUG] adding entry org/glassfish/jersey/message/filtering/EntityFilteringProcessor.class
[DEBUG] adding entry org/glassfish/jersey/message/filtering/EntityFilteringScopeResolver.class
[DEBUG] adding entry org/glassfish/jersey/message/filtering/EntityGraphImpl.class
[DEBUG] adding entry org/glassfish/jersey/message/filtering/EntityGraphProviderImpl.class
[DEBUG] adding entry org/glassfish/jersey/message/filtering/EntityInspectorImpl.class
[DEBUG] adding entry org/glassfish/jersey/message/filtering/EntityProcessorContextImpl.class
[DEBUG] adding entry org/glassfish/jersey/message/filtering/ObjectGraphImpl$1.class
[DEBUG] adding entry org/glassfish/jersey/message/filtering/ObjectGraphImpl.class
[DEBUG] adding entry org/glassfish/jersey/message/filtering/ObjectGraphProvider.class
[DEBUG] adding entry org/glassfish/jersey/message/filtering/SecurityAnnotations$1.class
[DEBUG] adding entry org/glassfish/jersey/message/filtering/SecurityAnnotations$DenyAllImpl.class
[DEBUG] adding entry org/glassfish/jersey/message/filtering/SecurityAnnotations$PermitAllImpl.class
[DEBUG] adding entry org/glassfish/jersey/message/filtering/SecurityAnnotations$RolesAllowedImpl.class
[DEBUG] adding entry org/glassfish/jersey/message/filtering/SecurityAnnotations.class
[DEBUG] adding entry org/glassfish/jersey/message/filtering/SecurityEntityFilteringFeature.class
[DEBUG] adding entry org/glassfish/jersey/message/filtering/SecurityEntityProcessor.class
[DEBUG] adding entry org/glassfish/jersey/message/filtering/SecurityHelper.class
[DEBUG] adding entry org/glassfish/jersey/message/filtering/SecurityScopeResolver.class
[DEBUG] adding entry org/glassfish/jersey/message/filtering/SecurityServerScopeProvider.class
[DEBUG] adding entry org/glassfish/jersey/message/filtering/SecurityServerScopeResolver.class
[DEBUG] adding entry org/glassfish/jersey/message/filtering/SelectableEntityFilteringFeature.class
[DEBUG] adding entry org/glassfish/jersey/message/filtering/SelectableEntityProcessor.class
[DEBUG] adding entry org/glassfish/jersey/message/filtering/SelectableScopeResolver.class
[DEBUG] adding entry org/glassfish/jersey/message/filtering/ServerScopeProvider.class
[DEBUG] adding directory org/glassfish/jersey/message/filtering/internal/
[DEBUG] adding entry org/glassfish/jersey/message/filtering/internal/LocalizationMessages.class
[DEBUG] adding entry org/glassfish/jersey/message/filtering/internal/localization.properties
[DEBUG] adding directory org/glassfish/jersey/message/filtering/spi/
[DEBUG] adding entry org/glassfish/jersey/message/filtering/spi/AbstractEntityProcessor$1.class
[DEBUG] adding entry org/glassfish/jersey/message/filtering/spi/AbstractEntityProcessor.class
[DEBUG] adding entry org/glassfish/jersey/message/filtering/spi/AbstractObjectProvider$1.class
[DEBUG] adding entry org/glassfish/jersey/message/filtering/spi/AbstractObjectProvider$EntityContext.class
[DEBUG] adding entry org/glassfish/jersey/message/filtering/spi/AbstractObjectProvider.class
[DEBUG] adding entry org/glassfish/jersey/message/filtering/spi/EntityGraph.class
[DEBUG] adding entry org/glassfish/jersey/message/filtering/spi/EntityGraphProvider.class
[DEBUG] adding entry org/glassfish/jersey/message/filtering/spi/EntityInspector.class
[DEBUG] adding entry org/glassfish/jersey/message/filtering/spi/EntityProcessor$Result.class
[DEBUG] adding entry org/glassfish/jersey/message/filtering/spi/EntityProcessor.class
[DEBUG] adding entry org/glassfish/jersey/message/filtering/spi/EntityProcessorContext$Type.class
[DEBUG] adding entry org/glassfish/jersey/message/filtering/spi/EntityProcessorContext.class
[DEBUG] adding entry org/glassfish/jersey/message/filtering/spi/FilteringHelper.class
[DEBUG] adding entry org/glassfish/jersey/message/filtering/spi/ObjectGraph.class
[DEBUG] adding entry org/glassfish/jersey/message/filtering/spi/ObjectGraphTransformer.class
[DEBUG] adding entry org/glassfish/jersey/message/filtering/spi/ObjectProvider.class
[DEBUG] adding entry org/glassfish/jersey/message/filtering/spi/ScopeProvider.class
[DEBUG] adding entry org/glassfish/jersey/message/filtering/spi/ScopeResolver.class
[INFO] META-INF/MANIFEST.MF already added, skipping
[INFO] META-INF/ already added, skipping
[INFO] META-INF/maven/ already added, skipping
[DEBUG] adding directory META-INF/maven/com.fasterxml.jackson.jaxrs/
[DEBUG] adding directory META-INF/maven/com.fasterxml.jackson.jaxrs/jackson-jaxrs-base/
[DEBUG] adding entry META-INF/maven/com.fasterxml.jackson.jaxrs/jackson-jaxrs-base/pom.properties
[DEBUG] adding entry META-INF/maven/com.fasterxml.jackson.jaxrs/jackson-jaxrs-base/pom.xml
[INFO] com/ already added, skipping
[DEBUG] adding directory com/fasterxml/
[DEBUG] adding directory com/fasterxml/jackson/
[DEBUG] adding directory com/fasterxml/jackson/jaxrs/
[DEBUG] adding directory com/fasterxml/jackson/jaxrs/annotation/
[DEBUG] adding entry com/fasterxml/jackson/jaxrs/annotation/JacksonFeatures.class
[DEBUG] adding directory com/fasterxml/jackson/jaxrs/base/
[DEBUG] adding entry com/fasterxml/jackson/jaxrs/base/JsonMappingExceptionMapper.class
[DEBUG] adding entry com/fasterxml/jackson/jaxrs/base/JsonParseExceptionMapper.class
[DEBUG] adding entry com/fasterxml/jackson/jaxrs/base/ProviderBase.class
[DEBUG] adding directory com/fasterxml/jackson/jaxrs/cfg/
[DEBUG] adding entry com/fasterxml/jackson/jaxrs/cfg/AnnotationBundleKey.class
[DEBUG] adding entry com/fasterxml/jackson/jaxrs/cfg/Annotations.class
[DEBUG] adding entry com/fasterxml/jackson/jaxrs/cfg/EndpointConfigBase.class
[DEBUG] adding entry com/fasterxml/jackson/jaxrs/cfg/JaxRSFeature.class
[DEBUG] adding entry com/fasterxml/jackson/jaxrs/cfg/MapperConfiguratorBase.class
[DEBUG] adding entry com/fasterxml/jackson/jaxrs/cfg/ObjectReaderInjector.class
[DEBUG] adding entry com/fasterxml/jackson/jaxrs/cfg/ObjectReaderModifier.class
[DEBUG] adding entry com/fasterxml/jackson/jaxrs/cfg/ObjectWriterInjector.class
[DEBUG] adding entry com/fasterxml/jackson/jaxrs/cfg/ObjectWriterModifier.class
[DEBUG] adding directory com/fasterxml/jackson/jaxrs/util/
[DEBUG] adding entry com/fasterxml/jackson/jaxrs/util/ClassKey.class
[DEBUG] adding entry com/fasterxml/jackson/jaxrs/util/EndpointAsBeanProperty.class
[DEBUG] adding entry com/fasterxml/jackson/jaxrs/util/LRUMap.class
[INFO] META-INF/MANIFEST.MF already added, skipping
[INFO] META-INF/ already added, skipping
[DEBUG] adding entry META-INF/LICENSE
[DEBUG] adding entry META-INF/NOTICE
[INFO] META-INF/maven/ already added, skipping
[DEBUG] adding directory META-INF/maven/com.fasterxml.jackson.core/
[DEBUG] adding directory META-INF/maven/com.fasterxml.jackson.core/jackson-core/
[DEBUG] adding entry META-INF/maven/com.fasterxml.jackson.core/jackson-core/pom.properties
[DEBUG] adding entry META-INF/maven/com.fasterxml.jackson.core/jackson-core/pom.xml
[INFO] META-INF/services/ already added, skipping
[DEBUG] adding entry META-INF/services/com.fasterxml.jackson.core.JsonFactory
[INFO] com/ already added, skipping
[INFO] com/fasterxml/ already added, skipping
[INFO] com/fasterxml/jackson/ already added, skipping
[DEBUG] adding directory com/fasterxml/jackson/core/
[DEBUG] adding entry com/fasterxml/jackson/core/Base64Variant.class
[DEBUG] adding entry com/fasterxml/jackson/core/Base64Variants.class
[DEBUG] adding entry com/fasterxml/jackson/core/FormatSchema.class
[DEBUG] adding entry com/fasterxml/jackson/core/JsonEncoding.class
[DEBUG] adding entry com/fasterxml/jackson/core/JsonFactory$Feature.class
[DEBUG] adding entry com/fasterxml/jackson/core/JsonFactory.class
[DEBUG] adding entry com/fasterxml/jackson/core/JsonGenerationException.class
[DEBUG] adding entry com/fasterxml/jackson/core/JsonGenerator$Feature.class
[DEBUG] adding entry com/fasterxml/jackson/core/JsonGenerator.class
[DEBUG] adding entry com/fasterxml/jackson/core/JsonLocation.class
[DEBUG] adding entry com/fasterxml/jackson/core/JsonParseException.class
[DEBUG] adding entry com/fasterxml/jackson/core/JsonParser$Feature.class
[DEBUG] adding entry com/fasterxml/jackson/core/JsonParser$NumberType.class
[DEBUG] adding entry com/fasterxml/jackson/core/JsonParser.class
[DEBUG] adding entry com/fasterxml/jackson/core/JsonPointer.class
[DEBUG] adding entry com/fasterxml/jackson/core/JsonProcessingException.class
[DEBUG] adding entry com/fasterxml/jackson/core/JsonStreamContext.class
[DEBUG] adding entry com/fasterxml/jackson/core/JsonToken.class
[DEBUG] adding entry com/fasterxml/jackson/core/JsonTokenId.class
[DEBUG] adding entry com/fasterxml/jackson/core/ObjectCodec.class
[DEBUG] adding entry com/fasterxml/jackson/core/PrettyPrinter.class
[DEBUG] adding entry com/fasterxml/jackson/core/SerializableString.class
[DEBUG] adding entry com/fasterxml/jackson/core/TreeCodec.class
[DEBUG] adding entry com/fasterxml/jackson/core/TreeNode.class
[DEBUG] adding entry com/fasterxml/jackson/core/Version.class
[DEBUG] adding entry com/fasterxml/jackson/core/Versioned.class
[DEBUG] adding directory com/fasterxml/jackson/core/base/
[DEBUG] adding entry com/fasterxml/jackson/core/base/GeneratorBase.class
[DEBUG] adding entry com/fasterxml/jackson/core/base/ParserBase.class
[DEBUG] adding entry com/fasterxml/jackson/core/base/ParserMinimalBase.class
[DEBUG] adding directory com/fasterxml/jackson/core/format/
[DEBUG] adding entry com/fasterxml/jackson/core/format/DataFormatDetector.class
[DEBUG] adding entry com/fasterxml/jackson/core/format/DataFormatMatcher.class
[DEBUG] adding entry com/fasterxml/jackson/core/format/InputAccessor$Std.class
[DEBUG] adding entry com/fasterxml/jackson/core/format/InputAccessor.class
[DEBUG] adding entry com/fasterxml/jackson/core/format/MatchStrength.class
[DEBUG] adding directory com/fasterxml/jackson/core/io/
[DEBUG] adding entry com/fasterxml/jackson/core/io/CharTypes.class
[DEBUG] adding entry com/fasterxml/jackson/core/io/CharacterEscapes.class
[DEBUG] adding entry com/fasterxml/jackson/core/io/IOContext.class
[DEBUG] adding entry com/fasterxml/jackson/core/io/InputDecorator.class
[DEBUG] adding entry com/fasterxml/jackson/core/io/JsonStringEncoder.class
[DEBUG] adding entry com/fasterxml/jackson/core/io/MergedStream.class
[DEBUG] adding entry com/fasterxml/jackson/core/io/NumberInput.class
[DEBUG] adding entry com/fasterxml/jackson/core/io/NumberOutput.class
[DEBUG] adding entry com/fasterxml/jackson/core/io/OutputDecorator.class
[DEBUG] adding entry com/fasterxml/jackson/core/io/SegmentedStringWriter.class
[DEBUG] adding entry com/fasterxml/jackson/core/io/SerializedString.class
[DEBUG] adding entry com/fasterxml/jackson/core/io/UTF32Reader.class
[DEBUG] adding entry com/fasterxml/jackson/core/io/UTF8Writer.class
[DEBUG] adding directory com/fasterxml/jackson/core/json/
[DEBUG] adding entry com/fasterxml/jackson/core/json/ByteSourceJsonBootstrapper.class
[DEBUG] adding entry com/fasterxml/jackson/core/json/DupDetector.class
[DEBUG] adding entry com/fasterxml/jackson/core/json/JsonGeneratorImpl.class
[DEBUG] adding entry com/fasterxml/jackson/core/json/JsonReadContext.class
[DEBUG] adding entry com/fasterxml/jackson/core/json/JsonWriteContext.class
[DEBUG] adding entry com/fasterxml/jackson/core/json/PackageVersion.class
[DEBUG] adding entry com/fasterxml/jackson/core/json/ReaderBasedJsonParser.class
[DEBUG] adding entry com/fasterxml/jackson/core/json/UTF8JsonGenerator.class
[DEBUG] adding entry com/fasterxml/jackson/core/json/UTF8StreamJsonParser.class
[DEBUG] adding entry com/fasterxml/jackson/core/json/WriterBasedJsonGenerator.class
[DEBUG] adding directory com/fasterxml/jackson/core/sym/
[DEBUG] adding entry com/fasterxml/jackson/core/sym/BytesToNameCanonicalizer$Bucket.class
[DEBUG] adding entry com/fasterxml/jackson/core/sym/BytesToNameCanonicalizer$TableInfo.class
[DEBUG] adding entry com/fasterxml/jackson/core/sym/BytesToNameCanonicalizer.class
[DEBUG] adding entry com/fasterxml/jackson/core/sym/CharsToNameCanonicalizer$Bucket.class
[DEBUG] adding entry com/fasterxml/jackson/core/sym/CharsToNameCanonicalizer.class
[DEBUG] adding entry com/fasterxml/jackson/core/sym/Name.class
[DEBUG] adding entry com/fasterxml/jackson/core/sym/Name1.class
[DEBUG] adding entry com/fasterxml/jackson/core/sym/Name2.class
[DEBUG] adding entry com/fasterxml/jackson/core/sym/Name3.class
[DEBUG] adding entry com/fasterxml/jackson/core/sym/NameN.class
[DEBUG] adding directory com/fasterxml/jackson/core/type/
[DEBUG] adding entry com/fasterxml/jackson/core/type/ResolvedType.class
[DEBUG] adding entry com/fasterxml/jackson/core/type/TypeReference.class
[DEBUG] adding directory com/fasterxml/jackson/core/util/
[DEBUG] adding entry com/fasterxml/jackson/core/util/BufferRecycler.class
[DEBUG] adding entry com/fasterxml/jackson/core/util/ByteArrayBuilder.class
[DEBUG] adding entry com/fasterxml/jackson/core/util/DefaultIndenter.class
[DEBUG] adding entry com/fasterxml/jackson/core/util/DefaultPrettyPrinter$FixedSpaceIndenter.class
[DEBUG] adding entry com/fasterxml/jackson/core/util/DefaultPrettyPrinter$Indenter.class
[DEBUG] adding entry com/fasterxml/jackson/core/util/DefaultPrettyPrinter$Lf2SpacesIndenter.class
[DEBUG] adding entry com/fasterxml/jackson/core/util/DefaultPrettyPrinter$NopIndenter.class
[DEBUG] adding entry com/fasterxml/jackson/core/util/DefaultPrettyPrinter.class
[DEBUG] adding entry com/fasterxml/jackson/core/util/Instantiatable.class
[DEBUG] adding entry com/fasterxml/jackson/core/util/InternCache.class
[DEBUG] adding entry com/fasterxml/jackson/core/util/JsonGeneratorDelegate.class
[DEBUG] adding entry com/fasterxml/jackson/core/util/JsonParserDelegate.class
[DEBUG] adding entry com/fasterxml/jackson/core/util/JsonParserSequence.class
[DEBUG] adding entry com/fasterxml/jackson/core/util/MinimalPrettyPrinter.class
[DEBUG] adding entry com/fasterxml/jackson/core/util/TextBuffer.class
[DEBUG] adding entry com/fasterxml/jackson/core/util/VersionUtil.class
[INFO] META-INF/MANIFEST.MF already added, skipping
[INFO] META-INF/ already added, skipping
[INFO] META-INF/LICENSE already added, skipping
[INFO] META-INF/NOTICE already added, skipping
[INFO] META-INF/maven/ already added, skipping
[INFO] META-INF/maven/com.fasterxml.jackson.core/ already added, skipping
[DEBUG] adding directory META-INF/maven/com.fasterxml.jackson.core/jackson-databind/
[DEBUG] adding entry META-INF/maven/com.fasterxml.jackson.core/jackson-databind/pom.properties
[DEBUG] adding entry META-INF/maven/com.fasterxml.jackson.core/jackson-databind/pom.xml
[INFO] META-INF/services/ already added, skipping
[DEBUG] adding entry META-INF/services/com.fasterxml.jackson.core.ObjectCodec
[INFO] com/ already added, skipping
[INFO] com/fasterxml/ already added, skipping
[INFO] com/fasterxml/jackson/ already added, skipping
[DEBUG] adding directory com/fasterxml/jackson/databind/
[DEBUG] adding entry com/fasterxml/jackson/databind/AbstractTypeResolver.class
[DEBUG] adding entry com/fasterxml/jackson/databind/AnnotationIntrospector$ReferenceProperty$Type.class
[DEBUG] adding entry com/fasterxml/jackson/databind/AnnotationIntrospector$ReferenceProperty.class
[DEBUG] adding entry com/fasterxml/jackson/databind/AnnotationIntrospector.class
[DEBUG] adding entry com/fasterxml/jackson/databind/BeanDescription.class
[DEBUG] adding entry com/fasterxml/jackson/databind/BeanProperty$Std.class
[DEBUG] adding entry com/fasterxml/jackson/databind/BeanProperty.class
[DEBUG] adding entry com/fasterxml/jackson/databind/DatabindContext.class
[DEBUG] adding entry com/fasterxml/jackson/databind/DeserializationConfig.class
[DEBUG] adding entry com/fasterxml/jackson/databind/DeserializationContext.class
[DEBUG] adding entry com/fasterxml/jackson/databind/DeserializationFeature.class
[DEBUG] adding entry com/fasterxml/jackson/databind/InjectableValues$Std.class
[DEBUG] adding entry com/fasterxml/jackson/databind/InjectableValues.class
[DEBUG] adding entry com/fasterxml/jackson/databind/JavaType.class
[DEBUG] adding entry com/fasterxml/jackson/databind/JsonDeserializer$None.class
[DEBUG] adding entry com/fasterxml/jackson/databind/JsonDeserializer.class
[DEBUG] adding entry com/fasterxml/jackson/databind/JsonMappingException$Reference.class
[DEBUG] adding entry com/fasterxml/jackson/databind/JsonMappingException.class
[DEBUG] adding entry com/fasterxml/jackson/databind/JsonNode$1.class
[DEBUG] adding entry com/fasterxml/jackson/databind/JsonNode.class
[DEBUG] adding entry com/fasterxml/jackson/databind/JsonSerializable.class
[DEBUG] adding entry com/fasterxml/jackson/databind/JsonSerializer$None.class
[DEBUG] adding entry com/fasterxml/jackson/databind/JsonSerializer.class
[DEBUG] adding entry com/fasterxml/jackson/databind/KeyDeserializer$None.class
[DEBUG] adding entry com/fasterxml/jackson/databind/KeyDeserializer.class
[DEBUG] adding entry com/fasterxml/jackson/databind/MapperFeature.class
[DEBUG] adding entry com/fasterxml/jackson/databind/MappingIterator.class
[DEBUG] adding entry com/fasterxml/jackson/databind/MappingJsonFactory.class
[DEBUG] adding entry com/fasterxml/jackson/databind/Module$SetupContext.class
[DEBUG] adding entry com/fasterxml/jackson/databind/Module.class
[DEBUG] adding entry com/fasterxml/jackson/databind/ObjectMapper$1.class
[DEBUG] adding entry com/fasterxml/jackson/databind/ObjectMapper$2.class
[DEBUG] adding entry com/fasterxml/jackson/databind/ObjectMapper$DefaultTypeResolverBuilder.class
[DEBUG] adding entry com/fasterxml/jackson/databind/ObjectMapper$DefaultTyping.class
[DEBUG] adding entry com/fasterxml/jackson/databind/ObjectMapper.class
[DEBUG] adding entry com/fasterxml/jackson/databind/ObjectReader.class
[DEBUG] adding entry com/fasterxml/jackson/databind/ObjectWriter$GeneratorSettings.class
[DEBUG] adding entry com/fasterxml/jackson/databind/ObjectWriter$Prefetch.class
[DEBUG] adding entry com/fasterxml/jackson/databind/ObjectWriter.class
[DEBUG] adding entry com/fasterxml/jackson/databind/PropertyMetadata.class
[DEBUG] adding entry com/fasterxml/jackson/databind/PropertyName.class
[DEBUG] adding entry com/fasterxml/jackson/databind/PropertyNamingStrategy$LowerCaseStrategy.class
[DEBUG] adding entry com/fasterxml/jackson/databind/PropertyNamingStrategy$LowerCaseWithUnderscoresStrategy.class
[DEBUG] adding entry com/fasterxml/jackson/databind/PropertyNamingStrategy$PascalCaseStrategy.class
[DEBUG] adding entry com/fasterxml/jackson/databind/PropertyNamingStrategy$PropertyNamingStrategyBase.class
[DEBUG] adding entry com/fasterxml/jackson/databind/PropertyNamingStrategy.class
[DEBUG] adding entry com/fasterxml/jackson/databind/RuntimeJsonMappingException.class
[DEBUG] adding entry com/fasterxml/jackson/databind/SequenceWriter.class
[DEBUG] adding entry com/fasterxml/jackson/databind/SerializationConfig.class
[DEBUG] adding entry com/fasterxml/jackson/databind/SerializationFeature.class
[DEBUG] adding entry com/fasterxml/jackson/databind/SerializerProvider.class
[DEBUG] adding directory com/fasterxml/jackson/databind/annotation/
[DEBUG] adding entry com/fasterxml/jackson/databind/annotation/JacksonStdImpl.class
[DEBUG] adding entry com/fasterxml/jackson/databind/annotation/JsonAppend$Attr.class
[DEBUG] adding entry com/fasterxml/jackson/databind/annotation/JsonAppend$Prop.class
[DEBUG] adding entry com/fasterxml/jackson/databind/annotation/JsonAppend.class
[DEBUG] adding entry com/fasterxml/jackson/databind/annotation/JsonDeserialize.class
[DEBUG] adding entry com/fasterxml/jackson/databind/annotation/JsonNaming.class
[DEBUG] adding entry com/fasterxml/jackson/databind/annotation/JsonPOJOBuilder$Value.class
[DEBUG] adding entry com/fasterxml/jackson/databind/annotation/JsonPOJOBuilder.class
[DEBUG] adding entry com/fasterxml/jackson/databind/annotation/JsonSerialize$Inclusion.class
[DEBUG] adding entry com/fasterxml/jackson/databind/annotation/JsonSerialize$Typing.class
[DEBUG] adding entry com/fasterxml/jackson/databind/annotation/JsonSerialize.class
[DEBUG] adding entry com/fasterxml/jackson/databind/annotation/JsonTypeIdResolver.class
[DEBUG] adding entry com/fasterxml/jackson/databind/annotation/JsonTypeResolver.class
[DEBUG] adding entry com/fasterxml/jackson/databind/annotation/JsonValueInstantiator.class
[DEBUG] adding entry com/fasterxml/jackson/databind/annotation/NoClass.class
[DEBUG] adding directory com/fasterxml/jackson/databind/cfg/
[DEBUG] adding entry com/fasterxml/jackson/databind/cfg/BaseSettings.class
[DEBUG] adding entry com/fasterxml/jackson/databind/cfg/ConfigFeature.class
[DEBUG] adding entry com/fasterxml/jackson/databind/cfg/ContextAttributes$Impl.class
[DEBUG] adding entry com/fasterxml/jackson/databind/cfg/ContextAttributes.class
[DEBUG] adding entry com/fasterxml/jackson/databind/cfg/DeserializerFactoryConfig.class
[DEBUG] adding entry com/fasterxml/jackson/databind/cfg/HandlerInstantiator.class
[DEBUG] adding entry com/fasterxml/jackson/databind/cfg/MapperConfig.class
[DEBUG] adding entry com/fasterxml/jackson/databind/cfg/MapperConfigBase.class
[DEBUG] adding entry com/fasterxml/jackson/databind/cfg/PackageVersion.class
[DEBUG] adding entry com/fasterxml/jackson/databind/cfg/SerializerFactoryConfig.class
[DEBUG] adding directory com/fasterxml/jackson/databind/deser/
[DEBUG] adding entry com/fasterxml/jackson/databind/deser/AbstractDeserializer.class
[DEBUG] adding entry com/fasterxml/jackson/databind/deser/BasicDeserializerFactory.class
[DEBUG] adding entry com/fasterxml/jackson/databind/deser/BeanDeserializer$1.class
[DEBUG] adding entry com/fasterxml/jackson/databind/deser/BeanDeserializer.class
[DEBUG] adding entry com/fasterxml/jackson/databind/deser/BeanDeserializerBase$1.class
[DEBUG] adding entry com/fasterxml/jackson/databind/deser/BeanDeserializerBase.class
[DEBUG] adding entry com/fasterxml/jackson/databind/deser/BeanDeserializerBuilder.class
[DEBUG] adding entry com/fasterxml/jackson/databind/deser/BeanDeserializerFactory.class
[DEBUG] adding entry com/fasterxml/jackson/databind/deser/BeanDeserializerModifier.class
[DEBUG] adding entry com/fasterxml/jackson/databind/deser/BuilderBasedDeserializer$1.class
[DEBUG] adding entry com/fasterxml/jackson/databind/deser/BuilderBasedDeserializer.class
[DEBUG] adding entry com/fasterxml/jackson/databind/deser/ContextualDeserializer.class
[DEBUG] adding entry com/fasterxml/jackson/databind/deser/ContextualKeyDeserializer.class
[DEBUG] adding entry com/fasterxml/jackson/databind/deser/CreatorProperty.class
[DEBUG] adding entry com/fasterxml/jackson/databind/deser/DataFormatReaders$AccessorForReader.class
[DEBUG] adding entry com/fasterxml/jackson/databind/deser/DataFormatReaders$Match.class
[DEBUG] adding entry com/fasterxml/jackson/databind/deser/DataFormatReaders.class
[DEBUG] adding entry com/fasterxml/jackson/databind/deser/DefaultDeserializationContext$Impl.class
[DEBUG] adding entry com/fasterxml/jackson/databind/deser/DefaultDeserializationContext.class
[DEBUG] adding entry com/fasterxml/jackson/databind/deser/DeserializationProblemHandler.class
[DEBUG] adding entry com/fasterxml/jackson/databind/deser/DeserializerCache.class
[DEBUG] adding entry com/fasterxml/jackson/databind/deser/DeserializerFactory.class
[DEBUG] adding entry com/fasterxml/jackson/databind/deser/Deserializers$Base.class
[DEBUG] adding entry com/fasterxml/jackson/databind/deser/Deserializers.class
[DEBUG] adding entry com/fasterxml/jackson/databind/deser/KeyDeserializers.class
[DEBUG] adding entry com/fasterxml/jackson/databind/deser/ResolvableDeserializer.class
[DEBUG] adding entry com/fasterxml/jackson/databind/deser/SettableAnyProperty$AnySetterReferring.class
[DEBUG] adding entry com/fasterxml/jackson/databind/deser/SettableAnyProperty.class
[DEBUG] adding entry com/fasterxml/jackson/databind/deser/SettableBeanProperty.class
[DEBUG] adding entry com/fasterxml/jackson/databind/deser/UnresolvedForwardReference.class
[DEBUG] adding entry com/fasterxml/jackson/databind/deser/UnresolvedId.class
[DEBUG] adding entry com/fasterxml/jackson/databind/deser/ValueInstantiator.class
[DEBUG] adding entry com/fasterxml/jackson/databind/deser/ValueInstantiators$Base.class
[DEBUG] adding entry com/fasterxml/jackson/databind/deser/ValueInstantiators.class
[DEBUG] adding directory com/fasterxml/jackson/databind/deser/impl/
[DEBUG] adding entry com/fasterxml/jackson/databind/deser/impl/BeanAsArrayBuilderDeserializer.class
[DEBUG] adding entry com/fasterxml/jackson/databind/deser/impl/BeanAsArrayDeserializer.class
[DEBUG] adding entry com/fasterxml/jackson/databind/deser/impl/BeanPropertyMap$Bucket.class
[DEBUG] adding entry com/fasterxml/jackson/databind/deser/impl/BeanPropertyMap$IteratorImpl.class
[DEBUG] adding entry com/fasterxml/jackson/databind/deser/impl/BeanPropertyMap.class
[DEBUG] adding entry com/fasterxml/jackson/databind/deser/impl/CreatorCollector$Vanilla.class
[DEBUG] adding entry com/fasterxml/jackson/databind/deser/impl/CreatorCollector.class
[DEBUG] adding entry com/fasterxml/jackson/databind/deser/impl/ExternalTypeHandler$Builder.class
[DEBUG] adding entry com/fasterxml/jackson/databind/deser/impl/ExternalTypeHandler$ExtTypedProperty.class
[DEBUG] adding entry com/fasterxml/jackson/databind/deser/impl/ExternalTypeHandler.class
[DEBUG] adding entry com/fasterxml/jackson/databind/deser/impl/FailingDeserializer.class
[DEBUG] adding entry com/fasterxml/jackson/databind/deser/impl/FieldProperty.class
[DEBUG] adding entry com/fasterxml/jackson/databind/deser/impl/InnerClassProperty.class
[DEBUG] adding entry com/fasterxml/jackson/databind/deser/impl/ManagedReferenceProperty.class
[DEBUG] adding entry com/fasterxml/jackson/databind/deser/impl/MethodProperty.class
[DEBUG] adding entry com/fasterxml/jackson/databind/deser/impl/NoClassDefFoundDeserializer.class
[DEBUG] adding entry com/fasterxml/jackson/databind/deser/impl/NullProvider.class
[DEBUG] adding entry com/fasterxml/jackson/databind/deser/impl/ObjectIdReader.class
[DEBUG] adding entry com/fasterxml/jackson/databind/deser/impl/ObjectIdReferenceProperty$PropertyReferring.class
[DEBUG] adding entry com/fasterxml/jackson/databind/deser/impl/ObjectIdReferenceProperty.class
[DEBUG] adding entry com/fasterxml/jackson/databind/deser/impl/ObjectIdValueProperty.class
[DEBUG] adding entry com/fasterxml/jackson/databind/deser/impl/PropertyBasedCreator.class
[DEBUG] adding entry com/fasterxml/jackson/databind/deser/impl/PropertyBasedObjectIdGenerator.class
[DEBUG] adding entry com/fasterxml/jackson/databind/deser/impl/PropertyValue$Any.class
[DEBUG] adding entry com/fasterxml/jackson/databind/deser/impl/PropertyValue$Map.class
[DEBUG] adding entry com/fasterxml/jackson/databind/deser/impl/PropertyValue$Regular.class
[DEBUG] adding entry com/fasterxml/jackson/databind/deser/impl/PropertyValue.class
[DEBUG] adding entry com/fasterxml/jackson/databind/deser/impl/PropertyValueBuffer.class
[DEBUG] adding entry com/fasterxml/jackson/databind/deser/impl/ReadableObjectId$Referring.class
[DEBUG] adding entry com/fasterxml/jackson/databind/deser/impl/ReadableObjectId.class
[DEBUG] adding entry com/fasterxml/jackson/databind/deser/impl/SetterlessProperty.class
[DEBUG] adding entry com/fasterxml/jackson/databind/deser/impl/TypeWrappedDeserializer.class
[DEBUG] adding entry com/fasterxml/jackson/databind/deser/impl/UnwrappedPropertyHandler.class
[DEBUG] adding entry com/fasterxml/jackson/databind/deser/impl/ValueInjector.class
[DEBUG] adding directory com/fasterxml/jackson/databind/deser/std/
[DEBUG] adding entry com/fasterxml/jackson/databind/deser/std/ArrayBlockingQueueDeserializer.class
[DEBUG] adding entry com/fasterxml/jackson/databind/deser/std/AtomicBooleanDeserializer.class
[DEBUG] adding entry com/fasterxml/jackson/databind/deser/std/AtomicReferenceDeserializer.class
[DEBUG] adding entry com/fasterxml/jackson/databind/deser/std/BaseNodeDeserializer.class
[DEBUG] adding entry com/fasterxml/jackson/databind/deser/std/ByteBufferDeserializer.class
[DEBUG] adding entry com/fasterxml/jackson/databind/deser/std/CollectionDeserializer$CollectionReferring.class
[DEBUG] adding entry com/fasterxml/jackson/databind/deser/std/CollectionDeserializer$CollectionReferringAccumulator.class
[DEBUG] adding entry com/fasterxml/jackson/databind/deser/std/CollectionDeserializer.class
[DEBUG] adding entry com/fasterxml/jackson/databind/deser/std/ContainerDeserializerBase.class
[DEBUG] adding entry com/fasterxml/jackson/databind/deser/std/DateDeserializers$CalendarDeserializer.class
[DEBUG] adding entry com/fasterxml/jackson/databind/deser/std/DateDeserializers$DateBasedDeserializer.class
[DEBUG] adding entry com/fasterxml/jackson/databind/deser/std/DateDeserializers$DateDeserializer.class
[DEBUG] adding entry com/fasterxml/jackson/databind/deser/std/DateDeserializers$SqlDateDeserializer.class
[DEBUG] adding entry com/fasterxml/jackson/databind/deser/std/DateDeserializers$TimestampDeserializer.class
[DEBUG] adding entry com/fasterxml/jackson/databind/deser/std/DateDeserializers.class
[DEBUG] adding entry com/fasterxml/jackson/databind/deser/std/DelegatingDeserializer.class
[DEBUG] adding entry com/fasterxml/jackson/databind/deser/std/EnumDeserializer$FactoryBasedDeserializer.class
[DEBUG] adding entry com/fasterxml/jackson/databind/deser/std/EnumDeserializer.class
[DEBUG] adding entry com/fasterxml/jackson/databind/deser/std/EnumMapDeserializer.class
[DEBUG] adding entry com/fasterxml/jackson/databind/deser/std/EnumSetDeserializer.class
[DEBUG] adding entry com/fasterxml/jackson/databind/deser/std/FromStringDeserializer$Std.class
[DEBUG] adding entry com/fasterxml/jackson/databind/deser/std/FromStringDeserializer.class
[DEBUG] adding entry com/fasterxml/jackson/databind/deser/std/JdkDeserializers.class
[DEBUG] adding entry com/fasterxml/jackson/databind/deser/std/JsonLocationInstantiator.class
[DEBUG] adding entry com/fasterxml/jackson/databind/deser/std/JsonNodeDeserializer$ArrayDeserializer.class
[DEBUG] adding entry com/fasterxml/jackson/databind/deser/std/JsonNodeDeserializer$ObjectDeserializer.class
[DEBUG] adding entry com/fasterxml/jackson/databind/deser/std/JsonNodeDeserializer.class
[DEBUG] adding entry com/fasterxml/jackson/databind/deser/std/MapDeserializer$MapReferring.class
[DEBUG] adding entry com/fasterxml/jackson/databind/deser/std/MapDeserializer$MapReferringAccumulator.class
[DEBUG] adding entry com/fasterxml/jackson/databind/deser/std/MapDeserializer.class
[DEBUG] adding entry com/fasterxml/jackson/databind/deser/std/MapEntryDeserializer.class
[DEBUG] adding entry com/fasterxml/jackson/databind/deser/std/NullifyingDeserializer$1.class
[DEBUG] adding entry com/fasterxml/jackson/databind/deser/std/NullifyingDeserializer.class
[DEBUG] adding entry com/fasterxml/jackson/databind/deser/std/NumberDeserializers$1.class
[DEBUG] adding entry com/fasterxml/jackson/databind/deser/std/NumberDeserializers$BigDecimalDeserializer.class
[DEBUG] adding entry com/fasterxml/jackson/databind/deser/std/NumberDeserializers$BigIntegerDeserializer.class
[DEBUG] adding entry com/fasterxml/jackson/databind/deser/std/NumberDeserializers$BooleanDeserializer.class
[DEBUG] adding entry com/fasterxml/jackson/databind/deser/std/NumberDeserializers$ByteDeserializer.class
[DEBUG] adding entry com/fasterxml/jackson/databind/deser/std/NumberDeserializers$CharacterDeserializer.class
[DEBUG] adding entry com/fasterxml/jackson/databind/deser/std/NumberDeserializers$DoubleDeserializer.class
[DEBUG] adding entry com/fasterxml/jackson/databind/deser/std/NumberDeserializers$FloatDeserializer.class
[DEBUG] adding entry com/fasterxml/jackson/databind/deser/std/NumberDeserializers$IntegerDeserializer.class
[DEBUG] adding entry com/fasterxml/jackson/databind/deser/std/NumberDeserializers$LongDeserializer.class
[DEBUG] adding entry com/fasterxml/jackson/databind/deser/std/NumberDeserializers$NumberDeserializer.class
[DEBUG] adding entry com/fasterxml/jackson/databind/deser/std/NumberDeserializers$PrimitiveOrWrapperDeserializer.class
[DEBUG] adding entry com/fasterxml/jackson/databind/deser/std/NumberDeserializers$ShortDeserializer.class
[DEBUG] adding entry com/fasterxml/jackson/databind/deser/std/NumberDeserializers.class
[DEBUG] adding entry com/fasterxml/jackson/databind/deser/std/ObjectArrayDeserializer.class
[DEBUG] adding entry com/fasterxml/jackson/databind/deser/std/PrimitiveArrayDeserializers$BooleanDeser.class
[DEBUG] adding entry com/fasterxml/jackson/databind/deser/std/PrimitiveArrayDeserializers$ByteDeser.class
[DEBUG] adding entry com/fasterxml/jackson/databind/deser/std/PrimitiveArrayDeserializers$CharDeser.class
[DEBUG] adding entry com/fasterxml/jackson/databind/deser/std/PrimitiveArrayDeserializers$DoubleDeser.class
[DEBUG] adding entry com/fasterxml/jackson/databind/deser/std/PrimitiveArrayDeserializers$FloatDeser.class
[DEBUG] adding entry com/fasterxml/jackson/databind/deser/std/PrimitiveArrayDeserializers$IntDeser.class
[DEBUG] adding entry com/fasterxml/jackson/databind/deser/std/PrimitiveArrayDeserializers$LongDeser.class
[DEBUG] adding entry com/fasterxml/jackson/databind/deser/std/PrimitiveArrayDeserializers$ShortDeser.class
[DEBUG] adding entry com/fasterxml/jackson/databind/deser/std/PrimitiveArrayDeserializers.class
[DEBUG] adding entry com/fasterxml/jackson/databind/deser/std/StackTraceElementDeserializer.class
[DEBUG] adding entry com/fasterxml/jackson/databind/deser/std/StdDelegatingDeserializer.class
[DEBUG] adding entry com/fasterxml/jackson/databind/deser/std/StdDeserializer.class
[DEBUG] adding entry com/fasterxml/jackson/databind/deser/std/StdKeyDeserializer$DelegatingKD.class
[DEBUG] adding entry com/fasterxml/jackson/databind/deser/std/StdKeyDeserializer$EnumKD.class
[DEBUG] adding entry com/fasterxml/jackson/databind/deser/std/StdKeyDeserializer$StringCtorKeyDeserializer.class
[DEBUG] adding entry com/fasterxml/jackson/databind/deser/std/StdKeyDeserializer$StringFactoryKeyDeserializer.class
[DEBUG] adding entry com/fasterxml/jackson/databind/deser/std/StdKeyDeserializer$StringKD.class
[DEBUG] adding entry com/fasterxml/jackson/databind/deser/std/StdKeyDeserializer.class
[DEBUG] adding entry com/fasterxml/jackson/databind/deser/std/StdKeyDeserializers.class
[DEBUG] adding entry com/fasterxml/jackson/databind/deser/std/StdNodeBasedDeserializer.class
[DEBUG] adding entry com/fasterxml/jackson/databind/deser/std/StdScalarDeserializer.class
[DEBUG] adding entry com/fasterxml/jackson/databind/deser/std/StdValueInstantiator.class
[DEBUG] adding entry com/fasterxml/jackson/databind/deser/std/StringArrayDeserializer.class
[DEBUG] adding entry com/fasterxml/jackson/databind/deser/std/StringCollectionDeserializer.class
[DEBUG] adding entry com/fasterxml/jackson/databind/deser/std/StringDeserializer.class
[DEBUG] adding entry com/fasterxml/jackson/databind/deser/std/ThrowableDeserializer.class
[DEBUG] adding entry com/fasterxml/jackson/databind/deser/std/TokenBufferDeserializer.class
[DEBUG] adding entry com/fasterxml/jackson/databind/deser/std/UUIDDeserializer.class
[DEBUG] adding entry com/fasterxml/jackson/databind/deser/std/UntypedObjectDeserializer$1.class
[DEBUG] adding entry com/fasterxml/jackson/databind/deser/std/UntypedObjectDeserializer$Vanilla.class
[DEBUG] adding entry com/fasterxml/jackson/databind/deser/std/UntypedObjectDeserializer.class
[DEBUG] adding directory com/fasterxml/jackson/databind/exc/
[DEBUG] adding entry com/fasterxml/jackson/databind/exc/IgnoredPropertyException.class
[DEBUG] adding entry com/fasterxml/jackson/databind/exc/InvalidFormatException.class
[DEBUG] adding entry com/fasterxml/jackson/databind/exc/PropertyBindingException.class
[DEBUG] adding entry com/fasterxml/jackson/databind/exc/UnrecognizedPropertyException.class
[DEBUG] adding directory com/fasterxml/jackson/databind/ext/
[DEBUG] adding entry com/fasterxml/jackson/databind/ext/CoreXMLDeserializers$Std.class
[DEBUG] adding entry com/fasterxml/jackson/databind/ext/CoreXMLDeserializers.class
[DEBUG] adding entry com/fasterxml/jackson/databind/ext/CoreXMLSerializers$XMLGregorianCalendarSerializer.class
[DEBUG] adding entry com/fasterxml/jackson/databind/ext/CoreXMLSerializers.class
[DEBUG] adding entry com/fasterxml/jackson/databind/ext/DOMDeserializer$DocumentDeserializer.class
[DEBUG] adding entry com/fasterxml/jackson/databind/ext/DOMDeserializer$NodeDeserializer.class
[DEBUG] adding entry com/fasterxml/jackson/databind/ext/DOMDeserializer.class
[DEBUG] adding entry com/fasterxml/jackson/databind/ext/DOMSerializer.class
[DEBUG] adding entry com/fasterxml/jackson/databind/ext/OptionalHandlerFactory.class
[DEBUG] adding directory com/fasterxml/jackson/databind/introspect/
[DEBUG] adding entry com/fasterxml/jackson/databind/introspect/Annotated.class
[DEBUG] adding entry com/fasterxml/jackson/databind/introspect/AnnotatedClass.class
[DEBUG] adding entry com/fasterxml/jackson/databind/introspect/AnnotatedConstructor$Serialization.class
[DEBUG] adding entry com/fasterxml/jackson/databind/introspect/AnnotatedConstructor.class
[DEBUG] adding entry com/fasterxml/jackson/databind/introspect/AnnotatedField$Serialization.class
[DEBUG] adding entry com/fasterxml/jackson/databind/introspect/AnnotatedField.class
[DEBUG] adding entry com/fasterxml/jackson/databind/introspect/AnnotatedMember.class
[DEBUG] adding entry com/fasterxml/jackson/databind/introspect/AnnotatedMethod$Serialization.class
[DEBUG] adding entry com/fasterxml/jackson/databind/introspect/AnnotatedMethod.class
[DEBUG] adding entry com/fasterxml/jackson/databind/introspect/AnnotatedMethodMap.class
[DEBUG] adding entry com/fasterxml/jackson/databind/introspect/AnnotatedParameter.class
[DEBUG] adding entry com/fasterxml/jackson/databind/introspect/AnnotatedWithParams.class
[DEBUG] adding entry com/fasterxml/jackson/databind/introspect/AnnotationIntrospectorPair.class
[DEBUG] adding entry com/fasterxml/jackson/databind/introspect/AnnotationMap.class
[DEBUG] adding entry com/fasterxml/jackson/databind/introspect/BasicBeanDescription.class
[DEBUG] adding entry com/fasterxml/jackson/databind/introspect/BasicClassIntrospector.class
[DEBUG] adding entry com/fasterxml/jackson/databind/introspect/BeanPropertyDefinition.class
[DEBUG] adding entry com/fasterxml/jackson/databind/introspect/ClassIntrospector$MixInResolver.class
[DEBUG] adding entry com/fasterxml/jackson/databind/introspect/ClassIntrospector.class
[DEBUG] adding entry com/fasterxml/jackson/databind/introspect/JacksonAnnotationIntrospector$1.class
[DEBUG] adding entry com/fasterxml/jackson/databind/introspect/JacksonAnnotationIntrospector.class
[DEBUG] adding entry com/fasterxml/jackson/databind/introspect/MemberKey.class
[DEBUG] adding entry com/fasterxml/jackson/databind/introspect/NopAnnotationIntrospector$1.class
[DEBUG] adding entry com/fasterxml/jackson/databind/introspect/NopAnnotationIntrospector.class
[DEBUG] adding entry com/fasterxml/jackson/databind/introspect/ObjectIdInfo.class
[DEBUG] adding entry com/fasterxml/jackson/databind/introspect/POJOPropertiesCollector.class
[DEBUG] adding entry com/fasterxml/jackson/databind/introspect/POJOPropertyBuilder$1.class
[DEBUG] adding entry com/fasterxml/jackson/databind/introspect/POJOPropertyBuilder$2.class
[DEBUG] adding entry com/fasterxml/jackson/databind/introspect/POJOPropertyBuilder$3.class
[DEBUG] adding entry com/fasterxml/jackson/databind/introspect/POJOPropertyBuilder$4.class
[DEBUG] adding entry com/fasterxml/jackson/databind/introspect/POJOPropertyBuilder$5.class
[DEBUG] adding entry com/fasterxml/jackson/databind/introspect/POJOPropertyBuilder$6.class
[DEBUG] adding entry com/fasterxml/jackson/databind/introspect/POJOPropertyBuilder$7.class
[DEBUG] adding entry com/fasterxml/jackson/databind/introspect/POJOPropertyBuilder$8.class
[DEBUG] adding entry com/fasterxml/jackson/databind/introspect/POJOPropertyBuilder$Linked.class
[DEBUG] adding entry com/fasterxml/jackson/databind/introspect/POJOPropertyBuilder$MemberIterator.class
[DEBUG] adding entry com/fasterxml/jackson/databind/introspect/POJOPropertyBuilder$WithMember.class
[DEBUG] adding entry com/fasterxml/jackson/databind/introspect/POJOPropertyBuilder.class
[DEBUG] adding entry com/fasterxml/jackson/databind/introspect/VirtualAnnotatedMember.class
[DEBUG] adding entry com/fasterxml/jackson/databind/introspect/VisibilityChecker$1.class
[DEBUG] adding entry com/fasterxml/jackson/databind/introspect/VisibilityChecker$Std.class
[DEBUG] adding entry com/fasterxml/jackson/databind/introspect/VisibilityChecker.class
[DEBUG] adding entry com/fasterxml/jackson/databind/introspect/WithMember.class
[DEBUG] adding directory com/fasterxml/jackson/databind/jsonFormatVisitors/
[DEBUG] adding entry com/fasterxml/jackson/databind/jsonFormatVisitors/JsonAnyFormatVisitor$Base.class
[DEBUG] adding entry com/fasterxml/jackson/databind/jsonFormatVisitors/JsonAnyFormatVisitor.class
[DEBUG] adding entry com/fasterxml/jackson/databind/jsonFormatVisitors/JsonArrayFormatVisitor$Base.class
[DEBUG] adding entry com/fasterxml/jackson/databind/jsonFormatVisitors/JsonArrayFormatVisitor.class
[DEBUG] adding entry com/fasterxml/jackson/databind/jsonFormatVisitors/JsonBooleanFormatVisitor$Base.class
[DEBUG] adding entry com/fasterxml/jackson/databind/jsonFormatVisitors/JsonBooleanFormatVisitor.class
[DEBUG] adding entry com/fasterxml/jackson/databind/jsonFormatVisitors/JsonFormatTypes.class
[DEBUG] adding entry com/fasterxml/jackson/databind/jsonFormatVisitors/JsonFormatVisitable.class
[DEBUG] adding entry com/fasterxml/jackson/databind/jsonFormatVisitors/JsonFormatVisitorWithSerializerProvider.class
[DEBUG] adding entry com/fasterxml/jackson/databind/jsonFormatVisitors/JsonFormatVisitorWrapper$Base.class
[DEBUG] adding entry com/fasterxml/jackson/databind/jsonFormatVisitors/JsonFormatVisitorWrapper.class
[DEBUG] adding entry com/fasterxml/jackson/databind/jsonFormatVisitors/JsonIntegerFormatVisitor$Base.class
[DEBUG] adding entry com/fasterxml/jackson/databind/jsonFormatVisitors/JsonIntegerFormatVisitor.class
[DEBUG] adding entry com/fasterxml/jackson/databind/jsonFormatVisitors/JsonMapFormatVisitor$Base.class
[DEBUG] adding entry com/fasterxml/jackson/databind/jsonFormatVisitors/JsonMapFormatVisitor.class
[DEBUG] adding entry com/fasterxml/jackson/databind/jsonFormatVisitors/JsonNullFormatVisitor$Base.class
[DEBUG] adding entry com/fasterxml/jackson/databind/jsonFormatVisitors/JsonNullFormatVisitor.class
[DEBUG] adding entry com/fasterxml/jackson/databind/jsonFormatVisitors/JsonNumberFormatVisitor$Base.class
[DEBUG] adding entry com/fasterxml/jackson/databind/jsonFormatVisitors/JsonNumberFormatVisitor.class
[DEBUG] adding entry com/fasterxml/jackson/databind/jsonFormatVisitors/JsonObjectFormatVisitor$Base.class
[DEBUG] adding entry com/fasterxml/jackson/databind/jsonFormatVisitors/JsonObjectFormatVisitor.class
[DEBUG] adding entry com/fasterxml/jackson/databind/jsonFormatVisitors/JsonStringFormatVisitor$Base.class
[DEBUG] adding entry com/fasterxml/jackson/databind/jsonFormatVisitors/JsonStringFormatVisitor.class
[DEBUG] adding entry com/fasterxml/jackson/databind/jsonFormatVisitors/JsonValueFormat$1.class
[DEBUG] adding entry com/fasterxml/jackson/databind/jsonFormatVisitors/JsonValueFormat$10.class
[DEBUG] adding entry com/fasterxml/jackson/databind/jsonFormatVisitors/JsonValueFormat$11.class
[DEBUG] adding entry com/fasterxml/jackson/databind/jsonFormatVisitors/JsonValueFormat$12.class
[DEBUG] adding entry com/fasterxml/jackson/databind/jsonFormatVisitors/JsonValueFormat$13.class
[DEBUG] adding entry com/fasterxml/jackson/databind/jsonFormatVisitors/JsonValueFormat$2.class
[DEBUG] adding entry com/fasterxml/jackson/databind/jsonFormatVisitors/JsonValueFormat$3.class
[DEBUG] adding entry com/fasterxml/jackson/databind/jsonFormatVisitors/JsonValueFormat$4.class
[DEBUG] adding entry com/fasterxml/jackson/databind/jsonFormatVisitors/JsonValueFormat$5.class
[DEBUG] adding entry com/fasterxml/jackson/databind/jsonFormatVisitors/JsonValueFormat$6.class
[DEBUG] adding entry com/fasterxml/jackson/databind/jsonFormatVisitors/JsonValueFormat$7.class
[DEBUG] adding entry com/fasterxml/jackson/databind/jsonFormatVisitors/JsonValueFormat$8.class
[DEBUG] adding entry com/fasterxml/jackson/databind/jsonFormatVisitors/JsonValueFormat$9.class
[DEBUG] adding entry com/fasterxml/jackson/databind/jsonFormatVisitors/JsonValueFormat.class
[DEBUG] adding entry com/fasterxml/jackson/databind/jsonFormatVisitors/JsonValueFormatVisitor$Base.class
[DEBUG] adding entry com/fasterxml/jackson/databind/jsonFormatVisitors/JsonValueFormatVisitor.class
[DEBUG] adding directory com/fasterxml/jackson/databind/jsonschema/
[DEBUG] adding entry com/fasterxml/jackson/databind/jsonschema/JsonSchema.class
[DEBUG] adding entry com/fasterxml/jackson/databind/jsonschema/JsonSerializableSchema.class
[DEBUG] adding entry com/fasterxml/jackson/databind/jsonschema/SchemaAware.class
[DEBUG] adding directory com/fasterxml/jackson/databind/jsontype/
[DEBUG] adding entry com/fasterxml/jackson/databind/jsontype/NamedType.class
[DEBUG] adding entry com/fasterxml/jackson/databind/jsontype/SubtypeResolver.class
[DEBUG] adding entry com/fasterxml/jackson/databind/jsontype/TypeDeserializer$1.class
[DEBUG] adding entry com/fasterxml/jackson/databind/jsontype/TypeDeserializer.class
[DEBUG] adding entry com/fasterxml/jackson/databind/jsontype/TypeIdResolver.class
[DEBUG] adding entry com/fasterxml/jackson/databind/jsontype/TypeResolverBuilder.class
[DEBUG] adding entry com/fasterxml/jackson/databind/jsontype/TypeSerializer.class
[DEBUG] adding directory com/fasterxml/jackson/databind/jsontype/impl/
[DEBUG] adding entry com/fasterxml/jackson/databind/jsontype/impl/AsArrayTypeDeserializer.class
[DEBUG] adding entry com/fasterxml/jackson/databind/jsontype/impl/AsArrayTypeSerializer.class
[DEBUG] adding entry com/fasterxml/jackson/databind/jsontype/impl/AsExistingPropertyTypeSerializer.class
[DEBUG] adding entry com/fasterxml/jackson/databind/jsontype/impl/AsExternalTypeDeserializer.class
[DEBUG] adding entry com/fasterxml/jackson/databind/jsontype/impl/AsExternalTypeSerializer.class
[DEBUG] adding entry com/fasterxml/jackson/databind/jsontype/impl/AsPropertyTypeDeserializer.class
[DEBUG] adding entry com/fasterxml/jackson/databind/jsontype/impl/AsPropertyTypeSerializer.class
[DEBUG] adding entry com/fasterxml/jackson/databind/jsontype/impl/AsWrapperTypeDeserializer.class
[DEBUG] adding entry com/fasterxml/jackson/databind/jsontype/impl/AsWrapperTypeSerializer.class
[DEBUG] adding entry com/fasterxml/jackson/databind/jsontype/impl/ClassNameIdResolver.class
[DEBUG] adding entry com/fasterxml/jackson/databind/jsontype/impl/MinimalClassNameIdResolver.class
[DEBUG] adding entry com/fasterxml/jackson/databind/jsontype/impl/StdSubtypeResolver.class
[DEBUG] adding entry com/fasterxml/jackson/databind/jsontype/impl/StdTypeResolverBuilder$1.class
[DEBUG] adding entry com/fasterxml/jackson/databind/jsontype/impl/StdTypeResolverBuilder.class
[DEBUG] adding entry com/fasterxml/jackson/databind/jsontype/impl/TypeDeserializerBase.class
[DEBUG] adding entry com/fasterxml/jackson/databind/jsontype/impl/TypeIdResolverBase.class
[DEBUG] adding entry com/fasterxml/jackson/databind/jsontype/impl/TypeNameIdResolver.class
[DEBUG] adding entry com/fasterxml/jackson/databind/jsontype/impl/TypeSerializerBase.class
[DEBUG] adding directory com/fasterxml/jackson/databind/module/
[DEBUG] adding entry com/fasterxml/jackson/databind/module/SimpleAbstractTypeResolver.class
[DEBUG] adding entry com/fasterxml/jackson/databind/module/SimpleDeserializers.class
[DEBUG] adding entry com/fasterxml/jackson/databind/module/SimpleKeyDeserializers.class
[DEBUG] adding entry com/fasterxml/jackson/databind/module/SimpleModule.class
[DEBUG] adding entry com/fasterxml/jackson/databind/module/SimpleSerializers.class
[DEBUG] adding entry com/fasterxml/jackson/databind/module/SimpleValueInstantiators.class
[DEBUG] adding directory com/fasterxml/jackson/databind/node/
[DEBUG] adding entry com/fasterxml/jackson/databind/node/ArrayNode.class
[DEBUG] adding entry com/fasterxml/jackson/databind/node/BaseJsonNode.class
[DEBUG] adding entry com/fasterxml/jackson/databind/node/BigIntegerNode.class
[DEBUG] adding entry com/fasterxml/jackson/databind/node/BinaryNode.class
[DEBUG] adding entry com/fasterxml/jackson/databind/node/BooleanNode.class
[DEBUG] adding entry com/fasterxml/jackson/databind/node/ContainerNode.class
[DEBUG] adding entry com/fasterxml/jackson/databind/node/DecimalNode.class
[DEBUG] adding entry com/fasterxml/jackson/databind/node/DoubleNode.class
[DEBUG] adding entry com/fasterxml/jackson/databind/node/FloatNode.class
[DEBUG] adding entry com/fasterxml/jackson/databind/node/IntNode.class
[DEBUG] adding entry com/fasterxml/jackson/databind/node/JsonNodeCreator.class
[DEBUG] adding entry com/fasterxml/jackson/databind/node/JsonNodeFactory.class
[DEBUG] adding entry com/fasterxml/jackson/databind/node/JsonNodeType.class
[DEBUG] adding entry com/fasterxml/jackson/databind/node/LongNode.class
[DEBUG] adding entry com/fasterxml/jackson/databind/node/MissingNode.class
[DEBUG] adding entry com/fasterxml/jackson/databind/node/NodeCursor$ArrayCursor.class
[DEBUG] adding entry com/fasterxml/jackson/databind/node/NodeCursor$ObjectCursor.class
[DEBUG] adding entry com/fasterxml/jackson/databind/node/NodeCursor$RootCursor.class
[DEBUG] adding entry com/fasterxml/jackson/databind/node/NodeCursor.class
[DEBUG] adding entry com/fasterxml/jackson/databind/node/NullNode.class
[DEBUG] adding entry com/fasterxml/jackson/databind/node/NumericNode.class
[DEBUG] adding entry com/fasterxml/jackson/databind/node/ObjectNode.class
[DEBUG] adding entry com/fasterxml/jackson/databind/node/POJONode.class
[DEBUG] adding entry com/fasterxml/jackson/databind/node/ShortNode.class
[DEBUG] adding entry com/fasterxml/jackson/databind/node/TextNode.class
[DEBUG] adding entry com/fasterxml/jackson/databind/node/TreeTraversingParser$1.class
[DEBUG] adding entry com/fasterxml/jackson/databind/node/TreeTraversingParser.class
[DEBUG] adding entry com/fasterxml/jackson/databind/node/ValueNode.class
[DEBUG] adding directory com/fasterxml/jackson/databind/ser/
[DEBUG] adding entry com/fasterxml/jackson/databind/ser/AnyGetterWriter.class
[DEBUG] adding entry com/fasterxml/jackson/databind/ser/BasicSerializerFactory$1.class
[DEBUG] adding entry com/fasterxml/jackson/databind/ser/BasicSerializerFactory.class
[DEBUG] adding entry com/fasterxml/jackson/databind/ser/BeanPropertyFilter.class
[DEBUG] adding entry com/fasterxml/jackson/databind/ser/BeanPropertyWriter.class
[DEBUG] adding entry com/fasterxml/jackson/databind/ser/BeanSerializer.class
[DEBUG] adding entry com/fasterxml/jackson/databind/ser/BeanSerializerBuilder.class
[DEBUG] adding entry com/fasterxml/jackson/databind/ser/BeanSerializerFactory.class
[DEBUG] adding entry com/fasterxml/jackson/databind/ser/BeanSerializerModifier.class
[DEBUG] adding entry com/fasterxml/jackson/databind/ser/ContainerSerializer.class
[DEBUG] adding entry com/fasterxml/jackson/databind/ser/ContextualSerializer.class
[DEBUG] adding entry com/fasterxml/jackson/databind/ser/DefaultSerializerProvider$Impl.class
[DEBUG] adding entry com/fasterxml/jackson/databind/ser/DefaultSerializerProvider.class
[DEBUG] adding entry com/fasterxml/jackson/databind/ser/FilterProvider.class
[DEBUG] adding entry com/fasterxml/jackson/databind/ser/PropertyBuilder$1.class
[DEBUG] adding entry com/fasterxml/jackson/databind/ser/PropertyBuilder.class
[DEBUG] adding entry com/fasterxml/jackson/databind/ser/PropertyFilter.class
[DEBUG] adding entry com/fasterxml/jackson/databind/ser/PropertyWriter.class
[DEBUG] adding entry com/fasterxml/jackson/databind/ser/ResolvableSerializer.class
[DEBUG] adding entry com/fasterxml/jackson/databind/ser/SerializerCache$TypeKey.class
[DEBUG] adding entry com/fasterxml/jackson/databind/ser/SerializerCache.class
[DEBUG] adding entry com/fasterxml/jackson/databind/ser/SerializerFactory.class
[DEBUG] adding entry com/fasterxml/jackson/databind/ser/Serializers$Base.class
[DEBUG] adding entry com/fasterxml/jackson/databind/ser/Serializers.class
[DEBUG] adding entry com/fasterxml/jackson/databind/ser/VirtualBeanPropertyWriter.class
[DEBUG] adding directory com/fasterxml/jackson/databind/ser/impl/
[DEBUG] adding entry com/fasterxml/jackson/databind/ser/impl/AttributePropertyWriter.class
[DEBUG] adding entry com/fasterxml/jackson/databind/ser/impl/BeanAsArraySerializer.class
[DEBUG] adding entry com/fasterxml/jackson/databind/ser/impl/FailingSerializer.class
[DEBUG] adding entry com/fasterxml/jackson/databind/ser/impl/FilteredBeanPropertyWriter$MultiView.class
[DEBUG] adding entry com/fasterxml/jackson/databind/ser/impl/FilteredBeanPropertyWriter$SingleView.class
[DEBUG] adding entry com/fasterxml/jackson/databind/ser/impl/FilteredBeanPropertyWriter.class
[DEBUG] adding entry com/fasterxml/jackson/databind/ser/impl/IndexedListSerializer.class
[DEBUG] adding entry com/fasterxml/jackson/databind/ser/impl/IndexedStringListSerializer.class
[DEBUG] adding entry com/fasterxml/jackson/databind/ser/impl/IteratorSerializer.class
[DEBUG] adding entry com/fasterxml/jackson/databind/ser/impl/JsonSerializerMap$Bucket.class
[DEBUG] adding entry com/fasterxml/jackson/databind/ser/impl/JsonSerializerMap.class
[DEBUG] adding entry com/fasterxml/jackson/databind/ser/impl/MapEntrySerializer.class
[DEBUG] adding entry com/fasterxml/jackson/databind/ser/impl/ObjectIdWriter.class
[DEBUG] adding entry com/fasterxml/jackson/databind/ser/impl/PropertyBasedObjectIdGenerator.class
[DEBUG] adding entry com/fasterxml/jackson/databind/ser/impl/PropertySerializerMap$Double.class
[DEBUG] adding entry com/fasterxml/jackson/databind/ser/impl/PropertySerializerMap$Empty.class
[DEBUG] adding entry com/fasterxml/jackson/databind/ser/impl/PropertySerializerMap$Multi.class
[DEBUG] adding entry com/fasterxml/jackson/databind/ser/impl/PropertySerializerMap$SerializerAndMapResult.class
[DEBUG] adding entry com/fasterxml/jackson/databind/ser/impl/PropertySerializerMap$Single.class
[DEBUG] adding entry com/fasterxml/jackson/databind/ser/impl/PropertySerializerMap$TypeAndSerializer.class
[DEBUG] adding entry com/fasterxml/jackson/databind/ser/impl/PropertySerializerMap.class
[DEBUG] adding entry com/fasterxml/jackson/databind/ser/impl/ReadOnlyClassToSerializerMap.class
[DEBUG] adding entry com/fasterxml/jackson/databind/ser/impl/SimpleBeanPropertyFilter$1.class
[DEBUG] adding entry com/fasterxml/jackson/databind/ser/impl/SimpleBeanPropertyFilter$FilterExceptFilter.class
[DEBUG] adding entry com/fasterxml/jackson/databind/ser/impl/SimpleBeanPropertyFilter$SerializeExceptFilter.class
[DEBUG] adding entry com/fasterxml/jackson/databind/ser/impl/SimpleBeanPropertyFilter.class
[DEBUG] adding entry com/fasterxml/jackson/databind/ser/impl/SimpleFilterProvider.class
[DEBUG] adding entry com/fasterxml/jackson/databind/ser/impl/StringArraySerializer.class
[DEBUG] adding entry com/fasterxml/jackson/databind/ser/impl/StringCollectionSerializer.class
[DEBUG] adding entry com/fasterxml/jackson/databind/ser/impl/TypeWrappedSerializer.class
[DEBUG] adding entry com/fasterxml/jackson/databind/ser/impl/UnknownSerializer.class
[DEBUG] adding entry com/fasterxml/jackson/databind/ser/impl/UnwrappingBeanPropertyWriter$1.class
[DEBUG] adding entry com/fasterxml/jackson/databind/ser/impl/UnwrappingBeanPropertyWriter.class
[DEBUG] adding entry com/fasterxml/jackson/databind/ser/impl/UnwrappingBeanSerializer.class
[DEBUG] adding entry com/fasterxml/jackson/databind/ser/impl/WritableObjectId.class
[DEBUG] adding directory com/fasterxml/jackson/databind/ser/std/
[DEBUG] adding entry com/fasterxml/jackson/databind/ser/std/ArraySerializerBase.class
[DEBUG] adding entry com/fasterxml/jackson/databind/ser/std/AsArraySerializerBase.class
[DEBUG] adding entry com/fasterxml/jackson/databind/ser/std/BeanSerializerBase$1.class
[DEBUG] adding entry com/fasterxml/jackson/databind/ser/std/BeanSerializerBase.class
[DEBUG] adding entry com/fasterxml/jackson/databind/ser/std/BooleanSerializer.class
[DEBUG] adding entry com/fasterxml/jackson/databind/ser/std/ByteBufferSerializer.class
[DEBUG] adding entry com/fasterxml/jackson/databind/ser/std/CalendarSerializer.class
[DEBUG] adding entry com/fasterxml/jackson/databind/ser/std/ClassSerializer.class
[DEBUG] adding entry com/fasterxml/jackson/databind/ser/std/CollectionSerializer.class
[DEBUG] adding entry com/fasterxml/jackson/databind/ser/std/DateSerializer.class
[DEBUG] adding entry com/fasterxml/jackson/databind/ser/std/DateTimeSerializerBase.class
[DEBUG] adding entry com/fasterxml/jackson/databind/ser/std/EnumMapSerializer.class
[DEBUG] adding entry com/fasterxml/jackson/databind/ser/std/EnumSerializer.class
[DEBUG] adding entry com/fasterxml/jackson/databind/ser/std/EnumSetSerializer.class
[DEBUG] adding entry com/fasterxml/jackson/databind/ser/std/FileSerializer.class
[DEBUG] adding entry com/fasterxml/jackson/databind/ser/std/InetAddressSerializer.class
[DEBUG] adding entry com/fasterxml/jackson/databind/ser/std/InetSocketAddressSerializer.class
[DEBUG] adding entry com/fasterxml/jackson/databind/ser/std/IterableSerializer.class
[DEBUG] adding entry com/fasterxml/jackson/databind/ser/std/JsonValueSerializer.class
[DEBUG] adding entry com/fasterxml/jackson/databind/ser/std/MapProperty.class
[DEBUG] adding entry com/fasterxml/jackson/databind/ser/std/MapSerializer.class
[DEBUG] adding entry com/fasterxml/jackson/databind/ser/std/NonTypedScalarSerializerBase.class
[DEBUG] adding entry com/fasterxml/jackson/databind/ser/std/NullSerializer.class
[DEBUG] adding entry com/fasterxml/jackson/databind/ser/std/NumberSerializer.class
[DEBUG] adding entry com/fasterxml/jackson/databind/ser/std/NumberSerializers$1.class
[DEBUG] adding entry com/fasterxml/jackson/databind/ser/std/NumberSerializers$Base.class
[DEBUG] adding entry com/fasterxml/jackson/databind/ser/std/NumberSerializers$DoubleSerializer.class
[DEBUG] adding entry com/fasterxml/jackson/databind/ser/std/NumberSerializers$FloatSerializer.class
[DEBUG] adding entry com/fasterxml/jackson/databind/ser/std/NumberSerializers$IntLikeSerializer.class
[DEBUG] adding entry com/fasterxml/jackson/databind/ser/std/NumberSerializers$IntegerSerializer.class
[DEBUG] adding entry com/fasterxml/jackson/databind/ser/std/NumberSerializers$LongSerializer.class
[DEBUG] adding entry com/fasterxml/jackson/databind/ser/std/NumberSerializers$ShortSerializer.class
[DEBUG] adding entry com/fasterxml/jackson/databind/ser/std/NumberSerializers.class
[DEBUG] adding entry com/fasterxml/jackson/databind/ser/std/ObjectArraySerializer.class
[DEBUG] adding entry com/fasterxml/jackson/databind/ser/std/RawSerializer.class
[DEBUG] adding entry com/fasterxml/jackson/databind/ser/std/SerializableSerializer.class
[DEBUG] adding entry com/fasterxml/jackson/databind/ser/std/SqlDateSerializer.class
[DEBUG] adding entry com/fasterxml/jackson/databind/ser/std/SqlTimeSerializer.class
[DEBUG] adding entry com/fasterxml/jackson/databind/ser/std/StaticListSerializerBase.class
[DEBUG] adding entry com/fasterxml/jackson/databind/ser/std/StdArraySerializers$BooleanArraySerializer.class
[DEBUG] adding entry com/fasterxml/jackson/databind/ser/std/StdArraySerializers$ByteArraySerializer.class
[DEBUG] adding entry com/fasterxml/jackson/databind/ser/std/StdArraySerializers$CharArraySerializer.class
[DEBUG] adding entry com/fasterxml/jackson/databind/ser/std/StdArraySerializers$DoubleArraySerializer.class
[DEBUG] adding entry com/fasterxml/jackson/databind/ser/std/StdArraySerializers$FloatArraySerializer.class
[DEBUG] adding entry com/fasterxml/jackson/databind/ser/std/StdArraySerializers$IntArraySerializer.class
[DEBUG] adding entry com/fasterxml/jackson/databind/ser/std/StdArraySerializers$LongArraySerializer.class
[DEBUG] adding entry com/fasterxml/jackson/databind/ser/std/StdArraySerializers$ShortArraySerializer.class
[DEBUG] adding entry com/fasterxml/jackson/databind/ser/std/StdArraySerializers$TypedPrimitiveArraySerializer.class
[DEBUG] adding entry com/fasterxml/jackson/databind/ser/std/StdArraySerializers.class
[DEBUG] adding entry com/fasterxml/jackson/databind/ser/std/StdDelegatingSerializer.class
[DEBUG] adding entry com/fasterxml/jackson/databind/ser/std/StdJdkSerializers$AtomicBooleanSerializer.class
[DEBUG] adding entry com/fasterxml/jackson/databind/ser/std/StdJdkSerializers$AtomicIntegerSerializer.class
[DEBUG] adding entry com/fasterxml/jackson/databind/ser/std/StdJdkSerializers$AtomicLongSerializer.class
[DEBUG] adding entry com/fasterxml/jackson/databind/ser/std/StdJdkSerializers$AtomicReferenceSerializer.class
[DEBUG] adding entry com/fasterxml/jackson/databind/ser/std/StdJdkSerializers.class
[DEBUG] adding entry com/fasterxml/jackson/databind/ser/std/StdKeySerializer.class
[DEBUG] adding entry com/fasterxml/jackson/databind/ser/std/StdKeySerializers$CalendarKeySerializer.class
[DEBUG] adding entry com/fasterxml/jackson/databind/ser/std/StdKeySerializers$ClassKeySerializer.class
[DEBUG] adding entry com/fasterxml/jackson/databind/ser/std/StdKeySerializers$DateKeySerializer.class
[DEBUG] adding entry com/fasterxml/jackson/databind/ser/std/StdKeySerializers$StringKeySerializer.class
[DEBUG] adding entry com/fasterxml/jackson/databind/ser/std/StdKeySerializers.class
[DEBUG] adding entry com/fasterxml/jackson/databind/ser/std/StdScalarSerializer.class
[DEBUG] adding entry com/fasterxml/jackson/databind/ser/std/StdSerializer.class
[DEBUG] adding entry com/fasterxml/jackson/databind/ser/std/StringSerializer.class
[DEBUG] adding entry com/fasterxml/jackson/databind/ser/std/TimeZoneSerializer.class
[DEBUG] adding entry com/fasterxml/jackson/databind/ser/std/ToStringSerializer.class
[DEBUG] adding entry com/fasterxml/jackson/databind/ser/std/TokenBufferSerializer.class
[DEBUG] adding entry com/fasterxml/jackson/databind/ser/std/UUIDSerializer.class
[DEBUG] adding directory com/fasterxml/jackson/databind/type/
[DEBUG] adding entry com/fasterxml/jackson/databind/type/ArrayType.class
[DEBUG] adding entry com/fasterxml/jackson/databind/type/ClassKey.class
[DEBUG] adding entry com/fasterxml/jackson/databind/type/CollectionLikeType.class
[DEBUG] adding entry com/fasterxml/jackson/databind/type/CollectionType.class
[DEBUG] adding entry com/fasterxml/jackson/databind/type/HierarchicType.class
[DEBUG] adding entry com/fasterxml/jackson/databind/type/MapLikeType.class
[DEBUG] adding entry com/fasterxml/jackson/databind/type/MapType.class
[DEBUG] adding entry com/fasterxml/jackson/databind/type/SimpleType.class
[DEBUG] adding entry com/fasterxml/jackson/databind/type/TypeBase.class
[DEBUG] adding entry com/fasterxml/jackson/databind/type/TypeBindings.class
[DEBUG] adding entry com/fasterxml/jackson/databind/type/TypeFactory.class
[DEBUG] adding entry com/fasterxml/jackson/databind/type/TypeModifier.class
[DEBUG] adding entry com/fasterxml/jackson/databind/type/TypeParser$MyTokenizer.class
[DEBUG] adding entry com/fasterxml/jackson/databind/type/TypeParser.class
[DEBUG] adding directory com/fasterxml/jackson/databind/util/
[DEBUG] adding entry com/fasterxml/jackson/databind/util/Annotations.class
[DEBUG] adding entry com/fasterxml/jackson/databind/util/ArrayBuilders$1.class
[DEBUG] adding entry com/fasterxml/jackson/databind/util/ArrayBuilders$BooleanBuilder.class
[DEBUG] adding entry com/fasterxml/jackson/databind/util/ArrayBuilders$ByteBuilder.class
[DEBUG] adding entry com/fasterxml/jackson/databind/util/ArrayBuilders$DoubleBuilder.class
[DEBUG] adding entry com/fasterxml/jackson/databind/util/ArrayBuilders$FloatBuilder.class
[DEBUG] adding entry com/fasterxml/jackson/databind/util/ArrayBuilders$IntBuilder.class
[DEBUG] adding entry com/fasterxml/jackson/databind/util/ArrayBuilders$LongBuilder.class
[DEBUG] adding entry com/fasterxml/jackson/databind/util/ArrayBuilders$ShortBuilder.class
[DEBUG] adding entry com/fasterxml/jackson/databind/util/ArrayBuilders.class
[DEBUG] adding entry com/fasterxml/jackson/databind/util/ArrayIterator.class
[DEBUG] adding entry com/fasterxml/jackson/databind/util/BeanUtil.class
[DEBUG] adding entry com/fasterxml/jackson/databind/util/ByteBufferBackedInputStream.class
[DEBUG] adding entry com/fasterxml/jackson/databind/util/ByteBufferBackedOutputStream.class
[DEBUG] adding entry com/fasterxml/jackson/databind/util/ClassUtil$EnumTypeLocator.class
[DEBUG] adding entry com/fasterxml/jackson/databind/util/ClassUtil.class
[DEBUG] adding entry com/fasterxml/jackson/databind/util/ContainerBuilder.class
[DEBUG] adding entry com/fasterxml/jackson/databind/util/Converter$None.class
[DEBUG] adding entry com/fasterxml/jackson/databind/util/Converter.class
[DEBUG] adding entry com/fasterxml/jackson/databind/util/EmptyIterator.class
[DEBUG] adding entry com/fasterxml/jackson/databind/util/EnumResolver.class
[DEBUG] adding entry com/fasterxml/jackson/databind/util/EnumValues.class
[DEBUG] adding entry com/fasterxml/jackson/databind/util/ISO8601DateFormat.class
[DEBUG] adding entry com/fasterxml/jackson/databind/util/ISO8601Utils.class
[DEBUG] adding entry com/fasterxml/jackson/databind/util/JSONPObject.class
[DEBUG] adding entry com/fasterxml/jackson/databind/util/JSONWrappedObject.class
[DEBUG] adding entry com/fasterxml/jackson/databind/util/LRUMap.class
[DEBUG] adding entry com/fasterxml/jackson/databind/util/LinkedNode.class
[DEBUG] adding entry com/fasterxml/jackson/databind/util/NameTransformer$1.class
[DEBUG] adding entry com/fasterxml/jackson/databind/util/NameTransformer$2.class
[DEBUG] adding entry com/fasterxml/jackson/databind/util/NameTransformer$3.class
[DEBUG] adding entry com/fasterxml/jackson/databind/util/NameTransformer$4.class
[DEBUG] adding entry com/fasterxml/jackson/databind/util/NameTransformer$Chained.class
[DEBUG] adding entry com/fasterxml/jackson/databind/util/NameTransformer.class
[DEBUG] adding entry com/fasterxml/jackson/databind/util/Named.class
[DEBUG] adding entry com/fasterxml/jackson/databind/util/ObjectBuffer.class
[DEBUG] adding entry com/fasterxml/jackson/databind/util/ObjectIdMap.class
[DEBUG] adding entry com/fasterxml/jackson/databind/util/PrimitiveArrayBuilder$Node.class
[DEBUG] adding entry com/fasterxml/jackson/databind/util/PrimitiveArrayBuilder.class
[DEBUG] adding entry com/fasterxml/jackson/databind/util/RootNameLookup.class
[DEBUG] adding entry com/fasterxml/jackson/databind/util/SimpleBeanPropertyDefinition.class
[DEBUG] adding entry com/fasterxml/jackson/databind/util/StdConverter.class
[DEBUG] adding entry com/fasterxml/jackson/databind/util/StdDateFormat.class
[DEBUG] adding entry com/fasterxml/jackson/databind/util/TokenBuffer$1.class
[DEBUG] adding entry com/fasterxml/jackson/databind/util/TokenBuffer$Parser.class
[DEBUG] adding entry com/fasterxml/jackson/databind/util/TokenBuffer$Segment.class
[DEBUG] adding entry com/fasterxml/jackson/databind/util/TokenBuffer.class
[DEBUG] adding entry com/fasterxml/jackson/databind/util/ViewMatcher$Multi.class
[DEBUG] adding entry com/fasterxml/jackson/databind/util/ViewMatcher$Single.class
[DEBUG] adding entry com/fasterxml/jackson/databind/util/ViewMatcher.class
[INFO] META-INF/MANIFEST.MF already added, skipping
[INFO] META-INF/ already added, skipping
[INFO] META-INF/LICENSE already added, skipping
[INFO] META-INF/maven/ already added, skipping
[INFO] META-INF/maven/com.fasterxml.jackson.core/ already added, skipping
[DEBUG] adding directory META-INF/maven/com.fasterxml.jackson.core/jackson-annotations/
[DEBUG] adding entry META-INF/maven/com.fasterxml.jackson.core/jackson-annotations/pom.properties
[DEBUG] adding entry META-INF/maven/com.fasterxml.jackson.core/jackson-annotations/pom.xml
[INFO] com/ already added, skipping
[INFO] com/fasterxml/ already added, skipping
[INFO] com/fasterxml/jackson/ already added, skipping
[DEBUG] adding directory com/fasterxml/jackson/annotation/
[DEBUG] adding entry com/fasterxml/jackson/annotation/JacksonAnnotation.class
[DEBUG] adding entry com/fasterxml/jackson/annotation/JacksonAnnotationsInside.class
[DEBUG] adding entry com/fasterxml/jackson/annotation/JacksonInject.class
[DEBUG] adding entry com/fasterxml/jackson/annotation/JsonAnyGetter.class
[DEBUG] adding entry com/fasterxml/jackson/annotation/JsonAnySetter.class
[DEBUG] adding entry com/fasterxml/jackson/annotation/JsonAutoDetect$1.class
[DEBUG] adding entry com/fasterxml/jackson/annotation/JsonAutoDetect$Visibility.class
[DEBUG] adding entry com/fasterxml/jackson/annotation/JsonAutoDetect.class
[DEBUG] adding entry com/fasterxml/jackson/annotation/JsonBackReference.class
[DEBUG] adding entry com/fasterxml/jackson/annotation/JsonCreator$Mode.class
[DEBUG] adding entry com/fasterxml/jackson/annotation/JsonCreator.class
[DEBUG] adding entry com/fasterxml/jackson/annotation/JsonFilter.class
[DEBUG] adding entry com/fasterxml/jackson/annotation/JsonFormat$Shape.class
[DEBUG] adding entry com/fasterxml/jackson/annotation/JsonFormat$Value.class
[DEBUG] adding entry com/fasterxml/jackson/annotation/JsonFormat.class
[DEBUG] adding entry com/fasterxml/jackson/annotation/JsonGetter.class
[DEBUG] adding entry com/fasterxml/jackson/annotation/JsonIdentityInfo.class
[DEBUG] adding entry com/fasterxml/jackson/annotation/JsonIdentityReference.class
[DEBUG] adding entry com/fasterxml/jackson/annotation/JsonIgnore.class
[DEBUG] adding entry com/fasterxml/jackson/annotation/JsonIgnoreProperties.class
[DEBUG] adding entry com/fasterxml/jackson/annotation/JsonIgnoreType.class
[DEBUG] adding entry com/fasterxml/jackson/annotation/JsonInclude$Include.class
[DEBUG] adding entry com/fasterxml/jackson/annotation/JsonInclude.class
[DEBUG] adding entry com/fasterxml/jackson/annotation/JsonManagedReference.class
[DEBUG] adding entry com/fasterxml/jackson/annotation/JsonProperty.class
[DEBUG] adding entry com/fasterxml/jackson/annotation/JsonPropertyDescription.class
[DEBUG] adding entry com/fasterxml/jackson/annotation/JsonPropertyOrder.class
[DEBUG] adding entry com/fasterxml/jackson/annotation/JsonRawValue.class
[DEBUG] adding entry com/fasterxml/jackson/annotation/JsonRootName.class
[DEBUG] adding entry com/fasterxml/jackson/annotation/JsonSetter.class
[DEBUG] adding entry com/fasterxml/jackson/annotation/JsonSubTypes$Type.class
[DEBUG] adding entry com/fasterxml/jackson/annotation/JsonSubTypes.class
[DEBUG] adding entry com/fasterxml/jackson/annotation/JsonTypeId.class
[DEBUG] adding entry com/fasterxml/jackson/annotation/JsonTypeInfo$As.class
[DEBUG] adding entry com/fasterxml/jackson/annotation/JsonTypeInfo$Id.class
[DEBUG] adding entry com/fasterxml/jackson/annotation/JsonTypeInfo$None.class
[DEBUG] adding entry com/fasterxml/jackson/annotation/JsonTypeInfo.class
[DEBUG] adding entry com/fasterxml/jackson/annotation/JsonTypeName.class
[DEBUG] adding entry com/fasterxml/jackson/annotation/JsonUnwrapped.class
[DEBUG] adding entry com/fasterxml/jackson/annotation/JsonValue.class
[DEBUG] adding entry com/fasterxml/jackson/annotation/JsonView.class
[DEBUG] adding entry com/fasterxml/jackson/annotation/ObjectIdGenerator$IdKey.class
[DEBUG] adding entry com/fasterxml/jackson/annotation/ObjectIdGenerator.class
[DEBUG] adding entry com/fasterxml/jackson/annotation/ObjectIdGenerators$Base.class
[DEBUG] adding entry com/fasterxml/jackson/annotation/ObjectIdGenerators$IntSequenceGenerator.class
[DEBUG] adding entry com/fasterxml/jackson/annotation/ObjectIdGenerators$None.class
[DEBUG] adding entry com/fasterxml/jackson/annotation/ObjectIdGenerators$PropertyGenerator.class
[DEBUG] adding entry com/fasterxml/jackson/annotation/ObjectIdGenerators$UUIDGenerator.class
[DEBUG] adding entry com/fasterxml/jackson/annotation/ObjectIdGenerators.class
[DEBUG] adding entry com/fasterxml/jackson/annotation/ObjectIdResolver.class
[DEBUG] adding entry com/fasterxml/jackson/annotation/PropertyAccessor.class
[DEBUG] adding entry com/fasterxml/jackson/annotation/SimpleObjectIdResolver.class
[INFO] META-INF/MANIFEST.MF already added, skipping
[INFO] META-INF/ already added, skipping
[INFO] META-INF/LICENSE already added, skipping
[INFO] META-INF/NOTICE already added, skipping
[INFO] META-INF/maven/ already added, skipping
[INFO] META-INF/maven/com.fasterxml.jackson.jaxrs/ already added, skipping
[DEBUG] adding directory META-INF/maven/com.fasterxml.jackson.jaxrs/jackson-jaxrs-json-provider/
[DEBUG] adding entry META-INF/maven/com.fasterxml.jackson.jaxrs/jackson-jaxrs-json-provider/pom.properties
[DEBUG] adding entry META-INF/maven/com.fasterxml.jackson.jaxrs/jackson-jaxrs-json-provider/pom.xml
[INFO] META-INF/services/ already added, skipping
[DEBUG] adding entry META-INF/services/javax.ws.rs.ext.MessageBodyReader
[DEBUG] adding entry META-INF/services/javax.ws.rs.ext.MessageBodyWriter
[INFO] com/ already added, skipping
[INFO] com/fasterxml/ already added, skipping
[INFO] com/fasterxml/jackson/ already added, skipping
[INFO] com/fasterxml/jackson/jaxrs/ already added, skipping
[DEBUG] adding directory com/fasterxml/jackson/jaxrs/json/
[DEBUG] adding entry com/fasterxml/jackson/jaxrs/json/JacksonJaxbJsonProvider.class
[DEBUG] adding entry com/fasterxml/jackson/jaxrs/json/JacksonJsonProvider.class
[DEBUG] adding entry com/fasterxml/jackson/jaxrs/json/JsonEndpointConfig.class
[DEBUG] adding entry com/fasterxml/jackson/jaxrs/json/JsonMapperConfigurator$1.class
[DEBUG] adding entry com/fasterxml/jackson/jaxrs/json/JsonMapperConfigurator.class
[DEBUG] adding entry com/fasterxml/jackson/jaxrs/json/JsonMappingExceptionMapper.class
[DEBUG] adding entry com/fasterxml/jackson/jaxrs/json/JsonParseExceptionMapper.class
[DEBUG] adding entry com/fasterxml/jackson/jaxrs/json/PackageVersion.class
[DEBUG] adding directory com/fasterxml/jackson/jaxrs/json/annotation/
[DEBUG] adding entry com/fasterxml/jackson/jaxrs/json/annotation/JSONP$Def.class
[DEBUG] adding entry com/fasterxml/jackson/jaxrs/json/annotation/JSONP.class
[DEBUG] adding entry com/fasterxml/jackson/jaxrs/json/annotation/JacksonFeatures.class
[INFO] META-INF/MANIFEST.MF already added, skipping
[INFO] META-INF/ already added, skipping
[INFO] META-INF/LICENSE already added, skipping
[INFO] META-INF/NOTICE already added, skipping
[INFO] META-INF/maven/ already added, skipping
[DEBUG] adding directory META-INF/maven/com.fasterxml.jackson.module/
[DEBUG] adding directory META-INF/maven/com.fasterxml.jackson.module/jackson-module-jaxb-annotations/
[DEBUG] adding entry META-INF/maven/com.fasterxml.jackson.module/jackson-module-jaxb-annotations/pom.properties
[DEBUG] adding entry META-INF/maven/com.fasterxml.jackson.module/jackson-module-jaxb-annotations/pom.xml
[INFO] META-INF/services/ already added, skipping
[DEBUG] adding entry META-INF/services/com.fasterxml.jackson.databind.Module
[INFO] com/ already added, skipping
[INFO] com/fasterxml/ already added, skipping
[INFO] com/fasterxml/jackson/ already added, skipping
[DEBUG] adding directory com/fasterxml/jackson/module/
[DEBUG] adding directory com/fasterxml/jackson/module/jaxb/
[DEBUG] adding entry com/fasterxml/jackson/module/jaxb/AdapterConverter.class
[DEBUG] adding entry com/fasterxml/jackson/module/jaxb/JaxbAnnotationIntrospector$1.class
[DEBUG] adding entry com/fasterxml/jackson/module/jaxb/JaxbAnnotationIntrospector.class
[DEBUG] adding entry com/fasterxml/jackson/module/jaxb/JaxbAnnotationModule$1.class
[DEBUG] adding entry com/fasterxml/jackson/module/jaxb/JaxbAnnotationModule$Priority.class
[DEBUG] adding entry com/fasterxml/jackson/module/jaxb/JaxbAnnotationModule.class
[DEBUG] adding entry com/fasterxml/jackson/module/jaxb/PackageVersion.class
[DEBUG] adding directory com/fasterxml/jackson/module/jaxb/deser/
[DEBUG] adding entry com/fasterxml/jackson/module/jaxb/deser/DataHandlerJsonDeserializer$1.class
[DEBUG] adding entry com/fasterxml/jackson/module/jaxb/deser/DataHandlerJsonDeserializer.class
[DEBUG] adding entry com/fasterxml/jackson/module/jaxb/deser/DomElementJsonDeserializer.class
[DEBUG] adding directory com/fasterxml/jackson/module/jaxb/ser/
[DEBUG] adding entry com/fasterxml/jackson/module/jaxb/ser/DataHandlerJsonSerializer.class
[DEBUG] adding entry com/fasterxml/jackson/module/jaxb/ser/DomElementJsonSerializer.class
[INFO] META-INF/ already added, skipping
[INFO] META-INF/MANIFEST.MF already added, skipping
[INFO] org/ already added, skipping
[DEBUG] adding directory org/hibernate/
[DEBUG] adding directory org/hibernate/validator/
[DEBUG] adding directory org/hibernate/validator/parameternameprovider/
[DEBUG] adding directory org/hibernate/validator/cfg/
[DEBUG] adding directory org/hibernate/validator/cfg/context/
[DEBUG] adding directory org/hibernate/validator/cfg/defs/
[DEBUG] adding directory org/hibernate/validator/messageinterpolation/
[DEBUG] adding directory org/hibernate/validator/valuehandling/
[DEBUG] adding directory org/hibernate/validator/internal/
[DEBUG] adding directory org/hibernate/validator/internal/cfg/
[DEBUG] adding directory org/hibernate/validator/internal/cfg/context/
[DEBUG] adding directory org/hibernate/validator/internal/engine/
[DEBUG] adding directory org/hibernate/validator/internal/engine/constraintdefinition/
[DEBUG] adding directory org/hibernate/validator/internal/engine/groups/
[DEBUG] adding directory org/hibernate/validator/internal/engine/messageinterpolation/
[DEBUG] adding directory org/hibernate/validator/internal/engine/messageinterpolation/el/
[DEBUG] adding directory org/hibernate/validator/internal/engine/messageinterpolation/parser/
[DEBUG] adding directory org/hibernate/validator/internal/engine/valuehandling/
[DEBUG] adding directory org/hibernate/validator/internal/engine/time/
[DEBUG] adding directory org/hibernate/validator/internal/engine/resolver/
[DEBUG] adding directory org/hibernate/validator/internal/engine/constraintvalidation/
[DEBUG] adding directory org/hibernate/validator/internal/engine/path/
[DEBUG] adding directory org/hibernate/validator/internal/util/
[DEBUG] adding directory org/hibernate/validator/internal/util/annotationfactory/
[DEBUG] adding directory org/hibernate/validator/internal/util/logging/
[DEBUG] adding directory org/hibernate/validator/internal/util/privilegedactions/
[DEBUG] adding directory org/hibernate/validator/internal/util/classhierarchy/
[DEBUG] adding directory org/hibernate/validator/internal/util/scriptengine/
[DEBUG] adding directory org/hibernate/validator/internal/constraintvalidators/
[DEBUG] adding directory org/hibernate/validator/internal/constraintvalidators/hv/
[DEBUG] adding directory org/hibernate/validator/internal/constraintvalidators/hv/br/
[DEBUG] adding directory org/hibernate/validator/internal/constraintvalidators/bv/
[DEBUG] adding directory org/hibernate/validator/internal/constraintvalidators/bv/past/
[DEBUG] adding directory org/hibernate/validator/internal/constraintvalidators/bv/size/
[DEBUG] adding directory org/hibernate/validator/internal/constraintvalidators/bv/future/
[DEBUG] adding directory org/hibernate/validator/internal/metadata/
[DEBUG] adding directory org/hibernate/validator/internal/metadata/core/
[DEBUG] adding directory org/hibernate/validator/internal/metadata/descriptor/
[DEBUG] adding directory org/hibernate/validator/internal/metadata/raw/
[DEBUG] adding directory org/hibernate/validator/internal/metadata/provider/
[DEBUG] adding directory org/hibernate/validator/internal/metadata/facets/
[DEBUG] adding directory org/hibernate/validator/internal/metadata/aggregated/
[DEBUG] adding directory org/hibernate/validator/internal/metadata/aggregated/rule/
[DEBUG] adding directory org/hibernate/validator/internal/metadata/location/
[DEBUG] adding directory org/hibernate/validator/internal/xml/
[DEBUG] adding directory org/hibernate/validator/constraintvalidators/
[DEBUG] adding directory org/hibernate/validator/constraints/
[DEBUG] adding directory org/hibernate/validator/constraints/br/
[DEBUG] adding directory org/hibernate/validator/spi/
[DEBUG] adding directory org/hibernate/validator/spi/constraintdefinition/
[DEBUG] adding directory org/hibernate/validator/spi/cfg/
[DEBUG] adding directory org/hibernate/validator/spi/valuehandling/
[DEBUG] adding directory org/hibernate/validator/spi/time/
[DEBUG] adding directory org/hibernate/validator/spi/resourceloading/
[DEBUG] adding directory org/hibernate/validator/spi/group/
[DEBUG] adding directory org/hibernate/validator/resourceloading/
[DEBUG] adding directory org/hibernate/validator/constraintvalidation/
[DEBUG] adding directory org/hibernate/validator/path/
[DEBUG] adding directory org/hibernate/validator/group/
[INFO] META-INF/services/ already added, skipping
[DEBUG] adding entry org/hibernate/validator/parameternameprovider/ReflectionParameterNameProvider.class
[DEBUG] adding entry org/hibernate/validator/parameternameprovider/ParanamerParameterNameProvider.class
[DEBUG] adding entry org/hibernate/validator/ValidationMessages_es.properties
[DEBUG] adding entry org/hibernate/validator/ValidationMessages_fr.properties
[DEBUG] adding entry org/hibernate/validator/ValidationMessages.properties
[DEBUG] adding entry org/hibernate/validator/cfg/context/AnnotationIgnoreOptions.class
[DEBUG] adding entry org/hibernate/validator/cfg/context/TypeConstraintMappingContext.class
[DEBUG] adding entry org/hibernate/validator/cfg/context/Unwrapable.class
[DEBUG] adding entry org/hibernate/validator/cfg/context/ReturnValueTarget.class
[DEBUG] adding entry org/hibernate/validator/cfg/context/ReturnValueConstraintMappingContext.class
[DEBUG] adding entry org/hibernate/validator/cfg/context/AnnotationProcessingOptions.class
[DEBUG] adding entry org/hibernate/validator/cfg/context/PropertyConstraintMappingContext.class
[DEBUG] adding entry org/hibernate/validator/cfg/context/Constrainable.class
[DEBUG] adding entry org/hibernate/validator/cfg/context/CrossParameterTarget.class
[DEBUG] adding entry org/hibernate/validator/cfg/context/MethodTarget.class
[DEBUG] adding entry org/hibernate/validator/cfg/context/GroupConversionTargetContext.class
[DEBUG] adding entry org/hibernate/validator/cfg/context/ParameterTarget.class
[DEBUG] adding entry org/hibernate/validator/cfg/context/ConstructorConstraintMappingContext.class
[DEBUG] adding entry org/hibernate/validator/cfg/context/ConstructorTarget.class
[DEBUG] adding entry org/hibernate/validator/cfg/context/CrossParameterConstraintMappingContext.class
[DEBUG] adding entry org/hibernate/validator/cfg/context/ParameterConstraintMappingContext.class
[DEBUG] adding entry org/hibernate/validator/cfg/context/PropertyTarget.class
[DEBUG] adding entry org/hibernate/validator/cfg/context/MethodConstraintMappingContext.class
[DEBUG] adding entry org/hibernate/validator/cfg/context/Cascadable.class
[DEBUG] adding entry org/hibernate/validator/cfg/context/TypeTarget.class
[DEBUG] adding entry org/hibernate/validator/cfg/ConstraintDef.class
[DEBUG] adding entry org/hibernate/validator/cfg/GenericConstraintDef.class
[DEBUG] adding entry org/hibernate/validator/cfg/ConstraintMapping.class
[DEBUG] adding entry org/hibernate/validator/cfg/defs/NotEmptyDef.class
[DEBUG] adding entry org/hibernate/validator/cfg/defs/LengthDef.class
[DEBUG] adding entry org/hibernate/validator/cfg/defs/MaxDef.class
[DEBUG] adding entry org/hibernate/validator/cfg/defs/AssertTrueDef.class
[DEBUG] adding entry org/hibernate/validator/cfg/defs/CreditCardNumberDef.class
[DEBUG] adding entry org/hibernate/validator/cfg/defs/NotNullDef.class
[DEBUG] adding entry org/hibernate/validator/cfg/defs/SizeDef.class
[DEBUG] adding entry org/hibernate/validator/cfg/defs/Mod11CheckDef.class
[DEBUG] adding entry org/hibernate/validator/cfg/defs/PastDef.class
[DEBUG] adding entry org/hibernate/validator/cfg/defs/MinDef.class
[DEBUG] adding entry org/hibernate/validator/cfg/defs/RangeDef.class
[DEBUG] adding entry org/hibernate/validator/cfg/defs/AssertFalseDef.class
[DEBUG] adding entry org/hibernate/validator/cfg/defs/URLDef.class
[DEBUG] adding entry org/hibernate/validator/cfg/defs/DecimalMaxDef.class
[DEBUG] adding entry org/hibernate/validator/cfg/defs/ScriptAssertDef.class
[DEBUG] adding entry org/hibernate/validator/cfg/defs/NotBlankDef.class
[DEBUG] adding entry org/hibernate/validator/cfg/defs/Mod10CheckDef.class
[DEBUG] adding entry org/hibernate/validator/cfg/defs/EANDef.class
[DEBUG] adding entry org/hibernate/validator/cfg/defs/DigitsDef.class
[DEBUG] adding entry org/hibernate/validator/cfg/defs/PatternDef.class
[DEBUG] adding entry org/hibernate/validator/cfg/defs/FutureDef.class
[DEBUG] adding entry org/hibernate/validator/cfg/defs/NullDef.class
[DEBUG] adding entry org/hibernate/validator/cfg/defs/EmailDef.class
[DEBUG] adding entry org/hibernate/validator/cfg/defs/DecimalMinDef.class
[DEBUG] adding entry org/hibernate/validator/messageinterpolation/ParameterMessageInterpolator.class
[DEBUG] adding entry org/hibernate/validator/messageinterpolation/ResourceBundleMessageInterpolator.class
[DEBUG] adding entry org/hibernate/validator/messageinterpolation/HibernateMessageInterpolatorContext.class
[DEBUG] adding entry org/hibernate/validator/messageinterpolation/AbstractMessageInterpolator.class
[DEBUG] adding entry org/hibernate/validator/ValidationMessages_tr.properties
[DEBUG] adding entry org/hibernate/validator/valuehandling/UnwrapValidatedValue.class
[DEBUG] adding entry org/hibernate/validator/HibernateValidatorConfiguration.class
[DEBUG] adding entry org/hibernate/validator/ValidationMessages_hu.properties
[DEBUG] adding entry org/hibernate/validator/ValidationMessages_en.properties
[DEBUG] adding entry org/hibernate/validator/internal/cfg/context/ConfiguredConstraint$ConstraintDefAccessor.class
[DEBUG] adding entry org/hibernate/validator/internal/cfg/context/ConfiguredConstraint.class
[DEBUG] adding entry org/hibernate/validator/internal/cfg/context/ExecutableConstraintMappingContextImpl.class
[DEBUG] adding entry org/hibernate/validator/internal/cfg/context/DefaultConstraintMapping.class
[DEBUG] adding entry org/hibernate/validator/internal/cfg/context/ParameterConstraintMappingContextImpl.class
[DEBUG] adding entry org/hibernate/validator/internal/cfg/context/ConfiguredConstraint$1.class
[DEBUG] adding entry org/hibernate/validator/internal/cfg/context/ConstructorConstraintMappingContextImpl.class
[DEBUG] adding entry org/hibernate/validator/internal/cfg/context/ConstraintMappingContextImplBase.class
[DEBUG] adding entry org/hibernate/validator/internal/cfg/context/GroupConversionTargetContextImpl.class
[DEBUG] adding entry org/hibernate/validator/internal/cfg/context/TypeConstraintMappingContextImpl.class
[DEBUG] adding entry org/hibernate/validator/internal/cfg/context/CascadableConstraintMappingContextImplBase.class
[DEBUG] adding entry org/hibernate/validator/internal/cfg/context/ReturnValueConstraintMappingContextImpl.class
[DEBUG] adding entry org/hibernate/validator/internal/cfg/context/MethodConstraintMappingContextImpl.class
[DEBUG] adding entry org/hibernate/validator/internal/cfg/context/CrossParameterConstraintMappingContextImpl.class
[DEBUG] adding entry org/hibernate/validator/internal/cfg/context/PropertyConstraintMappingContextImpl.class
[DEBUG] adding entry org/hibernate/validator/internal/engine/ValidatorContextImpl.class
[DEBUG] adding entry org/hibernate/validator/internal/engine/constraintdefinition/ConstraintDefinitionBuilderContextImpl.class
[DEBUG] adding entry org/hibernate/validator/internal/engine/constraintdefinition/ConstraintDefinitionContribution.class
[DEBUG] adding entry org/hibernate/validator/internal/engine/constraintdefinition/ConstraintDefinitionBuilderImpl.class
[DEBUG] adding entry org/hibernate/validator/internal/engine/ValidationContext$BeanAndPath.class
[DEBUG] adding entry org/hibernate/validator/internal/engine/ValidatorImpl.class
[DEBUG] adding entry org/hibernate/validator/internal/engine/ValueContext.class
[DEBUG] adding entry org/hibernate/validator/internal/engine/groups/DefaultValidationOrder.class
[DEBUG] adding entry org/hibernate/validator/internal/engine/groups/Sequence.class
[DEBUG] adding entry org/hibernate/validator/internal/engine/groups/ValidationOrderGenerator.class
[DEBUG] adding entry org/hibernate/validator/internal/engine/groups/Group.class
[DEBUG] adding entry org/hibernate/validator/internal/engine/groups/ValidationOrder.class
[DEBUG] adding entry org/hibernate/validator/internal/engine/ValidationContext$ValidationContextBuilder.class
[DEBUG] adding entry org/hibernate/validator/internal/engine/messageinterpolation/LocalizedMessage.class
[DEBUG] adding entry org/hibernate/validator/internal/engine/messageinterpolation/ElTermResolver.class
[DEBUG] adding entry org/hibernate/validator/internal/engine/messageinterpolation/TermResolver.class
[DEBUG] adding entry org/hibernate/validator/internal/engine/messageinterpolation/FormatterWrapper.class
[DEBUG] adding entry org/hibernate/validator/internal/engine/messageinterpolation/el/SimpleELContext.class
[DEBUG] adding entry org/hibernate/validator/internal/engine/messageinterpolation/el/MapBasedFunctionMapper.class
[DEBUG] adding entry org/hibernate/validator/internal/engine/messageinterpolation/el/MapBasedVariableMapper.class
[DEBUG] adding entry org/hibernate/validator/internal/engine/messageinterpolation/el/SimpleELContext$1.class
[DEBUG] adding entry org/hibernate/validator/internal/engine/messageinterpolation/el/RootResolver.class
[DEBUG] adding entry org/hibernate/validator/internal/engine/messageinterpolation/parser/MessageState.class
[DEBUG] adding entry org/hibernate/validator/internal/engine/messageinterpolation/parser/TokenCollector.class
[DEBUG] adding entry org/hibernate/validator/internal/engine/messageinterpolation/parser/InterpolationTermState.class
[DEBUG] adding entry org/hibernate/validator/internal/engine/messageinterpolation/parser/BeginState.class
[DEBUG] adding entry org/hibernate/validator/internal/engine/messageinterpolation/parser/TokenIterator.class
[DEBUG] adding entry org/hibernate/validator/internal/engine/messageinterpolation/parser/ELState.class
[DEBUG] adding entry org/hibernate/validator/internal/engine/messageinterpolation/parser/MessageDescriptorFormatException.class
[DEBUG] adding entry org/hibernate/validator/internal/engine/messageinterpolation/parser/Token.class
[DEBUG] adding entry org/hibernate/validator/internal/engine/messageinterpolation/parser/ParserState.class
[DEBUG] adding entry org/hibernate/validator/internal/engine/messageinterpolation/parser/EscapedState.class
[DEBUG] adding entry org/hibernate/validator/internal/engine/messageinterpolation/InterpolationTerm.class
[DEBUG] adding entry org/hibernate/validator/internal/engine/messageinterpolation/InterpolationTermType.class
[DEBUG] adding entry org/hibernate/validator/internal/engine/messageinterpolation/ParameterTermResolver.class
[DEBUG] adding entry org/hibernate/validator/internal/engine/valuehandling/TypeResolverBasedValueUnwrapper.class
[DEBUG] adding entry org/hibernate/validator/internal/engine/valuehandling/UnwrapMode.class
[DEBUG] adding entry org/hibernate/validator/internal/engine/valuehandling/OptionalValueUnwrapper.class
[DEBUG] adding entry org/hibernate/validator/internal/engine/valuehandling/JavaFXPropertyValueUnwrapper.class
[DEBUG] adding entry org/hibernate/validator/internal/engine/ValidatorFactoryImpl.class
[DEBUG] adding entry org/hibernate/validator/internal/engine/MessageInterpolatorContext.class
[DEBUG] adding entry org/hibernate/validator/internal/engine/time/DefaultTimeProvider.class
[DEBUG] adding entry org/hibernate/validator/internal/engine/DefaultParameterNameProvider.class
[DEBUG] adding entry org/hibernate/validator/internal/engine/resolver/JPATraversableResolver.class
[DEBUG] adding entry org/hibernate/validator/internal/engine/resolver/CachingTraversableResolverForSingleValidation$1.class
[DEBUG] adding entry org/hibernate/validator/internal/engine/resolver/DefaultTraversableResolver.class
[DEBUG] adding entry org/hibernate/validator/internal/engine/resolver/CachingTraversableResolverForSingleValidation$TraversableHolder.class
[DEBUG] adding entry org/hibernate/validator/internal/engine/resolver/CachingTraversableResolverForSingleValidation.class
[DEBUG] adding entry org/hibernate/validator/internal/engine/constraintvalidation/ConstraintValidatorManager$CacheKey.class
[DEBUG] adding entry org/hibernate/validator/internal/engine/constraintvalidation/ConstraintValidatorManager.class
[DEBUG] adding entry org/hibernate/validator/internal/engine/constraintvalidation/ConstraintTree$CompositionResult.class
[DEBUG] adding entry org/hibernate/validator/internal/engine/constraintvalidation/ConstraintValidatorManager$1.class
[DEBUG] adding entry org/hibernate/validator/internal/engine/constraintvalidation/ConstraintValidatorContextImpl$DeferredNodeBuilder.class
[DEBUG] adding entry org/hibernate/validator/internal/engine/constraintvalidation/ConstraintValidatorContextImpl.class
[DEBUG] adding entry org/hibernate/validator/internal/engine/constraintvalidation/ConstraintValidatorContextImpl$1.class
[DEBUG] adding entry org/hibernate/validator/internal/engine/constraintvalidation/ConstraintTree.class
[DEBUG] adding entry org/hibernate/validator/internal/engine/constraintvalidation/ConstraintTree$1.class
[DEBUG] adding entry org/hibernate/validator/internal/engine/constraintvalidation/ConstraintViolationCreationContext.class
[DEBUG] adding entry org/hibernate/validator/internal/engine/constraintvalidation/ConstraintValidatorContextImpl$ConstraintViolationBuilderImpl.class
[DEBUG] adding entry org/hibernate/validator/internal/engine/constraintvalidation/ConstraintValidatorContextImpl$NodeBuilderBase.class
[DEBUG] adding entry org/hibernate/validator/internal/engine/constraintvalidation/ConstraintValidatorFactoryImpl.class
[DEBUG] adding entry org/hibernate/validator/internal/engine/constraintvalidation/ConstraintValidatorContextImpl$NodeBuilder.class
[DEBUG] adding entry org/hibernate/validator/internal/engine/ValidatorFactoryImpl$1.class
[DEBUG] adding entry org/hibernate/validator/internal/engine/ConstraintViolationImpl.class
[DEBUG] adding entry org/hibernate/validator/internal/engine/ValidationContext$1.class
[DEBUG] adding entry org/hibernate/validator/internal/engine/ValidatorFactoryImpl$DefaultConstraintMappingBuilder.class
[DEBUG] adding entry org/hibernate/validator/internal/engine/ConfigurationImpl.class
[DEBUG] adding entry org/hibernate/validator/internal/engine/ValidationContext.class
[DEBUG] adding entry org/hibernate/validator/internal/engine/ServiceLoaderBasedConstraintDefinitionContributor.class
[DEBUG] adding entry org/hibernate/validator/internal/engine/path/NodeImpl.class
[DEBUG] adding entry org/hibernate/validator/internal/engine/path/PathImpl.class
[DEBUG] adding entry org/hibernate/validator/internal/util/StringHelper.class
[DEBUG] adding entry org/hibernate/validator/internal/util/ModUtil.class
[DEBUG] adding entry org/hibernate/validator/internal/util/ConcurrentReferenceHashMap$ReferenceType.class
[DEBUG] adding entry org/hibernate/validator/internal/util/ConcurrentReferenceHashMap$Segment.class
[DEBUG] adding entry org/hibernate/validator/internal/util/ConcurrentReferenceHashMap$Values.class
[DEBUG] adding entry org/hibernate/validator/internal/util/ConcurrentReferenceHashMap$SoftValueReference.class
[DEBUG] adding entry org/hibernate/validator/internal/util/ConcurrentReferenceHashMap$KeyIterator.class
[DEBUG] adding entry org/hibernate/validator/internal/util/CollectionHelper.class
[DEBUG] adding entry org/hibernate/validator/internal/util/annotationfactory/AnnotationProxy.class
[DEBUG] adding entry org/hibernate/validator/internal/util/annotationfactory/AnnotationFactory.class
[DEBUG] adding entry org/hibernate/validator/internal/util/annotationfactory/AnnotationDescriptor.class
[DEBUG] adding entry org/hibernate/validator/internal/util/ConcurrentReferenceHashMap$WeakValueReference.class
[DEBUG] adding entry org/hibernate/validator/internal/util/ConcurrentReferenceHashMap$SoftKeyReference.class
[DEBUG] adding entry org/hibernate/validator/internal/util/ConcurrentReferenceHashMap$ValueIterator.class
[DEBUG] adding entry org/hibernate/validator/internal/util/ExecutableHelper$SimpleMethodFilter.class
[DEBUG] adding entry org/hibernate/validator/internal/util/logging/Messages.class
[DEBUG] adding entry org/hibernate/validator/internal/util/logging/Log.class
[DEBUG] adding entry org/hibernate/validator/internal/util/logging/Messages_$bundle.class
[DEBUG] adding entry org/hibernate/validator/internal/util/logging/Log_$logger.class
[DEBUG] adding entry org/hibernate/validator/internal/util/logging/LoggerFactory.class
[DEBUG] adding entry org/hibernate/validator/internal/util/logging/Messages.i18n.properties
[DEBUG] adding entry org/hibernate/validator/internal/util/logging/Log.i18n.properties
[DEBUG] adding entry org/hibernate/validator/internal/util/ConcurrentReferenceHashMap$KeyReference.class
[DEBUG] adding entry org/hibernate/validator/internal/util/ConcurrentReferenceHashMap$HashEntry.class
[DEBUG] adding entry org/hibernate/validator/internal/util/Version.class
[DEBUG] adding entry org/hibernate/validator/internal/util/TypeHelper$2.class
[DEBUG] adding entry org/hibernate/validator/internal/util/ConcurrentReferenceHashMap$WriteThroughEntry.class
[DEBUG] adding entry org/hibernate/validator/internal/util/ConcurrentReferenceHashMap$EntryIterator.class
[DEBUG] adding entry org/hibernate/validator/internal/util/ConcurrentReferenceHashMap$Option.class
[DEBUG] adding entry org/hibernate/validator/internal/util/ConcurrentReferenceHashMap.class
[DEBUG] adding entry org/hibernate/validator/internal/util/TypeHelper.class
[DEBUG] adding entry org/hibernate/validator/internal/util/ConcurrentReferenceHashMap$WeakKeyReference.class
[DEBUG] adding entry org/hibernate/validator/internal/util/TypeResolutionHelper.class
[DEBUG] adding entry org/hibernate/validator/internal/util/ConcurrentReferenceHashMap$KeySet.class
[DEBUG] adding entry org/hibernate/validator/internal/util/Contracts.class
[DEBUG] adding entry org/hibernate/validator/internal/util/ExecutableHelper$1.class
[DEBUG] adding entry org/hibernate/validator/internal/util/ConcurrentReferenceHashMap$EntrySet.class
[DEBUG] adding entry org/hibernate/validator/internal/util/privilegedactions/LoadClass.class
[DEBUG] adding entry org/hibernate/validator/internal/util/privilegedactions/NewJaxbContext.class
[DEBUG] adding entry org/hibernate/validator/internal/util/privilegedactions/GetMethod.class
[DEBUG] adding entry org/hibernate/validator/internal/util/privilegedactions/GetResources.class
[DEBUG] adding entry org/hibernate/validator/internal/util/privilegedactions/GetDeclaredFields.class
[DEBUG] adding entry org/hibernate/validator/internal/util/privilegedactions/GetDeclaredConstructors.class
[DEBUG] adding entry org/hibernate/validator/internal/util/privilegedactions/GetClassLoader.class
[DEBUG] adding entry org/hibernate/validator/internal/util/privilegedactions/GetConstraintValidatorList.class
[DEBUG] adding entry org/hibernate/validator/internal/util/privilegedactions/SetAccessibility.class
[DEBUG] adding entry org/hibernate/validator/internal/util/privilegedactions/GetResource.class
[DEBUG] adding entry org/hibernate/validator/internal/util/privilegedactions/NewSchema.class
[DEBUG] adding entry org/hibernate/validator/internal/util/privilegedactions/GetMethods.class
[DEBUG] adding entry org/hibernate/validator/internal/util/privilegedactions/GetResolvedMemberMethods.class
[DEBUG] adding entry org/hibernate/validator/internal/util/privilegedactions/GetMethodFromPropertyName.class
[DEBUG] adding entry org/hibernate/validator/internal/util/privilegedactions/ConstructorInstance.class
[DEBUG] adding entry org/hibernate/validator/internal/util/privilegedactions/GetDeclaredConstructor.class
[DEBUG] adding entry org/hibernate/validator/internal/util/privilegedactions/NewInstance.class
[DEBUG] adding entry org/hibernate/validator/internal/util/privilegedactions/Unmarshal.class
[DEBUG] adding entry org/hibernate/validator/internal/util/privilegedactions/GetAnnotationParameter.class
[DEBUG] adding entry org/hibernate/validator/internal/util/privilegedactions/GetDeclaredMethods.class
[DEBUG] adding entry org/hibernate/validator/internal/util/privilegedactions/GetDeclaredField.class
[DEBUG] adding entry org/hibernate/validator/internal/util/privilegedactions/GetDeclaredMethod.class
[DEBUG] adding entry org/hibernate/validator/internal/util/TypeHelper$1.class
[DEBUG] adding entry org/hibernate/validator/internal/util/ExecutableHelper.class
[DEBUG] adding entry org/hibernate/validator/internal/util/ReflectionHelper.class
[DEBUG] adding entry org/hibernate/validator/internal/util/classhierarchy/Filters.class
[DEBUG] adding entry org/hibernate/validator/internal/util/classhierarchy/Filter.class
[DEBUG] adding entry org/hibernate/validator/internal/util/classhierarchy/ClassHierarchyHelper.class
[DEBUG] adding entry org/hibernate/validator/internal/util/classhierarchy/Filters$WeldProxyFilter.class
[DEBUG] adding entry org/hibernate/validator/internal/util/classhierarchy/Filters$InterfacesFilter.class
[DEBUG] adding entry org/hibernate/validator/internal/util/classhierarchy/Filters$1.class
[DEBUG] adding entry org/hibernate/validator/internal/util/IdentitySet.class
[DEBUG] adding entry org/hibernate/validator/internal/util/ConcurrentReferenceHashMap$HashIterator.class
[DEBUG] adding entry org/hibernate/validator/internal/util/IgnoreJava6Requirement.class
[DEBUG] adding entry org/hibernate/validator/internal/util/CollectionHelper$Partitioner.class
[DEBUG] adding entry org/hibernate/validator/internal/util/scriptengine/ScriptEvaluatorFactory.class
[DEBUG] adding entry org/hibernate/validator/internal/util/scriptengine/ScriptEvaluator.class
[DEBUG] adding entry org/hibernate/validator/internal/util/ConcurrentReferenceHashMap$SimpleEntry.class
[DEBUG] adding entry org/hibernate/validator/internal/constraintvalidators/hv/EmailValidator.class
[DEBUG] adding entry org/hibernate/validator/internal/constraintvalidators/hv/LengthValidator.class
[DEBUG] adding entry org/hibernate/validator/internal/constraintvalidators/hv/URLValidator.class
[DEBUG] adding entry org/hibernate/validator/internal/constraintvalidators/hv/SafeHtmlValidator$1.class
[DEBUG] adding entry org/hibernate/validator/internal/constraintvalidators/hv/ModCheckBase.class
[DEBUG] adding entry org/hibernate/validator/internal/constraintvalidators/hv/LuhnCheckValidator.class
[DEBUG] adding entry org/hibernate/validator/internal/constraintvalidators/hv/Mod11CheckValidator.class
[DEBUG] adding entry org/hibernate/validator/internal/constraintvalidators/hv/ParameterScriptAssertValidator.class
[DEBUG] adding entry org/hibernate/validator/internal/constraintvalidators/hv/EANValidator.class
[DEBUG] adding entry org/hibernate/validator/internal/constraintvalidators/hv/ModCheckValidator.class
[DEBUG] adding entry org/hibernate/validator/internal/constraintvalidators/hv/ScriptAssertContext.class
[DEBUG] adding entry org/hibernate/validator/internal/constraintvalidators/hv/SafeHtmlValidator.class
[DEBUG] adding entry org/hibernate/validator/internal/constraintvalidators/hv/Mod10CheckValidator.class
[DEBUG] adding entry org/hibernate/validator/internal/constraintvalidators/hv/br/CNPJValidator.class
[DEBUG] adding entry org/hibernate/validator/internal/constraintvalidators/hv/br/CPFValidator.class
[DEBUG] adding entry org/hibernate/validator/internal/constraintvalidators/hv/EANValidator$1.class
[DEBUG] adding entry org/hibernate/validator/internal/constraintvalidators/hv/ScriptAssertValidator.class
[DEBUG] adding entry org/hibernate/validator/internal/constraintvalidators/hv/NotBlankValidator.class
[DEBUG] adding entry org/hibernate/validator/internal/constraintvalidators/bv/AssertFalseValidator.class
[DEBUG] adding entry org/hibernate/validator/internal/constraintvalidators/bv/DigitsValidatorForNumber.class
[DEBUG] adding entry org/hibernate/validator/internal/constraintvalidators/bv/past/PastValidatorForOffsetDateTime.class
[DEBUG] adding entry org/hibernate/validator/internal/constraintvalidators/bv/past/PastValidatorForChronoZonedDateTime.class
[DEBUG] adding entry org/hibernate/validator/internal/constraintvalidators/bv/past/PastValidatorForCalendar.class
[DEBUG] adding entry org/hibernate/validator/internal/constraintvalidators/bv/past/PastValidatorForInstant.class
[DEBUG] adding entry org/hibernate/validator/internal/constraintvalidators/bv/past/PastValidatorForReadableInstant.class
[DEBUG] adding entry org/hibernate/validator/internal/constraintvalidators/bv/past/PastValidatorForDate.class
[DEBUG] adding entry org/hibernate/validator/internal/constraintvalidators/bv/past/PastValidatorForReadablePartial.class
[DEBUG] adding entry org/hibernate/validator/internal/constraintvalidators/bv/DecimalMaxValidatorForNumber.class
[DEBUG] adding entry org/hibernate/validator/internal/constraintvalidators/bv/MaxValidatorForNumber.class
[DEBUG] adding entry org/hibernate/validator/internal/constraintvalidators/bv/MaxValidatorForCharSequence.class
[DEBUG] adding entry org/hibernate/validator/internal/constraintvalidators/bv/PatternValidator.class
[DEBUG] adding entry org/hibernate/validator/internal/constraintvalidators/bv/NotNullValidator.class
[DEBUG] adding entry org/hibernate/validator/internal/constraintvalidators/bv/DigitsValidatorForCharSequence.class
[DEBUG] adding entry org/hibernate/validator/internal/constraintvalidators/bv/MinValidatorForCharSequence.class
[DEBUG] adding entry org/hibernate/validator/internal/constraintvalidators/bv/NullValidator.class
[DEBUG] adding entry org/hibernate/validator/internal/constraintvalidators/bv/DecimalMinValidatorForCharSequence.class
[DEBUG] adding entry org/hibernate/validator/internal/constraintvalidators/bv/AssertTrueValidator.class
[DEBUG] adding entry org/hibernate/validator/internal/constraintvalidators/bv/size/SizeValidatorForArraysOfFloat.class
[DEBUG] adding entry org/hibernate/validator/internal/constraintvalidators/bv/size/SizeValidatorForArray.class
[DEBUG] adding entry org/hibernate/validator/internal/constraintvalidators/bv/size/SizeValidatorForArraysOfChar.class
[DEBUG] adding entry org/hibernate/validator/internal/constraintvalidators/bv/size/SizeValidatorForCollection.class
[DEBUG] adding entry org/hibernate/validator/internal/constraintvalidators/bv/size/SizeValidatorForArraysOfLong.class
[DEBUG] adding entry org/hibernate/validator/internal/constraintvalidators/bv/size/SizeValidatorForArraysOfDouble.class
[DEBUG] adding entry org/hibernate/validator/internal/constraintvalidators/bv/size/SizeValidatorForArraysOfInt.class
[DEBUG] adding entry org/hibernate/validator/internal/constraintvalidators/bv/size/SizeValidatorForCharSequence.class
[DEBUG] adding entry org/hibernate/validator/internal/constraintvalidators/bv/size/SizeValidatorForArraysOfBoolean.class
[DEBUG] adding entry org/hibernate/validator/internal/constraintvalidators/bv/size/SizeValidatorForArraysOfByte.class
[DEBUG] adding entry org/hibernate/validator/internal/constraintvalidators/bv/size/SizeValidatorForArraysOfPrimitives.class
[DEBUG] adding entry org/hibernate/validator/internal/constraintvalidators/bv/size/SizeValidatorForArraysOfShort.class
[DEBUG] adding entry org/hibernate/validator/internal/constraintvalidators/bv/size/SizeValidatorForMap.class
[DEBUG] adding entry org/hibernate/validator/internal/constraintvalidators/bv/DecimalMaxValidatorForCharSequence.class
[DEBUG] adding entry org/hibernate/validator/internal/constraintvalidators/bv/DecimalMinValidatorForNumber.class
[DEBUG] adding entry org/hibernate/validator/internal/constraintvalidators/bv/MinValidatorForNumber.class
[DEBUG] adding entry org/hibernate/validator/internal/constraintvalidators/bv/future/FutureValidatorForOffsetDateTime.class
[DEBUG] adding entry org/hibernate/validator/internal/constraintvalidators/bv/future/FutureValidatorForChronoZonedDateTime.class
[DEBUG] adding entry org/hibernate/validator/internal/constraintvalidators/bv/future/FutureValidatorForCalendar.class
[DEBUG] adding entry org/hibernate/validator/internal/constraintvalidators/bv/future/FutureValidatorForReadableInstant.class
[DEBUG] adding entry org/hibernate/validator/internal/constraintvalidators/bv/future/FutureValidatorForReadablePartial.class
[DEBUG] adding entry org/hibernate/validator/internal/constraintvalidators/bv/future/FutureValidatorForInstant.class
[DEBUG] adding entry org/hibernate/validator/internal/constraintvalidators/bv/future/FutureValidatorForDate.class
[DEBUG] adding entry org/hibernate/validator/internal/metadata/core/ConstraintHelper$ValidatorClassMap.class
[DEBUG] adding entry org/hibernate/validator/internal/metadata/core/ConstraintHelper.class
[DEBUG] adding entry org/hibernate/validator/internal/metadata/core/AnnotationProcessingOptions.class
[DEBUG] adding entry org/hibernate/validator/internal/metadata/core/AnnotationProcessingOptionsImpl.class
[DEBUG] adding entry org/hibernate/validator/internal/metadata/core/ConstraintOrigin.class
[DEBUG] adding entry org/hibernate/validator/internal/metadata/core/ConstraintHelper$1.class
[DEBUG] adding entry org/hibernate/validator/internal/metadata/core/AnnotationProcessingOptionsImpl$ExecutableParameterKey.class
[DEBUG] adding entry org/hibernate/validator/internal/metadata/core/MetaConstraint.class
[DEBUG] adding entry org/hibernate/validator/internal/metadata/BeanMetaDataManager.class
[DEBUG] adding entry org/hibernate/validator/internal/metadata/descriptor/ElementDescriptorImpl$ConstraintFinderImpl.class
[DEBUG] adding entry org/hibernate/validator/internal/metadata/descriptor/ConstraintDescriptorImpl$ConstraintType.class
[DEBUG] adding entry org/hibernate/validator/internal/metadata/descriptor/ReturnValueDescriptorImpl.class
[DEBUG] adding entry org/hibernate/validator/internal/metadata/descriptor/ConstraintDescriptorImpl$ClassIndexWrapper.class
[DEBUG] adding entry org/hibernate/validator/internal/metadata/descriptor/GroupConversionDescriptorImpl.class
[DEBUG] adding entry org/hibernate/validator/internal/metadata/descriptor/ConstraintDescriptorImpl.class
[DEBUG] adding entry org/hibernate/validator/internal/metadata/descriptor/ParameterDescriptorImpl.class
[DEBUG] adding entry org/hibernate/validator/internal/metadata/descriptor/CrossParameterDescriptorImpl.class
[DEBUG] adding entry org/hibernate/validator/internal/metadata/descriptor/ElementDescriptorImpl.class
[DEBUG] adding entry org/hibernate/validator/internal/metadata/descriptor/BeanDescriptorImpl.class
[DEBUG] adding entry org/hibernate/validator/internal/metadata/descriptor/ExecutableDescriptorImpl.class
[DEBUG] adding entry org/hibernate/validator/internal/metadata/descriptor/PropertyDescriptorImpl.class
[DEBUG] adding entry org/hibernate/validator/internal/metadata/raw/ConstrainedElement$ConstrainedElementKind.class
[DEBUG] adding entry org/hibernate/validator/internal/metadata/raw/BeanConfiguration.class
[DEBUG] adding entry org/hibernate/validator/internal/metadata/raw/ExecutableElement$MethodElement.class
[DEBUG] adding entry org/hibernate/validator/internal/metadata/raw/ConstrainedExecutable.class
[DEBUG] adding entry org/hibernate/validator/internal/metadata/raw/ConstrainedParameter.class
[DEBUG] adding entry org/hibernate/validator/internal/metadata/raw/ConstrainedField.class
[DEBUG] adding entry org/hibernate/validator/internal/metadata/raw/ExecutableElement$1.class
[DEBUG] adding entry org/hibernate/validator/internal/metadata/raw/ExecutableElement$ConstructorElement.class
[DEBUG] adding entry org/hibernate/validator/internal/metadata/raw/ConfigurationSource.class
[DEBUG] adding entry org/hibernate/validator/internal/metadata/raw/ConstrainedType.class
[DEBUG] adding entry org/hibernate/validator/internal/metadata/raw/AbstractConstrainedElement.class
[DEBUG] adding entry org/hibernate/validator/internal/metadata/raw/ConstrainedElement.class
[DEBUG] adding entry org/hibernate/validator/internal/metadata/raw/ExecutableElement.class
[DEBUG] adding entry org/hibernate/validator/internal/metadata/provider/MetaDataProvider.class
[DEBUG] adding entry org/hibernate/validator/internal/metadata/provider/AnnotationMetaDataProvider$1.class
[DEBUG] adding entry org/hibernate/validator/internal/metadata/provider/MetaDataProviderKeyedByClassName.class
[DEBUG] adding entry org/hibernate/validator/internal/metadata/provider/XmlMetaDataProvider.class
[DEBUG] adding entry org/hibernate/validator/internal/metadata/provider/AnnotationMetaDataProvider.class
[DEBUG] adding entry org/hibernate/validator/internal/metadata/provider/ProgrammaticMetaDataProvider.class
[DEBUG] adding entry org/hibernate/validator/internal/metadata/provider/TypeAnnotationAwareMetaDataProvider.class
[DEBUG] adding entry org/hibernate/validator/internal/metadata/facets/Validatable.class
[DEBUG] adding entry org/hibernate/validator/internal/metadata/facets/Cascadable.class
[DEBUG] adding entry org/hibernate/validator/internal/metadata/aggregated/BeanMetaData.class
[DEBUG] adding entry org/hibernate/validator/internal/metadata/aggregated/ParameterMetaData$Builder.class
[DEBUG] adding entry org/hibernate/validator/internal/metadata/aggregated/ExecutableMetaData.class
[DEBUG] adding entry org/hibernate/validator/internal/metadata/aggregated/ConstraintMetaData.class
[DEBUG] adding entry org/hibernate/validator/internal/metadata/aggregated/ReturnValueMetaData.class
[DEBUG] adding entry org/hibernate/validator/internal/metadata/aggregated/PropertyMetaData$1.class
[DEBUG] adding entry org/hibernate/validator/internal/metadata/aggregated/PropertyMetaData.class
[DEBUG] adding entry org/hibernate/validator/internal/metadata/aggregated/MetaDataBuilder.class
[DEBUG] adding entry org/hibernate/validator/internal/metadata/aggregated/PropertyMetaData$Builder.class
[DEBUG] adding entry org/hibernate/validator/internal/metadata/aggregated/rule/OverridingMethodMustNotAlterParameterConstraints.class
[DEBUG] adding entry org/hibernate/validator/internal/metadata/aggregated/rule/MethodConfigurationRule.class
[DEBUG] adding entry org/hibernate/validator/internal/metadata/aggregated/rule/VoidMethodsMustNotBeReturnValueConstrained.class
[DEBUG] adding entry org/hibernate/validator/internal/metadata/aggregated/rule/ParallelMethodsMustNotDefineGroupConversionForCascadedReturnValue.class
[DEBUG] adding entry org/hibernate/validator/internal/metadata/aggregated/rule/ParallelMethodsMustNotDefineParameterConstraints.class
[DEBUG] adding entry org/hibernate/validator/internal/metadata/aggregated/rule/ReturnValueMayOnlyBeMarkedOnceAsCascadedPerHierarchyLine.class
[DEBUG] adding entry org/hibernate/validator/internal/metadata/aggregated/ExecutableMetaData$Builder.class
[DEBUG] adding entry org/hibernate/validator/internal/metadata/aggregated/AbstractConstraintMetaData.class
[DEBUG] adding entry org/hibernate/validator/internal/metadata/aggregated/UnconstrainedEntityMetaDataSingleton.class
[DEBUG] adding entry org/hibernate/validator/internal/metadata/aggregated/ValidatableParametersMetaData.class
[DEBUG] adding entry org/hibernate/validator/internal/metadata/aggregated/BeanMetaDataImpl.class
[DEBUG] adding entry org/hibernate/validator/internal/metadata/aggregated/BeanMetaDataImpl$2.class
[DEBUG] adding entry org/hibernate/validator/internal/metadata/aggregated/ExecutableMetaData$1.class
[DEBUG] adding entry org/hibernate/validator/internal/metadata/aggregated/BeanMetaDataImpl$BuilderDelegate.class
[DEBUG] adding entry org/hibernate/validator/internal/metadata/aggregated/ParameterMetaData.class
[DEBUG] adding entry org/hibernate/validator/internal/metadata/aggregated/BeanMetaDataImpl$BeanMetaDataBuilder.class
[DEBUG] adding entry org/hibernate/validator/internal/metadata/aggregated/ParameterMetaData$1.class
[DEBUG] adding entry org/hibernate/validator/internal/metadata/aggregated/GroupConversionHelper.class
[DEBUG] adding entry org/hibernate/validator/internal/metadata/aggregated/BeanMetaDataImpl$1.class
[DEBUG] adding entry org/hibernate/validator/internal/metadata/location/ConstraintLocation.class
[DEBUG] adding entry org/hibernate/validator/internal/xml/ConstrainedTypeBuilder.class
[DEBUG] adding entry org/hibernate/validator/internal/xml/ConstructorType.class
[DEBUG] adding entry org/hibernate/validator/internal/xml/ObjectFactory.class
[DEBUG] adding entry org/hibernate/validator/internal/xml/package-info.class
[DEBUG] adding entry org/hibernate/validator/internal/xml/ExecutableValidationType.class
[DEBUG] adding entry org/hibernate/validator/internal/xml/ValidatedByType.class
[DEBUG] adding entry org/hibernate/validator/internal/xml/GroupSequenceType.class
[DEBUG] adding entry org/hibernate/validator/internal/xml/ParameterType.class
[DEBUG] adding entry org/hibernate/validator/internal/xml/BeanType.class
[DEBUG] adding entry org/hibernate/validator/internal/xml/AnnotationType.class
[DEBUG] adding entry org/hibernate/validator/internal/xml/ElementType.class
[DEBUG] adding entry org/hibernate/validator/internal/xml/BootstrapConfigurationImpl.class
[DEBUG] adding entry org/hibernate/validator/internal/xml/GroupConversionBuilder.class
[DEBUG] adding entry org/hibernate/validator/internal/xml/ConstrainedExecutableBuilder.class
[DEBUG] adding entry org/hibernate/validator/internal/xml/MethodType.class
[DEBUG] adding entry org/hibernate/validator/internal/xml/ValidationConfigType.class
[DEBUG] adding entry org/hibernate/validator/internal/xml/ConstrainedParameterBuilder.class
[DEBUG] adding entry org/hibernate/validator/internal/xml/GroupConversionType.class
[DEBUG] adding entry org/hibernate/validator/internal/xml/ClassType.class
[DEBUG] adding entry org/hibernate/validator/internal/xml/Adapter1.class
[DEBUG] adding entry org/hibernate/validator/internal/xml/ResourceLoaderHelper.class
[DEBUG] adding entry org/hibernate/validator/internal/xml/ReturnValueType.class
[DEBUG] adding entry org/hibernate/validator/internal/xml/ConstrainedGetterBuilder.class
[DEBUG] adding entry org/hibernate/validator/internal/xml/GetterType.class
[DEBUG] adding entry org/hibernate/validator/internal/xml/ClassLoadingHelper.class
[DEBUG] adding entry org/hibernate/validator/internal/xml/FieldType.class
[DEBUG] adding entry org/hibernate/validator/internal/xml/DefaultValidatedExecutableTypesType.class
[DEBUG] adding entry org/hibernate/validator/internal/xml/ConstrainedFieldBuilder.class
[DEBUG] adding entry org/hibernate/validator/internal/xml/ConstraintType.class
[DEBUG] adding entry org/hibernate/validator/internal/xml/PropertyType.class
[DEBUG] adding entry org/hibernate/validator/internal/xml/PayloadType.class
[DEBUG] adding entry org/hibernate/validator/internal/xml/GroupsType.class
[DEBUG] adding entry org/hibernate/validator/internal/xml/ValidationBootstrapParameters.class
[DEBUG] adding entry org/hibernate/validator/internal/xml/XmlMappingParser.class
[DEBUG] adding entry org/hibernate/validator/internal/xml/MetaConstraintBuilder.class
[DEBUG] adding entry org/hibernate/validator/internal/xml/ConstraintMappingsType.class
[DEBUG] adding entry org/hibernate/validator/internal/xml/ConstraintDefinitionType.class
[DEBUG] adding entry org/hibernate/validator/internal/xml/CrossParameterType.class
[DEBUG] adding entry org/hibernate/validator/internal/xml/XmlParserHelper.class
[DEBUG] adding entry org/hibernate/validator/internal/xml/ValidationXmlParser.class
[DEBUG] adding entry org/hibernate/validator/constraintvalidators/RegexpURLValidator.class
[DEBUG] adding entry org/hibernate/validator/constraintvalidators/RegexpURLValidator$ValueHolder.class
[DEBUG] adding entry org/hibernate/validator/constraints/Mod10Check$List.class
[DEBUG] adding entry org/hibernate/validator/constraints/CompositionType.class
[DEBUG] adding entry org/hibernate/validator/constraints/ConstraintComposition.class
[DEBUG] adding entry org/hibernate/validator/constraints/URL.class
[DEBUG] adding entry org/hibernate/validator/constraints/Mod11Check$ProcessingDirection.class
[DEBUG] adding entry org/hibernate/validator/constraints/Range$List.class
[DEBUG] adding entry org/hibernate/validator/constraints/CreditCardNumber.class
[DEBUG] adding entry org/hibernate/validator/constraints/URL$List.class
[DEBUG] adding entry org/hibernate/validator/constraints/Mod11Check.class
[DEBUG] adding entry org/hibernate/validator/constraints/Range.class
[DEBUG] adding entry org/hibernate/validator/constraints/ModCheck$List.class
[DEBUG] adding entry org/hibernate/validator/constraints/LuhnCheck.class
[DEBUG] adding entry org/hibernate/validator/constraints/Length$List.class
[DEBUG] adding entry org/hibernate/validator/constraints/EAN$Type.class
[DEBUG] adding entry org/hibernate/validator/constraints/SafeHtml$Tag.class
[DEBUG] adding entry org/hibernate/validator/constraints/LuhnCheck$List.class
[DEBUG] adding entry org/hibernate/validator/constraints/NotBlank$List.class
[DEBUG] adding entry org/hibernate/validator/constraints/EAN$List.class
[DEBUG] adding entry org/hibernate/validator/constraints/NotEmpty.class
[DEBUG] adding entry org/hibernate/validator/constraints/Email$List.class
[DEBUG] adding entry org/hibernate/validator/constraints/ParameterScriptAssert.class
[DEBUG] adding entry org/hibernate/validator/constraints/Length.class
[DEBUG] adding entry org/hibernate/validator/constraints/SafeHtml.class
[DEBUG] adding entry org/hibernate/validator/constraints/ModCheck.class
[DEBUG] adding entry org/hibernate/validator/constraints/Email.class
[DEBUG] adding entry org/hibernate/validator/constraints/NotBlank.class
[DEBUG] adding entry org/hibernate/validator/constraints/ParameterScriptAssert$List.class
[DEBUG] adding entry org/hibernate/validator/constraints/SafeHtml$WhiteListType.class
[DEBUG] adding entry org/hibernate/validator/constraints/ScriptAssert$List.class
[DEBUG] adding entry org/hibernate/validator/constraints/ScriptAssert.class
[DEBUG] adding entry org/hibernate/validator/constraints/NotEmpty$List.class
[DEBUG] adding entry org/hibernate/validator/constraints/Mod11Check$List.class
[DEBUG] adding entry org/hibernate/validator/constraints/SafeHtml$List.class
[DEBUG] adding entry org/hibernate/validator/constraints/br/CPF.class
[DEBUG] adding entry org/hibernate/validator/constraints/br/CNPJ.class
[DEBUG] adding entry org/hibernate/validator/constraints/br/TituloEleitoral.class
[DEBUG] adding entry org/hibernate/validator/constraints/EAN.class
[DEBUG] adding entry org/hibernate/validator/constraints/Mod10Check.class
[DEBUG] adding entry org/hibernate/validator/constraints/CreditCardNumber$List.class
[DEBUG] adding entry org/hibernate/validator/constraints/ModCheck$ModType.class
[DEBUG] adding entry org/hibernate/validator/HibernateValidatorContext.class
[DEBUG] adding entry org/hibernate/validator/spi/constraintdefinition/ConstraintDefinitionContributor.class
[DEBUG] adding entry org/hibernate/validator/spi/constraintdefinition/ConstraintDefinitionContributor$ConstraintDefinitionBuilderContext.class
[DEBUG] adding entry org/hibernate/validator/spi/constraintdefinition/ConstraintDefinitionContributor$ConstraintDefinitionBuilder.class
[DEBUG] adding entry org/hibernate/validator/spi/cfg/ConstraintMappingContributor.class
[DEBUG] adding entry org/hibernate/validator/spi/cfg/ConstraintMappingContributor$ConstraintMappingBuilder.class
[DEBUG] adding entry org/hibernate/validator/spi/valuehandling/ValidatedValueUnwrapper.class
[DEBUG] adding entry org/hibernate/validator/spi/time/TimeProvider.class
[DEBUG] adding entry org/hibernate/validator/spi/resourceloading/ResourceBundleLocator.class
[DEBUG] adding entry org/hibernate/validator/spi/group/DefaultGroupSequenceProvider.class
[DEBUG] adding entry org/hibernate/validator/resourceloading/AggregateResourceBundleLocator$IteratorEnumeration.class
[DEBUG] adding entry org/hibernate/validator/resourceloading/DelegatingResourceBundleLocator.class
[DEBUG] adding entry org/hibernate/validator/resourceloading/PlatformResourceBundleLocator.class
[DEBUG] adding entry org/hibernate/validator/resourceloading/PlatformResourceBundleLocator$AggregateResourceBundle.class
[DEBUG] adding entry org/hibernate/validator/resourceloading/PlatformResourceBundleLocator$1.class
[DEBUG] adding entry org/hibernate/validator/resourceloading/PlatformResourceBundleLocator$AggregateResourceBundleControl.class
[DEBUG] adding entry org/hibernate/validator/resourceloading/AggregateResourceBundleLocator.class
[DEBUG] adding entry org/hibernate/validator/resourceloading/CachingResourceBundleLocator.class
[DEBUG] adding entry org/hibernate/validator/resourceloading/AggregateResourceBundleLocator$AggregateBundle.class
[DEBUG] adding entry org/hibernate/validator/constraintvalidation/HibernateConstraintValidatorContext.class
[DEBUG] adding entry org/hibernate/validator/ValidationMessages_pt_BR.properties
[DEBUG] adding entry org/hibernate/validator/ValidationMessages_ko.properties
[DEBUG] adding entry org/hibernate/validator/ValidationMessages_cs.properties
[DEBUG] adding entry org/hibernate/validator/HibernateValidatorFactory.class
[DEBUG] adding entry org/hibernate/validator/ValidationMessages_zh_CN.properties
[DEBUG] adding entry org/hibernate/validator/ValidationMessages_de.properties
[DEBUG] adding entry org/hibernate/validator/ValidationMessages_mn_MN.properties
[DEBUG] adding entry org/hibernate/validator/HibernateValidator.class
[DEBUG] adding entry org/hibernate/validator/path/PropertyNode.class
[DEBUG] adding entry org/hibernate/validator/group/GroupSequenceProvider.class
[DEBUG] adding entry META-INF/validation-mapping-1.0.xsd
[DEBUG] adding entry META-INF/services/javax.validation.spi.ValidationProvider
[DEBUG] adding entry META-INF/validation-configuration-1.0.xsd
[DEBUG] adding entry META-INF/validation-mapping-1.1.xsd
[DEBUG] adding entry META-INF/validation-configuration-1.1.xsd
[INFO] META-INF/maven/ already added, skipping
[DEBUG] adding directory META-INF/maven/org.hibernate/
[DEBUG] adding directory META-INF/maven/org.hibernate/hibernate-validator/
[DEBUG] adding entry META-INF/maven/org.hibernate/hibernate-validator/pom.xml
[DEBUG] adding entry META-INF/maven/org.hibernate/hibernate-validator/pom.properties
[INFO] META-INF/ already added, skipping
[INFO] META-INF/MANIFEST.MF already added, skipping
[INFO] javax/ already added, skipping
[DEBUG] adding directory javax/validation/
[DEBUG] adding directory javax/validation/bootstrap/
[DEBUG] adding directory javax/validation/constraints/
[DEBUG] adding directory javax/validation/constraintvalidation/
[DEBUG] adding directory javax/validation/executable/
[DEBUG] adding directory javax/validation/groups/
[DEBUG] adding directory javax/validation/metadata/
[DEBUG] adding directory javax/validation/spi/
[DEBUG] adding entry javax/validation/bootstrap/GenericBootstrap.class
[DEBUG] adding entry javax/validation/bootstrap/ProviderSpecificBootstrap.class
[DEBUG] adding entry javax/validation/BootstrapConfiguration.class
[DEBUG] adding entry javax/validation/Configuration.class
[DEBUG] adding entry javax/validation/Constraint.class
[DEBUG] adding entry javax/validation/ConstraintDeclarationException.class
[DEBUG] adding entry javax/validation/ConstraintDefinitionException.class
[DEBUG] adding entry javax/validation/constraints/AssertFalse$List.class
[DEBUG] adding entry javax/validation/constraints/AssertFalse.class
[DEBUG] adding entry javax/validation/constraints/AssertTrue$List.class
[DEBUG] adding entry javax/validation/constraints/AssertTrue.class
[DEBUG] adding entry javax/validation/constraints/DecimalMax$List.class
[DEBUG] adding entry javax/validation/constraints/DecimalMax.class
[DEBUG] adding entry javax/validation/constraints/DecimalMin$List.class
[DEBUG] adding entry javax/validation/constraints/DecimalMin.class
[DEBUG] adding entry javax/validation/constraints/Digits$List.class
[DEBUG] adding entry javax/validation/constraints/Digits.class
[DEBUG] adding entry javax/validation/constraints/Future$List.class
[DEBUG] adding entry javax/validation/constraints/Future.class
[DEBUG] adding entry javax/validation/constraints/Max$List.class
[DEBUG] adding entry javax/validation/constraints/Max.class
[DEBUG] adding entry javax/validation/constraints/Min$List.class
[DEBUG] adding entry javax/validation/constraints/Min.class
[DEBUG] adding entry javax/validation/constraints/NotNull$List.class
[DEBUG] adding entry javax/validation/constraints/NotNull.class
[DEBUG] adding entry javax/validation/constraints/Null$List.class
[DEBUG] adding entry javax/validation/constraints/Null.class
[DEBUG] adding entry javax/validation/constraints/Past$List.class
[DEBUG] adding entry javax/validation/constraints/Past.class
[DEBUG] adding entry javax/validation/constraints/Pattern$Flag.class
[DEBUG] adding entry javax/validation/constraints/Pattern$List.class
[DEBUG] adding entry javax/validation/constraints/Pattern.class
[DEBUG] adding entry javax/validation/constraints/Size$List.class
[DEBUG] adding entry javax/validation/constraints/Size.class
[DEBUG] adding entry javax/validation/ConstraintTarget.class
[DEBUG] adding entry javax/validation/constraintvalidation/SupportedValidationTarget.class
[DEBUG] adding entry javax/validation/constraintvalidation/ValidationTarget.class
[DEBUG] adding entry javax/validation/ConstraintValidator.class
[DEBUG] adding entry javax/validation/ConstraintValidatorContext$ConstraintViolationBuilder$LeafNodeBuilderCustomizableContext.class
[DEBUG] adding entry javax/validation/ConstraintValidatorContext$ConstraintViolationBuilder$LeafNodeBuilderDefinedContext.class
[DEBUG] adding entry javax/validation/ConstraintValidatorContext$ConstraintViolationBuilder$LeafNodeContextBuilder.class
[DEBUG] adding entry javax/validation/ConstraintValidatorContext$ConstraintViolationBuilder$NodeBuilderCustomizableContext.class
[DEBUG] adding entry javax/validation/ConstraintValidatorContext$ConstraintViolationBuilder$NodeBuilderDefinedContext.class
[DEBUG] adding entry javax/validation/ConstraintValidatorContext$ConstraintViolationBuilder$NodeContextBuilder.class
[DEBUG] adding entry javax/validation/ConstraintValidatorContext$ConstraintViolationBuilder.class
[DEBUG] adding entry javax/validation/ConstraintValidatorContext.class
[DEBUG] adding entry javax/validation/ConstraintValidatorFactory.class
[DEBUG] adding entry javax/validation/ConstraintViolation.class
[DEBUG] adding entry javax/validation/ConstraintViolationException.class
[DEBUG] adding entry javax/validation/ElementKind.class
[DEBUG] adding entry javax/validation/executable/ExecutableType.class
[DEBUG] adding entry javax/validation/executable/ExecutableValidator.class
[DEBUG] adding entry javax/validation/executable/ValidateOnExecution.class
[DEBUG] adding entry javax/validation/GroupDefinitionException.class
[DEBUG] adding entry javax/validation/groups/ConvertGroup$List.class
[DEBUG] adding entry javax/validation/groups/ConvertGroup.class
[DEBUG] adding entry javax/validation/groups/Default.class
[DEBUG] adding entry javax/validation/GroupSequence.class
[DEBUG] adding entry javax/validation/MessageInterpolator$Context.class
[DEBUG] adding entry javax/validation/MessageInterpolator.class
[DEBUG] adding entry javax/validation/metadata/BeanDescriptor.class
[DEBUG] adding entry javax/validation/metadata/CascadableDescriptor.class
[DEBUG] adding entry javax/validation/metadata/ConstraintDescriptor.class
[DEBUG] adding entry javax/validation/metadata/ConstructorDescriptor.class
[DEBUG] adding entry javax/validation/metadata/CrossParameterDescriptor.class
[DEBUG] adding entry javax/validation/metadata/ElementDescriptor$ConstraintFinder.class
[DEBUG] adding entry javax/validation/metadata/ElementDescriptor.class
[DEBUG] adding entry javax/validation/metadata/ExecutableDescriptor.class
[DEBUG] adding entry javax/validation/metadata/GroupConversionDescriptor.class
[DEBUG] adding entry javax/validation/metadata/MethodDescriptor.class
[DEBUG] adding entry javax/validation/metadata/MethodType.class
[DEBUG] adding entry javax/validation/metadata/ParameterDescriptor.class
[DEBUG] adding entry javax/validation/metadata/PropertyDescriptor.class
[DEBUG] adding entry javax/validation/metadata/ReturnValueDescriptor.class
[DEBUG] adding entry javax/validation/metadata/Scope.class
[DEBUG] adding entry javax/validation/OverridesAttribute$List.class
[DEBUG] adding entry javax/validation/OverridesAttribute.class
[DEBUG] adding entry javax/validation/ParameterNameProvider.class
[DEBUG] adding entry javax/validation/Path$BeanNode.class
[DEBUG] adding entry javax/validation/Path$ConstructorNode.class
[DEBUG] adding entry javax/validation/Path$CrossParameterNode.class
[DEBUG] adding entry javax/validation/Path$MethodNode.class
[DEBUG] adding entry javax/validation/Path$Node.class
[DEBUG] adding entry javax/validation/Path$ParameterNode.class
[DEBUG] adding entry javax/validation/Path$PropertyNode.class
[DEBUG] adding entry javax/validation/Path$ReturnValueNode.class
[DEBUG] adding entry javax/validation/Path.class
[DEBUG] adding entry javax/validation/Payload.class
[DEBUG] adding entry javax/validation/ReportAsSingleViolation.class
[DEBUG] adding entry javax/validation/spi/BootstrapState.class
[DEBUG] adding entry javax/validation/spi/ConfigurationState.class
[DEBUG] adding entry javax/validation/spi/ValidationProvider.class
[DEBUG] adding entry javax/validation/TraversableResolver.class
[DEBUG] adding entry javax/validation/UnexpectedTypeException.class
[DEBUG] adding entry javax/validation/Valid.class
[DEBUG] adding entry javax/validation/Validation$1.class
[DEBUG] adding entry javax/validation/Validation$DefaultValidationProviderResolver.class
[DEBUG] adding entry javax/validation/Validation$GenericBootstrapImpl.class
[DEBUG] adding entry javax/validation/Validation$GetValidationProviderListAction.class
[DEBUG] adding entry javax/validation/Validation$ProviderSpecificBootstrapImpl.class
[DEBUG] adding entry javax/validation/Validation.class
[DEBUG] adding entry javax/validation/ValidationException.class
[DEBUG] adding entry javax/validation/ValidationProviderResolver.class
[DEBUG] adding entry javax/validation/Validator.class
[DEBUG] adding entry javax/validation/ValidatorContext.class
[DEBUG] adding entry javax/validation/ValidatorFactory.class
[INFO] META-INF/maven/ already added, skipping
[DEBUG] adding directory META-INF/maven/javax.validation/
[DEBUG] adding directory META-INF/maven/javax.validation/validation-api/
[DEBUG] adding entry META-INF/maven/javax.validation/validation-api/pom.xml
[DEBUG] adding entry META-INF/maven/javax.validation/validation-api/pom.properties
[INFO] META-INF/ already added, skipping
[INFO] META-INF/MANIFEST.MF already added, skipping
[INFO] org/ already added, skipping
[DEBUG] adding directory org/jboss/
[DEBUG] adding directory org/jboss/logging/
[INFO] META-INF/LICENSE.txt already added, skipping
[DEBUG] adding entry org/jboss/logging/LogMessage.class
[DEBUG] adding entry org/jboss/logging/Log4j2LoggerProvider.class
[DEBUG] adding entry org/jboss/logging/MessageLogger.class
[DEBUG] adding entry org/jboss/logging/DelegatingBasicLogger.class
[DEBUG] adding entry org/jboss/logging/Slf4jLocationAwareLogger$1.class
[DEBUG] adding entry org/jboss/logging/Logger.class
[DEBUG] adding entry org/jboss/logging/Log4jLoggerProvider.class
[DEBUG] adding entry org/jboss/logging/Log4j2Logger$1.class
[DEBUG] adding entry org/jboss/logging/MDC.class
[DEBUG] adding entry org/jboss/logging/JBossLogManagerProvider.class
[DEBUG] adding entry org/jboss/logging/NDC.class
[DEBUG] adding entry org/jboss/logging/JDKLogger$1.class
[DEBUG] adding entry org/jboss/logging/LoggingClass.class
[DEBUG] adding entry org/jboss/logging/Log4jLogger$1.class
[DEBUG] adding entry org/jboss/logging/LoggerProvider.class
[DEBUG] adding entry org/jboss/logging/AbstractLoggerProvider$Entry.class
[DEBUG] adding entry org/jboss/logging/JBossLogManagerLogger$1.class
[DEBUG] adding entry org/jboss/logging/Slf4jLoggerProvider.class
[DEBUG] adding entry org/jboss/logging/Message$Format.class
[DEBUG] adding entry org/jboss/logging/JBossLogRecord.class
[DEBUG] adding entry org/jboss/logging/Messages.class
[DEBUG] adding entry org/jboss/logging/Logger$1.class
[DEBUG] adding entry org/jboss/logging/LoggerProviders$1.class
[DEBUG] adding entry org/jboss/logging/SerializedLogger.class
[DEBUG] adding entry org/jboss/logging/Param.class
[DEBUG] adding entry org/jboss/logging/Slf4jLogger$1.class
[DEBUG] adding entry org/jboss/logging/Messages$1.class
[DEBUG] adding entry org/jboss/logging/Log4jLogger.class
[DEBUG] adding entry org/jboss/logging/JBossLogManagerProvider$1.class
[DEBUG] adding entry org/jboss/logging/Log4j2Logger.class
[DEBUG] adding entry org/jboss/logging/LoggerProviders.class
[DEBUG] adding entry org/jboss/logging/BasicLogger.class
[DEBUG] adding entry org/jboss/logging/MessageBundle.class
[DEBUG] adding entry org/jboss/logging/FormatWith.class
[DEBUG] adding entry org/jboss/logging/Field.class
[DEBUG] adding entry org/jboss/logging/Message.class
[DEBUG] adding entry org/jboss/logging/Logger$Level.class
[DEBUG] adding entry org/jboss/logging/ParameterConverter.class
[DEBUG] adding entry org/jboss/logging/AbstractLoggerProvider.class
[DEBUG] adding entry org/jboss/logging/Slf4jLogger.class
[DEBUG] adding entry org/jboss/logging/JDKLogger.class
[DEBUG] adding entry org/jboss/logging/Slf4jLocationAwareLogger.class
[DEBUG] adding entry org/jboss/logging/Cause.class
[DEBUG] adding entry org/jboss/logging/AbstractMdcLoggerProvider.class
[DEBUG] adding entry org/jboss/logging/JDKLevel.class
[DEBUG] adding entry org/jboss/logging/Property.class
[DEBUG] adding entry org/jboss/logging/JBossLogManagerLogger.class
[DEBUG] adding entry org/jboss/logging/JDKLoggerProvider.class
[INFO] META-INF/maven/ already added, skipping
[DEBUG] adding directory META-INF/maven/org.jboss.logging/
[DEBUG] adding directory META-INF/maven/org.jboss.logging/jboss-logging/
[DEBUG] adding entry META-INF/maven/org.jboss.logging/jboss-logging/pom.xml
[DEBUG] adding entry META-INF/maven/org.jboss.logging/jboss-logging/pom.properties
[DEBUG] adding entry META-INF/INDEX.LIST
[INFO] META-INF/MANIFEST.MF already added, skipping
[INFO] META-INF/ already added, skipping
[INFO] META-INF/LICENSE already added, skipping
[INFO] META-INF/NOTICE already added, skipping
[INFO] META-INF/maven/ already added, skipping
[DEBUG] adding directory META-INF/maven/com.fasterxml/
[DEBUG] adding directory META-INF/maven/com.fasterxml/classmate/
[DEBUG] adding entry META-INF/maven/com.fasterxml/classmate/pom.properties
[DEBUG] adding entry META-INF/maven/com.fasterxml/classmate/pom.xml
[INFO] com/ already added, skipping
[INFO] com/fasterxml/ already added, skipping
[DEBUG] adding directory com/fasterxml/classmate/
[DEBUG] adding entry com/fasterxml/classmate/AnnotationConfiguration$StdConfiguration.class
[DEBUG] adding entry com/fasterxml/classmate/AnnotationConfiguration.class
[DEBUG] adding entry com/fasterxml/classmate/AnnotationInclusion.class
[DEBUG] adding entry com/fasterxml/classmate/AnnotationOverrides$StdBuilder.class
[DEBUG] adding entry com/fasterxml/classmate/AnnotationOverrides$StdImpl.class
[DEBUG] adding entry com/fasterxml/classmate/AnnotationOverrides.class
[DEBUG] adding entry com/fasterxml/classmate/Annotations.class
[DEBUG] adding entry com/fasterxml/classmate/Filter.class
[DEBUG] adding entry com/fasterxml/classmate/GenericType.class
[DEBUG] adding entry com/fasterxml/classmate/MemberResolver.class
[DEBUG] adding entry com/fasterxml/classmate/ResolvedType.class
[DEBUG] adding entry com/fasterxml/classmate/ResolvedTypeWithMembers$AnnotationHandler.class
[DEBUG] adding entry com/fasterxml/classmate/ResolvedTypeWithMembers.class
[DEBUG] adding entry com/fasterxml/classmate/TypeBindings.class
[DEBUG] adding entry com/fasterxml/classmate/TypeResolver$ClassStack.class
[DEBUG] adding entry com/fasterxml/classmate/TypeResolver.class
[DEBUG] adding directory com/fasterxml/classmate/members/
[DEBUG] adding entry com/fasterxml/classmate/members/HierarchicType.class
[DEBUG] adding entry com/fasterxml/classmate/members/RawConstructor.class
[DEBUG] adding entry com/fasterxml/classmate/members/RawField.class
[DEBUG] adding entry com/fasterxml/classmate/members/RawMember.class
[DEBUG] adding entry com/fasterxml/classmate/members/RawMethod.class
[DEBUG] adding entry com/fasterxml/classmate/members/ResolvedConstructor.class
[DEBUG] adding entry com/fasterxml/classmate/members/ResolvedField.class
[DEBUG] adding entry com/fasterxml/classmate/members/ResolvedMember.class
[DEBUG] adding entry com/fasterxml/classmate/members/ResolvedMethod.class
[DEBUG] adding entry com/fasterxml/classmate/members/ResolvedParameterizedMember.class
[DEBUG] adding directory com/fasterxml/classmate/types/
[DEBUG] adding entry com/fasterxml/classmate/types/ResolvedArrayType.class
[DEBUG] adding entry com/fasterxml/classmate/types/ResolvedInterfaceType.class
[DEBUG] adding entry com/fasterxml/classmate/types/ResolvedObjectType.class
[DEBUG] adding entry com/fasterxml/classmate/types/ResolvedPrimitiveType.class
[DEBUG] adding entry com/fasterxml/classmate/types/ResolvedRecursiveType.class
[DEBUG] adding entry com/fasterxml/classmate/types/TypePlaceHolder.class
[DEBUG] adding directory com/fasterxml/classmate/util/
[DEBUG] adding entry com/fasterxml/classmate/util/ClassKey.class
[DEBUG] adding entry com/fasterxml/classmate/util/MethodKey.class
[DEBUG] adding entry com/fasterxml/classmate/util/ResolvedTypeCache$CacheMap.class
[DEBUG] adding entry com/fasterxml/classmate/util/ResolvedTypeCache$Key.class
[DEBUG] adding entry com/fasterxml/classmate/util/ResolvedTypeCache.class
[INFO] META-INF/ already added, skipping
[INFO] META-INF/MANIFEST.MF already added, skipping
[INFO] javax/ already added, skipping
[DEBUG] adding directory javax/el/
[DEBUG] adding entry javax/el/ELException.class
[DEBUG] adding entry javax/el/MethodInfo.class
[DEBUG] adding entry javax/el/ELContext.class
[DEBUG] adding entry javax/el/ELContextEvent.class
[DEBUG] adding entry javax/el/ELContextListener.class
[DEBUG] adding entry javax/el/BeanELResolver$BPSoftReference.class
[DEBUG] adding entry javax/el/ResourceBundleELResolver.class
[DEBUG] adding entry javax/el/PropertyNotWritableException.class
[DEBUG] adding entry javax/el/MapELResolver.class
[DEBUG] adding entry javax/el/BeanELResolver$SoftConcurrentHashMap.class
[DEBUG] adding entry javax/el/Expression.class
[DEBUG] adding entry javax/el/PropertyNotFoundException.class
[DEBUG] adding entry javax/el/PrivateMessages.properties
[DEBUG] adding entry javax/el/ArrayELResolver.class
[DEBUG] adding entry javax/el/ListELResolver.class
[DEBUG] adding entry javax/el/ELResolver.class
[DEBUG] adding entry javax/el/ExpressionFactory.class
[DEBUG] adding entry javax/el/MethodExpression.class
[DEBUG] adding entry javax/el/CompositeELResolver.class
[DEBUG] adding entry javax/el/BeanELResolver$BeanProperty.class
[DEBUG] adding entry javax/el/BeanELResolver$BeanProperties.class
[DEBUG] adding entry javax/el/ValueReference.class
[DEBUG] adding entry javax/el/MethodNotFoundException.class
[DEBUG] adding entry javax/el/ValueExpression.class
[DEBUG] adding entry javax/el/ELUtil$1.class
[DEBUG] adding entry javax/el/FunctionMapper.class
[DEBUG] adding entry javax/el/ELUtil.class
[DEBUG] adding entry javax/el/VariableMapper.class
[DEBUG] adding entry javax/el/CompositeELResolver$CompositeIterator.class
[DEBUG] adding entry javax/el/BeanELResolver$1.class
[DEBUG] adding entry javax/el/BeanELResolver.class
[DEBUG] adding entry javax/el/FactoryFinder.class
[INFO] META-INF/maven/ already added, skipping
[DEBUG] adding directory META-INF/maven/javax.el/
[DEBUG] adding directory META-INF/maven/javax.el/javax.el-api/
[DEBUG] adding entry META-INF/maven/javax.el/javax.el-api/pom.xml
[DEBUG] adding entry META-INF/maven/javax.el/javax.el-api/pom.properties
[INFO] META-INF/ already added, skipping
[INFO] META-INF/MANIFEST.MF already added, skipping
[INFO] com/ already added, skipping
[DEBUG] adding directory com/sun/
[DEBUG] adding directory com/sun/el/
[DEBUG] adding directory com/sun/el/lang/
[DEBUG] adding directory com/sun/el/parser/
[DEBUG] adding directory com/sun/el/util/
[DEBUG] adding entry com/sun/el/Messages.properties
[DEBUG] adding entry com/sun/el/lang/ELSupport.class
[DEBUG] adding entry com/sun/el/lang/EvaluationContext.class
[DEBUG] adding entry com/sun/el/lang/ExpressionBuilder$NodeSoftReference.class
[DEBUG] adding entry com/sun/el/lang/ExpressionBuilder$SoftConcurrentHashMap.class
[DEBUG] adding entry com/sun/el/lang/ExpressionBuilder$1.class
[DEBUG] adding entry com/sun/el/lang/ExpressionBuilder.class
[DEBUG] adding entry com/sun/el/lang/ELArithmetic$BigDecimalDelegate.class
[DEBUG] adding entry com/sun/el/lang/ELArithmetic$BigIntegerDelegate.class
[DEBUG] adding entry com/sun/el/lang/ELArithmetic$DoubleDelegate.class
[DEBUG] adding entry com/sun/el/lang/ELArithmetic$LongDelegate.class
[DEBUG] adding entry com/sun/el/lang/ELArithmetic.class
[DEBUG] adding entry com/sun/el/lang/FunctionMapperFactory.class
[DEBUG] adding entry com/sun/el/lang/FunctionMapperImpl$Function.class
[DEBUG] adding entry com/sun/el/lang/FunctionMapperImpl.class
[DEBUG] adding entry com/sun/el/lang/VariableMapperImpl.class
[DEBUG] adding entry com/sun/el/lang/VariableMapperFactory.class
[DEBUG] adding entry com/sun/el/parser/Node.class
[DEBUG] adding entry com/sun/el/parser/NodeVisitor.class
[DEBUG] adding entry com/sun/el/parser/JJTELParserState.class
[DEBUG] adding entry com/sun/el/parser/Token.class
[DEBUG] adding entry com/sun/el/parser/ELParserConstants.class
[DEBUG] adding entry com/sun/el/parser/SimpleCharStream.class
[DEBUG] adding entry com/sun/el/parser/TokenMgrError.class
[DEBUG] adding entry com/sun/el/parser/ELParserTreeConstants.class
[DEBUG] adding entry com/sun/el/parser/ELParserTokenManager.class
[DEBUG] adding entry com/sun/el/parser/ELParser$LookaheadSuccess.class
[DEBUG] adding entry com/sun/el/parser/ELParser$JJCalls.class
[DEBUG] adding entry com/sun/el/parser/ELParser$1.class
[DEBUG] adding entry com/sun/el/parser/ELParser.class
[DEBUG] adding entry com/sun/el/parser/ParseException.class
[DEBUG] adding entry com/sun/el/parser/AstChoice.class
[DEBUG] adding entry com/sun/el/parser/SimpleNode.class
[DEBUG] adding entry com/sun/el/parser/AstNotEqual.class
[DEBUG] adding entry com/sun/el/parser/BooleanNode.class
[DEBUG] adding entry com/sun/el/parser/AstDiv.class
[DEBUG] adding entry com/sun/el/parser/ArithmeticNode.class
[DEBUG] adding entry com/sun/el/parser/AstInteger.class
[DEBUG] adding entry com/sun/el/parser/AstDynamicExpression.class
[DEBUG] adding entry com/sun/el/parser/AstMinus.class
[DEBUG] adding entry com/sun/el/parser/AstString.class
[DEBUG] adding entry com/sun/el/parser/AstCompositeExpression.class
[DEBUG] adding entry com/sun/el/parser/AstLessThan.class
[DEBUG] adding entry com/sun/el/parser/AstBracketSuffix.class
[DEBUG] adding entry com/sun/el/parser/AstEmpty.class
[DEBUG] adding entry com/sun/el/parser/AstGreaterThanEqual.class
[DEBUG] adding entry com/sun/el/parser/AstPlus.class
[DEBUG] adding entry com/sun/el/parser/AstAnd.class
[DEBUG] adding entry com/sun/el/parser/AstEqual.class
[DEBUG] adding entry com/sun/el/parser/AstFloatingPoint.class
[DEBUG] adding entry com/sun/el/parser/AstValue.class
[DEBUG] adding entry com/sun/el/parser/AstValue$Target.class
[DEBUG] adding entry com/sun/el/parser/AstMethodArguments.class
[DEBUG] adding entry com/sun/el/parser/AstNegative.class
[DEBUG] adding entry com/sun/el/parser/AstNot.class
[DEBUG] adding entry com/sun/el/parser/AstMod.class
[DEBUG] adding entry com/sun/el/parser/AstGreaterThan.class
[DEBUG] adding entry com/sun/el/parser/AstTrue.class
[DEBUG] adding entry com/sun/el/parser/AstNull.class
[DEBUG] adding entry com/sun/el/parser/AstMult.class
[DEBUG] adding entry com/sun/el/parser/AstLiteralExpression.class
[DEBUG] adding entry com/sun/el/parser/AstIdentifier.class
[DEBUG] adding entry com/sun/el/parser/AstDotSuffix.class
[DEBUG] adding entry com/sun/el/parser/AstFalse.class
[DEBUG] adding entry com/sun/el/parser/AstLessThanEqual.class
[DEBUG] adding entry com/sun/el/parser/AstFunction.class
[DEBUG] adding entry com/sun/el/parser/AstDeferredExpression.class
[DEBUG] adding entry com/sun/el/parser/AstOr.class
[DEBUG] adding entry com/sun/el/ValueExpressionImpl.class
[DEBUG] adding entry com/sun/el/util/ReflectionUtil.class
[DEBUG] adding entry com/sun/el/util/MessageFactory.class
[DEBUG] adding entry com/sun/el/MethodExpressionImpl.class
[DEBUG] adding entry com/sun/el/ExpressionFactoryImpl.class
[DEBUG] adding entry com/sun/el/MethodExpressionLiteral.class
[DEBUG] adding entry com/sun/el/ValueExpressionLiteral.class
[INFO] META-INF/maven/ already added, skipping
[DEBUG] adding directory META-INF/maven/org.glassfish.web/
[DEBUG] adding directory META-INF/maven/org.glassfish.web/javax.el/
[DEBUG] adding entry META-INF/maven/org.glassfish.web/javax.el/pom.xml
[DEBUG] adding entry META-INF/maven/org.glassfish.web/javax.el/pom.properties
[INFO] META-INF/ already added, skipping
[INFO] META-INF/MANIFEST.MF already added, skipping
[INFO] org/ already added, skipping
[DEBUG] adding directory org/slf4j/
[DEBUG] adding directory org/slf4j/helpers/
[DEBUG] adding directory org/slf4j/spi/
[DEBUG] adding entry org/slf4j/helpers/BasicMarker.class
[DEBUG] adding entry org/slf4j/helpers/BasicMarkerFactory.class
[DEBUG] adding entry org/slf4j/helpers/BasicMDCAdapter.class
[DEBUG] adding entry org/slf4j/helpers/FormattingTuple.class
[DEBUG] adding entry org/slf4j/helpers/MarkerIgnoringBase.class
[DEBUG] adding entry org/slf4j/helpers/MessageFormatter.class
[DEBUG] adding entry org/slf4j/helpers/NamedLoggerBase.class
[DEBUG] adding entry org/slf4j/helpers/NOPLogger.class
[DEBUG] adding entry org/slf4j/helpers/NOPLoggerFactory.class
[DEBUG] adding entry org/slf4j/helpers/NOPMDCAdapter.class
[DEBUG] adding entry org/slf4j/helpers/SubstituteLoggerFactory.class
[DEBUG] adding entry org/slf4j/helpers/Util.class
[DEBUG] adding entry org/slf4j/ILoggerFactory.class
[DEBUG] adding entry org/slf4j/IMarkerFactory.class
[DEBUG] adding entry org/slf4j/Logger.class
[DEBUG] adding entry org/slf4j/LoggerFactory.class
[DEBUG] adding entry org/slf4j/Marker.class
[DEBUG] adding entry org/slf4j/MarkerFactory.class
[DEBUG] adding entry org/slf4j/MDC.class
[DEBUG] adding entry org/slf4j/spi/LocationAwareLogger.class
[DEBUG] adding entry org/slf4j/spi/LoggerFactoryBinder.class
[DEBUG] adding entry org/slf4j/spi/MarkerFactoryBinder.class
[DEBUG] adding entry org/slf4j/spi/MDCAdapter.class
[INFO] META-INF/maven/ already added, skipping
[DEBUG] adding directory META-INF/maven/org.slf4j/
[DEBUG] adding directory META-INF/maven/org.slf4j/slf4j-api/
[DEBUG] adding entry META-INF/maven/org.slf4j/slf4j-api/pom.xml
[DEBUG] adding entry META-INF/maven/org.slf4j/slf4j-api/pom.properties
[INFO] META-INF/ already added, skipping
[INFO] META-INF/MANIFEST.MF already added, skipping
[INFO] org/ already added, skipping
[INFO] org/eclipse/ already added, skipping
[INFO] org/eclipse/jetty/ already added, skipping
[DEBUG] adding directory org/eclipse/jetty/webapp/
[INFO] about.html already added, skipping
[DEBUG] adding entry org/eclipse/jetty/webapp/AbstractConfiguration.class
[DEBUG] adding entry org/eclipse/jetty/webapp/ClasspathPattern$1.class
[DEBUG] adding entry org/eclipse/jetty/webapp/ClasspathPattern$Entry.class
[DEBUG] adding entry org/eclipse/jetty/webapp/ClasspathPattern.class
[DEBUG] adding entry org/eclipse/jetty/webapp/CloneConfiguration.class
[DEBUG] adding entry org/eclipse/jetty/webapp/Configuration$ClassList.class
[DEBUG] adding entry org/eclipse/jetty/webapp/Configuration.class
[DEBUG] adding entry org/eclipse/jetty/webapp/DefaultsDescriptor.class
[DEBUG] adding entry org/eclipse/jetty/webapp/Descriptor.class
[DEBUG] adding entry org/eclipse/jetty/webapp/DescriptorProcessor.class
[DEBUG] adding entry org/eclipse/jetty/webapp/DiscoveredAnnotation.class
[DEBUG] adding entry org/eclipse/jetty/webapp/FragmentConfiguration.class
[DEBUG] adding entry org/eclipse/jetty/webapp/FragmentDescriptor$OtherType.class
[DEBUG] adding entry org/eclipse/jetty/webapp/FragmentDescriptor.class
[DEBUG] adding entry org/eclipse/jetty/webapp/IterativeDescriptorProcessor.class
[DEBUG] adding entry org/eclipse/jetty/webapp/JarScanner.class
[DEBUG] adding entry org/eclipse/jetty/webapp/JettyWebXmlConfiguration.class
[DEBUG] adding entry org/eclipse/jetty/webapp/MetaData$1.class
[DEBUG] adding entry org/eclipse/jetty/webapp/MetaData$OriginInfo.class
[DEBUG] adding entry org/eclipse/jetty/webapp/MetaData.class
[DEBUG] adding entry org/eclipse/jetty/webapp/MetaDataComplete.class
[DEBUG] adding entry org/eclipse/jetty/webapp/MetaInfConfiguration.class
[DEBUG] adding entry org/eclipse/jetty/webapp/Ordering$1.class
[DEBUG] adding entry org/eclipse/jetty/webapp/Ordering$AbsoluteOrdering.class
[DEBUG] adding entry org/eclipse/jetty/webapp/Ordering$RelativeOrdering.class
[DEBUG] adding entry org/eclipse/jetty/webapp/Ordering.class
[DEBUG] adding entry org/eclipse/jetty/webapp/Origin.class
[DEBUG] adding entry org/eclipse/jetty/webapp/OverrideDescriptor.class
[DEBUG] adding entry org/eclipse/jetty/webapp/StandardDescriptorProcessor$1.class
[DEBUG] adding entry org/eclipse/jetty/webapp/StandardDescriptorProcessor.class
[DEBUG] adding entry org/eclipse/jetty/webapp/WebAppClassLoader$Context.class
[DEBUG] adding entry org/eclipse/jetty/webapp/WebAppClassLoader.class
[DEBUG] adding entry org/eclipse/jetty/webapp/WebAppContext$1.class
[DEBUG] adding entry org/eclipse/jetty/webapp/WebAppContext$Context.class
[DEBUG] adding entry org/eclipse/jetty/webapp/WebAppContext.class
[DEBUG] adding entry org/eclipse/jetty/webapp/webdefault.xml
[DEBUG] adding entry org/eclipse/jetty/webapp/WebDescriptor$1.class
[DEBUG] adding entry org/eclipse/jetty/webapp/WebDescriptor.class
[DEBUG] adding entry org/eclipse/jetty/webapp/WebInfConfiguration$1.class
[DEBUG] adding entry org/eclipse/jetty/webapp/WebInfConfiguration$2.class
[DEBUG] adding entry org/eclipse/jetty/webapp/WebInfConfiguration.class
[DEBUG] adding entry org/eclipse/jetty/webapp/WebXmlConfiguration.class
[INFO] META-INF/maven/ already added, skipping
[INFO] META-INF/maven/org.eclipse.jetty/ already added, skipping
[DEBUG] adding directory META-INF/maven/org.eclipse.jetty/jetty-webapp/
[DEBUG] adding entry META-INF/maven/org.eclipse.jetty/jetty-webapp/pom.xml
[DEBUG] adding entry META-INF/maven/org.eclipse.jetty/jetty-webapp/pom.properties
[INFO] META-INF/ already added, skipping
[INFO] META-INF/MANIFEST.MF already added, skipping
[INFO] org/ already added, skipping
[INFO] org/eclipse/ already added, skipping
[INFO] org/eclipse/jetty/ already added, skipping
[DEBUG] adding directory org/eclipse/jetty/xml/
[INFO] about.html already added, skipping
[DEBUG] adding entry org/eclipse/jetty/xml/ConfigurationProcessor.class
[DEBUG] adding entry org/eclipse/jetty/xml/ConfigurationProcessorFactory.class
[DEBUG] adding entry org/eclipse/jetty/xml/configure_6_0.dtd
[DEBUG] adding entry org/eclipse/jetty/xml/configure_7_6.dtd
[DEBUG] adding entry org/eclipse/jetty/xml/configure_9_0.dtd
[DEBUG] adding entry org/eclipse/jetty/xml/XmlAppendable.class
[DEBUG] adding entry org/eclipse/jetty/xml/XmlConfiguration$1.class
[DEBUG] adding entry org/eclipse/jetty/xml/XmlConfiguration$JettyXmlConfiguration.class
[DEBUG] adding entry org/eclipse/jetty/xml/XmlConfiguration.class
[DEBUG] adding entry org/eclipse/jetty/xml/XmlParser$Attribute.class
[DEBUG] adding entry org/eclipse/jetty/xml/XmlParser$Handler.class
[DEBUG] adding entry org/eclipse/jetty/xml/XmlParser$Node$1.class
[DEBUG] adding entry org/eclipse/jetty/xml/XmlParser$Node.class
[DEBUG] adding entry org/eclipse/jetty/xml/XmlParser$NoopHandler.class
[DEBUG] adding entry org/eclipse/jetty/xml/XmlParser.class
[INFO] META-INF/maven/ already added, skipping
[INFO] META-INF/maven/org.eclipse.jetty/ already added, skipping
[DEBUG] adding directory META-INF/maven/org.eclipse.jetty/jetty-xml/
[DEBUG] adding entry META-INF/maven/org.eclipse.jetty/jetty-xml/pom.xml
[DEBUG] adding entry META-INF/maven/org.eclipse.jetty/jetty-xml/pom.properties
[INFO] META-INF/ already added, skipping
[INFO] META-INF/MANIFEST.MF already added, skipping
[INFO] org/ already added, skipping
[INFO] org/eclipse/ already added, skipping
[INFO] org/eclipse/jetty/ already added, skipping
[DEBUG] adding directory org/eclipse/jetty/servlet/
[DEBUG] adding directory org/eclipse/jetty/servlet/jmx/
[DEBUG] adding directory org/eclipse/jetty/servlet/listener/
[INFO] about.html already added, skipping
[DEBUG] adding entry org/eclipse/jetty/servlet/BaseHolder$Source.class
[DEBUG] adding entry org/eclipse/jetty/servlet/BaseHolder.class
[DEBUG] adding entry org/eclipse/jetty/servlet/DefaultServlet$1.class
[DEBUG] adding entry org/eclipse/jetty/servlet/DefaultServlet.class
[DEBUG] adding entry org/eclipse/jetty/servlet/ErrorPageErrorHandler$ErrorCodeRange.class
[DEBUG] adding entry org/eclipse/jetty/servlet/ErrorPageErrorHandler.class
[DEBUG] adding entry org/eclipse/jetty/servlet/FilterHolder$Config.class
[DEBUG] adding entry org/eclipse/jetty/servlet/FilterHolder$Registration.class
[DEBUG] adding entry org/eclipse/jetty/servlet/FilterHolder.class
[DEBUG] adding entry org/eclipse/jetty/servlet/FilterMapping$1.class
[DEBUG] adding entry org/eclipse/jetty/servlet/FilterMapping.class
[DEBUG] adding entry org/eclipse/jetty/servlet/Holder$1.class
[DEBUG] adding entry org/eclipse/jetty/servlet/Holder$HolderConfig.class
[DEBUG] adding entry org/eclipse/jetty/servlet/Holder$HolderRegistration.class
[DEBUG] adding entry org/eclipse/jetty/servlet/Holder.class
[DEBUG] adding entry org/eclipse/jetty/servlet/Invoker$InvokedRequest.class
[DEBUG] adding entry org/eclipse/jetty/servlet/Invoker.class
[DEBUG] adding entry org/eclipse/jetty/servlet/jmx/FilterMappingMBean.class
[DEBUG] adding entry org/eclipse/jetty/servlet/jmx/HolderMBean.class
[DEBUG] adding entry org/eclipse/jetty/servlet/jmx/ServletMappingMBean.class
[DEBUG] adding entry org/eclipse/jetty/servlet/JspPropertyGroupServlet.class
[DEBUG] adding entry org/eclipse/jetty/servlet/listener/ELContextCleaner.class
[DEBUG] adding entry org/eclipse/jetty/servlet/listener/IntrospectorCleaner.class
[DEBUG] adding entry org/eclipse/jetty/servlet/ListenerHolder.class
[DEBUG] adding entry org/eclipse/jetty/servlet/NoJspServlet.class
[DEBUG] adding entry org/eclipse/jetty/servlet/ServletContextHandler$Context.class
[DEBUG] adding entry org/eclipse/jetty/servlet/ServletContextHandler$Decorator.class
[DEBUG] adding entry org/eclipse/jetty/servlet/ServletContextHandler$JspConfig.class
[DEBUG] adding entry org/eclipse/jetty/servlet/ServletContextHandler$JspPropertyGroup.class
[DEBUG] adding entry org/eclipse/jetty/servlet/ServletContextHandler$ServletContainerInitializerCaller.class
[DEBUG] adding entry org/eclipse/jetty/servlet/ServletContextHandler$TagLib.class
[DEBUG] adding entry org/eclipse/jetty/servlet/ServletContextHandler.class
[DEBUG] adding entry org/eclipse/jetty/servlet/ServletHandler$CachedChain.class
[DEBUG] adding entry org/eclipse/jetty/servlet/ServletHandler$Chain.class
[DEBUG] adding entry org/eclipse/jetty/servlet/ServletHandler$Default404Servlet.class
[DEBUG] adding entry org/eclipse/jetty/servlet/ServletHandler.class
[DEBUG] adding entry org/eclipse/jetty/servlet/ServletHolder$1.class
[DEBUG] adding entry org/eclipse/jetty/servlet/ServletHolder$Config.class
[DEBUG] adding entry org/eclipse/jetty/servlet/ServletHolder$JspContainer.class
[DEBUG] adding entry org/eclipse/jetty/servlet/ServletHolder$Registration.class
[DEBUG] adding entry org/eclipse/jetty/servlet/ServletHolder$SingleThreadedWrapper.class
[DEBUG] adding entry org/eclipse/jetty/servlet/ServletHolder.class
[DEBUG] adding entry org/eclipse/jetty/servlet/ServletMapping.class
[DEBUG] adding entry org/eclipse/jetty/servlet/ServletTester.class
[DEBUG] adding entry org/eclipse/jetty/servlet/StatisticsServlet.class
[INFO] META-INF/maven/ already added, skipping
[INFO] META-INF/maven/org.eclipse.jetty/ already added, skipping
[DEBUG] adding directory META-INF/maven/org.eclipse.jetty/jetty-servlet/
[DEBUG] adding entry META-INF/maven/org.eclipse.jetty/jetty-servlet/pom.xml
[DEBUG] adding entry META-INF/maven/org.eclipse.jetty/jetty-servlet/pom.properties
[INFO] META-INF/ already added, skipping
[INFO] META-INF/MANIFEST.MF already added, skipping
[INFO] org/ already added, skipping
[INFO] org/eclipse/ already added, skipping
[INFO] org/eclipse/jetty/ already added, skipping
[DEBUG] adding directory org/eclipse/jetty/security/
[DEBUG] adding directory org/eclipse/jetty/security/authentication/
[INFO] about.html already added, skipping
[DEBUG] adding entry org/eclipse/jetty/security/AbstractUserAuthentication.class
[DEBUG] adding entry org/eclipse/jetty/security/authentication/BasicAuthenticator.class
[DEBUG] adding entry org/eclipse/jetty/security/authentication/ClientCertAuthenticator.class
[DEBUG] adding entry org/eclipse/jetty/security/authentication/DeferredAuthentication$1.class
[DEBUG] adding entry org/eclipse/jetty/security/authentication/DeferredAuthentication$2.class
[DEBUG] adding entry org/eclipse/jetty/security/authentication/DeferredAuthentication.class
[DEBUG] adding entry org/eclipse/jetty/security/authentication/DigestAuthenticator$Digest.class
[DEBUG] adding entry org/eclipse/jetty/security/authentication/DigestAuthenticator$Nonce.class
[DEBUG] adding entry org/eclipse/jetty/security/authentication/DigestAuthenticator.class
[DEBUG] adding entry org/eclipse/jetty/security/authentication/FormAuthenticator$FormAuthentication.class
[DEBUG] adding entry org/eclipse/jetty/security/authentication/FormAuthenticator$FormRequest.class
[DEBUG] adding entry org/eclipse/jetty/security/authentication/FormAuthenticator$FormResponse.class
[DEBUG] adding entry org/eclipse/jetty/security/authentication/FormAuthenticator.class
[DEBUG] adding entry org/eclipse/jetty/security/authentication/LoginAuthenticator.class
[DEBUG] adding entry org/eclipse/jetty/security/authentication/LoginCallback.class
[DEBUG] adding entry org/eclipse/jetty/security/authentication/LoginCallbackImpl.class
[DEBUG] adding entry org/eclipse/jetty/security/authentication/SessionAuthentication.class
[DEBUG] adding entry org/eclipse/jetty/security/authentication/SpnegoAuthenticator.class
[DEBUG] adding entry org/eclipse/jetty/security/Authenticator$AuthConfiguration.class
[DEBUG] adding entry org/eclipse/jetty/security/Authenticator$Factory.class
[DEBUG] adding entry org/eclipse/jetty/security/Authenticator.class
[DEBUG] adding entry org/eclipse/jetty/security/ConstraintAware.class
[DEBUG] adding entry org/eclipse/jetty/security/ConstraintMapping.class
[DEBUG] adding entry org/eclipse/jetty/security/ConstraintSecurityHandler.class
[DEBUG] adding entry org/eclipse/jetty/security/CrossContextPsuedoSession.class
[DEBUG] adding entry org/eclipse/jetty/security/DefaultAuthenticatorFactory.class
[DEBUG] adding entry org/eclipse/jetty/security/DefaultIdentityService.class
[DEBUG] adding entry org/eclipse/jetty/security/DefaultUserIdentity.class
[DEBUG] adding entry org/eclipse/jetty/security/HashCrossContextPsuedoSession.class
[DEBUG] adding entry org/eclipse/jetty/security/HashLoginService.class
[DEBUG] adding entry org/eclipse/jetty/security/IdentityService.class
[DEBUG] adding entry org/eclipse/jetty/security/JDBCLoginService.class
[DEBUG] adding entry org/eclipse/jetty/security/LoginService.class
[DEBUG] adding entry org/eclipse/jetty/security/MappedLoginService$Anonymous.class
[DEBUG] adding entry org/eclipse/jetty/security/MappedLoginService$KnownUser.class
[DEBUG] adding entry org/eclipse/jetty/security/MappedLoginService$RolePrincipal.class
[DEBUG] adding entry org/eclipse/jetty/security/MappedLoginService$UserPrincipal.class
[DEBUG] adding entry org/eclipse/jetty/security/MappedLoginService.class
[DEBUG] adding entry org/eclipse/jetty/security/PropertyUserStore$1.class
[DEBUG] adding entry org/eclipse/jetty/security/PropertyUserStore$2.class
[DEBUG] adding entry org/eclipse/jetty/security/PropertyUserStore$UserListener.class
[DEBUG] adding entry org/eclipse/jetty/security/PropertyUserStore.class
[DEBUG] adding entry org/eclipse/jetty/security/RoleInfo.class
[DEBUG] adding entry org/eclipse/jetty/security/RoleRunAsToken.class
[DEBUG] adding entry org/eclipse/jetty/security/RunAsToken.class
[DEBUG] adding entry org/eclipse/jetty/security/SecurityHandler$1.class
[DEBUG] adding entry org/eclipse/jetty/security/SecurityHandler$2.class
[DEBUG] adding entry org/eclipse/jetty/security/SecurityHandler$3.class
[DEBUG] adding entry org/eclipse/jetty/security/SecurityHandler$4.class
[DEBUG] adding entry org/eclipse/jetty/security/SecurityHandler$NotChecked.class
[DEBUG] adding entry org/eclipse/jetty/security/SecurityHandler.class
[DEBUG] adding entry org/eclipse/jetty/security/ServerAuthException.class
[DEBUG] adding entry org/eclipse/jetty/security/SpnegoLoginService.class
[DEBUG] adding entry org/eclipse/jetty/security/SpnegoUserIdentity.class
[DEBUG] adding entry org/eclipse/jetty/security/SpnegoUserPrincipal.class
[DEBUG] adding entry org/eclipse/jetty/security/UserAuthentication.class
[DEBUG] adding entry org/eclipse/jetty/security/UserDataConstraint.class
[INFO] META-INF/maven/ already added, skipping
[INFO] META-INF/maven/org.eclipse.jetty/ already added, skipping
[DEBUG] adding directory META-INF/maven/org.eclipse.jetty/jetty-security/
[DEBUG] adding entry META-INF/maven/org.eclipse.jetty/jetty-security/pom.xml
[DEBUG] adding entry META-INF/maven/org.eclipse.jetty/jetty-security/pom.properties
[INFO] META-INF/MANIFEST.MF already added, skipping
[INFO] META-INF/ already added, skipping
[INFO] META-INF/maven/ already added, skipping
[DEBUG] adding directory META-INF/maven/org.glassfish.jersey.containers/
[DEBUG] adding directory META-INF/maven/org.glassfish.jersey.containers/jersey-container-servlet/
[DEBUG] adding entry META-INF/maven/org.glassfish.jersey.containers/jersey-container-servlet/pom.properties
[DEBUG] adding entry META-INF/maven/org.glassfish.jersey.containers/jersey-container-servlet/pom.xml
[INFO] META-INF/services/ already added, skipping
[DEBUG] adding entry META-INF/services/javax.servlet.ServletContainerInitializer
[DEBUG] adding entry META-INF/services/org.glassfish.jersey.servlet.spi.AsyncContextDelegateProvider
[INFO] org/ already added, skipping
[INFO] org/glassfish/ already added, skipping
[INFO] org/glassfish/jersey/ already added, skipping
[DEBUG] adding directory org/glassfish/jersey/servlet/
[DEBUG] adding directory org/glassfish/jersey/servlet/async/
[DEBUG] adding entry org/glassfish/jersey/servlet/async/AsyncContextDelegateProviderImpl$1.class
[DEBUG] adding entry org/glassfish/jersey/servlet/async/AsyncContextDelegateProviderImpl$ExtensionImpl.class
[DEBUG] adding entry org/glassfish/jersey/servlet/async/AsyncContextDelegateProviderImpl.class
[DEBUG] adding directory org/glassfish/jersey/servlet/init/
[DEBUG] adding entry org/glassfish/jersey/servlet/init/JerseyServletContainerInitializer.class
[DEBUG] adding directory org/glassfish/jersey/servlet/init/internal/
[DEBUG] adding entry org/glassfish/jersey/servlet/init/internal/LocalizationMessages.class
[DEBUG] adding entry org/glassfish/jersey/servlet/init/internal/localization.properties
[INFO] META-INF/MANIFEST.MF already added, skipping
[INFO] META-INF/ already added, skipping
[INFO] META-INF/maven/ already added, skipping
[INFO] META-INF/maven/org.glassfish.jersey.containers/ already added, skipping
[DEBUG] adding directory META-INF/maven/org.glassfish.jersey.containers/jersey-container-servlet-core/
[DEBUG] adding entry META-INF/maven/org.glassfish.jersey.containers/jersey-container-servlet-core/pom.properties
[DEBUG] adding entry META-INF/maven/org.glassfish.jersey.containers/jersey-container-servlet-core/pom.xml
[INFO] org/ already added, skipping
[INFO] org/glassfish/ already added, skipping
[INFO] org/glassfish/jersey/ already added, skipping
[INFO] org/glassfish/jersey/servlet/ already added, skipping
[DEBUG] adding entry org/glassfish/jersey/servlet/ServletContainer.class
[DEBUG] adding entry org/glassfish/jersey/servlet/ServletProperties.class
[DEBUG] adding entry org/glassfish/jersey/servlet/ServletPropertiesDelegate$1.class
[DEBUG] adding entry org/glassfish/jersey/servlet/ServletPropertiesDelegate.class
[DEBUG] adding entry org/glassfish/jersey/servlet/WebAppResourcesScanner$1$1.class
[DEBUG] adding entry org/glassfish/jersey/servlet/WebAppResourcesScanner$1.class
[DEBUG] adding entry org/glassfish/jersey/servlet/WebAppResourcesScanner.class
[DEBUG] adding entry org/glassfish/jersey/servlet/WebComponent$1.class
[DEBUG] adding entry org/glassfish/jersey/servlet/WebComponent$2.class
[DEBUG] adding entry org/glassfish/jersey/servlet/WebComponent$3.class
[DEBUG] adding entry org/glassfish/jersey/servlet/WebComponent$4$1.class
[DEBUG] adding entry org/glassfish/jersey/servlet/WebComponent$4.class
[DEBUG] adding entry org/glassfish/jersey/servlet/WebComponent$5.class
[DEBUG] adding entry org/glassfish/jersey/servlet/WebComponent$6.class
[DEBUG] adding entry org/glassfish/jersey/servlet/WebComponent$7.class
[DEBUG] adding entry org/glassfish/jersey/servlet/WebComponent$8.class
[DEBUG] adding entry org/glassfish/jersey/servlet/WebComponent$9.class
[DEBUG] adding entry org/glassfish/jersey/servlet/WebComponent$HttpServletRequestReferencingFactory.class
[DEBUG] adding entry org/glassfish/jersey/servlet/WebComponent$HttpServletResponseReferencingFactory.class
[DEBUG] adding entry org/glassfish/jersey/servlet/WebComponent$WebComponentBinder$1.class
[DEBUG] adding entry org/glassfish/jersey/servlet/WebComponent$WebComponentBinder$2.class
[DEBUG] adding entry org/glassfish/jersey/servlet/WebComponent$WebComponentBinder$3.class
[DEBUG] adding entry org/glassfish/jersey/servlet/WebComponent$WebComponentBinder$4.class
[DEBUG] adding entry org/glassfish/jersey/servlet/WebComponent$WebComponentBinder$5.class
[DEBUG] adding entry org/glassfish/jersey/servlet/WebComponent$WebComponentBinder$6.class
[DEBUG] adding entry org/glassfish/jersey/servlet/WebComponent$WebComponentBinder.class
[DEBUG] adding entry org/glassfish/jersey/servlet/WebComponent.class
[DEBUG] adding entry org/glassfish/jersey/servlet/WebConfig$ConfigType.class
[DEBUG] adding entry org/glassfish/jersey/servlet/WebConfig.class
[DEBUG] adding entry org/glassfish/jersey/servlet/WebFilterConfig.class
[DEBUG] adding entry org/glassfish/jersey/servlet/WebServletConfig.class
[DEBUG] adding directory org/glassfish/jersey/servlet/internal/
[DEBUG] adding entry org/glassfish/jersey/servlet/internal/LocalizationMessages.class
[DEBUG] adding entry org/glassfish/jersey/servlet/internal/PersistenceUnitBinder$1.class
[DEBUG] adding entry org/glassfish/jersey/servlet/internal/PersistenceUnitBinder$PersistenceUnitInjectionResolver.class
[DEBUG] adding entry org/glassfish/jersey/servlet/internal/PersistenceUnitBinder.class
[DEBUG] adding entry org/glassfish/jersey/servlet/internal/ResponseWriter$NonCloseableOutputStreamWrapper.class
[DEBUG] adding entry org/glassfish/jersey/servlet/internal/ResponseWriter.class
[DEBUG] adding entry org/glassfish/jersey/servlet/internal/ServletContainerProviderFactory.class
[DEBUG] adding entry org/glassfish/jersey/servlet/internal/ThreadLocalInvoker.class
[DEBUG] adding entry org/glassfish/jersey/servlet/internal/ThreadLocalNamedInvoker.class
[DEBUG] adding entry org/glassfish/jersey/servlet/internal/Utils.class
[DEBUG] adding entry org/glassfish/jersey/servlet/internal/localization.properties
[DEBUG] adding directory org/glassfish/jersey/servlet/internal/spi/
[DEBUG] adding entry org/glassfish/jersey/servlet/internal/spi/ExtendedServletContainerProvider.class
[DEBUG] adding entry org/glassfish/jersey/servlet/internal/spi/NoOpServletContainerProvider$1.class
[DEBUG] adding entry org/glassfish/jersey/servlet/internal/spi/NoOpServletContainerProvider$2.class
[DEBUG] adding entry org/glassfish/jersey/servlet/internal/spi/NoOpServletContainerProvider.class
[DEBUG] adding entry org/glassfish/jersey/servlet/internal/spi/RequestContextProvider.class
[DEBUG] adding entry org/glassfish/jersey/servlet/internal/spi/RequestScopedInitializerProvider.class
[DEBUG] adding entry org/glassfish/jersey/servlet/internal/spi/ServletContainerProvider.class
[DEBUG] adding directory org/glassfish/jersey/servlet/spi/
[DEBUG] adding entry org/glassfish/jersey/servlet/spi/AsyncContextDelegate.class
[DEBUG] adding entry org/glassfish/jersey/servlet/spi/AsyncContextDelegateProvider.class
[INFO] META-INF/ already added, skipping
[INFO] META-INF/MANIFEST.MF already added, skipping
[INFO] META-INF/maven/ already added, skipping
[INFO] META-INF/maven/org.glassfish.jersey.core/ already added, skipping
[DEBUG] adding directory META-INF/maven/org.glassfish.jersey.core/jersey-server/
[DEBUG] adding entry META-INF/maven/org.glassfish.jersey.core/jersey-server/pom.properties
[DEBUG] adding entry META-INF/maven/org.glassfish.jersey.core/jersey-server/pom.xml
[INFO] META-INF/services/ already added, skipping
[DEBUG] adding entry META-INF/services/javax.ws.rs.ext.RuntimeDelegate
[INFO] META-INF/services/org.glassfish.jersey.internal.spi.AutoDiscoverable already added, skipping
[DEBUG] adding entry META-INF/services/org.glassfish.jersey.internal.spi.ForcedAutoDiscoverable
[INFO] com/ already added, skipping
[INFO] com/sun/ already added, skipping
[DEBUG] adding directory com/sun/research/
[DEBUG] adding directory com/sun/research/ws/
[DEBUG] adding directory com/sun/research/ws/wadl/
[DEBUG] adding entry com/sun/research/ws/wadl/Application.class
[DEBUG] adding entry com/sun/research/ws/wadl/Doc.class
[DEBUG] adding entry com/sun/research/ws/wadl/Grammars.class
[DEBUG] adding entry com/sun/research/ws/wadl/HTTPMethods.class
[DEBUG] adding entry com/sun/research/ws/wadl/Include.class
[DEBUG] adding entry com/sun/research/ws/wadl/Link.class
[DEBUG] adding entry com/sun/research/ws/wadl/Method.class
[DEBUG] adding entry com/sun/research/ws/wadl/ObjectFactory.class
[DEBUG] adding entry com/sun/research/ws/wadl/Option.class
[DEBUG] adding entry com/sun/research/ws/wadl/Param.class
[DEBUG] adding entry com/sun/research/ws/wadl/ParamStyle.class
[DEBUG] adding entry com/sun/research/ws/wadl/Representation.class
[DEBUG] adding entry com/sun/research/ws/wadl/Request.class
[DEBUG] adding entry com/sun/research/ws/wadl/Resource.class
[DEBUG] adding entry com/sun/research/ws/wadl/ResourceType.class
[DEBUG] adding entry com/sun/research/ws/wadl/Resources.class
[DEBUG] adding entry com/sun/research/ws/wadl/Response.class
[DEBUG] adding entry com/sun/research/ws/wadl/package-info.class
[INFO] org/ already added, skipping
[INFO] org/glassfish/ already added, skipping
[INFO] org/glassfish/jersey/ already added, skipping
[DEBUG] adding directory org/glassfish/jersey/server/
[DEBUG] adding entry org/glassfish/jersey/server/ApplicationHandler$1.class
[DEBUG] adding entry org/glassfish/jersey/server/ApplicationHandler$2.class
[DEBUG] adding entry org/glassfish/jersey/server/ApplicationHandler$3.class
[DEBUG] adding entry org/glassfish/jersey/server/ApplicationHandler$4.class
[DEBUG] adding entry org/glassfish/jersey/server/ApplicationHandler$5.class
[DEBUG] adding entry org/glassfish/jersey/server/ApplicationHandler$6.class
[DEBUG] adding entry org/glassfish/jersey/server/ApplicationHandler$7.class
[DEBUG] adding entry org/glassfish/jersey/server/ApplicationHandler$8.class
[DEBUG] adding entry org/glassfish/jersey/server/ApplicationHandler$9.class
[DEBUG] adding entry org/glassfish/jersey/server/ApplicationHandler$ApplicationBinder$JaxrsApplicationProvider.class
[DEBUG] adding entry org/glassfish/jersey/server/ApplicationHandler$ApplicationBinder$RuntimeConfigProvider.class
[DEBUG] adding entry org/glassfish/jersey/server/ApplicationHandler$ApplicationBinder.class
[DEBUG] adding entry org/glassfish/jersey/server/ApplicationHandler$FutureResponseWriter.class
[DEBUG] adding entry org/glassfish/jersey/server/ApplicationHandler$WorkersToStringTransform.class
[DEBUG] adding entry org/glassfish/jersey/server/ApplicationHandler.class
[DEBUG] adding entry org/glassfish/jersey/server/BackgroundScheduler.class
[DEBUG] adding entry org/glassfish/jersey/server/BackgroundSchedulerLiteral.class
[DEBUG] adding entry org/glassfish/jersey/server/Broadcaster$1.class
[DEBUG] adding entry org/glassfish/jersey/server/Broadcaster$2.class
[DEBUG] adding entry org/glassfish/jersey/server/Broadcaster$3.class
[DEBUG] adding entry org/glassfish/jersey/server/Broadcaster$4.class
[DEBUG] adding entry org/glassfish/jersey/server/Broadcaster$Task.class
[DEBUG] adding entry org/glassfish/jersey/server/Broadcaster.class
[DEBUG] adding entry org/glassfish/jersey/server/BroadcasterListener.class
[DEBUG] adding entry org/glassfish/jersey/server/ChunkedOutput$1.class
[DEBUG] adding entry org/glassfish/jersey/server/ChunkedOutput.class
[DEBUG] adding entry org/glassfish/jersey/server/ChunkedResponseWriter.class
[DEBUG] adding entry org/glassfish/jersey/server/ClientBinding.class
[DEBUG] adding entry org/glassfish/jersey/server/CloseableService.class
[DEBUG] adding entry org/glassfish/jersey/server/ContainerException.class
[DEBUG] adding entry org/glassfish/jersey/server/ContainerFactory.class
[DEBUG] adding entry org/glassfish/jersey/server/ContainerFilteringStage$1.class
[DEBUG] adding entry org/glassfish/jersey/server/ContainerFilteringStage$ResponseFilterStage.class
[DEBUG] adding entry org/glassfish/jersey/server/ContainerFilteringStage.class
[DEBUG] adding entry org/glassfish/jersey/server/ContainerMessageBodyWorkersInitializer.class
[DEBUG] adding entry org/glassfish/jersey/server/ContainerRequest$1.class
[DEBUG] adding entry org/glassfish/jersey/server/ContainerRequest$2.class
[DEBUG] adding entry org/glassfish/jersey/server/ContainerRequest.class
[DEBUG] adding entry org/glassfish/jersey/server/ContainerResponse.class
[DEBUG] adding entry org/glassfish/jersey/server/ExtendedResourceContext.class
[DEBUG] adding entry org/glassfish/jersey/server/ExtendedUriInfo.class
[DEBUG] adding entry org/glassfish/jersey/server/JSONP.class
[DEBUG] adding entry org/glassfish/jersey/server/ManagedAsync.class
[DEBUG] adding entry org/glassfish/jersey/server/ManagedAsyncExecutor.class
[DEBUG] adding entry org/glassfish/jersey/server/ManagedAsyncExecutorLiteral.class
[DEBUG] adding entry org/glassfish/jersey/server/ParamException$CookieParamException.class
[DEBUG] adding entry org/glassfish/jersey/server/ParamException$FormParamException.class
[DEBUG] adding entry org/glassfish/jersey/server/ParamException$HeaderParamException.class
[DEBUG] adding entry org/glassfish/jersey/server/ParamException$MatrixParamException.class
[DEBUG] adding entry org/glassfish/jersey/server/ParamException$PathParamException.class
[DEBUG] adding entry org/glassfish/jersey/server/ParamException$QueryParamException.class
[DEBUG] adding entry org/glassfish/jersey/server/ParamException$UriParamException.class
[DEBUG] adding entry org/glassfish/jersey/server/ParamException.class
[DEBUG] adding entry org/glassfish/jersey/server/ResourceBag$1.class
[DEBUG] adding entry org/glassfish/jersey/server/ResourceBag$Builder.class
[DEBUG] adding entry org/glassfish/jersey/server/ResourceBag.class
[DEBUG] adding entry org/glassfish/jersey/server/ResourceConfig$1.class
[DEBUG] adding entry org/glassfish/jersey/server/ResourceConfig$ImmutableState.class
[DEBUG] adding entry org/glassfish/jersey/server/ResourceConfig$RuntimeConfig$1.class
[DEBUG] adding entry org/glassfish/jersey/server/ResourceConfig$RuntimeConfig$2.class
[DEBUG] adding entry org/glassfish/jersey/server/ResourceConfig$RuntimeConfig$3$1.class
[DEBUG] adding entry org/glassfish/jersey/server/ResourceConfig$RuntimeConfig$3$2.class
[DEBUG] adding entry org/glassfish/jersey/server/ResourceConfig$RuntimeConfig$3.class
[DEBUG] adding entry org/glassfish/jersey/server/ResourceConfig$RuntimeConfig.class
[DEBUG] adding entry org/glassfish/jersey/server/ResourceConfig$State$1.class
[DEBUG] adding entry org/glassfish/jersey/server/ResourceConfig$State.class
[DEBUG] adding entry org/glassfish/jersey/server/ResourceConfig$WrappingResourceConfig.class
[DEBUG] adding entry org/glassfish/jersey/server/ResourceConfig.class
[DEBUG] adding entry org/glassfish/jersey/server/ResourceFinder.class
[DEBUG] adding entry org/glassfish/jersey/server/ServerBinder.class
[DEBUG] adding entry org/glassfish/jersey/server/ServerConfig.class
[DEBUG] adding entry org/glassfish/jersey/server/ServerProperties.class
[DEBUG] adding entry org/glassfish/jersey/server/ServerRuntime$1.class
[DEBUG] adding entry org/glassfish/jersey/server/ServerRuntime$2.class
[DEBUG] adding entry org/glassfish/jersey/server/ServerRuntime$AbstractCallbackRunner.class
[DEBUG] adding entry org/glassfish/jersey/server/ServerRuntime$AsyncResponder$1.class
[DEBUG] adding entry org/glassfish/jersey/server/ServerRuntime$AsyncResponder$2$1.class
[DEBUG] adding entry org/glassfish/jersey/server/ServerRuntime$AsyncResponder$2.class
[DEBUG] adding entry org/glassfish/jersey/server/ServerRuntime$AsyncResponder$3.class
[DEBUG] adding entry org/glassfish/jersey/server/ServerRuntime$AsyncResponder$4.class
[DEBUG] adding entry org/glassfish/jersey/server/ServerRuntime$AsyncResponder$5.class
[DEBUG] adding entry org/glassfish/jersey/server/ServerRuntime$AsyncResponder$6.class
[DEBUG] adding entry org/glassfish/jersey/server/ServerRuntime$AsyncResponder$7.class
[DEBUG] adding entry org/glassfish/jersey/server/ServerRuntime$AsyncResponder$8.class
[DEBUG] adding entry org/glassfish/jersey/server/ServerRuntime$AsyncResponder.class
[DEBUG] adding entry org/glassfish/jersey/server/ServerRuntime$AsyncResponderHolder.class
[DEBUG] adding entry org/glassfish/jersey/server/ServerRuntime$Builder.class
[DEBUG] adding entry org/glassfish/jersey/server/ServerRuntime$CompletionCallbackRunner$1.class
[DEBUG] adding entry org/glassfish/jersey/server/ServerRuntime$CompletionCallbackRunner.class
[DEBUG] adding entry org/glassfish/jersey/server/ServerRuntime$ConnectionCallbackRunner$1.class
[DEBUG] adding entry org/glassfish/jersey/server/ServerRuntime$ConnectionCallbackRunner.class
[DEBUG] adding entry org/glassfish/jersey/server/ServerRuntime$Responder$1.class
[DEBUG] adding entry org/glassfish/jersey/server/ServerRuntime$Responder.class
[DEBUG] adding entry org/glassfish/jersey/server/ServerRuntime.class
[DEBUG] adding entry org/glassfish/jersey/server/SubjectSecurityContext.class
[DEBUG] adding entry org/glassfish/jersey/server/TracingConfig.class
[DEBUG] adding entry org/glassfish/jersey/server/TracingUtils.class
[DEBUG] adding entry org/glassfish/jersey/server/Uri.class
[DEBUG] adding directory org/glassfish/jersey/server/filter/
[DEBUG] adding entry org/glassfish/jersey/server/filter/CsrfProtectionFilter.class
[DEBUG] adding entry org/glassfish/jersey/server/filter/EncodingFilter$ContentEncoding.class
[DEBUG] adding entry org/glassfish/jersey/server/filter/EncodingFilter.class
[DEBUG] adding entry org/glassfish/jersey/server/filter/HttpMethodOverrideFilter$Source.class
[DEBUG] adding entry org/glassfish/jersey/server/filter/HttpMethodOverrideFilter.class
[DEBUG] adding entry org/glassfish/jersey/server/filter/RolesAllowedDynamicFeature$RolesAllowedRequestFilter.class
[DEBUG] adding entry org/glassfish/jersey/server/filter/RolesAllowedDynamicFeature.class
[DEBUG] adding entry org/glassfish/jersey/server/filter/UriConnegFilter$1.class
[DEBUG] adding entry org/glassfish/jersey/server/filter/UriConnegFilter$2.class
[DEBUG] adding entry org/glassfish/jersey/server/filter/UriConnegFilter$TypeParser.class
[DEBUG] adding entry org/glassfish/jersey/server/filter/UriConnegFilter.class
[DEBUG] adding directory org/glassfish/jersey/server/filter/internal/
[DEBUG] adding entry org/glassfish/jersey/server/filter/internal/ServerFiltersAutoDiscoverable.class
[DEBUG] adding directory org/glassfish/jersey/server/internal/
[DEBUG] adding entry org/glassfish/jersey/server/internal/AbstractResourceFinderAdapter.class
[DEBUG] adding entry org/glassfish/jersey/server/internal/ContainerUtils.class
[DEBUG] adding entry org/glassfish/jersey/server/internal/InternalServerProperties.class
[DEBUG] adding entry org/glassfish/jersey/server/internal/JerseyRequestTimeoutHandler$1.class
[DEBUG] adding entry org/glassfish/jersey/server/internal/JerseyRequestTimeoutHandler.class
[DEBUG] adding entry org/glassfish/jersey/server/internal/JerseyResourceContext$Binder.class
[DEBUG] adding entry org/glassfish/jersey/server/internal/JerseyResourceContext.class
[DEBUG] adding entry org/glassfish/jersey/server/internal/JsonWithPaddingInterceptor.class
[DEBUG] adding entry org/glassfish/jersey/server/internal/LocalizationMessages.class
[DEBUG] adding entry org/glassfish/jersey/server/internal/MappableExceptionWrapperInterceptor$Binder.class
[DEBUG] adding entry org/glassfish/jersey/server/internal/MappableExceptionWrapperInterceptor.class
[DEBUG] adding entry org/glassfish/jersey/server/internal/ProcessingProviders$Binder$1.class
[DEBUG] adding entry org/glassfish/jersey/server/internal/ProcessingProviders$Binder$ProcessingProvidersReferencingFactory.class
[DEBUG] adding entry org/glassfish/jersey/server/internal/ProcessingProviders$Binder.class
[DEBUG] adding entry org/glassfish/jersey/server/internal/ProcessingProviders.class
[DEBUG] adding entry org/glassfish/jersey/server/internal/RuntimeDelegateImpl.class
[DEBUG] adding entry org/glassfish/jersey/server/internal/ServerTraceEvent.class
[DEBUG] adding directory org/glassfish/jersey/server/internal/inject/
[DEBUG] adding entry org/glassfish/jersey/server/internal/inject/AbstractContainerRequestValueFactory.class
[DEBUG] adding entry org/glassfish/jersey/server/internal/inject/AbstractParamValueExtractor$1.class
[DEBUG] adding entry org/glassfish/jersey/server/internal/inject/AbstractParamValueExtractor.class
[DEBUG] adding entry org/glassfish/jersey/server/internal/inject/AbstractValueFactoryProvider.class
[DEBUG] adding entry org/glassfish/jersey/server/internal/inject/AsyncResponseValueFactoryProvider$1.class
[DEBUG] adding entry org/glassfish/jersey/server/internal/inject/AsyncResponseValueFactoryProvider$InjectionResolver.class
[DEBUG] adding entry org/glassfish/jersey/server/internal/inject/AsyncResponseValueFactoryProvider.class
[DEBUG] adding entry org/glassfish/jersey/server/internal/inject/BeanParamValueFactoryProvider$1.class
[DEBUG] adding entry org/glassfish/jersey/server/internal/inject/BeanParamValueFactoryProvider$BeanParamValueFactory$1.class
[DEBUG] adding entry org/glassfish/jersey/server/internal/inject/BeanParamValueFactoryProvider$BeanParamValueFactory.class
[DEBUG] adding entry org/glassfish/jersey/server/internal/inject/BeanParamValueFactoryProvider$InjectionResolver.class
[DEBUG] adding entry org/glassfish/jersey/server/internal/inject/BeanParamValueFactoryProvider.class
[DEBUG] adding entry org/glassfish/jersey/server/internal/inject/CollectionExtractor$ListValueOf.class
[DEBUG] adding entry org/glassfish/jersey/server/internal/inject/CollectionExtractor$SetValueOf.class
[DEBUG] adding entry org/glassfish/jersey/server/internal/inject/CollectionExtractor$SortedSetValueOf.class
[DEBUG] adding entry org/glassfish/jersey/server/internal/inject/CollectionExtractor.class
[DEBUG] adding entry org/glassfish/jersey/server/internal/inject/ConfiguredValidator.class
[DEBUG] adding entry org/glassfish/jersey/server/internal/inject/CookieParamValueFactoryProvider$CookieParamValueFactory.class
[DEBUG] adding entry org/glassfish/jersey/server/internal/inject/CookieParamValueFactoryProvider$CookieTypeParamValueFactory.class
[DEBUG] adding entry org/glassfish/jersey/server/internal/inject/CookieParamValueFactoryProvider$InjectionResolver.class
[DEBUG] adding entry org/glassfish/jersey/server/internal/inject/CookieParamValueFactoryProvider.class
[DEBUG] adding entry org/glassfish/jersey/server/internal/inject/DelegatedInjectionValueFactoryProvider$1.class
[DEBUG] adding entry org/glassfish/jersey/server/internal/inject/DelegatedInjectionValueFactoryProvider$2.class
[DEBUG] adding entry org/glassfish/jersey/server/internal/inject/DelegatedInjectionValueFactoryProvider$3.class
[DEBUG] adding entry org/glassfish/jersey/server/internal/inject/DelegatedInjectionValueFactoryProvider$4.class
[DEBUG] adding entry org/glassfish/jersey/server/internal/inject/DelegatedInjectionValueFactoryProvider.class
[DEBUG] adding entry org/glassfish/jersey/server/internal/inject/EntityParamValueFactoryProvider$EntityValueFactory.class
[DEBUG] adding entry org/glassfish/jersey/server/internal/inject/EntityParamValueFactoryProvider.class
[DEBUG] adding entry org/glassfish/jersey/server/internal/inject/FormParamValueFactoryProvider$FormParamValueFactory$1EncodedAnnotationTemp.class
[DEBUG] adding entry org/glassfish/jersey/server/internal/inject/FormParamValueFactoryProvider$FormParamValueFactory.class
[DEBUG] adding entry org/glassfish/jersey/server/internal/inject/FormParamValueFactoryProvider$InjectionResolver.class
[DEBUG] adding entry org/glassfish/jersey/server/internal/inject/FormParamValueFactoryProvider.class
[DEBUG] adding entry org/glassfish/jersey/server/internal/inject/HeaderParamValueFactoryProvider$HeaderParamValueFactory.class
[DEBUG] adding entry org/glassfish/jersey/server/internal/inject/HeaderParamValueFactoryProvider$InjectionResolver.class
[DEBUG] adding entry org/glassfish/jersey/server/internal/inject/HeaderParamValueFactoryProvider.class
[DEBUG] adding entry org/glassfish/jersey/server/internal/inject/MatrixParamValueFactoryProvider$InjectionResolver.class
[DEBUG] adding entry org/glassfish/jersey/server/internal/inject/MatrixParamValueFactoryProvider$MatrixParamValueFactory.class
[DEBUG] adding entry org/glassfish/jersey/server/internal/inject/MatrixParamValueFactoryProvider.class
[DEBUG] adding entry org/glassfish/jersey/server/internal/inject/MultivaluedParameterExtractor.class
[DEBUG] adding entry org/glassfish/jersey/server/internal/inject/MultivaluedParameterExtractorFactory.class
[DEBUG] adding entry org/glassfish/jersey/server/internal/inject/MultivaluedParameterExtractorProvider.class
[DEBUG] adding entry org/glassfish/jersey/server/internal/inject/ParamConverterFactory.class
[DEBUG] adding entry org/glassfish/jersey/server/internal/inject/ParamConverters$1.class
[DEBUG] adding entry org/glassfish/jersey/server/internal/inject/ParamConverters$AbstractStringReader.class
[DEBUG] adding entry org/glassfish/jersey/server/internal/inject/ParamConverters$AggregatedProvider.class
[DEBUG] adding entry org/glassfish/jersey/server/internal/inject/ParamConverters$CharacterProvider$1.class
[DEBUG] adding entry org/glassfish/jersey/server/internal/inject/ParamConverters$CharacterProvider.class
[DEBUG] adding entry org/glassfish/jersey/server/internal/inject/ParamConverters$DateProvider$1.class
[DEBUG] adding entry org/glassfish/jersey/server/internal/inject/ParamConverters$DateProvider.class
[DEBUG] adding entry org/glassfish/jersey/server/internal/inject/ParamConverters$StringConstructor$1.class
[DEBUG] adding entry org/glassfish/jersey/server/internal/inject/ParamConverters$StringConstructor.class
[DEBUG] adding entry org/glassfish/jersey/server/internal/inject/ParamConverters$TypeFromString$1.class
[DEBUG] adding entry org/glassfish/jersey/server/internal/inject/ParamConverters$TypeFromString.class
[DEBUG] adding entry org/glassfish/jersey/server/internal/inject/ParamConverters$TypeFromStringEnum.class
[DEBUG] adding entry org/glassfish/jersey/server/internal/inject/ParamConverters$TypeValueOf$1.class
[DEBUG] adding entry org/glassfish/jersey/server/internal/inject/ParamConverters$TypeValueOf.class
[DEBUG] adding entry org/glassfish/jersey/server/internal/inject/ParamConverters.class
[DEBUG] adding entry org/glassfish/jersey/server/internal/inject/ParamInjectionResolver$1.class
[DEBUG] adding entry org/glassfish/jersey/server/internal/inject/ParamInjectionResolver.class
[DEBUG] adding entry org/glassfish/jersey/server/internal/inject/ParameterInjectionBinder$1.class
[DEBUG] adding entry org/glassfish/jersey/server/internal/inject/ParameterInjectionBinder$2.class
[DEBUG] adding entry org/glassfish/jersey/server/internal/inject/ParameterInjectionBinder$3.class
[DEBUG] adding entry org/glassfish/jersey/server/internal/inject/ParameterInjectionBinder$4.class
[DEBUG] adding entry org/glassfish/jersey/server/internal/inject/ParameterInjectionBinder$5.class
[DEBUG] adding entry org/glassfish/jersey/server/internal/inject/ParameterInjectionBinder$6.class
[DEBUG] adding entry org/glassfish/jersey/server/internal/inject/ParameterInjectionBinder$7.class
[DEBUG] adding entry org/glassfish/jersey/server/internal/inject/ParameterInjectionBinder$8.class
[DEBUG] adding entry org/glassfish/jersey/server/internal/inject/ParameterInjectionBinder$9.class
[DEBUG] adding entry org/glassfish/jersey/server/internal/inject/ParameterInjectionBinder.class
[DEBUG] adding entry org/glassfish/jersey/server/internal/inject/PathParamValueFactoryProvider$InjectionResolver.class
[DEBUG] adding entry org/glassfish/jersey/server/internal/inject/PathParamValueFactoryProvider$PathParamListPathSegmentValueFactory.class
[DEBUG] adding entry org/glassfish/jersey/server/internal/inject/PathParamValueFactoryProvider$PathParamPathSegmentValueFactory.class
[DEBUG] adding entry org/glassfish/jersey/server/internal/inject/PathParamValueFactoryProvider$PathParamValueFactory.class
[DEBUG] adding entry org/glassfish/jersey/server/internal/inject/PathParamValueFactoryProvider.class
[DEBUG] adding entry org/glassfish/jersey/server/internal/inject/PrimitiveCharacterExtractor.class
[DEBUG] adding entry org/glassfish/jersey/server/internal/inject/PrimitiveMapper.class
[DEBUG] adding entry org/glassfish/jersey/server/internal/inject/PrimitiveValueOfExtractor.class
[DEBUG] adding entry org/glassfish/jersey/server/internal/inject/QueryParamValueFactoryProvider$InjectionResolver.class
[DEBUG] adding entry org/glassfish/jersey/server/internal/inject/QueryParamValueFactoryProvider$QueryParamValueFactory.class
[DEBUG] adding entry org/glassfish/jersey/server/internal/inject/QueryParamValueFactoryProvider.class
[DEBUG] adding entry org/glassfish/jersey/server/internal/inject/SingleStringValueExtractor.class
[DEBUG] adding entry org/glassfish/jersey/server/internal/inject/SingleValueExtractor.class
[DEBUG] adding entry org/glassfish/jersey/server/internal/inject/StringCollectionExtractor$ListString.class
[DEBUG] adding entry org/glassfish/jersey/server/internal/inject/StringCollectionExtractor$SetString.class
[DEBUG] adding entry org/glassfish/jersey/server/internal/inject/StringCollectionExtractor$SortedSetString.class
[DEBUG] adding entry org/glassfish/jersey/server/internal/inject/StringCollectionExtractor.class
[DEBUG] adding entry org/glassfish/jersey/server/internal/inject/WebTargetValueFactoryProvider$1.class
[DEBUG] adding entry org/glassfish/jersey/server/internal/inject/WebTargetValueFactoryProvider$2$1$1.class
[DEBUG] adding entry org/glassfish/jersey/server/internal/inject/WebTargetValueFactoryProvider$2$1.class
[DEBUG] adding entry org/glassfish/jersey/server/internal/inject/WebTargetValueFactoryProvider$2.class
[DEBUG] adding entry org/glassfish/jersey/server/internal/inject/WebTargetValueFactoryProvider$BindingModel$1.class
[DEBUG] adding entry org/glassfish/jersey/server/internal/inject/WebTargetValueFactoryProvider$BindingModel.class
[DEBUG] adding entry org/glassfish/jersey/server/internal/inject/WebTargetValueFactoryProvider$InjectionResolver.class
[DEBUG] adding entry org/glassfish/jersey/server/internal/inject/WebTargetValueFactoryProvider$ManagedClient.class
[DEBUG] adding entry org/glassfish/jersey/server/internal/inject/WebTargetValueFactoryProvider$WebTargetValueFactory$1.class
[DEBUG] adding entry org/glassfish/jersey/server/internal/inject/WebTargetValueFactoryProvider$WebTargetValueFactory.class
[DEBUG] adding entry org/glassfish/jersey/server/internal/inject/WebTargetValueFactoryProvider.class
[DEBUG] adding entry org/glassfish/jersey/server/internal/localization.properties
[DEBUG] adding directory org/glassfish/jersey/server/internal/monitoring/
[DEBUG] adding entry org/glassfish/jersey/server/internal/monitoring/AbstractSlidingWindowTimeReservoir$DefaultSlidingWindowTrimmerHolder$1.class
[DEBUG] adding entry org/glassfish/jersey/server/internal/monitoring/AbstractSlidingWindowTimeReservoir$DefaultSlidingWindowTrimmerHolder.class
[DEBUG] adding entry org/glassfish/jersey/server/internal/monitoring/AbstractSlidingWindowTimeReservoir.class
[DEBUG] adding entry org/glassfish/jersey/server/internal/monitoring/AbstractTimeSnapshot.class
[DEBUG] adding entry org/glassfish/jersey/server/internal/monitoring/AggregatedSlidingWindowTimeReservoir.class
[DEBUG] adding entry org/glassfish/jersey/server/internal/monitoring/AggregatedValueObject.class
[DEBUG] adding entry org/glassfish/jersey/server/internal/monitoring/AggregatingTrimmer.class
[DEBUG] adding entry org/glassfish/jersey/server/internal/monitoring/ApplicationEventImpl.class
[DEBUG] adding entry org/glassfish/jersey/server/internal/monitoring/ApplicationInfoImpl.class
[DEBUG] adding entry org/glassfish/jersey/server/internal/monitoring/ApplicationInfoListener$1.class
[DEBUG] adding entry org/glassfish/jersey/server/internal/monitoring/ApplicationInfoListener.class
[DEBUG] adding entry org/glassfish/jersey/server/internal/monitoring/CompositeApplicationEventListener.class
[DEBUG] adding entry org/glassfish/jersey/server/internal/monitoring/CompositeRequestEventListener.class
[DEBUG] adding entry org/glassfish/jersey/server/internal/monitoring/EmptyRequestEventBuilder.class
[DEBUG] adding entry org/glassfish/jersey/server/internal/monitoring/ExceptionMapperStatisticsImpl$1.class
[DEBUG] adding entry org/glassfish/jersey/server/internal/monitoring/ExceptionMapperStatisticsImpl$Builder.class
[DEBUG] adding entry org/glassfish/jersey/server/internal/monitoring/ExceptionMapperStatisticsImpl.class
[DEBUG] adding entry org/glassfish/jersey/server/internal/monitoring/ExecutionStatisticsImpl$1.class
[DEBUG] adding entry org/glassfish/jersey/server/internal/monitoring/ExecutionStatisticsImpl$Builder.class
[DEBUG] adding entry org/glassfish/jersey/server/internal/monitoring/ExecutionStatisticsImpl.class
[DEBUG] adding entry org/glassfish/jersey/server/internal/monitoring/MonitoringAutodiscoverable.class
[DEBUG] adding entry org/glassfish/jersey/server/internal/monitoring/MonitoringContainerListener$Binder.class
[DEBUG] adding entry org/glassfish/jersey/server/internal/monitoring/MonitoringContainerListener.class
[DEBUG] adding entry org/glassfish/jersey/server/internal/monitoring/MonitoringEventListener$1.class
[DEBUG] adding entry org/glassfish/jersey/server/internal/monitoring/MonitoringEventListener$MethodStats.class
[DEBUG] adding entry org/glassfish/jersey/server/internal/monitoring/MonitoringEventListener$ReqEventListener.class
[DEBUG] adding entry org/glassfish/jersey/server/internal/monitoring/MonitoringEventListener$RequestStats.class
[DEBUG] adding entry org/glassfish/jersey/server/internal/monitoring/MonitoringEventListener$TimeStats.class
[DEBUG] adding entry org/glassfish/jersey/server/internal/monitoring/MonitoringEventListener.class
[DEBUG] adding entry org/glassfish/jersey/server/internal/monitoring/MonitoringFeature$1$1.class
[DEBUG] adding entry org/glassfish/jersey/server/internal/monitoring/MonitoringFeature$1.class
[DEBUG] adding entry org/glassfish/jersey/server/internal/monitoring/MonitoringFeature$2$1.class
[DEBUG] adding entry org/glassfish/jersey/server/internal/monitoring/MonitoringFeature$2.class
[DEBUG] adding entry org/glassfish/jersey/server/internal/monitoring/MonitoringFeature$ApplicationInfoInjectionFactory.class
[DEBUG] adding entry org/glassfish/jersey/server/internal/monitoring/MonitoringFeature$StatisticsInjectionFactory.class
[DEBUG] adding entry org/glassfish/jersey/server/internal/monitoring/MonitoringFeature$StatisticsListener.class
[DEBUG] adding entry org/glassfish/jersey/server/internal/monitoring/MonitoringFeature.class
[DEBUG] adding entry org/glassfish/jersey/server/internal/monitoring/MonitoringStatisticsImpl$1.class
[DEBUG] adding entry org/glassfish/jersey/server/internal/monitoring/MonitoringStatisticsImpl$Builder$1.class
[DEBUG] adding entry org/glassfish/jersey/server/internal/monitoring/MonitoringStatisticsImpl$Builder$2.class
[DEBUG] adding entry org/glassfish/jersey/server/internal/monitoring/MonitoringStatisticsImpl$Builder.class
[DEBUG] adding entry org/glassfish/jersey/server/internal/monitoring/MonitoringStatisticsImpl.class
[DEBUG] adding entry org/glassfish/jersey/server/internal/monitoring/MonitoringStatisticsProcessor$1.class
[DEBUG] adding entry org/glassfish/jersey/server/internal/monitoring/MonitoringStatisticsProcessor$FloodingLogger.class
[DEBUG] adding entry org/glassfish/jersey/server/internal/monitoring/MonitoringStatisticsProcessor.class
[DEBUG] adding entry org/glassfish/jersey/server/internal/monitoring/MonitoringUtils.class
[DEBUG] adding entry org/glassfish/jersey/server/internal/monitoring/RequestEventBuilder.class
[DEBUG] adding entry org/glassfish/jersey/server/internal/monitoring/RequestEventImpl$1.class
[DEBUG] adding entry org/glassfish/jersey/server/internal/monitoring/RequestEventImpl$Builder.class
[DEBUG] adding entry org/glassfish/jersey/server/internal/monitoring/RequestEventImpl.class
[DEBUG] adding entry org/glassfish/jersey/server/internal/monitoring/ReservoirConstants.class
[DEBUG] adding entry org/glassfish/jersey/server/internal/monitoring/ResourceMethodStatisticsImpl$1.class
[DEBUG] adding entry org/glassfish/jersey/server/internal/monitoring/ResourceMethodStatisticsImpl$Builder.class
[DEBUG] adding entry org/glassfish/jersey/server/internal/monitoring/ResourceMethodStatisticsImpl$Factory.class
[DEBUG] adding entry org/glassfish/jersey/server/internal/monitoring/ResourceMethodStatisticsImpl.class
[DEBUG] adding entry org/glassfish/jersey/server/internal/monitoring/ResourceStatisticsImpl$1.class
[DEBUG] adding entry org/glassfish/jersey/server/internal/monitoring/ResourceStatisticsImpl$Builder.class
[DEBUG] adding entry org/glassfish/jersey/server/internal/monitoring/ResourceStatisticsImpl.class
[DEBUG] adding entry org/glassfish/jersey/server/internal/monitoring/ResponseStatisticsImpl$1.class
[DEBUG] adding entry org/glassfish/jersey/server/internal/monitoring/ResponseStatisticsImpl$Builder.class
[DEBUG] adding entry org/glassfish/jersey/server/internal/monitoring/ResponseStatisticsImpl.class
[DEBUG] adding entry org/glassfish/jersey/server/internal/monitoring/SlidingWindowTimeReservoir.class
[DEBUG] adding entry org/glassfish/jersey/server/internal/monitoring/SlidingWindowTrimmer.class
[DEBUG] adding entry org/glassfish/jersey/server/internal/monitoring/TimeReservoir.class
[DEBUG] adding entry org/glassfish/jersey/server/internal/monitoring/TimeWindowStatisticsImpl$1.class
[DEBUG] adding entry org/glassfish/jersey/server/internal/monitoring/TimeWindowStatisticsImpl$Builder.class
[DEBUG] adding entry org/glassfish/jersey/server/internal/monitoring/TimeWindowStatisticsImpl.class
[DEBUG] adding entry org/glassfish/jersey/server/internal/monitoring/UniformTimeReservoir$1.class
[DEBUG] adding entry org/glassfish/jersey/server/internal/monitoring/UniformTimeReservoir.class
[DEBUG] adding entry org/glassfish/jersey/server/internal/monitoring/UniformTimeSimpleSnapshot.class
[DEBUG] adding entry org/glassfish/jersey/server/internal/monitoring/UniformTimeSnapshot.class
[DEBUG] adding entry org/glassfish/jersey/server/internal/monitoring/UniformTimeValuesSnapshot.class
[DEBUG] adding directory org/glassfish/jersey/server/internal/monitoring/jmx/
[DEBUG] adding entry org/glassfish/jersey/server/internal/monitoring/jmx/ApplicationMXBeanImpl.class
[DEBUG] adding entry org/glassfish/jersey/server/internal/monitoring/jmx/ExceptionMapperMXBeanImpl.class
[DEBUG] adding entry org/glassfish/jersey/server/internal/monitoring/jmx/ExecutionStatisticsDynamicBean$1.class
[DEBUG] adding entry org/glassfish/jersey/server/internal/monitoring/jmx/ExecutionStatisticsDynamicBean$2.class
[DEBUG] adding entry org/glassfish/jersey/server/internal/monitoring/jmx/ExecutionStatisticsDynamicBean$3.class
[DEBUG] adding entry org/glassfish/jersey/server/internal/monitoring/jmx/ExecutionStatisticsDynamicBean$4.class
[DEBUG] adding entry org/glassfish/jersey/server/internal/monitoring/jmx/ExecutionStatisticsDynamicBean$5.class
[DEBUG] adding entry org/glassfish/jersey/server/internal/monitoring/jmx/ExecutionStatisticsDynamicBean.class
[DEBUG] adding entry org/glassfish/jersey/server/internal/monitoring/jmx/MBeanExposer.class
[DEBUG] adding entry org/glassfish/jersey/server/internal/monitoring/jmx/ResourceMethodMXBeanImpl.class
[DEBUG] adding entry org/glassfish/jersey/server/internal/monitoring/jmx/ResourceMxBeanImpl.class
[DEBUG] adding entry org/glassfish/jersey/server/internal/monitoring/jmx/ResourcesMBeanGroup.class
[DEBUG] adding entry org/glassfish/jersey/server/internal/monitoring/jmx/ResponseMXBeanImpl.class
[DEBUG] adding directory org/glassfish/jersey/server/internal/process/
[DEBUG] adding entry org/glassfish/jersey/server/internal/process/AsyncContext$State.class
[DEBUG] adding entry org/glassfish/jersey/server/internal/process/AsyncContext.class
[DEBUG] adding entry org/glassfish/jersey/server/internal/process/DefaultCloseableService.class
[DEBUG] adding entry org/glassfish/jersey/server/internal/process/DefaultRespondingContext.class
[DEBUG] adding entry org/glassfish/jersey/server/internal/process/Endpoint.class
[DEBUG] adding entry org/glassfish/jersey/server/internal/process/MappableException.class
[DEBUG] adding entry org/glassfish/jersey/server/internal/process/ReferencesInitializer.class
[DEBUG] adding entry org/glassfish/jersey/server/internal/process/RequestProcessingContext.class
[DEBUG] adding entry org/glassfish/jersey/server/internal/process/RespondingContext.class
[DEBUG] adding entry org/glassfish/jersey/server/internal/process/SecurityContextInjectee.class
[DEBUG] adding entry org/glassfish/jersey/server/internal/process/ServerProcessingBinder$1.class
[DEBUG] adding entry org/glassfish/jersey/server/internal/process/ServerProcessingBinder$AsyncContextFactory$1.class
[DEBUG] adding entry org/glassfish/jersey/server/internal/process/ServerProcessingBinder$AsyncContextFactory.class
[DEBUG] adding entry org/glassfish/jersey/server/internal/process/ServerProcessingBinder$CloseableServiceFactory$1.class
[DEBUG] adding entry org/glassfish/jersey/server/internal/process/ServerProcessingBinder$CloseableServiceFactory.class
[DEBUG] adding entry org/glassfish/jersey/server/internal/process/ServerProcessingBinder$ContainerRequestFactory$1.class
[DEBUG] adding entry org/glassfish/jersey/server/internal/process/ServerProcessingBinder$ContainerRequestFactory.class
[DEBUG] adding entry org/glassfish/jersey/server/internal/process/ServerProcessingBinder$DefaultBackgroundSchedulerProvider.class
[DEBUG] adding entry org/glassfish/jersey/server/internal/process/ServerProcessingBinder$DefaultManagedAsyncExecutorProvider.class
[DEBUG] adding entry org/glassfish/jersey/server/internal/process/ServerProcessingBinder$UriRoutingContextFactory$1.class
[DEBUG] adding entry org/glassfish/jersey/server/internal/process/ServerProcessingBinder$UriRoutingContextFactory.class
[DEBUG] adding entry org/glassfish/jersey/server/internal/process/ServerProcessingBinder.class
[DEBUG] adding directory org/glassfish/jersey/server/internal/routing/
[DEBUG] adding entry org/glassfish/jersey/server/internal/routing/CombinedMediaType$1.class
[DEBUG] adding entry org/glassfish/jersey/server/internal/routing/CombinedMediaType$EffectiveMediaType.class
[DEBUG] adding entry org/glassfish/jersey/server/internal/routing/CombinedMediaType.class
[DEBUG] adding entry org/glassfish/jersey/server/internal/routing/LocatorRouting.class
[DEBUG] adding entry org/glassfish/jersey/server/internal/routing/MatchResultInitializerRouter.class
[DEBUG] adding entry org/glassfish/jersey/server/internal/routing/MatchedEndpointExtractorStage.class
[DEBUG] adding entry org/glassfish/jersey/server/internal/routing/MethodRouting.class
[DEBUG] adding entry org/glassfish/jersey/server/internal/routing/MethodSelectingRouter$1.class
[DEBUG] adding entry org/glassfish/jersey/server/internal/routing/MethodSelectingRouter$2.class
[DEBUG] adding entry org/glassfish/jersey/server/internal/routing/MethodSelectingRouter$3.class
[DEBUG] adding entry org/glassfish/jersey/server/internal/routing/MethodSelectingRouter$4$1.class
[DEBUG] adding entry org/glassfish/jersey/server/internal/routing/MethodSelectingRouter$4.class
[DEBUG] adding entry org/glassfish/jersey/server/internal/routing/MethodSelectingRouter$ConsumesProducesAcceptor.class
[DEBUG] adding entry org/glassfish/jersey/server/internal/routing/MethodSelectingRouter$MethodSelector.class
[DEBUG] adding entry org/glassfish/jersey/server/internal/routing/MethodSelectingRouter$RequestSpecificConsumesProducesAcceptor.class
[DEBUG] adding entry org/glassfish/jersey/server/internal/routing/MethodSelectingRouter.class
[DEBUG] adding entry org/glassfish/jersey/server/internal/routing/PathMatchingRouter.class
[DEBUG] adding entry org/glassfish/jersey/server/internal/routing/PathMatchingRouterBuilder.class
[DEBUG] adding entry org/glassfish/jersey/server/internal/routing/PathToRouterBuilder.class
[DEBUG] adding entry org/glassfish/jersey/server/internal/routing/PushMatchedMethodRouter$1.class
[DEBUG] adding entry org/glassfish/jersey/server/internal/routing/PushMatchedMethodRouter.class
[DEBUG] adding entry org/glassfish/jersey/server/internal/routing/PushMatchedRuntimeResourceRouter.class
[DEBUG] adding entry org/glassfish/jersey/server/internal/routing/PushMatchedTemplateRouter.class
[DEBUG] adding entry org/glassfish/jersey/server/internal/routing/PushMatchedUriRouter.class
[DEBUG] adding entry org/glassfish/jersey/server/internal/routing/PushMethodHandlerRouter.class
[DEBUG] adding entry org/glassfish/jersey/server/internal/routing/Route.class
[DEBUG] adding entry org/glassfish/jersey/server/internal/routing/Router$Continuation.class
[DEBUG] adding entry org/glassfish/jersey/server/internal/routing/Router.class
[DEBUG] adding entry org/glassfish/jersey/server/internal/routing/Routers$1.class
[DEBUG] adding entry org/glassfish/jersey/server/internal/routing/Routers$EndpointRouter.class
[DEBUG] adding entry org/glassfish/jersey/server/internal/routing/Routers.class
[DEBUG] adding entry org/glassfish/jersey/server/internal/routing/Routing$1.class
[DEBUG] adding entry org/glassfish/jersey/server/internal/routing/Routing$Builder.class
[DEBUG] adding entry org/glassfish/jersey/server/internal/routing/Routing.class
[DEBUG] adding entry org/glassfish/jersey/server/internal/routing/RoutingContext.class
[DEBUG] adding entry org/glassfish/jersey/server/internal/routing/RoutingStage$RoutingResult.class
[DEBUG] adding entry org/glassfish/jersey/server/internal/routing/RoutingStage.class
[DEBUG] adding entry org/glassfish/jersey/server/internal/routing/RuntimeLocatorModelBuilder$1.class
[DEBUG] adding entry org/glassfish/jersey/server/internal/routing/RuntimeLocatorModelBuilder$2.class
[DEBUG] adding entry org/glassfish/jersey/server/internal/routing/RuntimeLocatorModelBuilder$LocatorCacheKey.class
[DEBUG] adding entry org/glassfish/jersey/server/internal/routing/RuntimeLocatorModelBuilder.class
[DEBUG] adding entry org/glassfish/jersey/server/internal/routing/RuntimeModelBuilder$1.class
[DEBUG] adding entry org/glassfish/jersey/server/internal/routing/RuntimeModelBuilder$2.class
[DEBUG] adding entry org/glassfish/jersey/server/internal/routing/RuntimeModelBuilder.class
[DEBUG] adding entry org/glassfish/jersey/server/internal/routing/SingleMatchResult.class
[DEBUG] adding entry org/glassfish/jersey/server/internal/routing/SubResourceLocatorRouter$1.class
[DEBUG] adding entry org/glassfish/jersey/server/internal/routing/SubResourceLocatorRouter.class
[DEBUG] adding entry org/glassfish/jersey/server/internal/routing/UriRoutingContext$1.class
[DEBUG] adding entry org/glassfish/jersey/server/internal/routing/UriRoutingContext$2.class
[DEBUG] adding entry org/glassfish/jersey/server/internal/routing/UriRoutingContext.class
[DEBUG] adding directory org/glassfish/jersey/server/internal/scanning/
[DEBUG] adding entry org/glassfish/jersey/server/internal/scanning/AnnotationAcceptingListener$1.class
[DEBUG] adding entry org/glassfish/jersey/server/internal/scanning/AnnotationAcceptingListener$AnnotatedClassVisitor.class
[DEBUG] adding entry org/glassfish/jersey/server/internal/scanning/AnnotationAcceptingListener.class
[DEBUG] adding entry org/glassfish/jersey/server/internal/scanning/BundleSchemeResourceFinderFactory$1.class
[DEBUG] adding entry org/glassfish/jersey/server/internal/scanning/BundleSchemeResourceFinderFactory$BundleSchemeScanner.class
[DEBUG] adding entry org/glassfish/jersey/server/internal/scanning/BundleSchemeResourceFinderFactory.class
[DEBUG] adding entry org/glassfish/jersey/server/internal/scanning/CompositeResourceFinder.class
[DEBUG] adding entry org/glassfish/jersey/server/internal/scanning/FileSchemeResourceFinderFactory$1.class
[DEBUG] adding entry org/glassfish/jersey/server/internal/scanning/FileSchemeResourceFinderFactory$FileSchemeScanner$1$1.class
[DEBUG] adding entry org/glassfish/jersey/server/internal/scanning/FileSchemeResourceFinderFactory$FileSchemeScanner$1.class
[DEBUG] adding entry org/glassfish/jersey/server/internal/scanning/FileSchemeResourceFinderFactory$FileSchemeScanner.class
[DEBUG] adding entry org/glassfish/jersey/server/internal/scanning/FileSchemeResourceFinderFactory.class
[DEBUG] adding entry org/glassfish/jersey/server/internal/scanning/FilesScanner$1$1.class
[DEBUG] adding entry org/glassfish/jersey/server/internal/scanning/FilesScanner$1.class
[DEBUG] adding entry org/glassfish/jersey/server/internal/scanning/FilesScanner.class
[DEBUG] adding entry org/glassfish/jersey/server/internal/scanning/JarFileScanner$1.class
[DEBUG] adding entry org/glassfish/jersey/server/internal/scanning/JarFileScanner.class
[DEBUG] adding entry org/glassfish/jersey/server/internal/scanning/JarZipSchemeResourceFinderFactory$1.class
[DEBUG] adding entry org/glassfish/jersey/server/internal/scanning/JarZipSchemeResourceFinderFactory$JarZipSchemeScanner.class
[DEBUG] adding entry org/glassfish/jersey/server/internal/scanning/JarZipSchemeResourceFinderFactory.class
[DEBUG] adding entry org/glassfish/jersey/server/internal/scanning/PackageNamesScanner$1.class
[DEBUG] adding entry org/glassfish/jersey/server/internal/scanning/PackageNamesScanner$ResourcesProvider$1.class
[DEBUG] adding entry org/glassfish/jersey/server/internal/scanning/PackageNamesScanner$ResourcesProvider.class
[DEBUG] adding entry org/glassfish/jersey/server/internal/scanning/PackageNamesScanner.class
[DEBUG] adding entry org/glassfish/jersey/server/internal/scanning/ResourceFinderException.class
[DEBUG] adding entry org/glassfish/jersey/server/internal/scanning/ResourceProcessor.class
[DEBUG] adding entry org/glassfish/jersey/server/internal/scanning/UriSchemeResourceFinderFactory.class
[DEBUG] adding entry org/glassfish/jersey/server/internal/scanning/VfsSchemeResourceFinderFactory$VfsResourceFinder$1.class
[DEBUG] adding entry org/glassfish/jersey/server/internal/scanning/VfsSchemeResourceFinderFactory$VfsResourceFinder.class
[DEBUG] adding entry org/glassfish/jersey/server/internal/scanning/VfsSchemeResourceFinderFactory.class
[DEBUG] adding directory org/glassfish/jersey/server/internal/sonar/
[DEBUG] adding entry org/glassfish/jersey/server/internal/sonar/SonarJerseyServer.class
[DEBUG] adding directory org/glassfish/jersey/server/model/
[DEBUG] adding entry org/glassfish/jersey/server/model/AbstractResourceModelVisitor.class
[DEBUG] adding entry org/glassfish/jersey/server/model/AnnotatedMethod.class
[DEBUG] adding entry org/glassfish/jersey/server/model/ComponentModelValidator$1.class
[DEBUG] adding entry org/glassfish/jersey/server/model/ComponentModelValidator.class
[DEBUG] adding entry org/glassfish/jersey/server/model/Consuming.class
[DEBUG] adding entry org/glassfish/jersey/server/model/ExtendedResource.class
[DEBUG] adding entry org/glassfish/jersey/server/model/HandlerConstructor.class
[DEBUG] adding entry org/glassfish/jersey/server/model/Inflecting.class
[DEBUG] adding entry org/glassfish/jersey/server/model/IntrospectionModeller$1.class
[DEBUG] adding entry org/glassfish/jersey/server/model/IntrospectionModeller$2.class
[DEBUG] adding entry org/glassfish/jersey/server/model/IntrospectionModeller.class
[DEBUG] adding entry org/glassfish/jersey/server/model/Invocable.class
[DEBUG] adding entry org/glassfish/jersey/server/model/InvocableValidator.class
[DEBUG] adding entry org/glassfish/jersey/server/model/MethodHandler$ClassBasedMethodHandler.class
[DEBUG] adding entry org/glassfish/jersey/server/model/MethodHandler$InstanceBasedMethodHandler.class
[DEBUG] adding entry org/glassfish/jersey/server/model/MethodHandler.class
[DEBUG] adding entry org/glassfish/jersey/server/model/MethodList$1.class
[DEBUG] adding entry org/glassfish/jersey/server/model/MethodList$2.class
[DEBUG] adding entry org/glassfish/jersey/server/model/MethodList$3.class
[DEBUG] adding entry org/glassfish/jersey/server/model/MethodList$4.class
[DEBUG] adding entry org/glassfish/jersey/server/model/MethodList$5.class
[DEBUG] adding entry org/glassfish/jersey/server/model/MethodList$6.class
[DEBUG] adding entry org/glassfish/jersey/server/model/MethodList$7.class
[DEBUG] adding entry org/glassfish/jersey/server/model/MethodList$8.class
[DEBUG] adding entry org/glassfish/jersey/server/model/MethodList$Filter.class
[DEBUG] adding entry org/glassfish/jersey/server/model/MethodList.class
[DEBUG] adding entry org/glassfish/jersey/server/model/ModelProcessor.class
[DEBUG] adding entry org/glassfish/jersey/server/model/ModelValidationException.class
[DEBUG] adding entry org/glassfish/jersey/server/model/ParamQualifier.class
[DEBUG] adding entry org/glassfish/jersey/server/model/Parameter$1.class
[DEBUG] adding entry org/glassfish/jersey/server/model/Parameter$10.class
[DEBUG] adding entry org/glassfish/jersey/server/model/Parameter$2.class
[DEBUG] adding entry org/glassfish/jersey/server/model/Parameter$3.class
[DEBUG] adding entry org/glassfish/jersey/server/model/Parameter$4.class
[DEBUG] adding entry org/glassfish/jersey/server/model/Parameter$5.class
[DEBUG] adding entry org/glassfish/jersey/server/model/Parameter$6.class
[DEBUG] adding entry org/glassfish/jersey/server/model/Parameter$7.class
[DEBUG] adding entry org/glassfish/jersey/server/model/Parameter$8.class
[DEBUG] adding entry org/glassfish/jersey/server/model/Parameter$9.class
[DEBUG] adding entry org/glassfish/jersey/server/model/Parameter$BeanParameter.class
[DEBUG] adding entry org/glassfish/jersey/server/model/Parameter$ParamAnnotationHelper.class
[DEBUG] adding entry org/glassfish/jersey/server/model/Parameter$Source.class
[DEBUG] adding entry org/glassfish/jersey/server/model/Parameter.class
[DEBUG] adding entry org/glassfish/jersey/server/model/Parameterized.class
[DEBUG] adding entry org/glassfish/jersey/server/model/Producing.class
[DEBUG] adding entry org/glassfish/jersey/server/model/Resource$1.class
[DEBUG] adding entry org/glassfish/jersey/server/model/Resource$2.class
[DEBUG] adding entry org/glassfish/jersey/server/model/Resource$3.class
[DEBUG] adding entry org/glassfish/jersey/server/model/Resource$Builder$1.class
[DEBUG] adding entry org/glassfish/jersey/server/model/Resource$Builder$2.class
[DEBUG] adding entry org/glassfish/jersey/server/model/Resource$Builder$3.class
[DEBUG] adding entry org/glassfish/jersey/server/model/Resource$Builder.class
[DEBUG] adding entry org/glassfish/jersey/server/model/Resource$Data.class
[DEBUG] adding entry org/glassfish/jersey/server/model/Resource.class
[DEBUG] adding entry org/glassfish/jersey/server/model/ResourceMethod$1.class
[DEBUG] adding entry org/glassfish/jersey/server/model/ResourceMethod$Builder$1.class
[DEBUG] adding entry org/glassfish/jersey/server/model/ResourceMethod$Builder.class
[DEBUG] adding entry org/glassfish/jersey/server/model/ResourceMethod$Data.class
[DEBUG] adding entry org/glassfish/jersey/server/model/ResourceMethod$JaxrsType$1.class
[DEBUG] adding entry org/glassfish/jersey/server/model/ResourceMethod$JaxrsType$2.class
[DEBUG] adding entry org/glassfish/jersey/server/model/ResourceMethod$JaxrsType$3.class
[DEBUG] adding entry org/glassfish/jersey/server/model/ResourceMethod$JaxrsType.class
[DEBUG] adding entry org/glassfish/jersey/server/model/ResourceMethod.class
[DEBUG] adding entry org/glassfish/jersey/server/model/ResourceMethodConfig$1.class
[DEBUG] adding entry org/glassfish/jersey/server/model/ResourceMethodConfig.class
[DEBUG] adding entry org/glassfish/jersey/server/model/ResourceMethodInvoker$1.class
[DEBUG] adding entry org/glassfish/jersey/server/model/ResourceMethodInvoker$2.class
[DEBUG] adding entry org/glassfish/jersey/server/model/ResourceMethodInvoker$3.class
[DEBUG] adding entry org/glassfish/jersey/server/model/ResourceMethodInvoker$Builder.class
[DEBUG] adding entry org/glassfish/jersey/server/model/ResourceMethodInvoker.class
[DEBUG] adding entry org/glassfish/jersey/server/model/ResourceMethodValidator$1.class
[DEBUG] adding entry org/glassfish/jersey/server/model/ResourceMethodValidator$2.class
[DEBUG] adding entry org/glassfish/jersey/server/model/ResourceMethodValidator.class
[DEBUG] adding entry org/glassfish/jersey/server/model/ResourceModel$1.class
[DEBUG] adding entry org/glassfish/jersey/server/model/ResourceModel$Builder.class
[DEBUG] adding entry org/glassfish/jersey/server/model/ResourceModel.class
[DEBUG] adding entry org/glassfish/jersey/server/model/ResourceModelComponent.class
[DEBUG] adding entry org/glassfish/jersey/server/model/ResourceModelIssue.class
[DEBUG] adding entry org/glassfish/jersey/server/model/ResourceModelVisitor.class
[DEBUG] adding entry org/glassfish/jersey/server/model/ResourceValidator.class
[DEBUG] adding entry org/glassfish/jersey/server/model/Routed.class
[DEBUG] adding entry org/glassfish/jersey/server/model/RuntimeResource$1.class
[DEBUG] adding entry org/glassfish/jersey/server/model/RuntimeResource$2.class
[DEBUG] adding entry org/glassfish/jersey/server/model/RuntimeResource$Builder.class
[DEBUG] adding entry org/glassfish/jersey/server/model/RuntimeResource.class
[DEBUG] adding entry org/glassfish/jersey/server/model/RuntimeResourceModel.class
[DEBUG] adding entry org/glassfish/jersey/server/model/RuntimeResourceModelValidator.class
[DEBUG] adding entry org/glassfish/jersey/server/model/Suspendable.class
[DEBUG] adding directory org/glassfish/jersey/server/model/internal/
[DEBUG] adding entry org/glassfish/jersey/server/model/internal/AbstractJavaResourceMethodDispatcher$1.class
[DEBUG] adding entry org/glassfish/jersey/server/model/internal/AbstractJavaResourceMethodDispatcher.class
[DEBUG] adding entry org/glassfish/jersey/server/model/internal/JavaResourceMethodDispatcherProvider$AbstractMethodParamInvoker.class
[DEBUG] adding entry org/glassfish/jersey/server/model/internal/JavaResourceMethodDispatcherProvider$ObjectOutInvoker.class
[DEBUG] adding entry org/glassfish/jersey/server/model/internal/JavaResourceMethodDispatcherProvider$ResponseOutInvoker.class
[DEBUG] adding entry org/glassfish/jersey/server/model/internal/JavaResourceMethodDispatcherProvider$TypeOutInvoker.class
[DEBUG] adding entry org/glassfish/jersey/server/model/internal/JavaResourceMethodDispatcherProvider$VoidOutInvoker.class
[DEBUG] adding entry org/glassfish/jersey/server/model/internal/JavaResourceMethodDispatcherProvider.class
[DEBUG] adding entry org/glassfish/jersey/server/model/internal/ModelErrors$1.class
[DEBUG] adding entry org/glassfish/jersey/server/model/internal/ModelErrors.class
[DEBUG] adding entry org/glassfish/jersey/server/model/internal/ModelHelper.class
[DEBUG] adding entry org/glassfish/jersey/server/model/internal/ModelProcessorUtil$Method.class
[DEBUG] adding entry org/glassfish/jersey/server/model/internal/ModelProcessorUtil.class
[DEBUG] adding entry org/glassfish/jersey/server/model/internal/ResourceMethodDispatcherFactory.class
[DEBUG] adding entry org/glassfish/jersey/server/model/internal/ResourceMethodInvocationHandlerFactory$1.class
[DEBUG] adding entry org/glassfish/jersey/server/model/internal/ResourceMethodInvocationHandlerFactory.class
[DEBUG] adding entry org/glassfish/jersey/server/model/internal/ResourceModelBinder.class
[DEBUG] adding entry org/glassfish/jersey/server/model/internal/VoidVoidDispatcherProvider$1.class
[DEBUG] adding entry org/glassfish/jersey/server/model/internal/VoidVoidDispatcherProvider$VoidToVoidDispatcher.class
[DEBUG] adding entry org/glassfish/jersey/server/model/internal/VoidVoidDispatcherProvider.class
[DEBUG] adding directory org/glassfish/jersey/server/monitoring/
[DEBUG] adding entry org/glassfish/jersey/server/monitoring/ApplicationEvent$Type.class
[DEBUG] adding entry org/glassfish/jersey/server/monitoring/ApplicationEvent.class
[DEBUG] adding entry org/glassfish/jersey/server/monitoring/ApplicationEventListener.class
[DEBUG] adding entry org/glassfish/jersey/server/monitoring/ApplicationInfo.class
[DEBUG] adding entry org/glassfish/jersey/server/monitoring/ApplicationMXBean.class
[DEBUG] adding entry org/glassfish/jersey/server/monitoring/DestroyListener.class
[DEBUG] adding entry org/glassfish/jersey/server/monitoring/ExceptionMapperMXBean.class
[DEBUG] adding entry org/glassfish/jersey/server/monitoring/ExceptionMapperStatistics.class
[DEBUG] adding entry org/glassfish/jersey/server/monitoring/ExecutionStatistics.class
[DEBUG] adding entry org/glassfish/jersey/server/monitoring/MonitoringStatistics.class
[DEBUG] adding entry org/glassfish/jersey/server/monitoring/MonitoringStatisticsListener.class
[DEBUG] adding entry org/glassfish/jersey/server/monitoring/RequestEvent$ExceptionCause.class
[DEBUG] adding entry org/glassfish/jersey/server/monitoring/RequestEvent$Type.class
[DEBUG] adding entry org/glassfish/jersey/server/monitoring/RequestEvent.class
[DEBUG] adding entry org/glassfish/jersey/server/monitoring/RequestEventListener.class
[DEBUG] adding entry org/glassfish/jersey/server/monitoring/ResourceMXBean.class
[DEBUG] adding entry org/glassfish/jersey/server/monitoring/ResourceMethodMXBean.class
[DEBUG] adding entry org/glassfish/jersey/server/monitoring/ResourceMethodStatistics.class
[DEBUG] adding entry org/glassfish/jersey/server/monitoring/ResourceStatistics.class
[DEBUG] adding entry org/glassfish/jersey/server/monitoring/ResponseMXBean.class
[DEBUG] adding entry org/glassfish/jersey/server/monitoring/ResponseStatistics.class
[DEBUG] adding entry org/glassfish/jersey/server/monitoring/TimeWindowStatistics.class
[DEBUG] adding directory org/glassfish/jersey/server/spi/
[DEBUG] adding entry org/glassfish/jersey/server/spi/AbstractContainerLifecycleListener.class
[DEBUG] adding entry org/glassfish/jersey/server/spi/ComponentProvider.class
[DEBUG] adding entry org/glassfish/jersey/server/spi/Container.class
[DEBUG] adding entry org/glassfish/jersey/server/spi/ContainerLifecycleListener.class
[DEBUG] adding entry org/glassfish/jersey/server/spi/ContainerProvider.class
[DEBUG] adding entry org/glassfish/jersey/server/spi/ContainerResponseWriter$TimeoutHandler.class
[DEBUG] adding entry org/glassfish/jersey/server/spi/ContainerResponseWriter.class
[DEBUG] adding entry org/glassfish/jersey/server/spi/ExternalRequestContext.class
[DEBUG] adding entry org/glassfish/jersey/server/spi/ExternalRequestScope.class
[DEBUG] adding entry org/glassfish/jersey/server/spi/RequestScopedInitializer.class
[DEBUG] adding entry org/glassfish/jersey/server/spi/ResponseErrorMapper.class
[DEBUG] adding entry org/glassfish/jersey/server/spi/ValidationInterceptor.class
[DEBUG] adding entry org/glassfish/jersey/server/spi/ValidationInterceptorContext.class
[DEBUG] adding directory org/glassfish/jersey/server/spi/internal/
[DEBUG] adding entry org/glassfish/jersey/server/spi/internal/ParamValueFactoryWithSource.class
[DEBUG] adding entry org/glassfish/jersey/server/spi/internal/ParameterValueHelper$1.class
[DEBUG] adding entry org/glassfish/jersey/server/spi/internal/ParameterValueHelper.class
[DEBUG] adding entry org/glassfish/jersey/server/spi/internal/ResourceMethodDispatcher$Provider.class
[DEBUG] adding entry org/glassfish/jersey/server/spi/internal/ResourceMethodDispatcher.class
[DEBUG] adding entry org/glassfish/jersey/server/spi/internal/ResourceMethodInvocationHandlerProvider.class
[DEBUG] adding entry org/glassfish/jersey/server/spi/internal/ValueFactoryProvider$Priority.class
[DEBUG] adding entry org/glassfish/jersey/server/spi/internal/ValueFactoryProvider$PriorityType.class
[DEBUG] adding entry org/glassfish/jersey/server/spi/internal/ValueFactoryProvider.class
[DEBUG] adding directory org/glassfish/jersey/server/wadl/
[DEBUG] adding entry org/glassfish/jersey/server/wadl/WadlApplicationContext.class
[DEBUG] adding entry org/glassfish/jersey/server/wadl/WadlFeature$1.class
[DEBUG] adding entry org/glassfish/jersey/server/wadl/WadlFeature.class
[DEBUG] adding entry org/glassfish/jersey/server/wadl/WadlGenerator$ExternalGrammarDefinition.class
[DEBUG] adding entry org/glassfish/jersey/server/wadl/WadlGenerator$Resolver.class
[DEBUG] adding entry org/glassfish/jersey/server/wadl/WadlGenerator.class
[DEBUG] adding directory org/glassfish/jersey/server/wadl/config/
[DEBUG] adding entry org/glassfish/jersey/server/wadl/config/WadlGeneratorConfig$WadlGeneratorConfigDescriptionBuilder.class
[DEBUG] adding entry org/glassfish/jersey/server/wadl/config/WadlGeneratorConfig$WadlGeneratorConfigImpl.class
[DEBUG] adding entry org/glassfish/jersey/server/wadl/config/WadlGeneratorConfig.class
[DEBUG] adding entry org/glassfish/jersey/server/wadl/config/WadlGeneratorConfigLoader$1.class
[DEBUG] adding entry org/glassfish/jersey/server/wadl/config/WadlGeneratorConfigLoader.class
[DEBUG] adding entry org/glassfish/jersey/server/wadl/config/WadlGeneratorDescription.class
[DEBUG] adding entry org/glassfish/jersey/server/wadl/config/WadlGeneratorLoader$1.class
[DEBUG] adding entry org/glassfish/jersey/server/wadl/config/WadlGeneratorLoader$Callback.class
[DEBUG] adding entry org/glassfish/jersey/server/wadl/config/WadlGeneratorLoader$CallbackList.class
[DEBUG] adding entry org/glassfish/jersey/server/wadl/config/WadlGeneratorLoader$WadlGeneratorControl.class
[DEBUG] adding entry org/glassfish/jersey/server/wadl/config/WadlGeneratorLoader.class
[DEBUG] adding directory org/glassfish/jersey/server/wadl/internal/
[DEBUG] adding entry org/glassfish/jersey/server/wadl/internal/ApplicationDescription$ExternalGrammar.class
[DEBUG] adding entry org/glassfish/jersey/server/wadl/internal/ApplicationDescription.class
[DEBUG] adding entry org/glassfish/jersey/server/wadl/internal/WadlApplicationContextImpl.class
[DEBUG] adding entry org/glassfish/jersey/server/wadl/internal/WadlAutoDiscoverable.class
[DEBUG] adding entry org/glassfish/jersey/server/wadl/internal/WadlBuilder.class
[DEBUG] adding entry org/glassfish/jersey/server/wadl/internal/WadlGeneratorImpl$1.class
[DEBUG] adding entry org/glassfish/jersey/server/wadl/internal/WadlGeneratorImpl.class
[DEBUG] adding entry org/glassfish/jersey/server/wadl/internal/WadlResource.class
[DEBUG] adding entry org/glassfish/jersey/server/wadl/internal/WadlUtils.class
[DEBUG] adding directory org/glassfish/jersey/server/wadl/internal/generators/
[DEBUG] adding entry org/glassfish/jersey/server/wadl/internal/generators/ApplicationDocs.class
[DEBUG] adding entry org/glassfish/jersey/server/wadl/internal/generators/ObjectFactory.class
[DEBUG] adding entry org/glassfish/jersey/server/wadl/internal/generators/WadlGeneratorApplicationDoc.class
[DEBUG] adding entry org/glassfish/jersey/server/wadl/internal/generators/WadlGeneratorGrammarsSupport.class
[DEBUG] adding entry org/glassfish/jersey/server/wadl/internal/generators/WadlGeneratorJAXBGrammarGenerator$1.class
[DEBUG] adding entry org/glassfish/jersey/server/wadl/internal/generators/WadlGeneratorJAXBGrammarGenerator$2.class
[DEBUG] adding entry org/glassfish/jersey/server/wadl/internal/generators/WadlGeneratorJAXBGrammarGenerator$3.class
[DEBUG] adding entry org/glassfish/jersey/server/wadl/internal/generators/WadlGeneratorJAXBGrammarGenerator$4.class
[DEBUG] adding entry org/glassfish/jersey/server/wadl/internal/generators/WadlGeneratorJAXBGrammarGenerator$5.class
[DEBUG] adding entry org/glassfish/jersey/server/wadl/internal/generators/WadlGeneratorJAXBGrammarGenerator$6$1.class
[DEBUG] adding entry org/glassfish/jersey/server/wadl/internal/generators/WadlGeneratorJAXBGrammarGenerator$6.class
[DEBUG] adding entry org/glassfish/jersey/server/wadl/internal/generators/WadlGeneratorJAXBGrammarGenerator$NameCallbackSetter.class
[DEBUG] adding entry org/glassfish/jersey/server/wadl/internal/generators/WadlGeneratorJAXBGrammarGenerator$TypeCallbackPair.class
[DEBUG] adding entry org/glassfish/jersey/server/wadl/internal/generators/WadlGeneratorJAXBGrammarGenerator.class
[DEBUG] adding directory org/glassfish/jersey/server/wadl/internal/generators/resourcedoc/
[DEBUG] adding entry org/glassfish/jersey/server/wadl/internal/generators/resourcedoc/ResourceDocAccessor.class
[DEBUG] adding entry org/glassfish/jersey/server/wadl/internal/generators/resourcedoc/WadlGeneratorResourceDocSupport.class
[DEBUG] adding directory org/glassfish/jersey/server/wadl/internal/generators/resourcedoc/model/
[DEBUG] adding entry org/glassfish/jersey/server/wadl/internal/generators/resourcedoc/model/AnnotationDocType.class
[DEBUG] adding entry org/glassfish/jersey/server/wadl/internal/generators/resourcedoc/model/ClassDocType.class
[DEBUG] adding entry org/glassfish/jersey/server/wadl/internal/generators/resourcedoc/model/MethodDocType.class
[DEBUG] adding entry org/glassfish/jersey/server/wadl/internal/generators/resourcedoc/model/NamedValueType.class
[DEBUG] adding entry org/glassfish/jersey/server/wadl/internal/generators/resourcedoc/model/ObjectFactory.class
[DEBUG] adding entry org/glassfish/jersey/server/wadl/internal/generators/resourcedoc/model/ParamDocType.class
[DEBUG] adding entry org/glassfish/jersey/server/wadl/internal/generators/resourcedoc/model/RepresentationDocType.class
[DEBUG] adding entry org/glassfish/jersey/server/wadl/internal/generators/resourcedoc/model/RequestDocType.class
[DEBUG] adding entry org/glassfish/jersey/server/wadl/internal/generators/resourcedoc/model/ResourceDocType.class
[DEBUG] adding entry org/glassfish/jersey/server/wadl/internal/generators/resourcedoc/model/ResponseDocType.class
[DEBUG] adding entry org/glassfish/jersey/server/wadl/internal/generators/resourcedoc/model/WadlParamType.class
[DEBUG] adding directory org/glassfish/jersey/server/wadl/internal/generators/resourcedoc/xhtml/
[DEBUG] adding entry org/glassfish/jersey/server/wadl/internal/generators/resourcedoc/xhtml/Elements.class
[DEBUG] adding entry org/glassfish/jersey/server/wadl/internal/generators/resourcedoc/xhtml/ObjectFactory.class
[DEBUG] adding entry org/glassfish/jersey/server/wadl/internal/generators/resourcedoc/xhtml/XhtmlElementType.class
[DEBUG] adding entry org/glassfish/jersey/server/wadl/internal/generators/resourcedoc/xhtml/XhtmlValueType.class
[DEBUG] adding directory org/glassfish/jersey/server/wadl/processor/
[DEBUG] adding entry org/glassfish/jersey/server/wadl/processor/OptionsMethodProcessor$GenericOptionsInflector.class
[DEBUG] adding entry org/glassfish/jersey/server/wadl/processor/OptionsMethodProcessor$PlainTextOptionsInflector.class
[DEBUG] adding entry org/glassfish/jersey/server/wadl/processor/OptionsMethodProcessor.class
[DEBUG] adding entry org/glassfish/jersey/server/wadl/processor/WadlModelProcessor$OptionsHandler.class
[DEBUG] adding entry org/glassfish/jersey/server/wadl/processor/WadlModelProcessor.class
[INFO] jersey/ already added, skipping
[INFO] jersey/repackaged/ already added, skipping
[DEBUG] adding directory jersey/repackaged/org/
[DEBUG] adding directory jersey/repackaged/org/objectweb/
[DEBUG] adding directory jersey/repackaged/org/objectweb/asm/
[DEBUG] adding entry jersey/repackaged/org/objectweb/asm/AnnotationVisitor.class
[DEBUG] adding entry jersey/repackaged/org/objectweb/asm/AnnotationWriter.class
[DEBUG] adding entry jersey/repackaged/org/objectweb/asm/Attribute.class
[DEBUG] adding entry jersey/repackaged/org/objectweb/asm/ByteVector.class
[DEBUG] adding entry jersey/repackaged/org/objectweb/asm/ClassReader.class
[DEBUG] adding entry jersey/repackaged/org/objectweb/asm/ClassVisitor.class
[DEBUG] adding entry jersey/repackaged/org/objectweb/asm/ClassWriter.class
[DEBUG] adding entry jersey/repackaged/org/objectweb/asm/Context.class
[DEBUG] adding entry jersey/repackaged/org/objectweb/asm/Edge.class
[DEBUG] adding entry jersey/repackaged/org/objectweb/asm/FieldVisitor.class
[DEBUG] adding entry jersey/repackaged/org/objectweb/asm/FieldWriter.class
[DEBUG] adding entry jersey/repackaged/org/objectweb/asm/Frame.class
[DEBUG] adding entry jersey/repackaged/org/objectweb/asm/Handle.class
[DEBUG] adding entry jersey/repackaged/org/objectweb/asm/Handler.class
[DEBUG] adding entry jersey/repackaged/org/objectweb/asm/Item.class
[DEBUG] adding entry jersey/repackaged/org/objectweb/asm/Label.class
[DEBUG] adding entry jersey/repackaged/org/objectweb/asm/MethodVisitor.class
[DEBUG] adding entry jersey/repackaged/org/objectweb/asm/MethodWriter.class
[DEBUG] adding entry jersey/repackaged/org/objectweb/asm/Opcodes.class
[DEBUG] adding entry jersey/repackaged/org/objectweb/asm/Type.class
[DEBUG] adding entry jersey/repackaged/org/objectweb/asm/TypePath.class
[DEBUG] adding directory jersey/repackaged/org/objectweb/asm/commons/
[DEBUG] adding entry jersey/repackaged/org/objectweb/asm/commons/package.html
[DEBUG] adding entry jersey/repackaged/org/objectweb/asm/package.html
[DEBUG] adding directory jersey/repackaged/org/objectweb/asm/signature/
[DEBUG] adding entry jersey/repackaged/org/objectweb/asm/signature/package.html
[DEBUG] adding directory jersey/repackaged/org/objectweb/asm/tree/
[DEBUG] adding directory jersey/repackaged/org/objectweb/asm/tree/analysis/
[DEBUG] adding entry jersey/repackaged/org/objectweb/asm/tree/analysis/package.html
[DEBUG] adding entry jersey/repackaged/org/objectweb/asm/tree/package.html
[DEBUG] adding directory jersey/repackaged/org/objectweb/asm/util/
[DEBUG] adding entry jersey/repackaged/org/objectweb/asm/util/package.html
[DEBUG] adding directory jersey/repackaged/org/objectweb/asm/xml/
[DEBUG] adding entry jersey/repackaged/org/objectweb/asm/xml/asm-xml.dtd
[DEBUG] adding entry jersey/repackaged/org/objectweb/asm/xml/package.html
[INFO] META-INF/MANIFEST.MF already added, skipping
[INFO] META-INF/ already added, skipping
[INFO] META-INF/maven/ already added, skipping
[INFO] META-INF/maven/org.glassfish.jersey.core/ already added, skipping
[DEBUG] adding directory META-INF/maven/org.glassfish.jersey.core/jersey-client/
[DEBUG] adding entry META-INF/maven/org.glassfish.jersey.core/jersey-client/pom.properties
[DEBUG] adding entry META-INF/maven/org.glassfish.jersey.core/jersey-client/pom.xml
[INFO] org/ already added, skipping
[INFO] org/glassfish/ already added, skipping
[INFO] org/glassfish/jersey/ already added, skipping
[DEBUG] adding directory org/glassfish/jersey/client/
[DEBUG] adding entry org/glassfish/jersey/client/AbortException.class
[DEBUG] adding entry org/glassfish/jersey/client/ChunkParser.class
[DEBUG] adding entry org/glassfish/jersey/client/ChunkedInput$FixedBoundaryParser.class
[DEBUG] adding entry org/glassfish/jersey/client/ChunkedInput.class
[DEBUG] adding entry org/glassfish/jersey/client/ChunkedInputReader.class
[DEBUG] adding entry org/glassfish/jersey/client/ClientAsyncExecutor.class
[DEBUG] adding entry org/glassfish/jersey/client/ClientAsyncExecutorLiteral.class
[DEBUG] adding entry org/glassfish/jersey/client/ClientBinder$1.class
[DEBUG] adding entry org/glassfish/jersey/client/ClientBinder$2.class
[DEBUG] adding entry org/glassfish/jersey/client/ClientBinder$PropertiesDelegateFactory.class
[DEBUG] adding entry org/glassfish/jersey/client/ClientBinder$RequestContextInjectionFactory.class
[DEBUG] adding entry org/glassfish/jersey/client/ClientBinder.class
[DEBUG] adding entry org/glassfish/jersey/client/ClientConfig$1.class
[DEBUG] adding entry org/glassfish/jersey/client/ClientConfig$State$1.class
[DEBUG] adding entry org/glassfish/jersey/client/ClientConfig$State$2.class
[DEBUG] adding entry org/glassfish/jersey/client/ClientConfig$State$3.class
[DEBUG] adding entry org/glassfish/jersey/client/ClientConfig$State$4.class
[DEBUG] adding entry org/glassfish/jersey/client/ClientConfig$State$StateChangeStrategy.class
[DEBUG] adding entry org/glassfish/jersey/client/ClientConfig$State.class
[DEBUG] adding entry org/glassfish/jersey/client/ClientConfig.class
[DEBUG] adding entry org/glassfish/jersey/client/ClientFilteringStages$1.class
[DEBUG] adding entry org/glassfish/jersey/client/ClientFilteringStages$RequestFilteringStage.class
[DEBUG] adding entry org/glassfish/jersey/client/ClientFilteringStages$ResponseFilterStage.class
[DEBUG] adding entry org/glassfish/jersey/client/ClientFilteringStages.class
[DEBUG] adding entry org/glassfish/jersey/client/ClientLifecycleListener.class
[DEBUG] adding entry org/glassfish/jersey/client/ClientProperties.class
[DEBUG] adding entry org/glassfish/jersey/client/ClientRequest.class
[DEBUG] adding entry org/glassfish/jersey/client/ClientResponse$1.class
[DEBUG] adding entry org/glassfish/jersey/client/ClientResponse$2.class
[DEBUG] adding entry org/glassfish/jersey/client/ClientResponse.class
[DEBUG] adding entry org/glassfish/jersey/client/ClientRuntime$1.class
[DEBUG] adding entry org/glassfish/jersey/client/ClientRuntime$2$1.class
[DEBUG] adding entry org/glassfish/jersey/client/ClientRuntime$2.class
[DEBUG] adding entry org/glassfish/jersey/client/ClientRuntime$3.class
[DEBUG] adding entry org/glassfish/jersey/client/ClientRuntime.class
[DEBUG] adding entry org/glassfish/jersey/client/CustomProvidersFeature.class
[DEBUG] adding entry org/glassfish/jersey/client/DefaultClientAsyncExecutorProvider$1.class
[DEBUG] adding entry org/glassfish/jersey/client/DefaultClientAsyncExecutorProvider.class
[DEBUG] adding entry org/glassfish/jersey/client/HttpUrlConnectorProvider$1.class
[DEBUG] adding entry org/glassfish/jersey/client/HttpUrlConnectorProvider$ConnectionFactory.class
[DEBUG] adding entry org/glassfish/jersey/client/HttpUrlConnectorProvider$DefaultConnectionFactory.class
[DEBUG] adding entry org/glassfish/jersey/client/HttpUrlConnectorProvider.class
[DEBUG] adding entry org/glassfish/jersey/client/InboundJaxrsResponse$1.class
[DEBUG] adding entry org/glassfish/jersey/client/InboundJaxrsResponse$2.class
[DEBUG] adding entry org/glassfish/jersey/client/InboundJaxrsResponse$3.class
[DEBUG] adding entry org/glassfish/jersey/client/InboundJaxrsResponse$4.class
[DEBUG] adding entry org/glassfish/jersey/client/InboundJaxrsResponse.class
[DEBUG] adding entry org/glassfish/jersey/client/Initializable.class
[DEBUG] adding entry org/glassfish/jersey/client/JerseyClient$1.class
[DEBUG] adding entry org/glassfish/jersey/client/JerseyClient$2.class
[DEBUG] adding entry org/glassfish/jersey/client/JerseyClient$ShutdownHook.class
[DEBUG] adding entry org/glassfish/jersey/client/JerseyClient.class
[DEBUG] adding entry org/glassfish/jersey/client/JerseyClientBuilder$1.class
[DEBUG] adding entry org/glassfish/jersey/client/JerseyClientBuilder.class
[DEBUG] adding entry org/glassfish/jersey/client/JerseyInvocation$1.class
[DEBUG] adding entry org/glassfish/jersey/client/JerseyInvocation$2.class
[DEBUG] adding entry org/glassfish/jersey/client/JerseyInvocation$3.class
[DEBUG] adding entry org/glassfish/jersey/client/JerseyInvocation$4.class
[DEBUG] adding entry org/glassfish/jersey/client/JerseyInvocation$5.class
[DEBUG] adding entry org/glassfish/jersey/client/JerseyInvocation$6.class
[DEBUG] adding entry org/glassfish/jersey/client/JerseyInvocation$7.class
[DEBUG] adding entry org/glassfish/jersey/client/JerseyInvocation$8.class
[DEBUG] adding entry org/glassfish/jersey/client/JerseyInvocation$AsyncInvoker.class
[DEBUG] adding entry org/glassfish/jersey/client/JerseyInvocation$Builder.class
[DEBUG] adding entry org/glassfish/jersey/client/JerseyInvocation$EntityPresence.class
[DEBUG] adding entry org/glassfish/jersey/client/JerseyInvocation.class
[DEBUG] adding entry org/glassfish/jersey/client/JerseyWebTarget.class
[DEBUG] adding entry org/glassfish/jersey/client/RequestEntityProcessing.class
[DEBUG] adding entry org/glassfish/jersey/client/RequestProcessingInitializationStage.class
[DEBUG] adding entry org/glassfish/jersey/client/ResponseCallback.class
[DEBUG] adding entry org/glassfish/jersey/client/ServiceLocatorClientProvider.class
[DEBUG] adding directory org/glassfish/jersey/client/authentication/
[DEBUG] adding entry org/glassfish/jersey/client/authentication/BasicAuthenticator.class
[DEBUG] adding entry org/glassfish/jersey/client/authentication/DigestAuthenticator$1.class
[DEBUG] adding entry org/glassfish/jersey/client/authentication/DigestAuthenticator$Algorithm.class
[DEBUG] adding entry org/glassfish/jersey/client/authentication/DigestAuthenticator$DigestScheme.class
[DEBUG] adding entry org/glassfish/jersey/client/authentication/DigestAuthenticator$QOP.class
[DEBUG] adding entry org/glassfish/jersey/client/authentication/DigestAuthenticator.class
[DEBUG] adding entry org/glassfish/jersey/client/authentication/HttpAuthenticationFeature$1.class
[DEBUG] adding entry org/glassfish/jersey/client/authentication/HttpAuthenticationFeature$BasicBuilder.class
[DEBUG] adding entry org/glassfish/jersey/client/authentication/HttpAuthenticationFeature$Builder.class
[DEBUG] adding entry org/glassfish/jersey/client/authentication/HttpAuthenticationFeature$BuilderImpl.class
[DEBUG] adding entry org/glassfish/jersey/client/authentication/HttpAuthenticationFeature$Mode.class
[DEBUG] adding entry org/glassfish/jersey/client/authentication/HttpAuthenticationFeature$UniversalBuilder.class
[DEBUG] adding entry org/glassfish/jersey/client/authentication/HttpAuthenticationFeature.class
[DEBUG] adding entry org/glassfish/jersey/client/authentication/HttpAuthenticationFilter$1.class
[DEBUG] adding entry org/glassfish/jersey/client/authentication/HttpAuthenticationFilter$2.class
[DEBUG] adding entry org/glassfish/jersey/client/authentication/HttpAuthenticationFilter$Credentials.class
[DEBUG] adding entry org/glassfish/jersey/client/authentication/HttpAuthenticationFilter$Type.class
[DEBUG] adding entry org/glassfish/jersey/client/authentication/HttpAuthenticationFilter.class
[DEBUG] adding entry org/glassfish/jersey/client/authentication/RequestAuthenticationException.class
[DEBUG] adding entry org/glassfish/jersey/client/authentication/ResponseAuthenticationException.class
[DEBUG] adding directory org/glassfish/jersey/client/filter/
[DEBUG] adding entry org/glassfish/jersey/client/filter/CsrfProtectionFilter.class
[DEBUG] adding entry org/glassfish/jersey/client/filter/EncodingFeature.class
[DEBUG] adding entry org/glassfish/jersey/client/filter/EncodingFilter.class
[DEBUG] adding directory org/glassfish/jersey/client/internal/
[DEBUG] adding entry org/glassfish/jersey/client/internal/HttpUrlConnector$1.class
[DEBUG] adding entry org/glassfish/jersey/client/internal/HttpUrlConnector$2$1.class
[DEBUG] adding entry org/glassfish/jersey/client/internal/HttpUrlConnector$2.class
[DEBUG] adding entry org/glassfish/jersey/client/internal/HttpUrlConnector$3.class
[DEBUG] adding entry org/glassfish/jersey/client/internal/HttpUrlConnector$4.class
[DEBUG] adding entry org/glassfish/jersey/client/internal/HttpUrlConnector$5.class
[DEBUG] adding entry org/glassfish/jersey/client/internal/HttpUrlConnector.class
[DEBUG] adding entry org/glassfish/jersey/client/internal/LocalizationMessages.class
[DEBUG] adding entry org/glassfish/jersey/client/internal/localization.properties
[DEBUG] adding directory org/glassfish/jersey/client/spi/
[DEBUG] adding entry org/glassfish/jersey/client/spi/AsyncConnectorCallback.class
[DEBUG] adding entry org/glassfish/jersey/client/spi/CachingConnectorProvider.class
[DEBUG] adding entry org/glassfish/jersey/client/spi/Connector.class
[DEBUG] adding entry org/glassfish/jersey/client/spi/ConnectorProvider.class
[DEBUG] adding entry org/glassfish/jersey/client/spi/DefaultSslContextProvider.class
[INFO] META-INF/MANIFEST.MF already added, skipping
[INFO] META-INF/ already added, skipping
[INFO] META-INF/maven/ already added, skipping
[INFO] META-INF/maven/org.glassfish.jersey.media/ already added, skipping
[DEBUG] adding directory META-INF/maven/org.glassfish.jersey.media/jersey-media-jaxb/
[DEBUG] adding entry META-INF/maven/org.glassfish.jersey.media/jersey-media-jaxb/pom.properties
[DEBUG] adding entry META-INF/maven/org.glassfish.jersey.media/jersey-media-jaxb/pom.xml
[INFO] META-INF/services/ already added, skipping
[INFO] META-INF/services/org.glassfish.jersey.internal.spi.ForcedAutoDiscoverable already added, skipping
[INFO] org/ already added, skipping
[INFO] org/glassfish/ already added, skipping
[INFO] org/glassfish/jersey/ already added, skipping
[DEBUG] adding directory org/glassfish/jersey/jaxb/
[DEBUG] adding directory org/glassfish/jersey/jaxb/internal/
[DEBUG] adding entry org/glassfish/jersey/jaxb/internal/AbstractCollectionJaxbProvider$1.class
[DEBUG] adding entry org/glassfish/jersey/jaxb/internal/AbstractCollectionJaxbProvider$JaxbTypeChecker.class
[DEBUG] adding entry org/glassfish/jersey/jaxb/internal/AbstractCollectionJaxbProvider.class
[DEBUG] adding entry org/glassfish/jersey/jaxb/internal/AbstractJaxbElementProvider.class
[DEBUG] adding entry org/glassfish/jersey/jaxb/internal/AbstractJaxbProvider$1.class
[DEBUG] adding entry org/glassfish/jersey/jaxb/internal/AbstractJaxbProvider$2.class
[DEBUG] adding entry org/glassfish/jersey/jaxb/internal/AbstractJaxbProvider$3.class
[DEBUG] adding entry org/glassfish/jersey/jaxb/internal/AbstractJaxbProvider$4.class
[DEBUG] adding entry org/glassfish/jersey/jaxb/internal/AbstractJaxbProvider$5.class
[DEBUG] adding entry org/glassfish/jersey/jaxb/internal/AbstractJaxbProvider.class
[DEBUG] adding entry org/glassfish/jersey/jaxb/internal/AbstractRootElementJaxbProvider.class
[DEBUG] adding entry org/glassfish/jersey/jaxb/internal/AbstractXmlFactory.class
[DEBUG] adding entry org/glassfish/jersey/jaxb/internal/DocumentBuilderFactoryInjectionProvider.class
[DEBUG] adding entry org/glassfish/jersey/jaxb/internal/DocumentProvider.class
[DEBUG] adding entry org/glassfish/jersey/jaxb/internal/JaxbAutoDiscoverable.class
[DEBUG] adding entry org/glassfish/jersey/jaxb/internal/JaxbMessagingBinder.class
[DEBUG] adding entry org/glassfish/jersey/jaxb/internal/JaxbParamConverterBinder.class
[DEBUG] adding entry org/glassfish/jersey/jaxb/internal/JaxbStringReaderProvider$1.class
[DEBUG] adding entry org/glassfish/jersey/jaxb/internal/JaxbStringReaderProvider$2.class
[DEBUG] adding entry org/glassfish/jersey/jaxb/internal/JaxbStringReaderProvider$RootElementProvider$1.class
[DEBUG] adding entry org/glassfish/jersey/jaxb/internal/JaxbStringReaderProvider$RootElementProvider.class
[DEBUG] adding entry org/glassfish/jersey/jaxb/internal/JaxbStringReaderProvider.class
[DEBUG] adding entry org/glassfish/jersey/jaxb/internal/LocalizationMessages.class
[DEBUG] adding entry org/glassfish/jersey/jaxb/internal/NounInflector$Replacer.class
[DEBUG] adding entry org/glassfish/jersey/jaxb/internal/NounInflector.class
[DEBUG] adding entry org/glassfish/jersey/jaxb/internal/SaxParserFactoryInjectionProvider.class
[DEBUG] adding entry org/glassfish/jersey/jaxb/internal/SecureSaxParserFactory$1.class
[DEBUG] adding entry org/glassfish/jersey/jaxb/internal/SecureSaxParserFactory$WrappingSAXParser.class
[DEBUG] adding entry org/glassfish/jersey/jaxb/internal/SecureSaxParserFactory.class
[DEBUG] adding entry org/glassfish/jersey/jaxb/internal/TransformerFactoryInjectionProvider.class
[DEBUG] adding entry org/glassfish/jersey/jaxb/internal/XmlCollectionJaxbProvider$App.class
[DEBUG] adding entry org/glassfish/jersey/jaxb/internal/XmlCollectionJaxbProvider$General.class
[DEBUG] adding entry org/glassfish/jersey/jaxb/internal/XmlCollectionJaxbProvider$Text.class
[DEBUG] adding entry org/glassfish/jersey/jaxb/internal/XmlCollectionJaxbProvider.class
[DEBUG] adding entry org/glassfish/jersey/jaxb/internal/XmlInputFactoryInjectionProvider.class
[DEBUG] adding entry org/glassfish/jersey/jaxb/internal/XmlJaxbElementProvider$App.class
[DEBUG] adding entry org/glassfish/jersey/jaxb/internal/XmlJaxbElementProvider$General.class
[DEBUG] adding entry org/glassfish/jersey/jaxb/internal/XmlJaxbElementProvider$Text.class
[DEBUG] adding entry org/glassfish/jersey/jaxb/internal/XmlJaxbElementProvider.class
[DEBUG] adding entry org/glassfish/jersey/jaxb/internal/XmlRootElementJaxbProvider$App.class
[DEBUG] adding entry org/glassfish/jersey/jaxb/internal/XmlRootElementJaxbProvider$General.class
[DEBUG] adding entry org/glassfish/jersey/jaxb/internal/XmlRootElementJaxbProvider$Text.class
[DEBUG] adding entry org/glassfish/jersey/jaxb/internal/XmlRootElementJaxbProvider.class
[DEBUG] adding entry org/glassfish/jersey/jaxb/internal/XmlRootObjectJaxbProvider$App.class
[DEBUG] adding entry org/glassfish/jersey/jaxb/internal/XmlRootObjectJaxbProvider$General.class
[DEBUG] adding entry org/glassfish/jersey/jaxb/internal/XmlRootObjectJaxbProvider$Text.class
[DEBUG] adding entry org/glassfish/jersey/jaxb/internal/XmlRootObjectJaxbProvider.class
[DEBUG] adding entry org/glassfish/jersey/jaxb/internal/localization.properties
[INFO] META-INF/ already added, skipping
[INFO] META-INF/MANIFEST.MF already added, skipping
[DEBUG] adding directory io/
[DEBUG] adding directory io/electrum/
[DEBUG] adding directory io/electrum/giftcard/
[DEBUG] adding directory io/electrum/giftcard/api/
[DEBUG] adding directory io/electrum/giftcard/api/model/
[DEBUG] adding entry io/electrum/giftcard/api/ActivationsResource.class
[DEBUG] adding entry io/electrum/giftcard/api/IActivationsResource.class
[DEBUG] adding entry io/electrum/giftcard/api/ILoadsResource.class
[DEBUG] adding entry io/electrum/giftcard/api/ILookupGiftcardsResource.class
[DEBUG] adding entry io/electrum/giftcard/api/IRedemptionsResource.class
[DEBUG] adding entry io/electrum/giftcard/api/IVoidsResource.class
[DEBUG] adding entry io/electrum/giftcard/api/LoadsResource.class
[DEBUG] adding entry io/electrum/giftcard/api/LookupGiftcardsResource.class
[DEBUG] adding entry io/electrum/giftcard/api/model/ActivationConfirmation.class
[DEBUG] adding entry io/electrum/giftcard/api/model/ActivationRequest.class
[DEBUG] adding entry io/electrum/giftcard/api/model/ActivationResponse.class
[DEBUG] adding entry io/electrum/giftcard/api/model/ActivationReversal.class
[DEBUG] adding entry io/electrum/giftcard/api/model/Basket.class
[DEBUG] adding entry io/electrum/giftcard/api/model/Card.class
[DEBUG] adding entry io/electrum/giftcard/api/model/ErrorDetail$ErrorType.class
[DEBUG] adding entry io/electrum/giftcard/api/model/ErrorDetail.class
[DEBUG] adding entry io/electrum/giftcard/api/model/Item$UnitEnum.class
[DEBUG] adding entry io/electrum/giftcard/api/model/Item.class
[DEBUG] adding entry io/electrum/giftcard/api/model/LoadConfirmation.class
[DEBUG] adding entry io/electrum/giftcard/api/model/LoadRequest.class
[DEBUG] adding entry io/electrum/giftcard/api/model/LoadResponse.class
[DEBUG] adding entry io/electrum/giftcard/api/model/LoadReversal.class
[DEBUG] adding entry io/electrum/giftcard/api/model/LookupRequest.class
[DEBUG] adding entry io/electrum/giftcard/api/model/LookupResponse.class
[DEBUG] adding entry io/electrum/giftcard/api/model/PosEntryMode$PanEntryMode.class
[DEBUG] adding entry io/electrum/giftcard/api/model/PosEntryMode$PinEntryCapability.class
[DEBUG] adding entry io/electrum/giftcard/api/model/PosEntryMode.class
[DEBUG] adding entry io/electrum/giftcard/api/model/PosInfo.class
[DEBUG] adding entry io/electrum/giftcard/api/model/Product.class
[DEBUG] adding entry io/electrum/giftcard/api/model/RedemptionConfirmation.class
[DEBUG] adding entry io/electrum/giftcard/api/model/RedemptionRequest.class
[DEBUG] adding entry io/electrum/giftcard/api/model/RedemptionResponse.class
[DEBUG] adding entry io/electrum/giftcard/api/model/RedemptionReversal.class
[DEBUG] adding entry io/electrum/giftcard/api/model/SlipData.class
[DEBUG] adding entry io/electrum/giftcard/api/model/VoidConfirmation.class
[DEBUG] adding entry io/electrum/giftcard/api/model/VoidRequest.class
[DEBUG] adding entry io/electrum/giftcard/api/model/VoidResponse.class
[DEBUG] adding entry io/electrum/giftcard/api/model/VoidReversal.class
[DEBUG] adding entry io/electrum/giftcard/api/RedemptionsResource.class
[DEBUG] adding entry io/electrum/giftcard/api/VoidsResource.class
[INFO] META-INF/maven/ already added, skipping
[DEBUG] adding directory META-INF/maven/io.electrum/
[DEBUG] adding directory META-INF/maven/io.electrum/giftcard-service-interface/
[DEBUG] adding entry META-INF/maven/io.electrum/giftcard-service-interface/pom.xml
[DEBUG] adding entry META-INF/maven/io.electrum/giftcard-service-interface/pom.properties
[INFO] META-INF/ already added, skipping
[INFO] META-INF/MANIFEST.MF already added, skipping
[INFO] io/ already added, skipping
[INFO] io/electrum/ already added, skipping
[DEBUG] adding directory io/electrum/vas/
[DEBUG] adding directory io/electrum/vas/example/
[DEBUG] adding directory io/electrum/vas/example/api/
[DEBUG] adding directory io/electrum/vas/example/model/
[DEBUG] adding directory io/electrum/vas/model/
[DEBUG] adding entry io/electrum/vas/example/api/ExampleResource.class
[DEBUG] adding entry io/electrum/vas/example/api/IExampleResource.class
[DEBUG] adding entry io/electrum/vas/example/model/ErrorDetail$ErrorType.class
[DEBUG] adding entry io/electrum/vas/example/model/ErrorDetail.class
[DEBUG] adding entry io/electrum/vas/example/model/ExampleReversal.class
[DEBUG] adding entry io/electrum/vas/model/Amounts.class
[DEBUG] adding entry io/electrum/vas/model/BasicAdvice.class
[DEBUG] adding entry io/electrum/vas/model/BasicReversal$ReversalReason.class
[DEBUG] adding entry io/electrum/vas/model/BasicReversal.class
[DEBUG] adding entry io/electrum/vas/model/Customer.class
[DEBUG] adding entry io/electrum/vas/model/Institution.class
[DEBUG] adding entry io/electrum/vas/model/LedgerAmount$LedgerIndicator.class
[DEBUG] adding entry io/electrum/vas/model/LedgerAmount.class
[DEBUG] adding entry io/electrum/vas/model/Merchant.class
[DEBUG] adding entry io/electrum/vas/model/MerchantName.class
[DEBUG] adding entry io/electrum/vas/model/Originator.class
[DEBUG] adding entry io/electrum/vas/model/Tender$AccountType.class
[DEBUG] adding entry io/electrum/vas/model/Tender$TenderType.class
[DEBUG] adding entry io/electrum/vas/model/Tender.class
[DEBUG] adding entry io/electrum/vas/model/TenderAdvice.class
[DEBUG] adding entry io/electrum/vas/model/ThirdPartyIdentifier.class
[DEBUG] adding entry io/electrum/vas/model/Transaction.class
[DEBUG] adding entry io/electrum/vas/Utils.class
[INFO] META-INF/maven/ already added, skipping
[INFO] META-INF/maven/io.electrum/ already added, skipping
[DEBUG] adding directory META-INF/maven/io.electrum/service-interface-base/
[DEBUG] adding entry META-INF/maven/io.electrum/service-interface-base/pom.xml
[DEBUG] adding entry META-INF/maven/io.electrum/service-interface-base/pom.properties
[INFO] META-INF/ already added, skipping
[INFO] META-INF/MANIFEST.MF already added, skipping
[INFO] io/ already added, skipping
[DEBUG] adding directory io/swagger/
[DEBUG] adding directory io/swagger/jersey/
[DEBUG] adding directory io/swagger/jersey/config/
[DEBUG] adding directory io/swagger/jersey/listing/
[INFO] META-INF/services/ already added, skipping
[DEBUG] adding entry io/swagger/jersey/config/JerseyJaxrsConfig.class
[DEBUG] adding entry io/swagger/jersey/listing/ApiListingResourceJSON.class
[DEBUG] adding entry io/swagger/jersey/SwaggerJersey2Jaxrs.class
[DEBUG] adding entry META-INF/services/io.swagger.jaxrs.ext.SwaggerExtension
[INFO] META-INF/maven/ already added, skipping
[DEBUG] adding directory META-INF/maven/io.swagger/
[DEBUG] adding directory META-INF/maven/io.swagger/swagger-jersey2-jaxrs/
[DEBUG] adding entry META-INF/maven/io.swagger/swagger-jersey2-jaxrs/pom.xml
[DEBUG] adding entry META-INF/maven/io.swagger/swagger-jersey2-jaxrs/pom.properties
[INFO] META-INF/MANIFEST.MF already added, skipping
[INFO] META-INF/ already added, skipping
[INFO] META-INF/maven/ already added, skipping
[INFO] META-INF/maven/io.swagger/ already added, skipping
[DEBUG] adding directory META-INF/maven/io.swagger/swagger-jaxrs/
[DEBUG] adding entry META-INF/maven/io.swagger/swagger-jaxrs/pom.properties
[DEBUG] adding entry META-INF/maven/io.swagger/swagger-jaxrs/pom.xml
[INFO] io/ already added, skipping
[INFO] io/swagger/ already added, skipping
[DEBUG] adding directory io/swagger/jaxrs/
[DEBUG] adding entry io/swagger/jaxrs/DefaultParameterExtension.class
[DEBUG] adding entry io/swagger/jaxrs/PATCH.class
[DEBUG] adding entry io/swagger/jaxrs/Reader$1.class
[DEBUG] adding entry io/swagger/jaxrs/Reader$ContainerWrapper$1.class
[DEBUG] adding entry io/swagger/jaxrs/Reader$ContainerWrapper$2.class
[DEBUG] adding entry io/swagger/jaxrs/Reader$ContainerWrapper$3.class
[DEBUG] adding entry io/swagger/jaxrs/Reader$ContainerWrapper$4.class
[DEBUG] adding entry io/swagger/jaxrs/Reader$ContainerWrapper.class
[DEBUG] adding entry io/swagger/jaxrs/Reader.class
[DEBUG] adding directory io/swagger/jaxrs/config/
[DEBUG] adding entry io/swagger/jaxrs/config/AbstractScanner.class
[DEBUG] adding entry io/swagger/jaxrs/config/BeanConfig.class
[DEBUG] adding entry io/swagger/jaxrs/config/DefaultJaxrsConfig.class
[DEBUG] adding entry io/swagger/jaxrs/config/DefaultJaxrsScanner.class
[DEBUG] adding entry io/swagger/jaxrs/config/DefaultReaderConfig.class
[DEBUG] adding entry io/swagger/jaxrs/config/JaxrsScanner.class
[DEBUG] adding entry io/swagger/jaxrs/config/ReaderConfig.class
[DEBUG] adding entry io/swagger/jaxrs/config/ReaderConfigUtils.class
[DEBUG] adding entry io/swagger/jaxrs/config/ReaderListener.class
[DEBUG] adding entry io/swagger/jaxrs/config/ReflectiveJaxrsScanner.class
[DEBUG] adding entry io/swagger/jaxrs/config/SwaggerConfigLocator$1.class
[DEBUG] adding entry io/swagger/jaxrs/config/SwaggerConfigLocator.class
[DEBUG] adding entry io/swagger/jaxrs/config/SwaggerContextService.class
[DEBUG] adding entry io/swagger/jaxrs/config/SwaggerScannerLocator.class
[DEBUG] adding entry io/swagger/jaxrs/config/WebXMLReader.class
[DEBUG] adding directory io/swagger/jaxrs/ext/
[DEBUG] adding entry io/swagger/jaxrs/ext/AbstractSwaggerExtension.class
[DEBUG] adding entry io/swagger/jaxrs/ext/SwaggerExtension.class
[DEBUG] adding entry io/swagger/jaxrs/ext/SwaggerExtensions.class
[DEBUG] adding directory io/swagger/jaxrs/listing/
[DEBUG] adding entry io/swagger/jaxrs/listing/AcceptHeaderApiListingResource.class
[DEBUG] adding entry io/swagger/jaxrs/listing/ApiListingResource.class
[DEBUG] adding entry io/swagger/jaxrs/listing/BaseApiListingResource.class
[DEBUG] adding entry io/swagger/jaxrs/listing/SwaggerSerializers.class
[DEBUG] adding directory io/swagger/jaxrs/utils/
[DEBUG] adding entry io/swagger/jaxrs/utils/ReaderUtils.class
[INFO] META-INF/ already added, skipping
[INFO] META-INF/MANIFEST.MF already added, skipping
[INFO] META-INF/LICENSE already added, skipping
[INFO] META-INF/NOTICE already added, skipping
[INFO] META-INF/maven/ already added, skipping
[DEBUG] adding directory META-INF/maven/com.fasterxml.jackson.dataformat/
[DEBUG] adding directory META-INF/maven/com.fasterxml.jackson.dataformat/jackson-dataformat-yaml/
[DEBUG] adding entry META-INF/maven/com.fasterxml.jackson.dataformat/jackson-dataformat-yaml/pom.properties
[DEBUG] adding entry META-INF/maven/com.fasterxml.jackson.dataformat/jackson-dataformat-yaml/pom.xml
[INFO] META-INF/services/ already added, skipping
[INFO] META-INF/services/com.fasterxml.jackson.core.JsonFactory already added, skipping
[INFO] com/ already added, skipping
[INFO] com/fasterxml/ already added, skipping
[INFO] com/fasterxml/jackson/ already added, skipping
[DEBUG] adding directory com/fasterxml/jackson/dataformat/
[DEBUG] adding directory com/fasterxml/jackson/dataformat/yaml/
[DEBUG] adding entry com/fasterxml/jackson/dataformat/yaml/PackageVersion.class
[DEBUG] adding entry com/fasterxml/jackson/dataformat/yaml/UTF8Reader$1.class
[DEBUG] adding entry com/fasterxml/jackson/dataformat/yaml/UTF8Reader.class
[DEBUG] adding entry com/fasterxml/jackson/dataformat/yaml/UTF8Writer.class
[DEBUG] adding entry com/fasterxml/jackson/dataformat/yaml/YAMLFactory.class
[DEBUG] adding entry com/fasterxml/jackson/dataformat/yaml/YAMLGenerator$Feature.class
[DEBUG] adding entry com/fasterxml/jackson/dataformat/yaml/YAMLGenerator.class
[DEBUG] adding entry com/fasterxml/jackson/dataformat/yaml/YAMLParser$Feature.class
[DEBUG] adding entry com/fasterxml/jackson/dataformat/yaml/YAMLParser.class
[DEBUG] adding directory com/fasterxml/jackson/dataformat/yaml/snakeyaml/
[DEBUG] adding entry com/fasterxml/jackson/dataformat/yaml/snakeyaml/Dumper.class
[DEBUG] adding entry com/fasterxml/jackson/dataformat/yaml/snakeyaml/DumperOptions$FlowStyle.class
[DEBUG] adding entry com/fasterxml/jackson/dataformat/yaml/snakeyaml/DumperOptions$LineBreak.class
[DEBUG] adding entry com/fasterxml/jackson/dataformat/yaml/snakeyaml/DumperOptions$ScalarStyle.class
[DEBUG] adding entry com/fasterxml/jackson/dataformat/yaml/snakeyaml/DumperOptions$Version.class
[DEBUG] adding entry com/fasterxml/jackson/dataformat/yaml/snakeyaml/DumperOptions.class
[DEBUG] adding entry com/fasterxml/jackson/dataformat/yaml/snakeyaml/JavaBeanDumper.class
[DEBUG] adding entry com/fasterxml/jackson/dataformat/yaml/snakeyaml/JavaBeanLoader.class
[DEBUG] adding entry com/fasterxml/jackson/dataformat/yaml/snakeyaml/Loader.class
[DEBUG] adding entry com/fasterxml/jackson/dataformat/yaml/snakeyaml/LoaderOptions.class
[DEBUG] adding entry com/fasterxml/jackson/dataformat/yaml/snakeyaml/TypeDescription.class
[DEBUG] adding entry com/fasterxml/jackson/dataformat/yaml/snakeyaml/Yaml$1.class
[DEBUG] adding entry com/fasterxml/jackson/dataformat/yaml/snakeyaml/Yaml$2.class
[DEBUG] adding entry com/fasterxml/jackson/dataformat/yaml/snakeyaml/Yaml$3.class
[DEBUG] adding entry com/fasterxml/jackson/dataformat/yaml/snakeyaml/Yaml$EventIterable.class
[DEBUG] adding entry com/fasterxml/jackson/dataformat/yaml/snakeyaml/Yaml$NodeIterable.class
[DEBUG] adding entry com/fasterxml/jackson/dataformat/yaml/snakeyaml/Yaml$SilentEmitter.class
[DEBUG] adding entry com/fasterxml/jackson/dataformat/yaml/snakeyaml/Yaml$YamlIterable.class
[DEBUG] adding entry com/fasterxml/jackson/dataformat/yaml/snakeyaml/Yaml.class
[DEBUG] adding directory com/fasterxml/jackson/dataformat/yaml/snakeyaml/composer/
[DEBUG] adding entry com/fasterxml/jackson/dataformat/yaml/snakeyaml/composer/Composer.class
[DEBUG] adding entry com/fasterxml/jackson/dataformat/yaml/snakeyaml/composer/ComposerException.class
[DEBUG] adding directory com/fasterxml/jackson/dataformat/yaml/snakeyaml/constructor/
[DEBUG] adding entry com/fasterxml/jackson/dataformat/yaml/snakeyaml/constructor/AbstractConstruct.class
[DEBUG] adding entry com/fasterxml/jackson/dataformat/yaml/snakeyaml/constructor/BaseConstructor$RecursiveTuple.class
[DEBUG] adding entry com/fasterxml/jackson/dataformat/yaml/snakeyaml/constructor/BaseConstructor.class
[DEBUG] adding entry com/fasterxml/jackson/dataformat/yaml/snakeyaml/constructor/Construct.class
[DEBUG] adding entry com/fasterxml/jackson/dataformat/yaml/snakeyaml/constructor/Constructor$1.class
[DEBUG] adding entry com/fasterxml/jackson/dataformat/yaml/snakeyaml/constructor/Constructor$ConstructMapping.class
[DEBUG] adding entry com/fasterxml/jackson/dataformat/yaml/snakeyaml/constructor/Constructor$ConstructScalar.class
[DEBUG] adding entry com/fasterxml/jackson/dataformat/yaml/snakeyaml/constructor/Constructor$ConstructSequence.class
[DEBUG] adding entry com/fasterxml/jackson/dataformat/yaml/snakeyaml/constructor/Constructor$ConstructYamlObject.class
[DEBUG] adding entry com/fasterxml/jackson/dataformat/yaml/snakeyaml/constructor/Constructor.class
[DEBUG] adding entry com/fasterxml/jackson/dataformat/yaml/snakeyaml/constructor/ConstructorException.class
[DEBUG] adding entry com/fasterxml/jackson/dataformat/yaml/snakeyaml/constructor/CustomClassLoaderConstructor.class
[DEBUG] adding entry com/fasterxml/jackson/dataformat/yaml/snakeyaml/constructor/SafeConstructor$1.class
[DEBUG] adding entry com/fasterxml/jackson/dataformat/yaml/snakeyaml/constructor/SafeConstructor$ConstructUndefined.class
[DEBUG] adding entry com/fasterxml/jackson/dataformat/yaml/snakeyaml/constructor/SafeConstructor$ConstructYamlBinary.class
[DEBUG] adding entry com/fasterxml/jackson/dataformat/yaml/snakeyaml/constructor/SafeConstructor$ConstructYamlBool.class
[DEBUG] adding entry com/fasterxml/jackson/dataformat/yaml/snakeyaml/constructor/SafeConstructor$ConstructYamlFloat.class
[DEBUG] adding entry com/fasterxml/jackson/dataformat/yaml/snakeyaml/constructor/SafeConstructor$ConstructYamlInt.class
[DEBUG] adding entry com/fasterxml/jackson/dataformat/yaml/snakeyaml/constructor/SafeConstructor$ConstructYamlMap.class
[DEBUG] adding entry com/fasterxml/jackson/dataformat/yaml/snakeyaml/constructor/SafeConstructor$ConstructYamlNull.class
[DEBUG] adding entry com/fasterxml/jackson/dataformat/yaml/snakeyaml/constructor/SafeConstructor$ConstructYamlOmap.class
[DEBUG] adding entry com/fasterxml/jackson/dataformat/yaml/snakeyaml/constructor/SafeConstructor$ConstructYamlPairs.class
[DEBUG] adding entry com/fasterxml/jackson/dataformat/yaml/snakeyaml/constructor/SafeConstructor$ConstructYamlSeq.class
[DEBUG] adding entry com/fasterxml/jackson/dataformat/yaml/snakeyaml/constructor/SafeConstructor$ConstructYamlSet.class
[DEBUG] adding entry com/fasterxml/jackson/dataformat/yaml/snakeyaml/constructor/SafeConstructor$ConstructYamlStr.class
[DEBUG] adding entry com/fasterxml/jackson/dataformat/yaml/snakeyaml/constructor/SafeConstructor$ConstructYamlTimestamp.class
[DEBUG] adding entry com/fasterxml/jackson/dataformat/yaml/snakeyaml/constructor/SafeConstructor.class
[DEBUG] adding directory com/fasterxml/jackson/dataformat/yaml/snakeyaml/emitter/
[DEBUG] adding entry com/fasterxml/jackson/dataformat/yaml/snakeyaml/emitter/Emitable.class
[DEBUG] adding entry com/fasterxml/jackson/dataformat/yaml/snakeyaml/emitter/Emitter$1.class
[DEBUG] adding entry com/fasterxml/jackson/dataformat/yaml/snakeyaml/emitter/Emitter$ExpectBlockMappingKey.class
[DEBUG] adding entry com/fasterxml/jackson/dataformat/yaml/snakeyaml/emitter/Emitter$ExpectBlockMappingSimpleValue.class
[DEBUG] adding entry com/fasterxml/jackson/dataformat/yaml/snakeyaml/emitter/Emitter$ExpectBlockMappingValue.class
[DEBUG] adding entry com/fasterxml/jackson/dataformat/yaml/snakeyaml/emitter/Emitter$ExpectBlockSequenceItem.class
[DEBUG] adding entry com/fasterxml/jackson/dataformat/yaml/snakeyaml/emitter/Emitter$ExpectDocumentEnd.class
[DEBUG] adding entry com/fasterxml/jackson/dataformat/yaml/snakeyaml/emitter/Emitter$ExpectDocumentRoot.class
[DEBUG] adding entry com/fasterxml/jackson/dataformat/yaml/snakeyaml/emitter/Emitter$ExpectDocumentStart.class
[DEBUG] adding entry com/fasterxml/jackson/dataformat/yaml/snakeyaml/emitter/Emitter$ExpectFirstBlockMappingKey.class
[DEBUG] adding entry com/fasterxml/jackson/dataformat/yaml/snakeyaml/emitter/Emitter$ExpectFirstBlockSequenceItem.class
[DEBUG] adding entry com/fasterxml/jackson/dataformat/yaml/snakeyaml/emitter/Emitter$ExpectFirstDocumentStart.class
[DEBUG] adding entry com/fasterxml/jackson/dataformat/yaml/snakeyaml/emitter/Emitter$ExpectFirstFlowMappingKey.class
[DEBUG] adding entry com/fasterxml/jackson/dataformat/yaml/snakeyaml/emitter/Emitter$ExpectFirstFlowSequenceItem.class
[DEBUG] adding entry com/fasterxml/jackson/dataformat/yaml/snakeyaml/emitter/Emitter$ExpectFlowMappingKey.class
[DEBUG] adding entry com/fasterxml/jackson/dataformat/yaml/snakeyaml/emitter/Emitter$ExpectFlowMappingSimpleValue.class
[DEBUG] adding entry com/fasterxml/jackson/dataformat/yaml/snakeyaml/emitter/Emitter$ExpectFlowMappingValue.class
[DEBUG] adding entry com/fasterxml/jackson/dataformat/yaml/snakeyaml/emitter/Emitter$ExpectFlowSequenceItem.class
[DEBUG] adding entry com/fasterxml/jackson/dataformat/yaml/snakeyaml/emitter/Emitter$ExpectNothing.class
[DEBUG] adding entry com/fasterxml/jackson/dataformat/yaml/snakeyaml/emitter/Emitter$ExpectStreamStart.class
[DEBUG] adding entry com/fasterxml/jackson/dataformat/yaml/snakeyaml/emitter/Emitter.class
[DEBUG] adding entry com/fasterxml/jackson/dataformat/yaml/snakeyaml/emitter/EmitterException.class
[DEBUG] adding entry com/fasterxml/jackson/dataformat/yaml/snakeyaml/emitter/EmitterState.class
[DEBUG] adding entry com/fasterxml/jackson/dataformat/yaml/snakeyaml/emitter/ScalarAnalysis.class
[DEBUG] adding directory com/fasterxml/jackson/dataformat/yaml/snakeyaml/error/
[DEBUG] adding entry com/fasterxml/jackson/dataformat/yaml/snakeyaml/error/Mark.class
[DEBUG] adding entry com/fasterxml/jackson/dataformat/yaml/snakeyaml/error/MarkedYAMLException.class
[DEBUG] adding entry com/fasterxml/jackson/dataformat/yaml/snakeyaml/error/YAMLException.class
[DEBUG] adding directory com/fasterxml/jackson/dataformat/yaml/snakeyaml/events/
[DEBUG] adding entry com/fasterxml/jackson/dataformat/yaml/snakeyaml/events/AliasEvent.class
[DEBUG] adding entry com/fasterxml/jackson/dataformat/yaml/snakeyaml/events/CollectionEndEvent.class
[DEBUG] adding entry com/fasterxml/jackson/dataformat/yaml/snakeyaml/events/CollectionStartEvent.class
[DEBUG] adding entry com/fasterxml/jackson/dataformat/yaml/snakeyaml/events/DocumentEndEvent.class
[DEBUG] adding entry com/fasterxml/jackson/dataformat/yaml/snakeyaml/events/DocumentStartEvent.class
[DEBUG] adding entry com/fasterxml/jackson/dataformat/yaml/snakeyaml/events/Event$ID.class
[DEBUG] adding entry com/fasterxml/jackson/dataformat/yaml/snakeyaml/events/Event.class
[DEBUG] adding entry com/fasterxml/jackson/dataformat/yaml/snakeyaml/events/ImplicitTuple.class
[DEBUG] adding entry com/fasterxml/jackson/dataformat/yaml/snakeyaml/events/MappingEndEvent.class
[DEBUG] adding entry com/fasterxml/jackson/dataformat/yaml/snakeyaml/events/MappingStartEvent.class
[DEBUG] adding entry com/fasterxml/jackson/dataformat/yaml/snakeyaml/events/NodeEvent.class
[DEBUG] adding entry com/fasterxml/jackson/dataformat/yaml/snakeyaml/events/ScalarEvent.class
[DEBUG] adding entry com/fasterxml/jackson/dataformat/yaml/snakeyaml/events/SequenceEndEvent.class
[DEBUG] adding entry com/fasterxml/jackson/dataformat/yaml/snakeyaml/events/SequenceStartEvent.class
[DEBUG] adding entry com/fasterxml/jackson/dataformat/yaml/snakeyaml/events/StreamEndEvent.class
[DEBUG] adding entry com/fasterxml/jackson/dataformat/yaml/snakeyaml/events/StreamStartEvent.class
[DEBUG] adding directory com/fasterxml/jackson/dataformat/yaml/snakeyaml/extensions/
[DEBUG] adding directory com/fasterxml/jackson/dataformat/yaml/snakeyaml/extensions/compactnotation/
[DEBUG] adding entry com/fasterxml/jackson/dataformat/yaml/snakeyaml/extensions/compactnotation/CompactConstructor$ConstructCompactObject.class
[DEBUG] adding entry com/fasterxml/jackson/dataformat/yaml/snakeyaml/extensions/compactnotation/CompactConstructor.class
[DEBUG] adding entry com/fasterxml/jackson/dataformat/yaml/snakeyaml/extensions/compactnotation/CompactData.class
[DEBUG] adding entry com/fasterxml/jackson/dataformat/yaml/snakeyaml/extensions/compactnotation/PackageCompactConstructor.class
[DEBUG] adding directory com/fasterxml/jackson/dataformat/yaml/snakeyaml/external/
[DEBUG] adding directory com/fasterxml/jackson/dataformat/yaml/snakeyaml/external/biz/
[DEBUG] adding directory com/fasterxml/jackson/dataformat/yaml/snakeyaml/external/biz/base64Coder/
[DEBUG] adding entry com/fasterxml/jackson/dataformat/yaml/snakeyaml/external/biz/base64Coder/Base64Coder.class
[DEBUG] adding directory com/fasterxml/jackson/dataformat/yaml/snakeyaml/external/com/
[DEBUG] adding directory com/fasterxml/jackson/dataformat/yaml/snakeyaml/external/com/google/
[DEBUG] adding directory com/fasterxml/jackson/dataformat/yaml/snakeyaml/external/com/google/gdata/
[DEBUG] adding directory com/fasterxml/jackson/dataformat/yaml/snakeyaml/external/com/google/gdata/util/
[DEBUG] adding directory com/fasterxml/jackson/dataformat/yaml/snakeyaml/external/com/google/gdata/util/common/
[DEBUG] adding directory com/fasterxml/jackson/dataformat/yaml/snakeyaml/external/com/google/gdata/util/common/base/
[DEBUG] adding entry com/fasterxml/jackson/dataformat/yaml/snakeyaml/external/com/google/gdata/util/common/base/Escaper.class
[DEBUG] adding entry com/fasterxml/jackson/dataformat/yaml/snakeyaml/external/com/google/gdata/util/common/base/PercentEscaper.class
[DEBUG] adding entry com/fasterxml/jackson/dataformat/yaml/snakeyaml/external/com/google/gdata/util/common/base/UnicodeEscaper$1.class
[DEBUG] adding entry com/fasterxml/jackson/dataformat/yaml/snakeyaml/external/com/google/gdata/util/common/base/UnicodeEscaper$2.class
[DEBUG] adding entry com/fasterxml/jackson/dataformat/yaml/snakeyaml/external/com/google/gdata/util/common/base/UnicodeEscaper.class
[DEBUG] adding directory com/fasterxml/jackson/dataformat/yaml/snakeyaml/introspector/
[DEBUG] adding entry com/fasterxml/jackson/dataformat/yaml/snakeyaml/introspector/BeanAccess.class
[DEBUG] adding entry com/fasterxml/jackson/dataformat/yaml/snakeyaml/introspector/FieldProperty.class
[DEBUG] adding entry com/fasterxml/jackson/dataformat/yaml/snakeyaml/introspector/GenericProperty.class
[DEBUG] adding entry com/fasterxml/jackson/dataformat/yaml/snakeyaml/introspector/MethodProperty.class
[DEBUG] adding entry com/fasterxml/jackson/dataformat/yaml/snakeyaml/introspector/MissingProperty.class
[DEBUG] adding entry com/fasterxml/jackson/dataformat/yaml/snakeyaml/introspector/Property.class
[DEBUG] adding entry com/fasterxml/jackson/dataformat/yaml/snakeyaml/introspector/PropertyUtils$1.class
[DEBUG] adding entry com/fasterxml/jackson/dataformat/yaml/snakeyaml/introspector/PropertyUtils.class
[DEBUG] adding directory com/fasterxml/jackson/dataformat/yaml/snakeyaml/nodes/
[DEBUG] adding entry com/fasterxml/jackson/dataformat/yaml/snakeyaml/nodes/AnchorNode.class
[DEBUG] adding entry com/fasterxml/jackson/dataformat/yaml/snakeyaml/nodes/CollectionNode.class
[DEBUG] adding entry com/fasterxml/jackson/dataformat/yaml/snakeyaml/nodes/MappingNode.class
[DEBUG] adding entry com/fasterxml/jackson/dataformat/yaml/snakeyaml/nodes/Node.class
[DEBUG] adding entry com/fasterxml/jackson/dataformat/yaml/snakeyaml/nodes/NodeId.class
[DEBUG] adding entry com/fasterxml/jackson/dataformat/yaml/snakeyaml/nodes/NodeTuple.class
[DEBUG] adding entry com/fasterxml/jackson/dataformat/yaml/snakeyaml/nodes/ScalarNode.class
[DEBUG] adding entry com/fasterxml/jackson/dataformat/yaml/snakeyaml/nodes/SequenceNode.class
[DEBUG] adding entry com/fasterxml/jackson/dataformat/yaml/snakeyaml/nodes/Tag.class
[DEBUG] adding directory com/fasterxml/jackson/dataformat/yaml/snakeyaml/parser/
[DEBUG] adding entry com/fasterxml/jackson/dataformat/yaml/snakeyaml/parser/Parser.class
[DEBUG] adding entry com/fasterxml/jackson/dataformat/yaml/snakeyaml/parser/ParserException.class
[DEBUG] adding entry com/fasterxml/jackson/dataformat/yaml/snakeyaml/parser/ParserImpl$1.class
[DEBUG] adding entry com/fasterxml/jackson/dataformat/yaml/snakeyaml/parser/ParserImpl$ParseBlockMappingFirstKey.class
[DEBUG] adding entry com/fasterxml/jackson/dataformat/yaml/snakeyaml/parser/ParserImpl$ParseBlockMappingKey.class
[DEBUG] adding entry com/fasterxml/jackson/dataformat/yaml/snakeyaml/parser/ParserImpl$ParseBlockMappingValue.class
[DEBUG] adding entry com/fasterxml/jackson/dataformat/yaml/snakeyaml/parser/ParserImpl$ParseBlockNode.class
[DEBUG] adding entry com/fasterxml/jackson/dataformat/yaml/snakeyaml/parser/ParserImpl$ParseBlockSequenceEntry.class
[DEBUG] adding entry com/fasterxml/jackson/dataformat/yaml/snakeyaml/parser/ParserImpl$ParseBlockSequenceFirstEntry.class
[DEBUG] adding entry com/fasterxml/jackson/dataformat/yaml/snakeyaml/parser/ParserImpl$ParseDocumentContent.class
[DEBUG] adding entry com/fasterxml/jackson/dataformat/yaml/snakeyaml/parser/ParserImpl$ParseDocumentEnd.class
[DEBUG] adding entry com/fasterxml/jackson/dataformat/yaml/snakeyaml/parser/ParserImpl$ParseDocumentStart.class
[DEBUG] adding entry com/fasterxml/jackson/dataformat/yaml/snakeyaml/parser/ParserImpl$ParseFlowMappingEmptyValue.class
[DEBUG] adding entry com/fasterxml/jackson/dataformat/yaml/snakeyaml/parser/ParserImpl$ParseFlowMappingFirstKey.class
[DEBUG] adding entry com/fasterxml/jackson/dataformat/yaml/snakeyaml/parser/ParserImpl$ParseFlowMappingKey.class
[DEBUG] adding entry com/fasterxml/jackson/dataformat/yaml/snakeyaml/parser/ParserImpl$ParseFlowMappingValue.class
[DEBUG] adding entry com/fasterxml/jackson/dataformat/yaml/snakeyaml/parser/ParserImpl$ParseFlowSequenceEntry.class
[DEBUG] adding entry com/fasterxml/jackson/dataformat/yaml/snakeyaml/parser/ParserImpl$ParseFlowSequenceEntryMappingEnd.class
[DEBUG] adding entry com/fasterxml/jackson/dataformat/yaml/snakeyaml/parser/ParserImpl$ParseFlowSequenceEntryMappingKey.class
[DEBUG] adding entry com/fasterxml/jackson/dataformat/yaml/snakeyaml/parser/ParserImpl$ParseFlowSequenceEntryMappingValue.class
[DEBUG] adding entry com/fasterxml/jackson/dataformat/yaml/snakeyaml/parser/ParserImpl$ParseFlowSequenceFirstEntry.class
[DEBUG] adding entry com/fasterxml/jackson/dataformat/yaml/snakeyaml/parser/ParserImpl$ParseImplicitDocumentStart.class
[DEBUG] adding entry com/fasterxml/jackson/dataformat/yaml/snakeyaml/parser/ParserImpl$ParseIndentlessSequenceEntry.class
[DEBUG] adding entry com/fasterxml/jackson/dataformat/yaml/snakeyaml/parser/ParserImpl$ParseStreamStart.class
[DEBUG] adding entry com/fasterxml/jackson/dataformat/yaml/snakeyaml/parser/ParserImpl.class
[DEBUG] adding entry com/fasterxml/jackson/dataformat/yaml/snakeyaml/parser/Production.class
[DEBUG] adding entry com/fasterxml/jackson/dataformat/yaml/snakeyaml/parser/VersionTagsTuple.class
[DEBUG] adding directory com/fasterxml/jackson/dataformat/yaml/snakeyaml/reader/
[DEBUG] adding entry com/fasterxml/jackson/dataformat/yaml/snakeyaml/reader/ReaderException.class
[DEBUG] adding entry com/fasterxml/jackson/dataformat/yaml/snakeyaml/reader/StreamReader.class
[DEBUG] adding entry com/fasterxml/jackson/dataformat/yaml/snakeyaml/reader/UnicodeReader.class
[DEBUG] adding directory com/fasterxml/jackson/dataformat/yaml/snakeyaml/representer/
[DEBUG] adding entry com/fasterxml/jackson/dataformat/yaml/snakeyaml/representer/BaseRepresenter$1.class
[DEBUG] adding entry com/fasterxml/jackson/dataformat/yaml/snakeyaml/representer/BaseRepresenter.class
[DEBUG] adding entry com/fasterxml/jackson/dataformat/yaml/snakeyaml/representer/Represent.class
[DEBUG] adding entry com/fasterxml/jackson/dataformat/yaml/snakeyaml/representer/Representer$RepresentJavaBean.class
[DEBUG] adding entry com/fasterxml/jackson/dataformat/yaml/snakeyaml/representer/Representer.class
[DEBUG] adding entry com/fasterxml/jackson/dataformat/yaml/snakeyaml/representer/SafeRepresenter$IteratorWrapper.class
[DEBUG] adding entry com/fasterxml/jackson/dataformat/yaml/snakeyaml/representer/SafeRepresenter$RepresentArray.class
[DEBUG] adding entry com/fasterxml/jackson/dataformat/yaml/snakeyaml/representer/SafeRepresenter$RepresentBoolean.class
[DEBUG] adding entry com/fasterxml/jackson/dataformat/yaml/snakeyaml/representer/SafeRepresenter$RepresentByteArray.class
[DEBUG] adding entry com/fasterxml/jackson/dataformat/yaml/snakeyaml/representer/SafeRepresenter$RepresentDate.class
[DEBUG] adding entry com/fasterxml/jackson/dataformat/yaml/snakeyaml/representer/SafeRepresenter$RepresentEnum.class
[DEBUG] adding entry com/fasterxml/jackson/dataformat/yaml/snakeyaml/representer/SafeRepresenter$RepresentIterator.class
[DEBUG] adding entry com/fasterxml/jackson/dataformat/yaml/snakeyaml/representer/SafeRepresenter$RepresentList.class
[DEBUG] adding entry com/fasterxml/jackson/dataformat/yaml/snakeyaml/representer/SafeRepresenter$RepresentMap.class
[DEBUG] adding entry com/fasterxml/jackson/dataformat/yaml/snakeyaml/representer/SafeRepresenter$RepresentNull.class
[DEBUG] adding entry com/fasterxml/jackson/dataformat/yaml/snakeyaml/representer/SafeRepresenter$RepresentNumber.class
[DEBUG] adding entry com/fasterxml/jackson/dataformat/yaml/snakeyaml/representer/SafeRepresenter$RepresentSet.class
[DEBUG] adding entry com/fasterxml/jackson/dataformat/yaml/snakeyaml/representer/SafeRepresenter$RepresentString.class
[DEBUG] adding entry com/fasterxml/jackson/dataformat/yaml/snakeyaml/representer/SafeRepresenter.class
[DEBUG] adding directory com/fasterxml/jackson/dataformat/yaml/snakeyaml/resolver/
[DEBUG] adding entry com/fasterxml/jackson/dataformat/yaml/snakeyaml/resolver/Resolver$1.class
[DEBUG] adding entry com/fasterxml/jackson/dataformat/yaml/snakeyaml/resolver/Resolver.class
[DEBUG] adding entry com/fasterxml/jackson/dataformat/yaml/snakeyaml/resolver/ResolverTuple.class
[DEBUG] adding directory com/fasterxml/jackson/dataformat/yaml/snakeyaml/scanner/
[DEBUG] adding entry com/fasterxml/jackson/dataformat/yaml/snakeyaml/scanner/Constant.class
[DEBUG] adding entry com/fasterxml/jackson/dataformat/yaml/snakeyaml/scanner/Scanner.class
[DEBUG] adding entry com/fasterxml/jackson/dataformat/yaml/snakeyaml/scanner/ScannerException.class
[DEBUG] adding entry com/fasterxml/jackson/dataformat/yaml/snakeyaml/scanner/ScannerImpl$Chomping.class
[DEBUG] adding entry com/fasterxml/jackson/dataformat/yaml/snakeyaml/scanner/ScannerImpl.class
[DEBUG] adding entry com/fasterxml/jackson/dataformat/yaml/snakeyaml/scanner/SimpleKey.class
[DEBUG] adding directory com/fasterxml/jackson/dataformat/yaml/snakeyaml/serializer/
[DEBUG] adding entry com/fasterxml/jackson/dataformat/yaml/snakeyaml/serializer/Serializer$1.class
[DEBUG] adding entry com/fasterxml/jackson/dataformat/yaml/snakeyaml/serializer/Serializer.class
[DEBUG] adding entry com/fasterxml/jackson/dataformat/yaml/snakeyaml/serializer/SerializerException.class
[DEBUG] adding directory com/fasterxml/jackson/dataformat/yaml/snakeyaml/tokens/
[DEBUG] adding entry com/fasterxml/jackson/dataformat/yaml/snakeyaml/tokens/AliasToken.class
[DEBUG] adding entry com/fasterxml/jackson/dataformat/yaml/snakeyaml/tokens/AnchorToken.class
[DEBUG] adding entry com/fasterxml/jackson/dataformat/yaml/snakeyaml/tokens/BlockEndToken.class
[DEBUG] adding entry com/fasterxml/jackson/dataformat/yaml/snakeyaml/tokens/BlockEntryToken.class
[DEBUG] adding entry com/fasterxml/jackson/dataformat/yaml/snakeyaml/tokens/BlockMappingStartToken.class
[DEBUG] adding entry com/fasterxml/jackson/dataformat/yaml/snakeyaml/tokens/BlockSequenceStartToken.class
[DEBUG] adding entry com/fasterxml/jackson/dataformat/yaml/snakeyaml/tokens/DirectiveToken.class
[DEBUG] adding entry com/fasterxml/jackson/dataformat/yaml/snakeyaml/tokens/DocumentEndToken.class
[DEBUG] adding entry com/fasterxml/jackson/dataformat/yaml/snakeyaml/tokens/DocumentStartToken.class
[DEBUG] adding entry com/fasterxml/jackson/dataformat/yaml/snakeyaml/tokens/FlowEntryToken.class
[DEBUG] adding entry com/fasterxml/jackson/dataformat/yaml/snakeyaml/tokens/FlowMappingEndToken.class
[DEBUG] adding entry com/fasterxml/jackson/dataformat/yaml/snakeyaml/tokens/FlowMappingStartToken.class
[DEBUG] adding entry com/fasterxml/jackson/dataformat/yaml/snakeyaml/tokens/FlowSequenceEndToken.class
[DEBUG] adding entry com/fasterxml/jackson/dataformat/yaml/snakeyaml/tokens/FlowSequenceStartToken.class
[DEBUG] adding entry com/fasterxml/jackson/dataformat/yaml/snakeyaml/tokens/KeyToken.class
[DEBUG] adding entry com/fasterxml/jackson/dataformat/yaml/snakeyaml/tokens/ScalarToken.class
[DEBUG] adding entry com/fasterxml/jackson/dataformat/yaml/snakeyaml/tokens/StreamEndToken.class
[DEBUG] adding entry com/fasterxml/jackson/dataformat/yaml/snakeyaml/tokens/StreamStartToken.class
[DEBUG] adding entry com/fasterxml/jackson/dataformat/yaml/snakeyaml/tokens/TagToken.class
[DEBUG] adding entry com/fasterxml/jackson/dataformat/yaml/snakeyaml/tokens/TagTuple.class
[DEBUG] adding entry com/fasterxml/jackson/dataformat/yaml/snakeyaml/tokens/Token$ID.class
[DEBUG] adding entry com/fasterxml/jackson/dataformat/yaml/snakeyaml/tokens/Token.class
[DEBUG] adding entry com/fasterxml/jackson/dataformat/yaml/snakeyaml/tokens/ValueToken.class
[DEBUG] adding directory com/fasterxml/jackson/dataformat/yaml/snakeyaml/util/
[DEBUG] adding entry com/fasterxml/jackson/dataformat/yaml/snakeyaml/util/ArrayStack.class
[DEBUG] adding entry com/fasterxml/jackson/dataformat/yaml/snakeyaml/util/UriEncoder.class
[INFO] META-INF/MANIFEST.MF already added, skipping
[INFO] META-INF/ already added, skipping
[INFO] META-INF/maven/ already added, skipping
[DEBUG] adding directory META-INF/maven/org.yaml/
[DEBUG] adding directory META-INF/maven/org.yaml/snakeyaml/
[DEBUG] adding entry META-INF/maven/org.yaml/snakeyaml/pom.properties
[DEBUG] adding entry META-INF/maven/org.yaml/snakeyaml/pom.xml
[INFO] org/ already added, skipping
[DEBUG] adding directory org/yaml/
[DEBUG] adding directory org/yaml/snakeyaml/
[DEBUG] adding entry org/yaml/snakeyaml/Dumper.class
[DEBUG] adding entry org/yaml/snakeyaml/DumperOptions$FlowStyle.class
[DEBUG] adding entry org/yaml/snakeyaml/DumperOptions$LineBreak.class
[DEBUG] adding entry org/yaml/snakeyaml/DumperOptions$ScalarStyle.class
[DEBUG] adding entry org/yaml/snakeyaml/DumperOptions$Version.class
[DEBUG] adding entry org/yaml/snakeyaml/DumperOptions.class
[DEBUG] adding entry org/yaml/snakeyaml/JavaBeanDumper.class
[DEBUG] adding entry org/yaml/snakeyaml/JavaBeanLoader.class
[DEBUG] adding entry org/yaml/snakeyaml/Loader.class
[DEBUG] adding entry org/yaml/snakeyaml/LoaderOptions.class
[DEBUG] adding entry org/yaml/snakeyaml/TypeDescription.class
[DEBUG] adding entry org/yaml/snakeyaml/Yaml$1.class
[DEBUG] adding entry org/yaml/snakeyaml/Yaml$2.class
[DEBUG] adding entry org/yaml/snakeyaml/Yaml$3.class
[DEBUG] adding entry org/yaml/snakeyaml/Yaml$EventIterable.class
[DEBUG] adding entry org/yaml/snakeyaml/Yaml$NodeIterable.class
[DEBUG] adding entry org/yaml/snakeyaml/Yaml$SilentEmitter.class
[DEBUG] adding entry org/yaml/snakeyaml/Yaml$YamlIterable.class
[DEBUG] adding entry org/yaml/snakeyaml/Yaml.class
[DEBUG] adding directory org/yaml/snakeyaml/composer/
[DEBUG] adding entry org/yaml/snakeyaml/composer/Composer.class
[DEBUG] adding entry org/yaml/snakeyaml/composer/ComposerException.class
[DEBUG] adding directory org/yaml/snakeyaml/constructor/
[DEBUG] adding entry org/yaml/snakeyaml/constructor/AbstractConstruct.class
[DEBUG] adding entry org/yaml/snakeyaml/constructor/BaseConstructor$RecursiveTuple.class
[DEBUG] adding entry org/yaml/snakeyaml/constructor/BaseConstructor.class
[DEBUG] adding entry org/yaml/snakeyaml/constructor/Construct.class
[DEBUG] adding entry org/yaml/snakeyaml/constructor/Constructor$1.class
[DEBUG] adding entry org/yaml/snakeyaml/constructor/Constructor$ConstructMapping.class
[DEBUG] adding entry org/yaml/snakeyaml/constructor/Constructor$ConstructScalar.class
[DEBUG] adding entry org/yaml/snakeyaml/constructor/Constructor$ConstructSequence.class
[DEBUG] adding entry org/yaml/snakeyaml/constructor/Constructor$ConstructYamlObject.class
[DEBUG] adding entry org/yaml/snakeyaml/constructor/Constructor.class
[DEBUG] adding entry org/yaml/snakeyaml/constructor/ConstructorException.class
[DEBUG] adding entry org/yaml/snakeyaml/constructor/CustomClassLoaderConstructor.class
[DEBUG] adding entry org/yaml/snakeyaml/constructor/SafeConstructor$1.class
[DEBUG] adding entry org/yaml/snakeyaml/constructor/SafeConstructor$ConstructUndefined.class
[DEBUG] adding entry org/yaml/snakeyaml/constructor/SafeConstructor$ConstructYamlBinary.class
[DEBUG] adding entry org/yaml/snakeyaml/constructor/SafeConstructor$ConstructYamlBool.class
[DEBUG] adding entry org/yaml/snakeyaml/constructor/SafeConstructor$ConstructYamlFloat.class
[DEBUG] adding entry org/yaml/snakeyaml/constructor/SafeConstructor$ConstructYamlInt.class
[DEBUG] adding entry org/yaml/snakeyaml/constructor/SafeConstructor$ConstructYamlMap.class
[DEBUG] adding entry org/yaml/snakeyaml/constructor/SafeConstructor$ConstructYamlNull.class
[DEBUG] adding entry org/yaml/snakeyaml/constructor/SafeConstructor$ConstructYamlOmap.class
[DEBUG] adding entry org/yaml/snakeyaml/constructor/SafeConstructor$ConstructYamlPairs.class
[DEBUG] adding entry org/yaml/snakeyaml/constructor/SafeConstructor$ConstructYamlSeq.class
[DEBUG] adding entry org/yaml/snakeyaml/constructor/SafeConstructor$ConstructYamlSet.class
[DEBUG] adding entry org/yaml/snakeyaml/constructor/SafeConstructor$ConstructYamlStr.class
[DEBUG] adding entry org/yaml/snakeyaml/constructor/SafeConstructor$ConstructYamlTimestamp.class
[DEBUG] adding entry org/yaml/snakeyaml/constructor/SafeConstructor.class
[DEBUG] adding directory org/yaml/snakeyaml/emitter/
[DEBUG] adding entry org/yaml/snakeyaml/emitter/Emitable.class
[DEBUG] adding entry org/yaml/snakeyaml/emitter/Emitter$1.class
[DEBUG] adding entry org/yaml/snakeyaml/emitter/Emitter$ExpectBlockMappingKey.class
[DEBUG] adding entry org/yaml/snakeyaml/emitter/Emitter$ExpectBlockMappingSimpleValue.class
[DEBUG] adding entry org/yaml/snakeyaml/emitter/Emitter$ExpectBlockMappingValue.class
[DEBUG] adding entry org/yaml/snakeyaml/emitter/Emitter$ExpectBlockSequenceItem.class
[DEBUG] adding entry org/yaml/snakeyaml/emitter/Emitter$ExpectDocumentEnd.class
[DEBUG] adding entry org/yaml/snakeyaml/emitter/Emitter$ExpectDocumentRoot.class
[DEBUG] adding entry org/yaml/snakeyaml/emitter/Emitter$ExpectDocumentStart.class
[DEBUG] adding entry org/yaml/snakeyaml/emitter/Emitter$ExpectFirstBlockMappingKey.class
[DEBUG] adding entry org/yaml/snakeyaml/emitter/Emitter$ExpectFirstBlockSequenceItem.class
[DEBUG] adding entry org/yaml/snakeyaml/emitter/Emitter$ExpectFirstDocumentStart.class
[DEBUG] adding entry org/yaml/snakeyaml/emitter/Emitter$ExpectFirstFlowMappingKey.class
[DEBUG] adding entry org/yaml/snakeyaml/emitter/Emitter$ExpectFirstFlowSequenceItem.class
[DEBUG] adding entry org/yaml/snakeyaml/emitter/Emitter$ExpectFlowMappingKey.class
[DEBUG] adding entry org/yaml/snakeyaml/emitter/Emitter$ExpectFlowMappingSimpleValue.class
[DEBUG] adding entry org/yaml/snakeyaml/emitter/Emitter$ExpectFlowMappingValue.class
[DEBUG] adding entry org/yaml/snakeyaml/emitter/Emitter$ExpectFlowSequenceItem.class
[DEBUG] adding entry org/yaml/snakeyaml/emitter/Emitter$ExpectNothing.class
[DEBUG] adding entry org/yaml/snakeyaml/emitter/Emitter$ExpectStreamStart.class
[DEBUG] adding entry org/yaml/snakeyaml/emitter/Emitter.class
[DEBUG] adding entry org/yaml/snakeyaml/emitter/EmitterException.class
[DEBUG] adding entry org/yaml/snakeyaml/emitter/EmitterState.class
[DEBUG] adding entry org/yaml/snakeyaml/emitter/ScalarAnalysis.class
[DEBUG] adding directory org/yaml/snakeyaml/error/
[DEBUG] adding entry org/yaml/snakeyaml/error/Mark.class
[DEBUG] adding entry org/yaml/snakeyaml/error/MarkedYAMLException.class
[DEBUG] adding entry org/yaml/snakeyaml/error/YAMLException.class
[DEBUG] adding directory org/yaml/snakeyaml/events/
[DEBUG] adding entry org/yaml/snakeyaml/events/AliasEvent.class
[DEBUG] adding entry org/yaml/snakeyaml/events/CollectionEndEvent.class
[DEBUG] adding entry org/yaml/snakeyaml/events/CollectionStartEvent.class
[DEBUG] adding entry org/yaml/snakeyaml/events/DocumentEndEvent.class
[DEBUG] adding entry org/yaml/snakeyaml/events/DocumentStartEvent.class
[DEBUG] adding entry org/yaml/snakeyaml/events/Event$ID.class
[DEBUG] adding entry org/yaml/snakeyaml/events/Event.class
[DEBUG] adding entry org/yaml/snakeyaml/events/ImplicitTuple.class
[DEBUG] adding entry org/yaml/snakeyaml/events/MappingEndEvent.class
[DEBUG] adding entry org/yaml/snakeyaml/events/MappingStartEvent.class
[DEBUG] adding entry org/yaml/snakeyaml/events/NodeEvent.class
[DEBUG] adding entry org/yaml/snakeyaml/events/ScalarEvent.class
[DEBUG] adding entry org/yaml/snakeyaml/events/SequenceEndEvent.class
[DEBUG] adding entry org/yaml/snakeyaml/events/SequenceStartEvent.class
[DEBUG] adding entry org/yaml/snakeyaml/events/StreamEndEvent.class
[DEBUG] adding entry org/yaml/snakeyaml/events/StreamStartEvent.class
[DEBUG] adding directory org/yaml/snakeyaml/extensions/
[DEBUG] adding directory org/yaml/snakeyaml/extensions/compactnotation/
[DEBUG] adding entry org/yaml/snakeyaml/extensions/compactnotation/CompactConstructor$ConstructCompactObject.class
[DEBUG] adding entry org/yaml/snakeyaml/extensions/compactnotation/CompactConstructor.class
[DEBUG] adding entry org/yaml/snakeyaml/extensions/compactnotation/CompactData.class
[DEBUG] adding entry org/yaml/snakeyaml/extensions/compactnotation/PackageCompactConstructor.class
[DEBUG] adding directory org/yaml/snakeyaml/external/
[DEBUG] adding directory org/yaml/snakeyaml/external/biz/
[DEBUG] adding directory org/yaml/snakeyaml/external/biz/base64Coder/
[DEBUG] adding entry org/yaml/snakeyaml/external/biz/base64Coder/Base64Coder.class
[DEBUG] adding directory org/yaml/snakeyaml/external/com/
[DEBUG] adding directory org/yaml/snakeyaml/external/com/google/
[DEBUG] adding directory org/yaml/snakeyaml/external/com/google/gdata/
[DEBUG] adding directory org/yaml/snakeyaml/external/com/google/gdata/util/
[DEBUG] adding directory org/yaml/snakeyaml/external/com/google/gdata/util/common/
[DEBUG] adding directory org/yaml/snakeyaml/external/com/google/gdata/util/common/base/
[DEBUG] adding entry org/yaml/snakeyaml/external/com/google/gdata/util/common/base/Escaper.class
[DEBUG] adding entry org/yaml/snakeyaml/external/com/google/gdata/util/common/base/PercentEscaper.class
[DEBUG] adding entry org/yaml/snakeyaml/external/com/google/gdata/util/common/base/UnicodeEscaper$1.class
[DEBUG] adding entry org/yaml/snakeyaml/external/com/google/gdata/util/common/base/UnicodeEscaper$2.class
[DEBUG] adding entry org/yaml/snakeyaml/external/com/google/gdata/util/common/base/UnicodeEscaper.class
[DEBUG] adding directory org/yaml/snakeyaml/introspector/
[DEBUG] adding entry org/yaml/snakeyaml/introspector/BeanAccess.class
[DEBUG] adding entry org/yaml/snakeyaml/introspector/FieldProperty.class
[DEBUG] adding entry org/yaml/snakeyaml/introspector/GenericProperty.class
[DEBUG] adding entry org/yaml/snakeyaml/introspector/MethodProperty.class
[DEBUG] adding entry org/yaml/snakeyaml/introspector/MissingProperty.class
[DEBUG] adding entry org/yaml/snakeyaml/introspector/Property.class
[DEBUG] adding entry org/yaml/snakeyaml/introspector/PropertyUtils$1.class
[DEBUG] adding entry org/yaml/snakeyaml/introspector/PropertyUtils.class
[DEBUG] adding directory org/yaml/snakeyaml/nodes/
[DEBUG] adding entry org/yaml/snakeyaml/nodes/AnchorNode.class
[DEBUG] adding entry org/yaml/snakeyaml/nodes/CollectionNode.class
[DEBUG] adding entry org/yaml/snakeyaml/nodes/MappingNode.class
[DEBUG] adding entry org/yaml/snakeyaml/nodes/Node.class
[DEBUG] adding entry org/yaml/snakeyaml/nodes/NodeId.class
[DEBUG] adding entry org/yaml/snakeyaml/nodes/NodeTuple.class
[DEBUG] adding entry org/yaml/snakeyaml/nodes/ScalarNode.class
[DEBUG] adding entry org/yaml/snakeyaml/nodes/SequenceNode.class
[DEBUG] adding entry org/yaml/snakeyaml/nodes/Tag.class
[DEBUG] adding directory org/yaml/snakeyaml/parser/
[DEBUG] adding entry org/yaml/snakeyaml/parser/Parser.class
[DEBUG] adding entry org/yaml/snakeyaml/parser/ParserException.class
[DEBUG] adding entry org/yaml/snakeyaml/parser/ParserImpl$1.class
[DEBUG] adding entry org/yaml/snakeyaml/parser/ParserImpl$ParseBlockMappingFirstKey.class
[DEBUG] adding entry org/yaml/snakeyaml/parser/ParserImpl$ParseBlockMappingKey.class
[DEBUG] adding entry org/yaml/snakeyaml/parser/ParserImpl$ParseBlockMappingValue.class
[DEBUG] adding entry org/yaml/snakeyaml/parser/ParserImpl$ParseBlockNode.class
[DEBUG] adding entry org/yaml/snakeyaml/parser/ParserImpl$ParseBlockSequenceEntry.class
[DEBUG] adding entry org/yaml/snakeyaml/parser/ParserImpl$ParseBlockSequenceFirstEntry.class
[DEBUG] adding entry org/yaml/snakeyaml/parser/ParserImpl$ParseDocumentContent.class
[DEBUG] adding entry org/yaml/snakeyaml/parser/ParserImpl$ParseDocumentEnd.class
[DEBUG] adding entry org/yaml/snakeyaml/parser/ParserImpl$ParseDocumentStart.class
[DEBUG] adding entry org/yaml/snakeyaml/parser/ParserImpl$ParseFlowMappingEmptyValue.class
[DEBUG] adding entry org/yaml/snakeyaml/parser/ParserImpl$ParseFlowMappingFirstKey.class
[DEBUG] adding entry org/yaml/snakeyaml/parser/ParserImpl$ParseFlowMappingKey.class
[DEBUG] adding entry org/yaml/snakeyaml/parser/ParserImpl$ParseFlowMappingValue.class
[DEBUG] adding entry org/yaml/snakeyaml/parser/ParserImpl$ParseFlowSequenceEntry.class
[DEBUG] adding entry org/yaml/snakeyaml/parser/ParserImpl$ParseFlowSequenceEntryMappingEnd.class
[DEBUG] adding entry org/yaml/snakeyaml/parser/ParserImpl$ParseFlowSequenceEntryMappingKey.class
[DEBUG] adding entry org/yaml/snakeyaml/parser/ParserImpl$ParseFlowSequenceEntryMappingValue.class
[DEBUG] adding entry org/yaml/snakeyaml/parser/ParserImpl$ParseFlowSequenceFirstEntry.class
[DEBUG] adding entry org/yaml/snakeyaml/parser/ParserImpl$ParseImplicitDocumentStart.class
[DEBUG] adding entry org/yaml/snakeyaml/parser/ParserImpl$ParseIndentlessSequenceEntry.class
[DEBUG] adding entry org/yaml/snakeyaml/parser/ParserImpl$ParseStreamStart.class
[DEBUG] adding entry org/yaml/snakeyaml/parser/ParserImpl.class
[DEBUG] adding entry org/yaml/snakeyaml/parser/Production.class
[DEBUG] adding entry org/yaml/snakeyaml/parser/VersionTagsTuple.class
[DEBUG] adding directory org/yaml/snakeyaml/reader/
[DEBUG] adding entry org/yaml/snakeyaml/reader/ReaderException.class
[DEBUG] adding entry org/yaml/snakeyaml/reader/StreamReader.class
[DEBUG] adding entry org/yaml/snakeyaml/reader/UnicodeReader.class
[DEBUG] adding directory org/yaml/snakeyaml/representer/
[DEBUG] adding entry org/yaml/snakeyaml/representer/BaseRepresenter$1.class
[DEBUG] adding entry org/yaml/snakeyaml/representer/BaseRepresenter.class
[DEBUG] adding entry org/yaml/snakeyaml/representer/Represent.class
[DEBUG] adding entry org/yaml/snakeyaml/representer/Representer$RepresentJavaBean.class
[DEBUG] adding entry org/yaml/snakeyaml/representer/Representer.class
[DEBUG] adding entry org/yaml/snakeyaml/representer/SafeRepresenter$IteratorWrapper.class
[DEBUG] adding entry org/yaml/snakeyaml/representer/SafeRepresenter$RepresentArray.class
[DEBUG] adding entry org/yaml/snakeyaml/representer/SafeRepresenter$RepresentBoolean.class
[DEBUG] adding entry org/yaml/snakeyaml/representer/SafeRepresenter$RepresentByteArray.class
[DEBUG] adding entry org/yaml/snakeyaml/representer/SafeRepresenter$RepresentDate.class
[DEBUG] adding entry org/yaml/snakeyaml/representer/SafeRepresenter$RepresentEnum.class
[DEBUG] adding entry org/yaml/snakeyaml/representer/SafeRepresenter$RepresentIterator.class
[DEBUG] adding entry org/yaml/snakeyaml/representer/SafeRepresenter$RepresentList.class
[DEBUG] adding entry org/yaml/snakeyaml/representer/SafeRepresenter$RepresentMap.class
[DEBUG] adding entry org/yaml/snakeyaml/representer/SafeRepresenter$RepresentNull.class
[DEBUG] adding entry org/yaml/snakeyaml/representer/SafeRepresenter$RepresentNumber.class
[DEBUG] adding entry org/yaml/snakeyaml/representer/SafeRepresenter$RepresentSet.class
[DEBUG] adding entry org/yaml/snakeyaml/representer/SafeRepresenter$RepresentString.class
[DEBUG] adding entry org/yaml/snakeyaml/representer/SafeRepresenter.class
[DEBUG] adding directory org/yaml/snakeyaml/resolver/
[DEBUG] adding entry org/yaml/snakeyaml/resolver/Resolver$1.class
[DEBUG] adding entry org/yaml/snakeyaml/resolver/Resolver.class
[DEBUG] adding entry org/yaml/snakeyaml/resolver/ResolverTuple.class
[DEBUG] adding directory org/yaml/snakeyaml/scanner/
[DEBUG] adding entry org/yaml/snakeyaml/scanner/Constant.class
[DEBUG] adding entry org/yaml/snakeyaml/scanner/Scanner.class
[DEBUG] adding entry org/yaml/snakeyaml/scanner/ScannerException.class
[DEBUG] adding entry org/yaml/snakeyaml/scanner/ScannerImpl$Chomping.class
[DEBUG] adding entry org/yaml/snakeyaml/scanner/ScannerImpl.class
[DEBUG] adding entry org/yaml/snakeyaml/scanner/SimpleKey.class
[DEBUG] adding directory org/yaml/snakeyaml/serializer/
[DEBUG] adding entry org/yaml/snakeyaml/serializer/Serializer$1.class
[DEBUG] adding entry org/yaml/snakeyaml/serializer/Serializer.class
[DEBUG] adding entry org/yaml/snakeyaml/serializer/SerializerException.class
[DEBUG] adding directory org/yaml/snakeyaml/tokens/
[DEBUG] adding entry org/yaml/snakeyaml/tokens/AliasToken.class
[DEBUG] adding entry org/yaml/snakeyaml/tokens/AnchorToken.class
[DEBUG] adding entry org/yaml/snakeyaml/tokens/BlockEndToken.class
[DEBUG] adding entry org/yaml/snakeyaml/tokens/BlockEntryToken.class
[DEBUG] adding entry org/yaml/snakeyaml/tokens/BlockMappingStartToken.class
[DEBUG] adding entry org/yaml/snakeyaml/tokens/BlockSequenceStartToken.class
[DEBUG] adding entry org/yaml/snakeyaml/tokens/DirectiveToken.class
[DEBUG] adding entry org/yaml/snakeyaml/tokens/DocumentEndToken.class
[DEBUG] adding entry org/yaml/snakeyaml/tokens/DocumentStartToken.class
[DEBUG] adding entry org/yaml/snakeyaml/tokens/FlowEntryToken.class
[DEBUG] adding entry org/yaml/snakeyaml/tokens/FlowMappingEndToken.class
[DEBUG] adding entry org/yaml/snakeyaml/tokens/FlowMappingStartToken.class
[DEBUG] adding entry org/yaml/snakeyaml/tokens/FlowSequenceEndToken.class
[DEBUG] adding entry org/yaml/snakeyaml/tokens/FlowSequenceStartToken.class
[DEBUG] adding entry org/yaml/snakeyaml/tokens/KeyToken.class
[DEBUG] adding entry org/yaml/snakeyaml/tokens/ScalarToken.class
[DEBUG] adding entry org/yaml/snakeyaml/tokens/StreamEndToken.class
[DEBUG] adding entry org/yaml/snakeyaml/tokens/StreamStartToken.class
[DEBUG] adding entry org/yaml/snakeyaml/tokens/TagToken.class
[DEBUG] adding entry org/yaml/snakeyaml/tokens/TagTuple.class
[DEBUG] adding entry org/yaml/snakeyaml/tokens/Token$ID.class
[DEBUG] adding entry org/yaml/snakeyaml/tokens/Token.class
[DEBUG] adding entry org/yaml/snakeyaml/tokens/ValueToken.class
[DEBUG] adding directory org/yaml/snakeyaml/util/
[DEBUG] adding entry org/yaml/snakeyaml/util/ArrayStack.class
[DEBUG] adding entry org/yaml/snakeyaml/util/UriEncoder.class
[INFO] META-INF/MANIFEST.MF already added, skipping
[INFO] META-INF/ already added, skipping
[INFO] META-INF/LICENSE already added, skipping
[INFO] META-INF/NOTICE already added, skipping
[INFO] META-INF/maven/ already added, skipping
[INFO] META-INF/maven/com.fasterxml.jackson.dataformat/ already added, skipping
[DEBUG] adding directory META-INF/maven/com.fasterxml.jackson.dataformat/jackson-dataformat-xml/
[DEBUG] adding entry META-INF/maven/com.fasterxml.jackson.dataformat/jackson-dataformat-xml/pom.properties
[DEBUG] adding entry META-INF/maven/com.fasterxml.jackson.dataformat/jackson-dataformat-xml/pom.xml
[INFO] META-INF/services/ already added, skipping
[INFO] META-INF/services/com.fasterxml.jackson.core.JsonFactory already added, skipping
[INFO] META-INF/services/com.fasterxml.jackson.core.ObjectCodec already added, skipping
[INFO] com/ already added, skipping
[INFO] com/fasterxml/ already added, skipping
[INFO] com/fasterxml/jackson/ already added, skipping
[INFO] com/fasterxml/jackson/dataformat/ already added, skipping
[DEBUG] adding directory com/fasterxml/jackson/dataformat/xml/
[DEBUG] adding entry com/fasterxml/jackson/dataformat/xml/JacksonXmlAnnotationIntrospector.class
[DEBUG] adding entry com/fasterxml/jackson/dataformat/xml/JacksonXmlModule.class
[DEBUG] adding entry com/fasterxml/jackson/dataformat/xml/PackageVersion.class
[DEBUG] adding entry com/fasterxml/jackson/dataformat/xml/XmlAnnotationIntrospector$JaxbWrapper.class
[DEBUG] adding entry com/fasterxml/jackson/dataformat/xml/XmlAnnotationIntrospector$Pair.class
[DEBUG] adding entry com/fasterxml/jackson/dataformat/xml/XmlAnnotationIntrospector.class
[DEBUG] adding entry com/fasterxml/jackson/dataformat/xml/XmlFactory.class
[DEBUG] adding entry com/fasterxml/jackson/dataformat/xml/XmlMapper.class
[DEBUG] adding entry com/fasterxml/jackson/dataformat/xml/XmlPrettyPrinter.class
[DEBUG] adding entry com/fasterxml/jackson/dataformat/xml/XmlTypeResolverBuilder$1.class
[DEBUG] adding entry com/fasterxml/jackson/dataformat/xml/XmlTypeResolverBuilder$XmlClassNameIdResolver.class
[DEBUG] adding entry com/fasterxml/jackson/dataformat/xml/XmlTypeResolverBuilder$XmlMinimalClassNameIdResolver.class
[DEBUG] adding entry com/fasterxml/jackson/dataformat/xml/XmlTypeResolverBuilder.class
[DEBUG] adding directory com/fasterxml/jackson/dataformat/xml/annotation/
[DEBUG] adding entry com/fasterxml/jackson/dataformat/xml/annotation/JacksonXmlElementWrapper.class
[DEBUG] adding entry com/fasterxml/jackson/dataformat/xml/annotation/JacksonXmlProperty.class
[DEBUG] adding entry com/fasterxml/jackson/dataformat/xml/annotation/JacksonXmlRootElement.class
[DEBUG] adding entry com/fasterxml/jackson/dataformat/xml/annotation/JacksonXmlText.class
[DEBUG] adding directory com/fasterxml/jackson/dataformat/xml/deser/
[DEBUG] adding entry com/fasterxml/jackson/dataformat/xml/deser/ElementWrapper.class
[DEBUG] adding entry com/fasterxml/jackson/dataformat/xml/deser/FromXmlParser$1.class
[DEBUG] adding entry com/fasterxml/jackson/dataformat/xml/deser/FromXmlParser$Feature.class
[DEBUG] adding entry com/fasterxml/jackson/dataformat/xml/deser/FromXmlParser.class
[DEBUG] adding entry com/fasterxml/jackson/dataformat/xml/deser/WrapperHandlingDeserializer.class
[DEBUG] adding entry com/fasterxml/jackson/dataformat/xml/deser/XmlBeanDeserializerModifier.class
[DEBUG] adding entry com/fasterxml/jackson/dataformat/xml/deser/XmlReadContext.class
[DEBUG] adding entry com/fasterxml/jackson/dataformat/xml/deser/XmlTextDeserializer.class
[DEBUG] adding entry com/fasterxml/jackson/dataformat/xml/deser/XmlTokenStream.class
[DEBUG] adding directory com/fasterxml/jackson/dataformat/xml/jaxb/
[DEBUG] adding entry com/fasterxml/jackson/dataformat/xml/jaxb/XmlJaxbAnnotationIntrospector.class
[DEBUG] adding directory com/fasterxml/jackson/dataformat/xml/ser/
[DEBUG] adding entry com/fasterxml/jackson/dataformat/xml/ser/ToXmlGenerator$Feature.class
[DEBUG] adding entry com/fasterxml/jackson/dataformat/xml/ser/ToXmlGenerator.class
[DEBUG] adding entry com/fasterxml/jackson/dataformat/xml/ser/UnwrappingXmlBeanSerializer.class
[DEBUG] adding entry com/fasterxml/jackson/dataformat/xml/ser/XmlBeanPropertyWriter.class
[DEBUG] adding entry com/fasterxml/jackson/dataformat/xml/ser/XmlBeanSerializer.class
[DEBUG] adding entry com/fasterxml/jackson/dataformat/xml/ser/XmlBeanSerializerBase.class
[DEBUG] adding entry com/fasterxml/jackson/dataformat/xml/ser/XmlBeanSerializerModifier.class
[DEBUG] adding entry com/fasterxml/jackson/dataformat/xml/ser/XmlSerializerProvider.class
[DEBUG] adding directory com/fasterxml/jackson/dataformat/xml/util/
[DEBUG] adding entry com/fasterxml/jackson/dataformat/xml/util/AnnotationUtil.class
[DEBUG] adding entry com/fasterxml/jackson/dataformat/xml/util/DefaultXmlPrettyPrinter$FixedSpaceIndenter.class
[DEBUG] adding entry com/fasterxml/jackson/dataformat/xml/util/DefaultXmlPrettyPrinter$Indenter.class
[DEBUG] adding entry com/fasterxml/jackson/dataformat/xml/util/DefaultXmlPrettyPrinter$Lf2SpacesIndenter.class
[DEBUG] adding entry com/fasterxml/jackson/dataformat/xml/util/DefaultXmlPrettyPrinter$NopIndenter.class
[DEBUG] adding entry com/fasterxml/jackson/dataformat/xml/util/DefaultXmlPrettyPrinter.class
[DEBUG] adding entry com/fasterxml/jackson/dataformat/xml/util/StaxUtil.class
[DEBUG] adding entry com/fasterxml/jackson/dataformat/xml/util/TypeUtil.class
[DEBUG] adding entry com/fasterxml/jackson/dataformat/xml/util/XmlInfo.class
[DEBUG] adding entry com/fasterxml/jackson/dataformat/xml/util/XmlRootNameLookup.class
[INFO] META-INF/MANIFEST.MF already added, skipping
[INFO] META-INF/ already added, skipping
[INFO] META-INF/maven/ already added, skipping
[DEBUG] adding directory META-INF/maven/org.codehaus.woodstox/
[DEBUG] adding directory META-INF/maven/org.codehaus.woodstox/stax2-api/
[DEBUG] adding entry META-INF/maven/org.codehaus.woodstox/stax2-api/pom.properties
[DEBUG] adding entry META-INF/maven/org.codehaus.woodstox/stax2-api/pom.xml
[INFO] org/ already added, skipping
[DEBUG] adding directory org/codehaus/
[DEBUG] adding directory org/codehaus/stax2/
[DEBUG] adding entry org/codehaus/stax2/AttributeInfo.class
[DEBUG] adding entry org/codehaus/stax2/DTDInfo.class
[DEBUG] adding entry org/codehaus/stax2/LocationInfo.class
[DEBUG] adding entry org/codehaus/stax2/XMLEventReader2.class
[DEBUG] adding entry org/codehaus/stax2/XMLInputFactory2.class
[DEBUG] adding entry org/codehaus/stax2/XMLOutputFactory2.class
[DEBUG] adding entry org/codehaus/stax2/XMLReporter2.class
[DEBUG] adding entry org/codehaus/stax2/XMLStreamLocation2$1.class
[DEBUG] adding entry org/codehaus/stax2/XMLStreamLocation2.class
[DEBUG] adding entry org/codehaus/stax2/XMLStreamProperties.class
[DEBUG] adding entry org/codehaus/stax2/XMLStreamReader2.class
[DEBUG] adding entry org/codehaus/stax2/XMLStreamWriter2.class
[DEBUG] adding directory org/codehaus/stax2/evt/
[DEBUG] adding entry org/codehaus/stax2/evt/DTD2.class
[DEBUG] adding entry org/codehaus/stax2/evt/NotationDeclaration2.class
[DEBUG] adding entry org/codehaus/stax2/evt/XMLEvent2.class
[DEBUG] adding entry org/codehaus/stax2/evt/XMLEventFactory2.class
[DEBUG] adding directory org/codehaus/stax2/io/
[DEBUG] adding entry org/codehaus/stax2/io/EscapingWriterFactory.class
[DEBUG] adding entry org/codehaus/stax2/io/Stax2BlockResult.class
[DEBUG] adding entry org/codehaus/stax2/io/Stax2BlockSource.class
[DEBUG] adding entry org/codehaus/stax2/io/Stax2ByteArraySource.class
[DEBUG] adding entry org/codehaus/stax2/io/Stax2CharArraySource.class
[DEBUG] adding entry org/codehaus/stax2/io/Stax2FileResult.class
[DEBUG] adding entry org/codehaus/stax2/io/Stax2FileSource.class
[DEBUG] adding entry org/codehaus/stax2/io/Stax2ReferentialResult.class
[DEBUG] adding entry org/codehaus/stax2/io/Stax2ReferentialSource.class
[DEBUG] adding entry org/codehaus/stax2/io/Stax2Result.class
[DEBUG] adding entry org/codehaus/stax2/io/Stax2Source.class
[DEBUG] adding entry org/codehaus/stax2/io/Stax2StringSource.class
[DEBUG] adding entry org/codehaus/stax2/io/Stax2URLSource.class
[DEBUG] adding directory org/codehaus/stax2/osgi/
[DEBUG] adding entry org/codehaus/stax2/osgi/Stax2InputFactoryProvider.class
[DEBUG] adding entry org/codehaus/stax2/osgi/Stax2OutputFactoryProvider.class
[DEBUG] adding entry org/codehaus/stax2/osgi/Stax2ValidationSchemaFactoryProvider.class
[DEBUG] adding directory org/codehaus/stax2/ri/
[DEBUG] adding entry org/codehaus/stax2/ri/EmptyIterator.class
[DEBUG] adding entry org/codehaus/stax2/ri/EmptyNamespaceContext.class
[DEBUG] adding entry org/codehaus/stax2/ri/SingletonIterator.class
[DEBUG] adding entry org/codehaus/stax2/ri/Stax2EventFactoryImpl.class
[DEBUG] adding entry org/codehaus/stax2/ri/Stax2EventReaderImpl.class
[DEBUG] adding entry org/codehaus/stax2/ri/Stax2EventWriterImpl.class
[DEBUG] adding entry org/codehaus/stax2/ri/Stax2FilteredStreamReader.class
[DEBUG] adding entry org/codehaus/stax2/ri/Stax2LocationAdapter.class
[DEBUG] adding entry org/codehaus/stax2/ri/Stax2ReaderAdapter.class
[DEBUG] adding entry org/codehaus/stax2/ri/Stax2ReaderImpl.class
[DEBUG] adding entry org/codehaus/stax2/ri/Stax2Util$ByteAggregator.class
[DEBUG] adding entry org/codehaus/stax2/ri/Stax2Util$TextBuffer.class
[DEBUG] adding entry org/codehaus/stax2/ri/Stax2Util.class
[DEBUG] adding entry org/codehaus/stax2/ri/Stax2WriterAdapter.class
[DEBUG] adding entry org/codehaus/stax2/ri/Stax2WriterImpl.class
[DEBUG] adding directory org/codehaus/stax2/ri/dom/
[DEBUG] adding entry org/codehaus/stax2/ri/dom/DOMWrappingReader.class
[DEBUG] adding entry org/codehaus/stax2/ri/dom/DOMWrappingWriter.class
[DEBUG] adding directory org/codehaus/stax2/ri/evt/
[DEBUG] adding entry org/codehaus/stax2/ri/evt/AttributeEventImpl.class
[DEBUG] adding entry org/codehaus/stax2/ri/evt/BaseEventImpl.class
[DEBUG] adding entry org/codehaus/stax2/ri/evt/CharactersEventImpl.class
[DEBUG] adding entry org/codehaus/stax2/ri/evt/CommentEventImpl.class
[DEBUG] adding entry org/codehaus/stax2/ri/evt/DTDEventImpl.class
[DEBUG] adding entry org/codehaus/stax2/ri/evt/EndDocumentEventImpl.class
[DEBUG] adding entry org/codehaus/stax2/ri/evt/EndElementEventImpl.class
[DEBUG] adding entry org/codehaus/stax2/ri/evt/EntityDeclarationEventImpl.class
[DEBUG] adding entry org/codehaus/stax2/ri/evt/EntityReferenceEventImpl.class
[DEBUG] adding entry org/codehaus/stax2/ri/evt/MergedNsContext.class
[DEBUG] adding entry org/codehaus/stax2/ri/evt/NamespaceEventImpl.class
[DEBUG] adding entry org/codehaus/stax2/ri/evt/NotationDeclarationEventImpl.class
[DEBUG] adding entry org/codehaus/stax2/ri/evt/ProcInstrEventImpl.class
[DEBUG] adding entry org/codehaus/stax2/ri/evt/StartDocumentEventImpl.class
[DEBUG] adding entry org/codehaus/stax2/ri/evt/StartElementEventImpl.class
[DEBUG] adding entry org/codehaus/stax2/ri/evt/Stax2EventAllocatorImpl.class
[DEBUG] adding entry org/codehaus/stax2/ri/evt/Stax2EventReaderAdapter.class
[DEBUG] adding entry org/codehaus/stax2/ri/evt/Stax2FilteredEventReader.class
[DEBUG] adding directory org/codehaus/stax2/ri/typed/
[DEBUG] adding entry org/codehaus/stax2/ri/typed/AsciiValueEncoder.class
[DEBUG] adding entry org/codehaus/stax2/ri/typed/Base64DecoderBase.class
[DEBUG] adding entry org/codehaus/stax2/ri/typed/CharArrayBase64Decoder.class
[DEBUG] adding entry org/codehaus/stax2/ri/typed/NumberUtil.class
[DEBUG] adding entry org/codehaus/stax2/ri/typed/SimpleValueEncoder.class
[DEBUG] adding entry org/codehaus/stax2/ri/typed/StringBase64Decoder.class
[DEBUG] adding entry org/codehaus/stax2/ri/typed/ValueDecoderFactory$BaseArrayDecoder.class
[DEBUG] adding entry org/codehaus/stax2/ri/typed/ValueDecoderFactory$BooleanDecoder.class
[DEBUG] adding entry org/codehaus/stax2/ri/typed/ValueDecoderFactory$DecimalDecoder.class
[DEBUG] adding entry org/codehaus/stax2/ri/typed/ValueDecoderFactory$DecoderBase.class
[DEBUG] adding entry org/codehaus/stax2/ri/typed/ValueDecoderFactory$DoubleArrayDecoder.class
[DEBUG] adding entry org/codehaus/stax2/ri/typed/ValueDecoderFactory$DoubleDecoder.class
[DEBUG] adding entry org/codehaus/stax2/ri/typed/ValueDecoderFactory$FloatArrayDecoder.class
[DEBUG] adding entry org/codehaus/stax2/ri/typed/ValueDecoderFactory$FloatDecoder.class
[DEBUG] adding entry org/codehaus/stax2/ri/typed/ValueDecoderFactory$IntArrayDecoder.class
[DEBUG] adding entry org/codehaus/stax2/ri/typed/ValueDecoderFactory$IntDecoder.class
[DEBUG] adding entry org/codehaus/stax2/ri/typed/ValueDecoderFactory$IntegerDecoder.class
[DEBUG] adding entry org/codehaus/stax2/ri/typed/ValueDecoderFactory$LongArrayDecoder.class
[DEBUG] adding entry org/codehaus/stax2/ri/typed/ValueDecoderFactory$LongDecoder.class
[DEBUG] adding entry org/codehaus/stax2/ri/typed/ValueDecoderFactory$QNameDecoder.class
[DEBUG] adding entry org/codehaus/stax2/ri/typed/ValueDecoderFactory.class
[DEBUG] adding entry org/codehaus/stax2/ri/typed/ValueEncoderFactory$ArrayEncoder.class
[DEBUG] adding entry org/codehaus/stax2/ri/typed/ValueEncoderFactory$Base64Encoder.class
[DEBUG] adding entry org/codehaus/stax2/ri/typed/ValueEncoderFactory$DoubleArrayEncoder.class
[DEBUG] adding entry org/codehaus/stax2/ri/typed/ValueEncoderFactory$DoubleEncoder.class
[DEBUG] adding entry org/codehaus/stax2/ri/typed/ValueEncoderFactory$FloatArrayEncoder.class
[DEBUG] adding entry org/codehaus/stax2/ri/typed/ValueEncoderFactory$FloatEncoder.class
[DEBUG] adding entry org/codehaus/stax2/ri/typed/ValueEncoderFactory$IntArrayEncoder.class
[DEBUG] adding entry org/codehaus/stax2/ri/typed/ValueEncoderFactory$IntEncoder.class
[DEBUG] adding entry org/codehaus/stax2/ri/typed/ValueEncoderFactory$LongArrayEncoder.class
[DEBUG] adding entry org/codehaus/stax2/ri/typed/ValueEncoderFactory$LongEncoder.class
[DEBUG] adding entry org/codehaus/stax2/ri/typed/ValueEncoderFactory$ScalarEncoder.class
[DEBUG] adding entry org/codehaus/stax2/ri/typed/ValueEncoderFactory$StringEncoder.class
[DEBUG] adding entry org/codehaus/stax2/ri/typed/ValueEncoderFactory$TokenEncoder.class
[DEBUG] adding entry org/codehaus/stax2/ri/typed/ValueEncoderFactory$TypedScalarEncoder.class
[DEBUG] adding entry org/codehaus/stax2/ri/typed/ValueEncoderFactory.class
[DEBUG] adding directory org/codehaus/stax2/typed/
[DEBUG] adding entry org/codehaus/stax2/typed/Base64Variant.class
[DEBUG] adding entry org/codehaus/stax2/typed/Base64Variants.class
[DEBUG] adding entry org/codehaus/stax2/typed/TypedArrayDecoder.class
[DEBUG] adding entry org/codehaus/stax2/typed/TypedValueDecoder.class
[DEBUG] adding entry org/codehaus/stax2/typed/TypedXMLStreamException.class
[DEBUG] adding entry org/codehaus/stax2/typed/TypedXMLStreamReader.class
[DEBUG] adding entry org/codehaus/stax2/typed/TypedXMLStreamWriter.class
[DEBUG] adding directory org/codehaus/stax2/util/
[DEBUG] adding entry org/codehaus/stax2/util/StreamReader2Delegate.class
[DEBUG] adding entry org/codehaus/stax2/util/StreamWriter2Delegate.class
[DEBUG] adding entry org/codehaus/stax2/util/StreamWriterDelegate.class
[DEBUG] adding directory org/codehaus/stax2/validation/
[DEBUG] adding entry org/codehaus/stax2/validation/AttributeContainer.class
[DEBUG] adding entry org/codehaus/stax2/validation/DTDValidationSchema.class
[DEBUG] adding entry org/codehaus/stax2/validation/Validatable.class
[DEBUG] adding entry org/codehaus/stax2/validation/ValidationContext.class
[DEBUG] adding entry org/codehaus/stax2/validation/ValidationProblemHandler.class
[DEBUG] adding entry org/codehaus/stax2/validation/ValidatorPair.class
[DEBUG] adding entry org/codehaus/stax2/validation/XMLValidationException.class
[DEBUG] adding entry org/codehaus/stax2/validation/XMLValidationProblem.class
[DEBUG] adding entry org/codehaus/stax2/validation/XMLValidationSchema.class
[DEBUG] adding entry org/codehaus/stax2/validation/XMLValidationSchemaFactory.class
[DEBUG] adding entry org/codehaus/stax2/validation/XMLValidator.class
[INFO] META-INF/MANIFEST.MF already added, skipping
[INFO] META-INF/ already added, skipping
[INFO] META-INF/maven/ already added, skipping
[INFO] META-INF/maven/io.swagger/ already added, skipping
[DEBUG] adding directory META-INF/maven/io.swagger/swagger-core/
[DEBUG] adding entry META-INF/maven/io.swagger/swagger-core/pom.properties
[DEBUG] adding entry META-INF/maven/io.swagger/swagger-core/pom.xml
[INFO] io/ already added, skipping
[INFO] io/swagger/ already added, skipping
[DEBUG] adding directory io/swagger/config/
[DEBUG] adding entry io/swagger/config/ConfigFactory.class
[DEBUG] adding entry io/swagger/config/FilterFactory.class
[DEBUG] adding entry io/swagger/config/Scanner.class
[DEBUG] adding entry io/swagger/config/ScannerFactory.class
[DEBUG] adding entry io/swagger/config/SwaggerConfig.class
[DEBUG] adding directory io/swagger/converter/
[DEBUG] adding entry io/swagger/converter/ModelConverter.class
[DEBUG] adding entry io/swagger/converter/ModelConverterContext.class
[DEBUG] adding entry io/swagger/converter/ModelConverterContextImpl.class
[DEBUG] adding entry io/swagger/converter/ModelConverters.class
[DEBUG] adding directory io/swagger/core/
[DEBUG] adding directory io/swagger/core/filter/
[DEBUG] adding entry io/swagger/core/filter/AbstractSpecFilter.class
[DEBUG] adding entry io/swagger/core/filter/SpecFilter.class
[DEBUG] adding entry io/swagger/core/filter/SwaggerSpecFilter.class
[DEBUG] adding directory io/swagger/jackson/
[DEBUG] adding entry io/swagger/jackson/AbstractModelConverter$1.class
[DEBUG] adding entry io/swagger/jackson/AbstractModelConverter$2.class
[DEBUG] adding entry io/swagger/jackson/AbstractModelConverter.class
[DEBUG] adding entry io/swagger/jackson/JAXBAnnotationsHelper.class
[DEBUG] adding entry io/swagger/jackson/ModelResolver$1.class
[DEBUG] adding entry io/swagger/jackson/ModelResolver$GeneratorWrapper$1.class
[DEBUG] adding entry io/swagger/jackson/ModelResolver$GeneratorWrapper$2.class
[DEBUG] adding entry io/swagger/jackson/ModelResolver$GeneratorWrapper$3.class
[DEBUG] adding entry io/swagger/jackson/ModelResolver$GeneratorWrapper$4.class
[DEBUG] adding entry io/swagger/jackson/ModelResolver$GeneratorWrapper.class
[DEBUG] adding entry io/swagger/jackson/ModelResolver.class
[DEBUG] adding entry io/swagger/jackson/PackageVersion.class
[DEBUG] adding entry io/swagger/jackson/SwaggerAnnotationIntrospector.class
[DEBUG] adding entry io/swagger/jackson/SwaggerModule.class
[DEBUG] adding entry io/swagger/jackson/TypeNameResolver$Options.class
[DEBUG] adding entry io/swagger/jackson/TypeNameResolver.class
[DEBUG] adding directory io/swagger/model/
[DEBUG] adding entry io/swagger/model/ApiDescription.class
[DEBUG] adding entry io/swagger/model/ApiInfo.class
[DEBUG] adding directory io/swagger/util/
[DEBUG] adding entry io/swagger/util/AllowableEnumValues.class
[DEBUG] adding entry io/swagger/util/AllowableRangeValues.class
[DEBUG] adding entry io/swagger/util/AllowableValues.class
[DEBUG] adding entry io/swagger/util/AllowableValuesUtils.class
[DEBUG] adding entry io/swagger/util/BaseReaderUtils.class
[DEBUG] adding entry io/swagger/util/DeserializationModule.class
[DEBUG] adding entry io/swagger/util/Json.class
[DEBUG] adding entry io/swagger/util/ModelDeserializer.class
[DEBUG] adding entry io/swagger/util/ObjectMapperFactory.class
[DEBUG] adding entry io/swagger/util/ParameterDeserializer.class
[DEBUG] adding entry io/swagger/util/ParameterProcessor$1.class
[DEBUG] adding entry io/swagger/util/ParameterProcessor$AnnotationsHelper.class
[DEBUG] adding entry io/swagger/util/ParameterProcessor$ApiImplicitParamWrapper.class
[DEBUG] adding entry io/swagger/util/ParameterProcessor$ApiParamWrapper.class
[DEBUG] adding entry io/swagger/util/ParameterProcessor$ParamWrapper.class
[DEBUG] adding entry io/swagger/util/ParameterProcessor.class
[DEBUG] adding entry io/swagger/util/PathDeserializer.class
[DEBUG] adding entry io/swagger/util/PathUtils.class
[DEBUG] adding entry io/swagger/util/PrimitiveType$1.class
[DEBUG] adding entry io/swagger/util/PrimitiveType$10.class
[DEBUG] adding entry io/swagger/util/PrimitiveType$11.class
[DEBUG] adding entry io/swagger/util/PrimitiveType$12.class
[DEBUG] adding entry io/swagger/util/PrimitiveType$13.class
[DEBUG] adding entry io/swagger/util/PrimitiveType$14.class
[DEBUG] adding entry io/swagger/util/PrimitiveType$15.class
[DEBUG] adding entry io/swagger/util/PrimitiveType$16.class
[DEBUG] adding entry io/swagger/util/PrimitiveType$2.class
[DEBUG] adding entry io/swagger/util/PrimitiveType$3.class
[DEBUG] adding entry io/swagger/util/PrimitiveType$4.class
[DEBUG] adding entry io/swagger/util/PrimitiveType$5.class
[DEBUG] adding entry io/swagger/util/PrimitiveType$6.class
[DEBUG] adding entry io/swagger/util/PrimitiveType$7.class
[DEBUG] adding entry io/swagger/util/PrimitiveType$8.class
[DEBUG] adding entry io/swagger/util/PrimitiveType$9.class
[DEBUG] adding entry io/swagger/util/PrimitiveType$DateStub.class
[DEBUG] adding entry io/swagger/util/PrimitiveType.class
[DEBUG] adding entry io/swagger/util/PropertyDeserializer.class
[DEBUG] adding entry io/swagger/util/ReflectionUtils.class
[DEBUG] adding entry io/swagger/util/ResponseDeserializer.class
[DEBUG] adding entry io/swagger/util/SecurityDefinitionDeserializer.class
[DEBUG] adding entry io/swagger/util/Yaml.class
[INFO] META-INF/ already added, skipping
[INFO] META-INF/MANIFEST.MF already added, skipping
[INFO] org/ already added, skipping
[DEBUG] adding directory org/apache/
[DEBUG] adding directory org/apache/commons/
[DEBUG] adding directory org/apache/commons/lang3/
[DEBUG] adding directory org/apache/commons/lang3/builder/
[DEBUG] adding directory org/apache/commons/lang3/concurrent/
[DEBUG] adding directory org/apache/commons/lang3/event/
[DEBUG] adding directory org/apache/commons/lang3/exception/
[DEBUG] adding directory org/apache/commons/lang3/math/
[DEBUG] adding directory org/apache/commons/lang3/mutable/
[DEBUG] adding directory org/apache/commons/lang3/reflect/
[DEBUG] adding directory org/apache/commons/lang3/text/
[DEBUG] adding directory org/apache/commons/lang3/text/translate/
[DEBUG] adding directory org/apache/commons/lang3/time/
[DEBUG] adding directory org/apache/commons/lang3/tuple/
[INFO] META-INF/LICENSE.txt already added, skipping
[INFO] META-INF/NOTICE.txt already added, skipping
[DEBUG] adding entry org/apache/commons/lang3/AnnotationUtils$1.class
[DEBUG] adding entry org/apache/commons/lang3/AnnotationUtils.class
[DEBUG] adding entry org/apache/commons/lang3/ArrayUtils.class
[DEBUG] adding entry org/apache/commons/lang3/BitField.class
[DEBUG] adding entry org/apache/commons/lang3/BooleanUtils.class
[DEBUG] adding entry org/apache/commons/lang3/builder/Builder.class
[DEBUG] adding entry org/apache/commons/lang3/builder/CompareToBuilder.class
[DEBUG] adding entry org/apache/commons/lang3/builder/EqualsBuilder.class
[DEBUG] adding entry org/apache/commons/lang3/builder/HashCodeBuilder.class
[DEBUG] adding entry org/apache/commons/lang3/builder/IDKey.class
[DEBUG] adding entry org/apache/commons/lang3/builder/ReflectionToStringBuilder.class
[DEBUG] adding entry org/apache/commons/lang3/builder/StandardToStringStyle.class
[DEBUG] adding entry org/apache/commons/lang3/builder/ToStringBuilder.class
[DEBUG] adding entry org/apache/commons/lang3/builder/ToStringStyle$DefaultToStringStyle.class
[DEBUG] adding entry org/apache/commons/lang3/builder/ToStringStyle$MultiLineToStringStyle.class
[DEBUG] adding entry org/apache/commons/lang3/builder/ToStringStyle$NoFieldNameToStringStyle.class
[DEBUG] adding entry org/apache/commons/lang3/builder/ToStringStyle$ShortPrefixToStringStyle.class
[DEBUG] adding entry org/apache/commons/lang3/builder/ToStringStyle$SimpleToStringStyle.class
[DEBUG] adding entry org/apache/commons/lang3/builder/ToStringStyle.class
[DEBUG] adding entry org/apache/commons/lang3/CharEncoding.class
[DEBUG] adding entry org/apache/commons/lang3/CharRange$1.class
[DEBUG] adding entry org/apache/commons/lang3/CharRange$CharacterIterator.class
[DEBUG] adding entry org/apache/commons/lang3/CharRange.class
[DEBUG] adding entry org/apache/commons/lang3/CharSequenceUtils.class
[DEBUG] adding entry org/apache/commons/lang3/CharSet.class
[DEBUG] adding entry org/apache/commons/lang3/CharSetUtils.class
[DEBUG] adding entry org/apache/commons/lang3/CharUtils.class
[DEBUG] adding entry org/apache/commons/lang3/ClassUtils$1$1.class
[DEBUG] adding entry org/apache/commons/lang3/ClassUtils$1.class
[DEBUG] adding entry org/apache/commons/lang3/ClassUtils$2$1.class
[DEBUG] adding entry org/apache/commons/lang3/ClassUtils$2.class
[DEBUG] adding entry org/apache/commons/lang3/ClassUtils$Interfaces.class
[DEBUG] adding entry org/apache/commons/lang3/ClassUtils.class
[DEBUG] adding entry org/apache/commons/lang3/concurrent/AtomicInitializer.class
[DEBUG] adding entry org/apache/commons/lang3/concurrent/AtomicSafeInitializer.class
[DEBUG] adding entry org/apache/commons/lang3/concurrent/BackgroundInitializer$InitializationTask.class
[DEBUG] adding entry org/apache/commons/lang3/concurrent/BackgroundInitializer.class
[DEBUG] adding entry org/apache/commons/lang3/concurrent/BasicThreadFactory$1.class
[DEBUG] adding entry org/apache/commons/lang3/concurrent/BasicThreadFactory$Builder.class
[DEBUG] adding entry org/apache/commons/lang3/concurrent/BasicThreadFactory.class
[DEBUG] adding entry org/apache/commons/lang3/concurrent/CallableBackgroundInitializer.class
[DEBUG] adding entry org/apache/commons/lang3/concurrent/ConcurrentException.class
[DEBUG] adding entry org/apache/commons/lang3/concurrent/ConcurrentInitializer.class
[DEBUG] adding entry org/apache/commons/lang3/concurrent/ConcurrentRuntimeException.class
[DEBUG] adding entry org/apache/commons/lang3/concurrent/ConcurrentUtils$ConstantFuture.class
[DEBUG] adding entry org/apache/commons/lang3/concurrent/ConcurrentUtils.class
[DEBUG] adding entry org/apache/commons/lang3/concurrent/ConstantInitializer.class
[DEBUG] adding entry org/apache/commons/lang3/concurrent/LazyInitializer.class
[DEBUG] adding entry org/apache/commons/lang3/concurrent/MultiBackgroundInitializer$1.class
[DEBUG] adding entry org/apache/commons/lang3/concurrent/MultiBackgroundInitializer$MultiBackgroundInitializerResults.class
[DEBUG] adding entry org/apache/commons/lang3/concurrent/MultiBackgroundInitializer.class
[DEBUG] adding entry org/apache/commons/lang3/concurrent/TimedSemaphore$1.class
[DEBUG] adding entry org/apache/commons/lang3/concurrent/TimedSemaphore.class
[DEBUG] adding entry org/apache/commons/lang3/Conversion.class
[DEBUG] adding entry org/apache/commons/lang3/EnumUtils.class
[DEBUG] adding entry org/apache/commons/lang3/event/EventListenerSupport$ProxyInvocationHandler.class
[DEBUG] adding entry org/apache/commons/lang3/event/EventListenerSupport.class
[DEBUG] adding entry org/apache/commons/lang3/event/EventUtils$EventBindingInvocationHandler.class
[DEBUG] adding entry org/apache/commons/lang3/event/EventUtils.class
[DEBUG] adding entry org/apache/commons/lang3/exception/CloneFailedException.class
[DEBUG] adding entry org/apache/commons/lang3/exception/ContextedException.class
[DEBUG] adding entry org/apache/commons/lang3/exception/ContextedRuntimeException.class
[DEBUG] adding entry org/apache/commons/lang3/exception/DefaultExceptionContext.class
[DEBUG] adding entry org/apache/commons/lang3/exception/ExceptionContext.class
[DEBUG] adding entry org/apache/commons/lang3/exception/ExceptionUtils.class
[DEBUG] adding entry org/apache/commons/lang3/JavaVersion.class
[DEBUG] adding entry org/apache/commons/lang3/LocaleUtils$SyncAvoid.class
[DEBUG] adding entry org/apache/commons/lang3/LocaleUtils.class
[DEBUG] adding entry org/apache/commons/lang3/math/Fraction.class
[DEBUG] adding entry org/apache/commons/lang3/math/IEEE754rUtils.class
[DEBUG] adding entry org/apache/commons/lang3/math/NumberUtils.class
[DEBUG] adding entry org/apache/commons/lang3/mutable/Mutable.class
[DEBUG] adding entry org/apache/commons/lang3/mutable/MutableBoolean.class
[DEBUG] adding entry org/apache/commons/lang3/mutable/MutableByte.class
[DEBUG] adding entry org/apache/commons/lang3/mutable/MutableDouble.class
[DEBUG] adding entry org/apache/commons/lang3/mutable/MutableFloat.class
[DEBUG] adding entry org/apache/commons/lang3/mutable/MutableInt.class
[DEBUG] adding entry org/apache/commons/lang3/mutable/MutableLong.class
[DEBUG] adding entry org/apache/commons/lang3/mutable/MutableObject.class
[DEBUG] adding entry org/apache/commons/lang3/mutable/MutableShort.class
[DEBUG] adding entry org/apache/commons/lang3/NotImplementedException.class
[DEBUG] adding entry org/apache/commons/lang3/ObjectUtils$Null.class
[DEBUG] adding entry org/apache/commons/lang3/ObjectUtils.class
[DEBUG] adding entry org/apache/commons/lang3/RandomStringUtils.class
[DEBUG] adding entry org/apache/commons/lang3/Range$ComparableComparator.class
[DEBUG] adding entry org/apache/commons/lang3/Range.class
[DEBUG] adding entry org/apache/commons/lang3/reflect/ConstructorUtils.class
[DEBUG] adding entry org/apache/commons/lang3/reflect/FieldUtils.class
[DEBUG] adding entry org/apache/commons/lang3/reflect/InheritanceUtils.class
[DEBUG] adding entry org/apache/commons/lang3/reflect/MemberUtils.class
[DEBUG] adding entry org/apache/commons/lang3/reflect/MethodUtils.class
[DEBUG] adding entry org/apache/commons/lang3/reflect/Typed.class
[DEBUG] adding entry org/apache/commons/lang3/reflect/TypeLiteral.class
[DEBUG] adding entry org/apache/commons/lang3/reflect/TypeUtils$1.class
[DEBUG] adding entry org/apache/commons/lang3/reflect/TypeUtils$GenericArrayTypeImpl.class
[DEBUG] adding entry org/apache/commons/lang3/reflect/TypeUtils$ParameterizedTypeImpl.class
[DEBUG] adding entry org/apache/commons/lang3/reflect/TypeUtils$WildcardTypeBuilder.class
[DEBUG] adding entry org/apache/commons/lang3/reflect/TypeUtils$WildcardTypeImpl.class
[DEBUG] adding entry org/apache/commons/lang3/reflect/TypeUtils.class
[DEBUG] adding entry org/apache/commons/lang3/SerializationException.class
[DEBUG] adding entry org/apache/commons/lang3/SerializationUtils$ClassLoaderAwareObjectInputStream.class
[DEBUG] adding entry org/apache/commons/lang3/SerializationUtils.class
[DEBUG] adding entry org/apache/commons/lang3/StringEscapeUtils$CsvEscaper.class
[DEBUG] adding entry org/apache/commons/lang3/StringEscapeUtils$CsvUnescaper.class
[DEBUG] adding entry org/apache/commons/lang3/StringEscapeUtils.class
[DEBUG] adding entry org/apache/commons/lang3/StringUtils.class
[DEBUG] adding entry org/apache/commons/lang3/SystemUtils.class
[DEBUG] adding entry org/apache/commons/lang3/text/CompositeFormat.class
[DEBUG] adding entry org/apache/commons/lang3/text/ExtendedMessageFormat.class
[DEBUG] adding entry org/apache/commons/lang3/text/FormatFactory.class
[DEBUG] adding entry org/apache/commons/lang3/text/FormattableUtils.class
[DEBUG] adding entry org/apache/commons/lang3/text/StrBuilder$StrBuilderReader.class
[DEBUG] adding entry org/apache/commons/lang3/text/StrBuilder$StrBuilderTokenizer.class
[DEBUG] adding entry org/apache/commons/lang3/text/StrBuilder$StrBuilderWriter.class
[DEBUG] adding entry org/apache/commons/lang3/text/StrBuilder.class
[DEBUG] adding entry org/apache/commons/lang3/text/StrLookup$MapStrLookup.class
[DEBUG] adding entry org/apache/commons/lang3/text/StrLookup.class
[DEBUG] adding entry org/apache/commons/lang3/text/StrMatcher$CharMatcher.class
[DEBUG] adding entry org/apache/commons/lang3/text/StrMatcher$CharSetMatcher.class
[DEBUG] adding entry org/apache/commons/lang3/text/StrMatcher$NoMatcher.class
[DEBUG] adding entry org/apache/commons/lang3/text/StrMatcher$StringMatcher.class
[DEBUG] adding entry org/apache/commons/lang3/text/StrMatcher$TrimMatcher.class
[DEBUG] adding entry org/apache/commons/lang3/text/StrMatcher.class
[DEBUG] adding entry org/apache/commons/lang3/text/StrSubstitutor.class
[DEBUG] adding entry org/apache/commons/lang3/text/StrTokenizer.class
[DEBUG] adding entry org/apache/commons/lang3/text/translate/AggregateTranslator.class
[DEBUG] adding entry org/apache/commons/lang3/text/translate/CharSequenceTranslator.class
[DEBUG] adding entry org/apache/commons/lang3/text/translate/CodePointTranslator.class
[DEBUG] adding entry org/apache/commons/lang3/text/translate/EntityArrays.class
[DEBUG] adding entry org/apache/commons/lang3/text/translate/JavaUnicodeEscaper.class
[DEBUG] adding entry org/apache/commons/lang3/text/translate/LookupTranslator.class
[DEBUG] adding entry org/apache/commons/lang3/text/translate/NumericEntityEscaper.class
[DEBUG] adding entry org/apache/commons/lang3/text/translate/NumericEntityUnescaper$OPTION.class
[DEBUG] adding entry org/apache/commons/lang3/text/translate/NumericEntityUnescaper.class
[DEBUG] adding entry org/apache/commons/lang3/text/translate/OctalUnescaper.class
[DEBUG] adding entry org/apache/commons/lang3/text/translate/UnicodeEscaper.class
[DEBUG] adding entry org/apache/commons/lang3/text/translate/UnicodeUnescaper.class
[DEBUG] adding entry org/apache/commons/lang3/text/WordUtils.class
[DEBUG] adding entry org/apache/commons/lang3/time/DateFormatUtils.class
[DEBUG] adding entry org/apache/commons/lang3/time/DateParser.class
[DEBUG] adding entry org/apache/commons/lang3/time/DatePrinter.class
[DEBUG] adding entry org/apache/commons/lang3/time/DateUtils$DateIterator.class
[DEBUG] adding entry org/apache/commons/lang3/time/DateUtils.class
[DEBUG] adding entry org/apache/commons/lang3/time/DurationFormatUtils$Token.class
[DEBUG] adding entry org/apache/commons/lang3/time/DurationFormatUtils.class
[DEBUG] adding entry org/apache/commons/lang3/time/FastDateFormat$1.class
[DEBUG] adding entry org/apache/commons/lang3/time/FastDateFormat.class
[DEBUG] adding entry org/apache/commons/lang3/time/FastDateParser$1.class
[DEBUG] adding entry org/apache/commons/lang3/time/FastDateParser$2.class
[DEBUG] adding entry org/apache/commons/lang3/time/FastDateParser$3.class
[DEBUG] adding entry org/apache/commons/lang3/time/FastDateParser$4.class
[DEBUG] adding entry org/apache/commons/lang3/time/FastDateParser$CopyQuotedStrategy.class
[DEBUG] adding entry org/apache/commons/lang3/time/FastDateParser$NumberStrategy.class
[DEBUG] adding entry org/apache/commons/lang3/time/FastDateParser$Strategy.class
[DEBUG] adding entry org/apache/commons/lang3/time/FastDateParser$TextStrategy.class
[DEBUG] adding entry org/apache/commons/lang3/time/FastDateParser$TimeZoneStrategy.class
[DEBUG] adding entry org/apache/commons/lang3/time/FastDateParser.class
[DEBUG] adding entry org/apache/commons/lang3/time/FastDatePrinter$CharacterLiteral.class
[DEBUG] adding entry org/apache/commons/lang3/time/FastDatePrinter$NumberRule.class
[DEBUG] adding entry org/apache/commons/lang3/time/FastDatePrinter$PaddedNumberField.class
[DEBUG] adding entry org/apache/commons/lang3/time/FastDatePrinter$Rule.class
[DEBUG] adding entry org/apache/commons/lang3/time/FastDatePrinter$StringLiteral.class
[DEBUG] adding entry org/apache/commons/lang3/time/FastDatePrinter$TextField.class
[DEBUG] adding entry org/apache/commons/lang3/time/FastDatePrinter$TimeZoneDisplayKey.class
[DEBUG] adding entry org/apache/commons/lang3/time/FastDatePrinter$TimeZoneNameRule.class
[DEBUG] adding entry org/apache/commons/lang3/time/FastDatePrinter$TimeZoneNumberRule.class
[DEBUG] adding entry org/apache/commons/lang3/time/FastDatePrinter$TwelveHourField.class
[DEBUG] adding entry org/apache/commons/lang3/time/FastDatePrinter$TwentyFourHourField.class
[DEBUG] adding entry org/apache/commons/lang3/time/FastDatePrinter$TwoDigitMonthField.class
[DEBUG] adding entry org/apache/commons/lang3/time/FastDatePrinter$TwoDigitNumberField.class
[DEBUG] adding entry org/apache/commons/lang3/time/FastDatePrinter$TwoDigitYearField.class
[DEBUG] adding entry org/apache/commons/lang3/time/FastDatePrinter$UnpaddedMonthField.class
[DEBUG] adding entry org/apache/commons/lang3/time/FastDatePrinter$UnpaddedNumberField.class
[DEBUG] adding entry org/apache/commons/lang3/time/FastDatePrinter.class
[DEBUG] adding entry org/apache/commons/lang3/time/FormatCache$MultipartKey.class
[DEBUG] adding entry org/apache/commons/lang3/time/FormatCache.class
[DEBUG] adding entry org/apache/commons/lang3/time/StopWatch$1.class
[DEBUG] adding entry org/apache/commons/lang3/time/StopWatch$SplitState.class
[DEBUG] adding entry org/apache/commons/lang3/time/StopWatch$State$1.class
[DEBUG] adding entry org/apache/commons/lang3/time/StopWatch$State$2.class
[DEBUG] adding entry org/apache/commons/lang3/time/StopWatch$State$3.class
[DEBUG] adding entry org/apache/commons/lang3/time/StopWatch$State$4.class
[DEBUG] adding entry org/apache/commons/lang3/time/StopWatch$State.class
[DEBUG] adding entry org/apache/commons/lang3/time/StopWatch.class
[DEBUG] adding entry org/apache/commons/lang3/tuple/ImmutablePair.class
[DEBUG] adding entry org/apache/commons/lang3/tuple/ImmutableTriple.class
[DEBUG] adding entry org/apache/commons/lang3/tuple/MutablePair.class
[DEBUG] adding entry org/apache/commons/lang3/tuple/MutableTriple.class
[DEBUG] adding entry org/apache/commons/lang3/tuple/Pair.class
[DEBUG] adding entry org/apache/commons/lang3/tuple/Triple.class
[DEBUG] adding entry org/apache/commons/lang3/Validate.class
[INFO] META-INF/maven/ already added, skipping
[DEBUG] adding directory META-INF/maven/org.apache.commons/
[DEBUG] adding directory META-INF/maven/org.apache.commons/commons-lang3/
[DEBUG] adding entry META-INF/maven/org.apache.commons/commons-lang3/pom.xml
[DEBUG] adding entry META-INF/maven/org.apache.commons/commons-lang3/pom.properties
[INFO] META-INF/MANIFEST.MF already added, skipping
[INFO] META-INF/ already added, skipping
[INFO] META-INF/LICENSE already added, skipping
[INFO] META-INF/maven/ already added, skipping
[DEBUG] adding directory META-INF/maven/com.fasterxml.jackson.datatype/
[DEBUG] adding directory META-INF/maven/com.fasterxml.jackson.datatype/jackson-datatype-joda/
[DEBUG] adding entry META-INF/maven/com.fasterxml.jackson.datatype/jackson-datatype-joda/pom.properties
[DEBUG] adding entry META-INF/maven/com.fasterxml.jackson.datatype/jackson-datatype-joda/pom.xml
[INFO] META-INF/services/ already added, skipping
[INFO] META-INF/services/com.fasterxml.jackson.databind.Module already added, skipping
[INFO] com/ already added, skipping
[INFO] com/fasterxml/ already added, skipping
[INFO] com/fasterxml/jackson/ already added, skipping
[DEBUG] adding directory com/fasterxml/jackson/datatype/
[DEBUG] adding directory com/fasterxml/jackson/datatype/joda/
[DEBUG] adding entry com/fasterxml/jackson/datatype/joda/JodaMapper.class
[DEBUG] adding entry com/fasterxml/jackson/datatype/joda/JodaModule.class
[DEBUG] adding entry com/fasterxml/jackson/datatype/joda/PackageVersion.class
[DEBUG] adding directory com/fasterxml/jackson/datatype/joda/deser/
[DEBUG] adding entry com/fasterxml/jackson/datatype/joda/deser/DateMidnightDeserializer$1.class
[DEBUG] adding entry com/fasterxml/jackson/datatype/joda/deser/DateMidnightDeserializer.class
[DEBUG] adding entry com/fasterxml/jackson/datatype/joda/deser/DateTimeDeserializer.class
[DEBUG] adding entry com/fasterxml/jackson/datatype/joda/deser/DateTimeZoneDeserializer.class
[DEBUG] adding entry com/fasterxml/jackson/datatype/joda/deser/DurationDeserializer$1.class
[DEBUG] adding entry com/fasterxml/jackson/datatype/joda/deser/DurationDeserializer.class
[DEBUG] adding entry com/fasterxml/jackson/datatype/joda/deser/InstantDeserializer.class
[DEBUG] adding entry com/fasterxml/jackson/datatype/joda/deser/IntervalDeserializer.class
[DEBUG] adding entry com/fasterxml/jackson/datatype/joda/deser/JodaDeserializerBase.class
[DEBUG] adding entry com/fasterxml/jackson/datatype/joda/deser/LocalDateDeserializer$1.class
[DEBUG] adding entry com/fasterxml/jackson/datatype/joda/deser/LocalDateDeserializer.class
[DEBUG] adding entry com/fasterxml/jackson/datatype/joda/deser/LocalDateTimeDeserializer$1.class
[DEBUG] adding entry com/fasterxml/jackson/datatype/joda/deser/LocalDateTimeDeserializer.class
[DEBUG] adding entry com/fasterxml/jackson/datatype/joda/deser/LocalTimeDeserializer$1.class
[DEBUG] adding entry com/fasterxml/jackson/datatype/joda/deser/LocalTimeDeserializer.class
[DEBUG] adding entry com/fasterxml/jackson/datatype/joda/deser/MonthDayDeserializer.class
[DEBUG] adding entry com/fasterxml/jackson/datatype/joda/deser/PeriodDeserializer$1.class
[DEBUG] adding entry com/fasterxml/jackson/datatype/joda/deser/PeriodDeserializer.class
[DEBUG] adding entry com/fasterxml/jackson/datatype/joda/deser/ReadablePeriodDeserializer.class
[DEBUG] adding entry com/fasterxml/jackson/datatype/joda/deser/YearMonthDeserializer.class
[DEBUG] adding directory com/fasterxml/jackson/datatype/joda/deser/key/
[DEBUG] adding entry com/fasterxml/jackson/datatype/joda/deser/key/DateTimeKeyDeserializer.class
[DEBUG] adding entry com/fasterxml/jackson/datatype/joda/deser/key/JodaKeyDeserializer.class
[DEBUG] adding entry com/fasterxml/jackson/datatype/joda/deser/key/LocalDateKeyDeserializer.class
[DEBUG] adding entry com/fasterxml/jackson/datatype/joda/deser/key/LocalDateTimeKeyDeserializer.class
[DEBUG] adding entry com/fasterxml/jackson/datatype/joda/deser/key/LocalTimeKeyDeserializer.class
[DEBUG] adding directory com/fasterxml/jackson/datatype/joda/ser/
[DEBUG] adding entry com/fasterxml/jackson/datatype/joda/ser/DateMidnightSerializer.class
[DEBUG] adding entry com/fasterxml/jackson/datatype/joda/ser/DateTimeSerializer.class
[DEBUG] adding entry com/fasterxml/jackson/datatype/joda/ser/DateTimeZoneSerializer.class
[DEBUG] adding entry com/fasterxml/jackson/datatype/joda/ser/DurationSerializer.class
[DEBUG] adding entry com/fasterxml/jackson/datatype/joda/ser/InstantSerializer.class
[DEBUG] adding entry com/fasterxml/jackson/datatype/joda/ser/IntervalSerializer.class
[DEBUG] adding entry com/fasterxml/jackson/datatype/joda/ser/JacksonJodaFormat.class
[DEBUG] adding entry com/fasterxml/jackson/datatype/joda/ser/JodaDateSerializerBase.class
[DEBUG] adding entry com/fasterxml/jackson/datatype/joda/ser/JodaSerializerBase.class
[DEBUG] adding entry com/fasterxml/jackson/datatype/joda/ser/LocalDateSerializer.class
[DEBUG] adding entry com/fasterxml/jackson/datatype/joda/ser/LocalDateTimeSerializer.class
[DEBUG] adding entry com/fasterxml/jackson/datatype/joda/ser/LocalTimeSerializer.class
[DEBUG] adding entry com/fasterxml/jackson/datatype/joda/ser/PeriodSerializer.class
[INFO] META-INF/MANIFEST.MF already added, skipping
[INFO] META-INF/ already added, skipping
[INFO] META-INF/maven/ already added, skipping
[INFO] META-INF/maven/io.swagger/ already added, skipping
[DEBUG] adding directory META-INF/maven/io.swagger/swagger-models/
[DEBUG] adding entry META-INF/maven/io.swagger/swagger-models/pom.properties
[DEBUG] adding entry META-INF/maven/io.swagger/swagger-models/pom.xml
[INFO] io/ already added, skipping
[INFO] io/swagger/ already added, skipping
[DEBUG] adding directory io/swagger/models/
[DEBUG] adding entry io/swagger/models/AbstractModel.class
[DEBUG] adding entry io/swagger/models/ArrayModel.class
[DEBUG] adding entry io/swagger/models/ComposedModel.class
[DEBUG] adding entry io/swagger/models/Contact.class
[DEBUG] adding entry io/swagger/models/ExternalDocs.class
[DEBUG] adding entry io/swagger/models/HttpMethod.class
[DEBUG] adding entry io/swagger/models/Info.class
[DEBUG] adding entry io/swagger/models/License.class
[DEBUG] adding entry io/swagger/models/Model.class
[DEBUG] adding entry io/swagger/models/ModelImpl.class
[DEBUG] adding entry io/swagger/models/Operation.class
[DEBUG] adding entry io/swagger/models/Path.class
[DEBUG] adding entry io/swagger/models/RefModel.class
[DEBUG] adding entry io/swagger/models/RefPath.class
[DEBUG] adding entry io/swagger/models/RefResponse.class
[DEBUG] adding entry io/swagger/models/Response.class
[DEBUG] adding entry io/swagger/models/Scheme.class
[DEBUG] adding entry io/swagger/models/SecurityRequirement.class
[DEBUG] adding entry io/swagger/models/SecurityScope.class
[DEBUG] adding entry io/swagger/models/Swagger.class
[DEBUG] adding entry io/swagger/models/Tag.class
[DEBUG] adding entry io/swagger/models/Xml.class
[DEBUG] adding directory io/swagger/models/auth/
[DEBUG] adding entry io/swagger/models/auth/AbstractSecuritySchemeDefinition.class
[DEBUG] adding entry io/swagger/models/auth/ApiKeyAuthDefinition.class
[DEBUG] adding entry io/swagger/models/auth/AuthorizationValue.class
[DEBUG] adding entry io/swagger/models/auth/BasicAuthDefinition.class
[DEBUG] adding entry io/swagger/models/auth/In.class
[DEBUG] adding entry io/swagger/models/auth/OAuth2Definition.class
[DEBUG] adding entry io/swagger/models/auth/SecuritySchemeDefinition.class
[DEBUG] adding directory io/swagger/models/parameters/
[DEBUG] adding entry io/swagger/models/parameters/AbstractParameter.class
[DEBUG] adding entry io/swagger/models/parameters/AbstractSerializableParameter.class
[DEBUG] adding entry io/swagger/models/parameters/BodyParameter.class
[DEBUG] adding entry io/swagger/models/parameters/CookieParameter.class
[DEBUG] adding entry io/swagger/models/parameters/FormParameter.class
[DEBUG] adding entry io/swagger/models/parameters/HeaderParameter.class
[DEBUG] adding entry io/swagger/models/parameters/Parameter.class
[DEBUG] adding entry io/swagger/models/parameters/PathParameter.class
[DEBUG] adding entry io/swagger/models/parameters/QueryParameter.class
[DEBUG] adding entry io/swagger/models/parameters/RefParameter.class
[DEBUG] adding entry io/swagger/models/parameters/SerializableParameter.class
[DEBUG] adding directory io/swagger/models/properties/
[DEBUG] adding entry io/swagger/models/properties/AbstractNumericProperty.class
[DEBUG] adding entry io/swagger/models/properties/AbstractProperty.class
[DEBUG] adding entry io/swagger/models/properties/ArrayProperty.class
[DEBUG] adding entry io/swagger/models/properties/BaseIntegerProperty.class
[DEBUG] adding entry io/swagger/models/properties/BinaryProperty.class
[DEBUG] adding entry io/swagger/models/properties/BooleanProperty.class
[DEBUG] adding entry io/swagger/models/properties/ByteArrayProperty.class
[DEBUG] adding entry io/swagger/models/properties/DateProperty.class
[DEBUG] adding entry io/swagger/models/properties/DateTimeProperty.class
[DEBUG] adding entry io/swagger/models/properties/DecimalProperty.class
[DEBUG] adding entry io/swagger/models/properties/DoubleProperty.class
[DEBUG] adding entry io/swagger/models/properties/EmailProperty.class
[DEBUG] adding entry io/swagger/models/properties/FileProperty.class
[DEBUG] adding entry io/swagger/models/properties/FloatProperty.class
[DEBUG] adding entry io/swagger/models/properties/IntegerProperty.class
[DEBUG] adding entry io/swagger/models/properties/LongProperty.class
[DEBUG] adding entry io/swagger/models/properties/MapProperty.class
[DEBUG] adding entry io/swagger/models/properties/ObjectProperty.class
[DEBUG] adding entry io/swagger/models/properties/PasswordProperty.class
[DEBUG] adding entry io/swagger/models/properties/Property.class
[DEBUG] adding entry io/swagger/models/properties/PropertyBuilder$1.class
[DEBUG] adding entry io/swagger/models/properties/PropertyBuilder$Processor$1.class
[DEBUG] adding entry io/swagger/models/properties/PropertyBuilder$Processor$10.class
[DEBUG] adding entry io/swagger/models/properties/PropertyBuilder$Processor$11.class
[DEBUG] adding entry io/swagger/models/properties/PropertyBuilder$Processor$12.class
[DEBUG] adding entry io/swagger/models/properties/PropertyBuilder$Processor$13.class
[DEBUG] adding entry io/swagger/models/properties/PropertyBuilder$Processor$14.class
[DEBUG] adding entry io/swagger/models/properties/PropertyBuilder$Processor$15.class
[DEBUG] adding entry io/swagger/models/properties/PropertyBuilder$Processor$16.class
[DEBUG] adding entry io/swagger/models/properties/PropertyBuilder$Processor$17.class
[DEBUG] adding entry io/swagger/models/properties/PropertyBuilder$Processor$18.class
[DEBUG] adding entry io/swagger/models/properties/PropertyBuilder$Processor$19.class
[DEBUG] adding entry io/swagger/models/properties/PropertyBuilder$Processor$2.class
[DEBUG] adding entry io/swagger/models/properties/PropertyBuilder$Processor$3.class
[DEBUG] adding entry io/swagger/models/properties/PropertyBuilder$Processor$4.class
[DEBUG] adding entry io/swagger/models/properties/PropertyBuilder$Processor$5.class
[DEBUG] adding entry io/swagger/models/properties/PropertyBuilder$Processor$6.class
[DEBUG] adding entry io/swagger/models/properties/PropertyBuilder$Processor$7.class
[DEBUG] adding entry io/swagger/models/properties/PropertyBuilder$Processor$8.class
[DEBUG] adding entry io/swagger/models/properties/PropertyBuilder$Processor$9.class
[DEBUG] adding entry io/swagger/models/properties/PropertyBuilder$Processor.class
[DEBUG] adding entry io/swagger/models/properties/PropertyBuilder$PropertyId.class
[DEBUG] adding entry io/swagger/models/properties/PropertyBuilder.class
[DEBUG] adding entry io/swagger/models/properties/RefProperty.class
[DEBUG] adding entry io/swagger/models/properties/StringProperty$Format.class
[DEBUG] adding entry io/swagger/models/properties/StringProperty.class
[DEBUG] adding entry io/swagger/models/properties/UUIDProperty.class
[DEBUG] adding directory io/swagger/models/refs/
[DEBUG] adding entry io/swagger/models/refs/GenericRef.class
[DEBUG] adding entry io/swagger/models/refs/RefFormat.class
[DEBUG] adding entry io/swagger/models/refs/RefType.class
[INFO] META-INF/MANIFEST.MF already added, skipping
[INFO] META-INF/ already added, skipping
[INFO] META-INF/maven/ already added, skipping
[INFO] META-INF/maven/io.swagger/ already added, skipping
[DEBUG] adding directory META-INF/maven/io.swagger/swagger-annotations/
[DEBUG] adding entry META-INF/maven/io.swagger/swagger-annotations/pom.properties
[DEBUG] adding entry META-INF/maven/io.swagger/swagger-annotations/pom.xml
[INFO] io/ already added, skipping
[INFO] io/swagger/ already added, skipping
[DEBUG] adding directory io/swagger/annotations/
[DEBUG] adding entry io/swagger/annotations/Api.class
[DEBUG] adding entry io/swagger/annotations/ApiImplicitParam.class
[DEBUG] adding entry io/swagger/annotations/ApiImplicitParams.class
[DEBUG] adding entry io/swagger/annotations/ApiModel.class
[DEBUG] adding entry io/swagger/annotations/ApiModelProperty.class
[DEBUG] adding entry io/swagger/annotations/ApiOperation.class
[DEBUG] adding entry io/swagger/annotations/ApiParam.class
[DEBUG] adding entry io/swagger/annotations/ApiResponse.class
[DEBUG] adding entry io/swagger/annotations/ApiResponses.class
[DEBUG] adding entry io/swagger/annotations/Authorization.class
[DEBUG] adding entry io/swagger/annotations/AuthorizationScope.class
[DEBUG] adding entry io/swagger/annotations/Contact.class
[DEBUG] adding entry io/swagger/annotations/Example.class
[DEBUG] adding entry io/swagger/annotations/ExampleProperty.class
[DEBUG] adding entry io/swagger/annotations/Extension.class
[DEBUG] adding entry io/swagger/annotations/ExtensionProperty.class
[DEBUG] adding entry io/swagger/annotations/ExternalDocs.class
[DEBUG] adding entry io/swagger/annotations/Info.class
[DEBUG] adding entry io/swagger/annotations/License.class
[DEBUG] adding entry io/swagger/annotations/ResponseHeader.class
[DEBUG] adding entry io/swagger/annotations/SwaggerDefinition$Scheme.class
[DEBUG] adding entry io/swagger/annotations/SwaggerDefinition.class
[DEBUG] adding entry io/swagger/annotations/Tag.class
[INFO] META-INF/MANIFEST.MF already added, skipping
[INFO] META-INF/ already added, skipping
[INFO] META-INF/maven/ already added, skipping
[DEBUG] adding directory META-INF/maven/com.google.guava/
[DEBUG] adding directory META-INF/maven/com.google.guava/guava/
[DEBUG] adding entry META-INF/maven/com.google.guava/guava/pom.properties
[DEBUG] adding entry META-INF/maven/com.google.guava/guava/pom.xml
[INFO] com/ already added, skipping
[DEBUG] adding directory com/google/
[DEBUG] adding directory com/google/common/
[DEBUG] adding directory com/google/common/annotations/
[DEBUG] adding entry com/google/common/annotations/Beta.class
[DEBUG] adding entry com/google/common/annotations/GwtCompatible.class
[DEBUG] adding entry com/google/common/annotations/GwtIncompatible.class
[DEBUG] adding entry com/google/common/annotations/VisibleForTesting.class
[DEBUG] adding directory com/google/common/base/
[DEBUG] adding entry com/google/common/base/Absent.class
[DEBUG] adding entry com/google/common/base/AbstractIterator$1.class
[DEBUG] adding entry com/google/common/base/AbstractIterator$State.class
[DEBUG] adding entry com/google/common/base/AbstractIterator.class
[DEBUG] adding entry com/google/common/base/Ascii.class
[DEBUG] adding entry com/google/common/base/CaseFormat$1.class
[DEBUG] adding entry com/google/common/base/CaseFormat$2.class
[DEBUG] adding entry com/google/common/base/CaseFormat$3.class
[DEBUG] adding entry com/google/common/base/CaseFormat$4.class
[DEBUG] adding entry com/google/common/base/CaseFormat$5.class
[DEBUG] adding entry com/google/common/base/CaseFormat$StringConverter.class
[DEBUG] adding entry com/google/common/base/CaseFormat.class
[DEBUG] adding entry com/google/common/base/CharMatcher$1.class
[DEBUG] adding entry com/google/common/base/CharMatcher$10.class
[DEBUG] adding entry com/google/common/base/CharMatcher$11.class
[DEBUG] adding entry com/google/common/base/CharMatcher$12.class
[DEBUG] adding entry com/google/common/base/CharMatcher$13.class
[DEBUG] adding entry com/google/common/base/CharMatcher$14.class
[DEBUG] adding entry com/google/common/base/CharMatcher$15.class
[DEBUG] adding entry com/google/common/base/CharMatcher$2.class
[DEBUG] adding entry com/google/common/base/CharMatcher$3.class
[DEBUG] adding entry com/google/common/base/CharMatcher$4.class
[DEBUG] adding entry com/google/common/base/CharMatcher$5.class
[DEBUG] adding entry com/google/common/base/CharMatcher$6.class
[DEBUG] adding entry com/google/common/base/CharMatcher$7.class
[DEBUG] adding entry com/google/common/base/CharMatcher$8.class
[DEBUG] adding entry com/google/common/base/CharMatcher$9.class
[DEBUG] adding entry com/google/common/base/CharMatcher$And.class
[DEBUG] adding entry com/google/common/base/CharMatcher$BitSetMatcher.class
[DEBUG] adding entry com/google/common/base/CharMatcher$FastMatcher.class
[DEBUG] adding entry com/google/common/base/CharMatcher$NegatedFastMatcher.class
[DEBUG] adding entry com/google/common/base/CharMatcher$NegatedMatcher.class
[DEBUG] adding entry com/google/common/base/CharMatcher$Or.class
[DEBUG] adding entry com/google/common/base/CharMatcher$RangesMatcher.class
[DEBUG] adding entry com/google/common/base/CharMatcher.class
[DEBUG] adding entry com/google/common/base/Charsets.class
[DEBUG] adding entry com/google/common/base/Converter$1$1.class
[DEBUG] adding entry com/google/common/base/Converter$1.class
[DEBUG] adding entry com/google/common/base/Converter$ConverterComposition.class
[DEBUG] adding entry com/google/common/base/Converter$FunctionBasedConverter.class
[DEBUG] adding entry com/google/common/base/Converter$IdentityConverter.class
[DEBUG] adding entry com/google/common/base/Converter$ReverseConverter.class
[DEBUG] adding entry com/google/common/base/Converter.class
[DEBUG] adding entry com/google/common/base/Defaults.class
[DEBUG] adding entry com/google/common/base/Enums$StringConverter.class
[DEBUG] adding entry com/google/common/base/Enums.class
[DEBUG] adding entry com/google/common/base/Equivalence$1.class
[DEBUG] adding entry com/google/common/base/Equivalence$Equals.class
[DEBUG] adding entry com/google/common/base/Equivalence$EquivalentToPredicate.class
[DEBUG] adding entry com/google/common/base/Equivalence$Identity.class
[DEBUG] adding entry com/google/common/base/Equivalence$Wrapper.class
[DEBUG] adding entry com/google/common/base/Equivalence.class
[DEBUG] adding entry com/google/common/base/FinalizablePhantomReference.class
[DEBUG] adding entry com/google/common/base/FinalizableReference.class
[DEBUG] adding entry com/google/common/base/FinalizableReferenceQueue$DecoupledLoader.class
[DEBUG] adding entry com/google/common/base/FinalizableReferenceQueue$DirectLoader.class
[DEBUG] adding entry com/google/common/base/FinalizableReferenceQueue$FinalizerLoader.class
[DEBUG] adding entry com/google/common/base/FinalizableReferenceQueue$SystemLoader.class
[DEBUG] adding entry com/google/common/base/FinalizableReferenceQueue.class
[DEBUG] adding entry com/google/common/base/FinalizableSoftReference.class
[DEBUG] adding entry com/google/common/base/FinalizableWeakReference.class
[DEBUG] adding entry com/google/common/base/Function.class
[DEBUG] adding entry com/google/common/base/FunctionalEquivalence.class
[DEBUG] adding entry com/google/common/base/Functions$1.class
[DEBUG] adding entry com/google/common/base/Functions$ConstantFunction.class
[DEBUG] adding entry com/google/common/base/Functions$ForMapWithDefault.class
[DEBUG] adding entry com/google/common/base/Functions$FunctionComposition.class
[DEBUG] adding entry com/google/common/base/Functions$FunctionForMapNoDefault.class
[DEBUG] adding entry com/google/common/base/Functions$IdentityFunction.class
[DEBUG] adding entry com/google/common/base/Functions$PredicateFunction.class
[DEBUG] adding entry com/google/common/base/Functions$SupplierFunction.class
[DEBUG] adding entry com/google/common/base/Functions$ToStringFunction.class
[DEBUG] adding entry com/google/common/base/Functions.class
[DEBUG] adding entry com/google/common/base/Joiner$1.class
[DEBUG] adding entry com/google/common/base/Joiner$2.class
[DEBUG] adding entry com/google/common/base/Joiner$3.class
[DEBUG] adding entry com/google/common/base/Joiner$MapJoiner.class
[DEBUG] adding entry com/google/common/base/Joiner.class
[DEBUG] adding entry com/google/common/base/MoreObjects$1.class
[DEBUG] adding entry com/google/common/base/MoreObjects$ToStringHelper$ValueHolder.class
[DEBUG] adding entry com/google/common/base/MoreObjects$ToStringHelper.class
[DEBUG] adding entry com/google/common/base/MoreObjects.class
[DEBUG] adding entry com/google/common/base/Objects$1.class
[DEBUG] adding entry com/google/common/base/Objects$ToStringHelper$ValueHolder.class
[DEBUG] adding entry com/google/common/base/Objects$ToStringHelper.class
[DEBUG] adding entry com/google/common/base/Objects.class
[DEBUG] adding entry com/google/common/base/Optional$1$1.class
[DEBUG] adding entry com/google/common/base/Optional$1.class
[DEBUG] adding entry com/google/common/base/Optional.class
[DEBUG] adding entry com/google/common/base/PairwiseEquivalence.class
[DEBUG] adding entry com/google/common/base/Platform.class
[DEBUG] adding entry com/google/common/base/Preconditions.class
[DEBUG] adding entry com/google/common/base/Predicate.class
[DEBUG] adding entry com/google/common/base/Predicates$1.class
[DEBUG] adding entry com/google/common/base/Predicates$AndPredicate.class
[DEBUG] adding entry com/google/common/base/Predicates$AssignableFromPredicate.class
[DEBUG] adding entry com/google/common/base/Predicates$CompositionPredicate.class
[DEBUG] adding entry com/google/common/base/Predicates$ContainsPatternFromStringPredicate.class
[DEBUG] adding entry com/google/common/base/Predicates$ContainsPatternPredicate.class
[DEBUG] adding entry com/google/common/base/Predicates$InPredicate.class
[DEBUG] adding entry com/google/common/base/Predicates$InstanceOfPredicate.class
[DEBUG] adding entry com/google/common/base/Predicates$IsEqualToPredicate.class
[DEBUG] adding entry com/google/common/base/Predicates$NotPredicate.class
[DEBUG] adding entry com/google/common/base/Predicates$ObjectPredicate$1.class
[DEBUG] adding entry com/google/common/base/Predicates$ObjectPredicate$2.class
[DEBUG] adding entry com/google/common/base/Predicates$ObjectPredicate$3.class
[DEBUG] adding entry com/google/common/base/Predicates$ObjectPredicate$4.class
[DEBUG] adding entry com/google/common/base/Predicates$ObjectPredicate.class
[DEBUG] adding entry com/google/common/base/Predicates$OrPredicate.class
[DEBUG] adding entry com/google/common/base/Predicates.class
[DEBUG] adding entry com/google/common/base/Present.class
[DEBUG] adding entry com/google/common/base/SmallCharMatcher.class
[DEBUG] adding entry com/google/common/base/Splitter$1$1.class
[DEBUG] adding entry com/google/common/base/Splitter$1.class
[DEBUG] adding entry com/google/common/base/Splitter$2$1.class
[DEBUG] adding entry com/google/common/base/Splitter$2.class
[DEBUG] adding entry com/google/common/base/Splitter$3$1.class
[DEBUG] adding entry com/google/common/base/Splitter$3.class
[DEBUG] adding entry com/google/common/base/Splitter$4$1.class
[DEBUG] adding entry com/google/common/base/Splitter$4.class
[DEBUG] adding entry com/google/common/base/Splitter$5.class
[DEBUG] adding entry com/google/common/base/Splitter$MapSplitter.class
[DEBUG] adding entry com/google/common/base/Splitter$SplittingIterator.class
[DEBUG] adding entry com/google/common/base/Splitter$Strategy.class
[DEBUG] adding entry com/google/common/base/Splitter.class
[DEBUG] adding entry com/google/common/base/StandardSystemProperty.class
[DEBUG] adding entry com/google/common/base/Stopwatch$1.class
[DEBUG] adding entry com/google/common/base/Stopwatch.class
[DEBUG] adding entry com/google/common/base/Strings.class
[DEBUG] adding entry com/google/common/base/Supplier.class
[DEBUG] adding entry com/google/common/base/Suppliers$ExpiringMemoizingSupplier.class
[DEBUG] adding entry com/google/common/base/Suppliers$MemoizingSupplier.class
[DEBUG] adding entry com/google/common/base/Suppliers$SupplierComposition.class
[DEBUG] adding entry com/google/common/base/Suppliers$SupplierFunction.class
[DEBUG] adding entry com/google/common/base/Suppliers$SupplierFunctionImpl.class
[DEBUG] adding entry com/google/common/base/Suppliers$SupplierOfInstance.class
[DEBUG] adding entry com/google/common/base/Suppliers$ThreadSafeSupplier.class
[DEBUG] adding entry com/google/common/base/Suppliers.class
[DEBUG] adding entry com/google/common/base/Throwables.class
[DEBUG] adding entry com/google/common/base/Ticker$1.class
[DEBUG] adding entry com/google/common/base/Ticker.class
[DEBUG] adding entry com/google/common/base/Utf8.class
[DEBUG] adding entry com/google/common/base/Verify.class
[DEBUG] adding entry com/google/common/base/VerifyException.class
[DEBUG] adding directory com/google/common/base/internal/
[DEBUG] adding entry com/google/common/base/internal/Finalizer.class
[DEBUG] adding entry com/google/common/base/package-info.class
[DEBUG] adding directory com/google/common/cache/
[DEBUG] adding entry com/google/common/cache/AbstractCache$SimpleStatsCounter.class
[DEBUG] adding entry com/google/common/cache/AbstractCache$StatsCounter.class
[DEBUG] adding entry com/google/common/cache/AbstractCache.class
[DEBUG] adding entry com/google/common/cache/AbstractLoadingCache.class
[DEBUG] adding entry com/google/common/cache/Cache.class
[DEBUG] adding entry com/google/common/cache/CacheBuilder$1.class
[DEBUG] adding entry com/google/common/cache/CacheBuilder$2.class
[DEBUG] adding entry com/google/common/cache/CacheBuilder$3.class
[DEBUG] adding entry com/google/common/cache/CacheBuilder$NullListener.class
[DEBUG] adding entry com/google/common/cache/CacheBuilder$OneWeigher.class
[DEBUG] adding entry com/google/common/cache/CacheBuilder.class
[DEBUG] adding entry com/google/common/cache/CacheBuilderSpec$1.class
[DEBUG] adding entry com/google/common/cache/CacheBuilderSpec$AccessDurationParser.class
[DEBUG] adding entry com/google/common/cache/CacheBuilderSpec$ConcurrencyLevelParser.class
[DEBUG] adding entry com/google/common/cache/CacheBuilderSpec$DurationParser.class
[DEBUG] adding entry com/google/common/cache/CacheBuilderSpec$InitialCapacityParser.class
[DEBUG] adding entry com/google/common/cache/CacheBuilderSpec$IntegerParser.class
[DEBUG] adding entry com/google/common/cache/CacheBuilderSpec$KeyStrengthParser.class
[DEBUG] adding entry com/google/common/cache/CacheBuilderSpec$LongParser.class
[DEBUG] adding entry com/google/common/cache/CacheBuilderSpec$MaximumSizeParser.class
[DEBUG] adding entry com/google/common/cache/CacheBuilderSpec$MaximumWeightParser.class
[DEBUG] adding entry com/google/common/cache/CacheBuilderSpec$RecordStatsParser.class
[DEBUG] adding entry com/google/common/cache/CacheBuilderSpec$RefreshDurationParser.class
[DEBUG] adding entry com/google/common/cache/CacheBuilderSpec$ValueParser.class
[DEBUG] adding entry com/google/common/cache/CacheBuilderSpec$ValueStrengthParser.class
[DEBUG] adding entry com/google/common/cache/CacheBuilderSpec$WriteDurationParser.class
[DEBUG] adding entry com/google/common/cache/CacheBuilderSpec.class
[DEBUG] adding entry com/google/common/cache/CacheLoader$1$1.class
[DEBUG] adding entry com/google/common/cache/CacheLoader$1.class
[DEBUG] adding entry com/google/common/cache/CacheLoader$FunctionToCacheLoader.class
[DEBUG] adding entry com/google/common/cache/CacheLoader$InvalidCacheLoadException.class
[DEBUG] adding entry com/google/common/cache/CacheLoader$SupplierToCacheLoader.class
[DEBUG] adding entry com/google/common/cache/CacheLoader$UnsupportedLoadingOperationException.class
[DEBUG] adding entry com/google/common/cache/CacheLoader.class
[DEBUG] adding entry com/google/common/cache/CacheStats.class
[DEBUG] adding entry com/google/common/cache/ForwardingCache$SimpleForwardingCache.class
[DEBUG] adding entry com/google/common/cache/ForwardingCache.class
[DEBUG] adding entry com/google/common/cache/ForwardingLoadingCache$SimpleForwardingLoadingCache.class
[DEBUG] adding entry com/google/common/cache/ForwardingLoadingCache.class
[DEBUG] adding entry com/google/common/cache/LoadingCache.class
[DEBUG] adding entry com/google/common/cache/LocalCache$1.class
[DEBUG] adding entry com/google/common/cache/LocalCache$2.class
[DEBUG] adding entry com/google/common/cache/LocalCache$AbstractCacheSet.class
[DEBUG] adding entry com/google/common/cache/LocalCache$AbstractReferenceEntry.class
[DEBUG] adding entry com/google/common/cache/LocalCache$AccessQueue$1.class
[DEBUG] adding entry com/google/common/cache/LocalCache$AccessQueue$2.class
[DEBUG] adding entry com/google/common/cache/LocalCache$AccessQueue.class
[DEBUG] adding entry com/google/common/cache/LocalCache$EntryFactory$1.class
[DEBUG] adding entry com/google/common/cache/LocalCache$EntryFactory$2.class
[DEBUG] adding entry com/google/common/cache/LocalCache$EntryFactory$3.class
[DEBUG] adding entry com/google/common/cache/LocalCache$EntryFactory$4.class
[DEBUG] adding entry com/google/common/cache/LocalCache$EntryFactory$5.class
[DEBUG] adding entry com/google/common/cache/LocalCache$EntryFactory$6.class
[DEBUG] adding entry com/google/common/cache/LocalCache$EntryFactory$7.class
[DEBUG] adding entry com/google/common/cache/LocalCache$EntryFactory$8.class
[DEBUG] adding entry com/google/common/cache/LocalCache$EntryFactory.class
[DEBUG] adding entry com/google/common/cache/LocalCache$EntryIterator.class
[DEBUG] adding entry com/google/common/cache/LocalCache$EntrySet.class
[DEBUG] adding entry com/google/common/cache/LocalCache$HashIterator.class
[DEBUG] adding entry com/google/common/cache/LocalCache$KeyIterator.class
[DEBUG] adding entry com/google/common/cache/LocalCache$KeySet.class
[DEBUG] adding entry com/google/common/cache/LocalCache$LoadingSerializationProxy.class
[DEBUG] adding entry com/google/common/cache/LocalCache$LoadingValueReference$1.class
[DEBUG] adding entry com/google/common/cache/LocalCache$LoadingValueReference.class
[DEBUG] adding entry com/google/common/cache/LocalCache$LocalLoadingCache.class
[DEBUG] adding entry com/google/common/cache/LocalCache$LocalManualCache$1.class
[DEBUG] adding entry com/google/common/cache/LocalCache$LocalManualCache.class
[DEBUG] adding entry com/google/common/cache/LocalCache$ManualSerializationProxy.class
[DEBUG] adding entry com/google/common/cache/LocalCache$NullEntry.class
[DEBUG] adding entry com/google/common/cache/LocalCache$ReferenceEntry.class
[DEBUG] adding entry com/google/common/cache/LocalCache$Segment$1.class
[DEBUG] adding entry com/google/common/cache/LocalCache$Segment.class
[DEBUG] adding entry com/google/common/cache/LocalCache$SoftValueReference.class
[DEBUG] adding entry com/google/common/cache/LocalCache$Strength$1.class
[DEBUG] adding entry com/google/common/cache/LocalCache$Strength$2.class
[DEBUG] adding entry com/google/common/cache/LocalCache$Strength$3.class
[DEBUG] adding entry com/google/common/cache/LocalCache$Strength.class
[DEBUG] adding entry com/google/common/cache/LocalCache$StrongAccessEntry.class
[DEBUG] adding entry com/google/common/cache/LocalCache$StrongAccessWriteEntry.class
[DEBUG] adding entry com/google/common/cache/LocalCache$StrongEntry.class
[DEBUG] adding entry com/google/common/cache/LocalCache$StrongValueReference.class
[DEBUG] adding entry com/google/common/cache/LocalCache$StrongWriteEntry.class
[DEBUG] adding entry com/google/common/cache/LocalCache$ValueIterator.class
[DEBUG] adding entry com/google/common/cache/LocalCache$ValueReference.class
[DEBUG] adding entry com/google/common/cache/LocalCache$Values.class
[DEBUG] adding entry com/google/common/cache/LocalCache$WeakAccessEntry.class
[DEBUG] adding entry com/google/common/cache/LocalCache$WeakAccessWriteEntry.class
[DEBUG] adding entry com/google/common/cache/LocalCache$WeakEntry.class
[DEBUG] adding entry com/google/common/cache/LocalCache$WeakValueReference.class
[DEBUG] adding entry com/google/common/cache/LocalCache$WeakWriteEntry.class
[DEBUG] adding entry com/google/common/cache/LocalCache$WeightedSoftValueReference.class
[DEBUG] adding entry com/google/common/cache/LocalCache$WeightedStrongValueReference.class
[DEBUG] adding entry com/google/common/cache/LocalCache$WeightedWeakValueReference.class
[DEBUG] adding entry com/google/common/cache/LocalCache$WriteQueue$1.class
[DEBUG] adding entry com/google/common/cache/LocalCache$WriteQueue$2.class
[DEBUG] adding entry com/google/common/cache/LocalCache$WriteQueue.class
[DEBUG] adding entry com/google/common/cache/LocalCache$WriteThroughEntry.class
[DEBUG] adding entry com/google/common/cache/LocalCache.class
[DEBUG] adding entry com/google/common/cache/LongAddable.class
[DEBUG] adding entry com/google/common/cache/LongAddables$1.class
[DEBUG] adding entry com/google/common/cache/LongAddables$2.class
[DEBUG] adding entry com/google/common/cache/LongAddables$PureJavaLongAddable.class
[DEBUG] adding entry com/google/common/cache/LongAddables.class
[DEBUG] adding entry com/google/common/cache/LongAdder.class
[DEBUG] adding entry com/google/common/cache/RemovalCause$1.class
[DEBUG] adding entry com/google/common/cache/RemovalCause$2.class
[DEBUG] adding entry com/google/common/cache/RemovalCause$3.class
[DEBUG] adding entry com/google/common/cache/RemovalCause$4.class
[DEBUG] adding entry com/google/common/cache/RemovalCause$5.class
[DEBUG] adding entry com/google/common/cache/RemovalCause.class
[DEBUG] adding entry com/google/common/cache/RemovalListener.class
[DEBUG] adding entry com/google/common/cache/RemovalListeners$1$1.class
[DEBUG] adding entry com/google/common/cache/RemovalListeners$1.class
[DEBUG] adding entry com/google/common/cache/RemovalListeners.class
[DEBUG] adding entry com/google/common/cache/RemovalNotification.class
[DEBUG] adding entry com/google/common/cache/Striped64$1.class
[DEBUG] adding entry com/google/common/cache/Striped64$Cell.class
[DEBUG] adding entry com/google/common/cache/Striped64.class
[DEBUG] adding entry com/google/common/cache/Weigher.class
[DEBUG] adding entry com/google/common/cache/package-info.class
[DEBUG] adding directory com/google/common/collect/
[DEBUG] adding entry com/google/common/collect/AbstractBiMap$1.class
[DEBUG] adding entry com/google/common/collect/AbstractBiMap$EntrySet$1$1.class
[DEBUG] adding entry com/google/common/collect/AbstractBiMap$EntrySet$1.class
[DEBUG] adding entry com/google/common/collect/AbstractBiMap$EntrySet.class
[DEBUG] adding entry com/google/common/collect/AbstractBiMap$Inverse.class
[DEBUG] adding entry com/google/common/collect/AbstractBiMap$KeySet.class
[DEBUG] adding entry com/google/common/collect/AbstractBiMap$ValueSet.class
[DEBUG] adding entry com/google/common/collect/AbstractBiMap.class
[DEBUG] adding entry com/google/common/collect/AbstractIndexedListIterator.class
[DEBUG] adding entry com/google/common/collect/AbstractIterator$1.class
[DEBUG] adding entry com/google/common/collect/AbstractIterator$State.class
[DEBUG] adding entry com/google/common/collect/AbstractIterator.class
[DEBUG] adding entry com/google/common/collect/AbstractListMultimap.class
[DEBUG] adding entry com/google/common/collect/AbstractMapBasedMultimap$1.class
[DEBUG] adding entry com/google/common/collect/AbstractMapBasedMultimap$2.class
[DEBUG] adding entry com/google/common/collect/AbstractMapBasedMultimap$AsMap$AsMapEntries.class
[DEBUG] adding entry com/google/common/collect/AbstractMapBasedMultimap$AsMap$AsMapIterator.class
[DEBUG] adding entry com/google/common/collect/AbstractMapBasedMultimap$AsMap.class
[DEBUG] adding entry com/google/common/collect/AbstractMapBasedMultimap$Itr.class
[DEBUG] adding entry com/google/common/collect/AbstractMapBasedMultimap$KeySet$1.class
[DEBUG] adding entry com/google/common/collect/AbstractMapBasedMultimap$KeySet.class
[DEBUG] adding entry com/google/common/collect/AbstractMapBasedMultimap$NavigableAsMap.class
[DEBUG] adding entry com/google/common/collect/AbstractMapBasedMultimap$NavigableKeySet.class
[DEBUG] adding entry com/google/common/collect/AbstractMapBasedMultimap$RandomAccessWrappedList.class
[DEBUG] adding entry com/google/common/collect/AbstractMapBasedMultimap$SortedAsMap.class
[DEBUG] adding entry com/google/common/collect/AbstractMapBasedMultimap$SortedKeySet.class
[DEBUG] adding entry com/google/common/collect/AbstractMapBasedMultimap$WrappedCollection$WrappedIterator.class
[DEBUG] adding entry com/google/common/collect/AbstractMapBasedMultimap$WrappedCollection.class
[DEBUG] adding entry com/google/common/collect/AbstractMapBasedMultimap$WrappedList$WrappedListIterator.class
[DEBUG] adding entry com/google/common/collect/AbstractMapBasedMultimap$WrappedList.class
[DEBUG] adding entry com/google/common/collect/AbstractMapBasedMultimap$WrappedNavigableSet.class
[DEBUG] adding entry com/google/common/collect/AbstractMapBasedMultimap$WrappedSet.class
[DEBUG] adding entry com/google/common/collect/AbstractMapBasedMultimap$WrappedSortedSet.class
[DEBUG] adding entry com/google/common/collect/AbstractMapBasedMultimap.class
[DEBUG] adding entry com/google/common/collect/AbstractMapBasedMultiset$1$1.class
[DEBUG] adding entry com/google/common/collect/AbstractMapBasedMultiset$1.class
[DEBUG] adding entry com/google/common/collect/AbstractMapBasedMultiset$MapBasedMultisetIterator.class
[DEBUG] adding entry com/google/common/collect/AbstractMapBasedMultiset.class
[DEBUG] adding entry com/google/common/collect/AbstractMapEntry.class
[DEBUG] adding entry com/google/common/collect/AbstractMultimap$1.class
[DEBUG] adding entry com/google/common/collect/AbstractMultimap$Entries.class
[DEBUG] adding entry com/google/common/collect/AbstractMultimap$EntrySet.class
[DEBUG] adding entry com/google/common/collect/AbstractMultimap$Values.class
[DEBUG] adding entry com/google/common/collect/AbstractMultimap.class
[DEBUG] adding entry com/google/common/collect/AbstractMultiset$ElementSet.class
[DEBUG] adding entry com/google/common/collect/AbstractMultiset$EntrySet.class
[DEBUG] adding entry com/google/common/collect/AbstractMultiset.class
[DEBUG] adding entry com/google/common/collect/AbstractNavigableMap$1.class
[DEBUG] adding entry com/google/common/collect/AbstractNavigableMap$DescendingMap.class
[DEBUG] adding entry com/google/common/collect/AbstractNavigableMap.class
[DEBUG] adding entry com/google/common/collect/AbstractRangeSet.class
[DEBUG] adding entry com/google/common/collect/AbstractSequentialIterator.class
[DEBUG] adding entry com/google/common/collect/AbstractSetMultimap.class
[DEBUG] adding entry com/google/common/collect/AbstractSortedKeySortedSetMultimap.class
[DEBUG] adding entry com/google/common/collect/AbstractSortedMultiset$1.class
[DEBUG] adding entry com/google/common/collect/AbstractSortedMultiset.class
[DEBUG] adding entry com/google/common/collect/AbstractSortedSetMultimap.class
[DEBUG] adding entry com/google/common/collect/AbstractTable$1.class
[DEBUG] adding entry com/google/common/collect/AbstractTable$CellSet.class
[DEBUG] adding entry com/google/common/collect/AbstractTable$Values.class
[DEBUG] adding entry com/google/common/collect/AbstractTable.class
[DEBUG] adding entry com/google/common/collect/AllEqualOrdering.class
[DEBUG] adding entry com/google/common/collect/ArrayListMultimap.class
[DEBUG] adding entry com/google/common/collect/ArrayTable$1$1.class
[DEBUG] adding entry com/google/common/collect/ArrayTable$1.class
[DEBUG] adding entry com/google/common/collect/ArrayTable$ArrayMap$1$1$1.class
[DEBUG] adding entry com/google/common/collect/ArrayTable$ArrayMap$1$1.class
[DEBUG] adding entry com/google/common/collect/ArrayTable$ArrayMap$1.class
[DEBUG] adding entry com/google/common/collect/ArrayTable$ArrayMap.class
[DEBUG] adding entry com/google/common/collect/ArrayTable$Column.class
[DEBUG] adding entry com/google/common/collect/ArrayTable$ColumnMap.class
[DEBUG] adding entry com/google/common/collect/ArrayTable$Row.class
[DEBUG] adding entry com/google/common/collect/ArrayTable$RowMap.class
[DEBUG] adding entry com/google/common/collect/ArrayTable.class
[DEBUG] adding entry com/google/common/collect/BiMap.class
[DEBUG] adding entry com/google/common/collect/BinaryTreeTraverser$1$1.class
[DEBUG] adding entry com/google/common/collect/BinaryTreeTraverser$1.class
[DEBUG] adding entry com/google/common/collect/BinaryTreeTraverser$2.class
[DEBUG] adding entry com/google/common/collect/BinaryTreeTraverser$InOrderIterator.class
[DEBUG] adding entry com/google/common/collect/BinaryTreeTraverser$PostOrderIterator.class
[DEBUG] adding entry com/google/common/collect/BinaryTreeTraverser$PreOrderIterator.class
[DEBUG] adding entry com/google/common/collect/BinaryTreeTraverser.class
[DEBUG] adding entry com/google/common/collect/BoundType$1.class
[DEBUG] adding entry com/google/common/collect/BoundType$2.class
[DEBUG] adding entry com/google/common/collect/BoundType.class
[DEBUG] adding entry com/google/common/collect/ByFunctionOrdering.class
[DEBUG] adding entry com/google/common/collect/CartesianList$1.class
[DEBUG] adding entry com/google/common/collect/CartesianList.class
[DEBUG] adding entry com/google/common/collect/ClassToInstanceMap.class
[DEBUG] adding entry com/google/common/collect/CollectPreconditions.class
[DEBUG] adding entry com/google/common/collect/Collections2$1.class
[DEBUG] adding entry com/google/common/collect/Collections2$FilteredCollection.class
[DEBUG] adding entry com/google/common/collect/Collections2$OrderedPermutationCollection.class
[DEBUG] adding entry com/google/common/collect/Collections2$OrderedPermutationIterator.class
[DEBUG] adding entry com/google/common/collect/Collections2$PermutationCollection.class
[DEBUG] adding entry com/google/common/collect/Collections2$PermutationIterator.class
[DEBUG] adding entry com/google/common/collect/Collections2$TransformedCollection.class
[DEBUG] adding entry com/google/common/collect/Collections2.class
[DEBUG] adding entry com/google/common/collect/ComparatorOrdering.class
[DEBUG] adding entry com/google/common/collect/ComparisonChain$1.class
[DEBUG] adding entry com/google/common/collect/ComparisonChain$InactiveComparisonChain.class
[DEBUG] adding entry com/google/common/collect/ComparisonChain.class
[DEBUG] adding entry com/google/common/collect/CompoundOrdering.class
[DEBUG] adding entry com/google/common/collect/ComputationException.class
[DEBUG] adding entry com/google/common/collect/ComputingConcurrentHashMap$ComputationExceptionReference.class
[DEBUG] adding entry com/google/common/collect/ComputingConcurrentHashMap$ComputedReference.class
[DEBUG] adding entry com/google/common/collect/ComputingConcurrentHashMap$ComputingSegment.class
[DEBUG] adding entry com/google/common/collect/ComputingConcurrentHashMap$ComputingSerializationProxy.class
[DEBUG] adding entry com/google/common/collect/ComputingConcurrentHashMap$ComputingValueReference.class
[DEBUG] adding entry com/google/common/collect/ComputingConcurrentHashMap.class
[DEBUG] adding entry com/google/common/collect/ConcurrentHashMultiset$1.class
[DEBUG] adding entry com/google/common/collect/ConcurrentHashMultiset$2.class
[DEBUG] adding entry com/google/common/collect/ConcurrentHashMultiset$3.class
[DEBUG] adding entry com/google/common/collect/ConcurrentHashMultiset$EntrySet.class
[DEBUG] adding entry com/google/common/collect/ConcurrentHashMultiset$FieldSettersHolder.class
[DEBUG] adding entry com/google/common/collect/ConcurrentHashMultiset.class
[DEBUG] adding entry com/google/common/collect/Constraint.class
[DEBUG] adding entry com/google/common/collect/Constraints$ConstrainedCollection.class
[DEBUG] adding entry com/google/common/collect/Constraints$ConstrainedList.class
[DEBUG] adding entry com/google/common/collect/Constraints$ConstrainedListIterator.class
[DEBUG] adding entry com/google/common/collect/Constraints$ConstrainedRandomAccessList.class
[DEBUG] adding entry com/google/common/collect/Constraints$ConstrainedSet.class
[DEBUG] adding entry com/google/common/collect/Constraints$ConstrainedSortedSet.class
[DEBUG] adding entry com/google/common/collect/Constraints.class
[DEBUG] adding entry com/google/common/collect/ContiguousSet.class
[DEBUG] adding entry com/google/common/collect/Count.class
[DEBUG] adding entry com/google/common/collect/Cut$1.class
[DEBUG] adding entry com/google/common/collect/Cut$AboveAll.class
[DEBUG] adding entry com/google/common/collect/Cut$AboveValue.class
[DEBUG] adding entry com/google/common/collect/Cut$BelowAll.class
[DEBUG] adding entry com/google/common/collect/Cut$BelowValue.class
[DEBUG] adding entry com/google/common/collect/Cut.class
[DEBUG] adding entry com/google/common/collect/DenseImmutableTable$1.class
[DEBUG] adding entry com/google/common/collect/DenseImmutableTable$Column.class
[DEBUG] adding entry com/google/common/collect/DenseImmutableTable$ColumnMap.class
[DEBUG] adding entry com/google/common/collect/DenseImmutableTable$ImmutableArrayMap$1$1.class
[DEBUG] adding entry com/google/common/collect/DenseImmutableTable$ImmutableArrayMap$1.class
[DEBUG] adding entry com/google/common/collect/DenseImmutableTable$ImmutableArrayMap.class
[DEBUG] adding entry com/google/common/collect/DenseImmutableTable$Row.class
[DEBUG] adding entry com/google/common/collect/DenseImmutableTable$RowMap.class
[DEBUG] adding entry com/google/common/collect/DenseImmutableTable.class
[DEBUG] adding entry com/google/common/collect/DescendingImmutableSortedMultiset.class
[DEBUG] adding entry com/google/common/collect/DescendingImmutableSortedSet.class
[DEBUG] adding entry com/google/common/collect/DescendingMultiset$1.class
[DEBUG] adding entry com/google/common/collect/DescendingMultiset.class
[DEBUG] adding entry com/google/common/collect/DiscreteDomain$BigIntegerDomain.class
[DEBUG] adding entry com/google/common/collect/DiscreteDomain$IntegerDomain.class
[DEBUG] adding entry com/google/common/collect/DiscreteDomain$LongDomain.class
[DEBUG] adding entry com/google/common/collect/DiscreteDomain.class
[DEBUG] adding entry com/google/common/collect/EmptyContiguousSet$1.class
[DEBUG] adding entry com/google/common/collect/EmptyContiguousSet$SerializedForm.class
[DEBUG] adding entry com/google/common/collect/EmptyContiguousSet.class
[DEBUG] adding entry com/google/common/collect/EmptyImmutableBiMap.class
[DEBUG] adding entry com/google/common/collect/EmptyImmutableListMultimap.class
[DEBUG] adding entry com/google/common/collect/EmptyImmutableSet.class
[DEBUG] adding entry com/google/common/collect/EmptyImmutableSetMultimap.class
[DEBUG] adding entry com/google/common/collect/EmptyImmutableSortedMap.class
[DEBUG] adding entry com/google/common/collect/EmptyImmutableSortedMultiset.class
[DEBUG] adding entry com/google/common/collect/EmptyImmutableSortedSet.class
[DEBUG] adding entry com/google/common/collect/EnumBiMap.class
[DEBUG] adding entry com/google/common/collect/EnumHashBiMap.class
[DEBUG] adding entry com/google/common/collect/EnumMultiset.class
[DEBUG] adding entry com/google/common/collect/EvictingQueue.class
[DEBUG] adding entry com/google/common/collect/ExplicitOrdering.class
[DEBUG] adding entry com/google/common/collect/FilteredEntryMultimap$AsMap$1.class
[DEBUG] adding entry com/google/common/collect/FilteredEntryMultimap$AsMap$2$1.class
[DEBUG] adding entry com/google/common/collect/FilteredEntryMultimap$AsMap$2.class
[DEBUG] adding entry com/google/common/collect/FilteredEntryMultimap$AsMap$3.class
[DEBUG] adding entry com/google/common/collect/FilteredEntryMultimap$AsMap.class
[DEBUG] adding entry com/google/common/collect/FilteredEntryMultimap$Keys$1$1.class
[DEBUG] adding entry com/google/common/collect/FilteredEntryMultimap$Keys$1.class
[DEBUG] adding entry com/google/common/collect/FilteredEntryMultimap$Keys.class
[DEBUG] adding entry com/google/common/collect/FilteredEntryMultimap$ValuePredicate.class
[DEBUG] adding entry com/google/common/collect/FilteredEntryMultimap.class
[DEBUG] adding entry com/google/common/collect/FilteredEntrySetMultimap.class
[DEBUG] adding entry com/google/common/collect/FilteredKeyListMultimap.class
[DEBUG] adding entry com/google/common/collect/FilteredKeyMultimap$AddRejectingList.class
[DEBUG] adding entry com/google/common/collect/FilteredKeyMultimap$AddRejectingSet.class
[DEBUG] adding entry com/google/common/collect/FilteredKeyMultimap$Entries.class
[DEBUG] adding entry com/google/common/collect/FilteredKeyMultimap.class
[DEBUG] adding entry com/google/common/collect/FilteredKeySetMultimap$EntrySet.class
[DEBUG] adding entry com/google/common/collect/FilteredKeySetMultimap.class
[DEBUG] adding entry com/google/common/collect/FilteredMultimap.class
[DEBUG] adding entry com/google/common/collect/FilteredMultimapValues.class
[DEBUG] adding entry com/google/common/collect/FilteredSetMultimap.class
[DEBUG] adding entry com/google/common/collect/FluentIterable$1.class
[DEBUG] adding entry com/google/common/collect/FluentIterable$FromIterableFunction.class
[DEBUG] adding entry com/google/common/collect/FluentIterable.class
[DEBUG] adding entry com/google/common/collect/ForwardingBlockingDeque.class
[DEBUG] adding entry com/google/common/collect/ForwardingCollection.class
[DEBUG] adding entry com/google/common/collect/ForwardingConcurrentMap.class
[DEBUG] adding entry com/google/common/collect/ForwardingDeque.class
[DEBUG] adding entry com/google/common/collect/ForwardingImmutableCollection.class
[DEBUG] adding entry com/google/common/collect/ForwardingImmutableList.class
[DEBUG] adding entry com/google/common/collect/ForwardingImmutableMap.class
[DEBUG] adding entry com/google/common/collect/ForwardingImmutableSet.class
[DEBUG] adding entry com/google/common/collect/ForwardingIterator.class
[DEBUG] adding entry com/google/common/collect/ForwardingList.class
[DEBUG] adding entry com/google/common/collect/ForwardingListIterator.class
[DEBUG] adding entry com/google/common/collect/ForwardingListMultimap.class
[DEBUG] adding entry com/google/common/collect/ForwardingMap$StandardEntrySet.class
[DEBUG] adding entry com/google/common/collect/ForwardingMap$StandardKeySet.class
[DEBUG] adding entry com/google/common/collect/ForwardingMap$StandardValues.class
[DEBUG] adding entry com/google/common/collect/ForwardingMap.class
[DEBUG] adding entry com/google/common/collect/ForwardingMapEntry.class
[DEBUG] adding entry com/google/common/collect/ForwardingMultimap.class
[DEBUG] adding entry com/google/common/collect/ForwardingMultiset$StandardElementSet.class
[DEBUG] adding entry com/google/common/collect/ForwardingMultiset.class
[DEBUG] adding entry com/google/common/collect/ForwardingNavigableMap$StandardDescendingMap$1.class
[DEBUG] adding entry com/google/common/collect/ForwardingNavigableMap$StandardDescendingMap.class
[DEBUG] adding entry com/google/common/collect/ForwardingNavigableMap$StandardNavigableKeySet.class
[DEBUG] adding entry com/google/common/collect/ForwardingNavigableMap.class
[DEBUG] adding entry com/google/common/collect/ForwardingNavigableSet$StandardDescendingSet.class
[DEBUG] adding entry com/google/common/collect/ForwardingNavigableSet.class
[DEBUG] adding entry com/google/common/collect/ForwardingObject.class
[DEBUG] adding entry com/google/common/collect/ForwardingQueue.class
[DEBUG] adding entry com/google/common/collect/ForwardingSet.class
[DEBUG] adding entry com/google/common/collect/ForwardingSetMultimap.class
[DEBUG] adding entry com/google/common/collect/ForwardingSortedMap$StandardKeySet.class
[DEBUG] adding entry com/google/common/collect/ForwardingSortedMap.class
[DEBUG] adding entry com/google/common/collect/ForwardingSortedMultiset$StandardDescendingMultiset.class
[DEBUG] adding entry com/google/common/collect/ForwardingSortedMultiset$StandardElementSet.class
[DEBUG] adding entry com/google/common/collect/ForwardingSortedMultiset.class
[DEBUG] adding entry com/google/common/collect/ForwardingSortedSet.class
[DEBUG] adding entry com/google/common/collect/ForwardingSortedSetMultimap.class
[DEBUG] adding entry com/google/common/collect/ForwardingTable.class
[DEBUG] adding entry com/google/common/collect/GeneralRange.class
[DEBUG] adding entry com/google/common/collect/GenericMapMaker$NullListener.class
[DEBUG] adding entry com/google/common/collect/GenericMapMaker.class
[DEBUG] adding entry com/google/common/collect/GwtTransient.class
[DEBUG] adding entry com/google/common/collect/HashBasedTable$Factory.class
[DEBUG] adding entry com/google/common/collect/HashBasedTable.class
[DEBUG] adding entry com/google/common/collect/HashBiMap$1.class
[DEBUG] adding entry com/google/common/collect/HashBiMap$BiEntry.class
[DEBUG] adding entry com/google/common/collect/HashBiMap$EntrySet$1$MapEntry.class
[DEBUG] adding entry com/google/common/collect/HashBiMap$EntrySet$1.class
[DEBUG] adding entry com/google/common/collect/HashBiMap$EntrySet.class
[DEBUG] adding entry com/google/common/collect/HashBiMap$Inverse$1$1$InverseEntry.class
[DEBUG] adding entry com/google/common/collect/HashBiMap$Inverse$1$1.class
[DEBUG] adding entry com/google/common/collect/HashBiMap$Inverse$1.class
[DEBUG] adding entry com/google/common/collect/HashBiMap$Inverse$InverseKeySet$1.class
[DEBUG] adding entry com/google/common/collect/HashBiMap$Inverse$InverseKeySet.class
[DEBUG] adding entry com/google/common/collect/HashBiMap$Inverse.class
[DEBUG] adding entry com/google/common/collect/HashBiMap$InverseSerializedForm.class
[DEBUG] adding entry com/google/common/collect/HashBiMap$Itr.class
[DEBUG] adding entry com/google/common/collect/HashBiMap$KeySet$1.class
[DEBUG] adding entry com/google/common/collect/HashBiMap$KeySet.class
[DEBUG] adding entry com/google/common/collect/HashBiMap.class
[DEBUG] adding entry com/google/common/collect/HashMultimap.class
[DEBUG] adding entry com/google/common/collect/HashMultiset.class
[DEBUG] adding entry com/google/common/collect/Hashing.class
[DEBUG] adding entry com/google/common/collect/ImmutableAsList$SerializedForm.class
[DEBUG] adding entry com/google/common/collect/ImmutableAsList.class
[DEBUG] adding entry com/google/common/collect/ImmutableBiMap$Builder.class
[DEBUG] adding entry com/google/common/collect/ImmutableBiMap$SerializedForm.class
[DEBUG] adding entry com/google/common/collect/ImmutableBiMap.class
[DEBUG] adding entry com/google/common/collect/ImmutableClassToInstanceMap$1.class
[DEBUG] adding entry com/google/common/collect/ImmutableClassToInstanceMap$Builder.class
[DEBUG] adding entry com/google/common/collect/ImmutableClassToInstanceMap.class
[DEBUG] adding entry com/google/common/collect/ImmutableCollection$ArrayBasedBuilder.class
[DEBUG] adding entry com/google/common/collect/ImmutableCollection$Builder.class
[DEBUG] adding entry com/google/common/collect/ImmutableCollection.class
[DEBUG] adding entry com/google/common/collect/ImmutableEntry.class
[DEBUG] adding entry com/google/common/collect/ImmutableEnumMap$1.class
[DEBUG] adding entry com/google/common/collect/ImmutableEnumMap$2$1.class
[DEBUG] adding entry com/google/common/collect/ImmutableEnumMap$2.class
[DEBUG] adding entry com/google/common/collect/ImmutableEnumMap$EnumSerializedForm.class
[DEBUG] adding entry com/google/common/collect/ImmutableEnumMap.class
[DEBUG] adding entry com/google/common/collect/ImmutableEnumSet$1.class
[DEBUG] adding entry com/google/common/collect/ImmutableEnumSet$EnumSerializedForm.class
[DEBUG] adding entry com/google/common/collect/ImmutableEnumSet.class
[DEBUG] adding entry com/google/common/collect/ImmutableList$1.class
[DEBUG] adding entry com/google/common/collect/ImmutableList$Builder.class
[DEBUG] adding entry com/google/common/collect/ImmutableList$ReverseImmutableList.class
[DEBUG] adding entry com/google/common/collect/ImmutableList$SerializedForm.class
[DEBUG] adding entry com/google/common/collect/ImmutableList$SubList.class
[DEBUG] adding entry com/google/common/collect/ImmutableList.class
[DEBUG] adding entry com/google/common/collect/ImmutableListMultimap$Builder.class
[DEBUG] adding entry com/google/common/collect/ImmutableListMultimap.class
[DEBUG] adding entry com/google/common/collect/ImmutableMap$Builder.class
[DEBUG] adding entry com/google/common/collect/ImmutableMap$MapViewOfValuesAsSingletonSets$1$1$1.class
[DEBUG] adding entry com/google/common/collect/ImmutableMap$MapViewOfValuesAsSingletonSets$1$1.class
[DEBUG] adding entry com/google/common/collect/ImmutableMap$MapViewOfValuesAsSingletonSets$1.class
[DEBUG] adding entry com/google/common/collect/ImmutableMap$MapViewOfValuesAsSingletonSets.class
[DEBUG] adding entry com/google/common/collect/ImmutableMap$SerializedForm.class
[DEBUG] adding entry com/google/common/collect/ImmutableMap.class
[DEBUG] adding entry com/google/common/collect/ImmutableMapEntry$TerminalEntry.class
[DEBUG] adding entry com/google/common/collect/ImmutableMapEntry.class
[DEBUG] adding entry com/google/common/collect/ImmutableMapEntrySet$EntrySetSerializedForm.class
[DEBUG] adding entry com/google/common/collect/ImmutableMapEntrySet.class
[DEBUG] adding entry com/google/common/collect/ImmutableMapKeySet$1.class
[DEBUG] adding entry com/google/common/collect/ImmutableMapKeySet$KeySetSerializedForm.class
[DEBUG] adding entry com/google/common/collect/ImmutableMapKeySet.class
[DEBUG] adding entry com/google/common/collect/ImmutableMapValues$1.class
[DEBUG] adding entry com/google/common/collect/ImmutableMapValues$SerializedForm.class
[DEBUG] adding entry com/google/common/collect/ImmutableMapValues.class
[DEBUG] adding entry com/google/common/collect/ImmutableMultimap$1.class
[DEBUG] adding entry com/google/common/collect/ImmutableMultimap$2.class
[DEBUG] adding entry com/google/common/collect/ImmutableMultimap$Builder.class
[DEBUG] adding entry com/google/common/collect/ImmutableMultimap$BuilderMultimap.class
[DEBUG] adding entry com/google/common/collect/ImmutableMultimap$EntryCollection.class
[DEBUG] adding entry com/google/common/collect/ImmutableMultimap$FieldSettersHolder.class
[DEBUG] adding entry com/google/common/collect/ImmutableMultimap$Itr.class
[DEBUG] adding entry com/google/common/collect/ImmutableMultimap$Keys.class
[DEBUG] adding entry com/google/common/collect/ImmutableMultimap$Values.class
[DEBUG] adding entry com/google/common/collect/ImmutableMultimap.class
[DEBUG] adding entry com/google/common/collect/ImmutableMultiset$1.class
[DEBUG] adding entry com/google/common/collect/ImmutableMultiset$Builder.class
[DEBUG] adding entry com/google/common/collect/ImmutableMultiset$EntrySet$1.class
[DEBUG] adding entry com/google/common/collect/ImmutableMultiset$EntrySet.class
[DEBUG] adding entry com/google/common/collect/ImmutableMultiset$EntrySetSerializedForm.class
[DEBUG] adding entry com/google/common/collect/ImmutableMultiset$SerializedForm.class
[DEBUG] adding entry com/google/common/collect/ImmutableMultiset.class
[DEBUG] adding entry com/google/common/collect/ImmutableRangeMap$1.class
[DEBUG] adding entry com/google/common/collect/ImmutableRangeMap$2.class
[DEBUG] adding entry com/google/common/collect/ImmutableRangeMap$Builder.class
[DEBUG] adding entry com/google/common/collect/ImmutableRangeMap.class
[DEBUG] adding entry com/google/common/collect/ImmutableRangeSet$1.class
[DEBUG] adding entry com/google/common/collect/ImmutableRangeSet$AsSet$1.class
[DEBUG] adding entry com/google/common/collect/ImmutableRangeSet$AsSet$2.class
[DEBUG] adding entry com/google/common/collect/ImmutableRangeSet$AsSet.class
[DEBUG] adding entry com/google/common/collect/ImmutableRangeSet$AsSetSerializedForm.class
[DEBUG] adding entry com/google/common/collect/ImmutableRangeSet$Builder.class
[DEBUG] adding entry com/google/common/collect/ImmutableRangeSet$ComplementRanges.class
[DEBUG] adding entry com/google/common/collect/ImmutableRangeSet$SerializedForm.class
[DEBUG] adding entry com/google/common/collect/ImmutableRangeSet.class
[DEBUG] adding entry com/google/common/collect/ImmutableSet$Builder.class
[DEBUG] adding entry com/google/common/collect/ImmutableSet$SerializedForm.class
[DEBUG] adding entry com/google/common/collect/ImmutableSet.class
[DEBUG] adding entry com/google/common/collect/ImmutableSetMultimap$Builder.class
[DEBUG] adding entry com/google/common/collect/ImmutableSetMultimap$BuilderMultimap.class
[DEBUG] adding entry com/google/common/collect/ImmutableSetMultimap$EntrySet.class
[DEBUG] adding entry com/google/common/collect/ImmutableSetMultimap.class
[DEBUG] adding entry com/google/common/collect/ImmutableSortedAsList.class
[DEBUG] adding entry com/google/common/collect/ImmutableSortedMap$Builder.class
[DEBUG] adding entry com/google/common/collect/ImmutableSortedMap$SerializedForm.class
[DEBUG] adding entry com/google/common/collect/ImmutableSortedMap.class
[DEBUG] adding entry com/google/common/collect/ImmutableSortedMapFauxverideShim.class
[DEBUG] adding entry com/google/common/collect/ImmutableSortedMultiset$Builder.class
[DEBUG] adding entry com/google/common/collect/ImmutableSortedMultiset$SerializedForm.class
[DEBUG] adding entry com/google/common/collect/ImmutableSortedMultiset.class
[DEBUG] adding entry com/google/common/collect/ImmutableSortedMultisetFauxverideShim.class
[DEBUG] adding entry com/google/common/collect/ImmutableSortedSet$Builder.class
[DEBUG] adding entry com/google/common/collect/ImmutableSortedSet$SerializedForm.class
[DEBUG] adding entry com/google/common/collect/ImmutableSortedSet.class
[DEBUG] adding entry com/google/common/collect/ImmutableSortedSetFauxverideShim.class
[DEBUG] adding entry com/google/common/collect/ImmutableTable$Builder.class
[DEBUG] adding entry com/google/common/collect/ImmutableTable.class
[DEBUG] adding entry com/google/common/collect/Interner.class
[DEBUG] adding entry com/google/common/collect/Interners$1.class
[DEBUG] adding entry com/google/common/collect/Interners$InternerFunction.class
[DEBUG] adding entry com/google/common/collect/Interners$WeakInterner$Dummy.class
[DEBUG] adding entry com/google/common/collect/Interners$WeakInterner.class
[DEBUG] adding entry com/google/common/collect/Interners.class
[DEBUG] adding entry com/google/common/collect/Iterables$1.class
[DEBUG] adding entry com/google/common/collect/Iterables$10$1.class
[DEBUG] adding entry com/google/common/collect/Iterables$10.class
[DEBUG] adding entry com/google/common/collect/Iterables$11.class
[DEBUG] adding entry com/google/common/collect/Iterables$12.class
[DEBUG] adding entry com/google/common/collect/Iterables$13.class
[DEBUG] adding entry com/google/common/collect/Iterables$14.class
[DEBUG] adding entry com/google/common/collect/Iterables$15.class
[DEBUG] adding entry com/google/common/collect/Iterables$2.class
[DEBUG] adding entry com/google/common/collect/Iterables$3.class
[DEBUG] adding entry com/google/common/collect/Iterables$4.class
[DEBUG] adding entry com/google/common/collect/Iterables$5.class
[DEBUG] adding entry com/google/common/collect/Iterables$6.class
[DEBUG] adding entry com/google/common/collect/Iterables$7.class
[DEBUG] adding entry com/google/common/collect/Iterables$8.class
[DEBUG] adding entry com/google/common/collect/Iterables$9.class
[DEBUG] adding entry com/google/common/collect/Iterables$ConsumingQueueIterator.class
[DEBUG] adding entry com/google/common/collect/Iterables$UnmodifiableIterable.class
[DEBUG] adding entry com/google/common/collect/Iterables.class
[DEBUG] adding entry com/google/common/collect/Iterators$1.class
[DEBUG] adding entry com/google/common/collect/Iterators$10.class
[DEBUG] adding entry com/google/common/collect/Iterators$11.class
[DEBUG] adding entry com/google/common/collect/Iterators$12.class
[DEBUG] adding entry com/google/common/collect/Iterators$13.class
[DEBUG] adding entry com/google/common/collect/Iterators$14.class
[DEBUG] adding entry com/google/common/collect/Iterators$2.class
[DEBUG] adding entry com/google/common/collect/Iterators$3.class
[DEBUG] adding entry com/google/common/collect/Iterators$4.class
[DEBUG] adding entry com/google/common/collect/Iterators$5.class
[DEBUG] adding entry com/google/common/collect/Iterators$6.class
[DEBUG] adding entry com/google/common/collect/Iterators$7.class
[DEBUG] adding entry com/google/common/collect/Iterators$8.class
[DEBUG] adding entry com/google/common/collect/Iterators$9.class
[DEBUG] adding entry com/google/common/collect/Iterators$MergingIterator$1.class
[DEBUG] adding entry com/google/common/collect/Iterators$MergingIterator.class
[DEBUG] adding entry com/google/common/collect/Iterators$PeekingImpl.class
[DEBUG] adding entry com/google/common/collect/Iterators.class
[DEBUG] adding entry com/google/common/collect/LexicographicalOrdering.class
[DEBUG] adding entry com/google/common/collect/LinkedHashMultimap$1.class
[DEBUG] adding entry com/google/common/collect/LinkedHashMultimap$ValueEntry.class
[DEBUG] adding entry com/google/common/collect/LinkedHashMultimap$ValueSet$1.class
[DEBUG] adding entry com/google/common/collect/LinkedHashMultimap$ValueSet.class
[DEBUG] adding entry com/google/common/collect/LinkedHashMultimap$ValueSetLink.class
[DEBUG] adding entry com/google/common/collect/LinkedHashMultimap.class
[DEBUG] adding entry com/google/common/collect/LinkedHashMultiset.class
[DEBUG] adding entry com/google/common/collect/LinkedListMultimap$1.class
[DEBUG] adding entry com/google/common/collect/LinkedListMultimap$2.class
[DEBUG] adding entry com/google/common/collect/LinkedListMultimap$3$1.class
[DEBUG] adding entry com/google/common/collect/LinkedListMultimap$3.class
[DEBUG] adding entry com/google/common/collect/LinkedListMultimap$4.class
[DEBUG] adding entry com/google/common/collect/LinkedListMultimap$DistinctKeyIterator.class
[DEBUG] adding entry com/google/common/collect/LinkedListMultimap$KeyList.class
[DEBUG] adding entry com/google/common/collect/LinkedListMultimap$Node.class
[DEBUG] adding entry com/google/common/collect/LinkedListMultimap$NodeIterator.class
[DEBUG] adding entry com/google/common/collect/LinkedListMultimap$ValueForKeyIterator.class
[DEBUG] adding entry com/google/common/collect/LinkedListMultimap.class
[DEBUG] adding entry com/google/common/collect/ListMultimap.class
[DEBUG] adding entry com/google/common/collect/Lists$1.class
[DEBUG] adding entry com/google/common/collect/Lists$2.class
[DEBUG] adding entry com/google/common/collect/Lists$AbstractListWrapper.class
[DEBUG] adding entry com/google/common/collect/Lists$CharSequenceAsList.class
[DEBUG] adding entry com/google/common/collect/Lists$OnePlusArrayList.class
[DEBUG] adding entry com/google/common/collect/Lists$Partition.class
[DEBUG] adding entry com/google/common/collect/Lists$RandomAccessListWrapper.class
[DEBUG] adding entry com/google/common/collect/Lists$RandomAccessPartition.class
[DEBUG] adding entry com/google/common/collect/Lists$RandomAccessReverseList.class
[DEBUG] adding entry com/google/common/collect/Lists$ReverseList$1.class
[DEBUG] adding entry com/google/common/collect/Lists$ReverseList.class
[DEBUG] adding entry com/google/common/collect/Lists$StringAsImmutableList.class
[DEBUG] adding entry com/google/common/collect/Lists$TransformingRandomAccessList$1.class
[DEBUG] adding entry com/google/common/collect/Lists$TransformingRandomAccessList.class
[DEBUG] adding entry com/google/common/collect/Lists$TransformingSequentialList$1.class
[DEBUG] adding entry com/google/common/collect/Lists$TransformingSequentialList.class
[DEBUG] adding entry com/google/common/collect/Lists$TwoPlusArrayList.class
[DEBUG] adding entry com/google/common/collect/Lists.class
[DEBUG] adding entry com/google/common/collect/MapConstraint.class
[DEBUG] adding entry com/google/common/collect/MapConstraints$1.class
[DEBUG] adding entry com/google/common/collect/MapConstraints$2$1.class
[DEBUG] adding entry com/google/common/collect/MapConstraints$2.class
[DEBUG] adding entry com/google/common/collect/MapConstraints$ConstrainedAsMapEntries$1.class
[DEBUG] adding entry com/google/common/collect/MapConstraints$ConstrainedAsMapEntries.class
[DEBUG] adding entry com/google/common/collect/MapConstraints$ConstrainedAsMapValues$1.class
[DEBUG] adding entry com/google/common/collect/MapConstraints$ConstrainedAsMapValues.class
[DEBUG] adding entry com/google/common/collect/MapConstraints$ConstrainedBiMap.class
[DEBUG] adding entry com/google/common/collect/MapConstraints$ConstrainedEntries$1.class
[DEBUG] adding entry com/google/common/collect/MapConstraints$ConstrainedEntries.class
[DEBUG] adding entry com/google/common/collect/MapConstraints$ConstrainedEntrySet.class
[DEBUG] adding entry com/google/common/collect/MapConstraints$ConstrainedListMultimap.class
[DEBUG] adding entry com/google/common/collect/MapConstraints$ConstrainedMap.class
[DEBUG] adding entry com/google/common/collect/MapConstraints$ConstrainedMultimap$1.class
[DEBUG] adding entry com/google/common/collect/MapConstraints$ConstrainedMultimap$2.class
[DEBUG] adding entry com/google/common/collect/MapConstraints$ConstrainedMultimap.class
[DEBUG] adding entry com/google/common/collect/MapConstraints$ConstrainedSetMultimap.class
[DEBUG] adding entry com/google/common/collect/MapConstraints$ConstrainedSortedSetMultimap.class
[DEBUG] adding entry com/google/common/collect/MapConstraints$InverseConstraint.class
[DEBUG] adding entry com/google/common/collect/MapConstraints$NotNullMapConstraint.class
[DEBUG] adding entry com/google/common/collect/MapConstraints.class
[DEBUG] adding entry com/google/common/collect/MapDifference$ValueDifference.class
[DEBUG] adding entry com/google/common/collect/MapDifference.class
[DEBUG] adding entry com/google/common/collect/MapMaker$1.class
[DEBUG] adding entry com/google/common/collect/MapMaker$ComputingMapAdapter.class
[DEBUG] adding entry com/google/common/collect/MapMaker$NullComputingConcurrentMap.class
[DEBUG] adding entry com/google/common/collect/MapMaker$NullConcurrentMap.class
[DEBUG] adding entry com/google/common/collect/MapMaker$RemovalCause$1.class
[DEBUG] adding entry com/google/common/collect/MapMaker$RemovalCause$2.class
[DEBUG] adding entry com/google/common/collect/MapMaker$RemovalCause$3.class
[DEBUG] adding entry com/google/common/collect/MapMaker$RemovalCause$4.class
[DEBUG] adding entry com/google/common/collect/MapMaker$RemovalCause$5.class
[DEBUG] adding entry com/google/common/collect/MapMaker$RemovalCause.class
[DEBUG] adding entry com/google/common/collect/MapMaker$RemovalListener.class
[DEBUG] adding entry com/google/common/collect/MapMaker$RemovalNotification.class
[DEBUG] adding entry com/google/common/collect/MapMaker.class
[DEBUG] adding entry com/google/common/collect/MapMakerInternalMap$1.class
[DEBUG] adding entry com/google/common/collect/MapMakerInternalMap$2.class
[DEBUG] adding entry com/google/common/collect/MapMakerInternalMap$AbstractReferenceEntry.class
[DEBUG] adding entry com/google/common/collect/MapMakerInternalMap$AbstractSerializationProxy.class
[DEBUG] adding entry com/google/common/collect/MapMakerInternalMap$CleanupMapTask.class
[DEBUG] adding entry com/google/common/collect/MapMakerInternalMap$EntryFactory$1.class
[DEBUG] adding entry com/google/common/collect/MapMakerInternalMap$EntryFactory$2.class
[DEBUG] adding entry com/google/common/collect/MapMakerInternalMap$EntryFactory$3.class
[DEBUG] adding entry com/google/common/collect/MapMakerInternalMap$EntryFactory$4.class
[DEBUG] adding entry com/google/common/collect/MapMakerInternalMap$EntryFactory$5.class
[DEBUG] adding entry com/google/common/collect/MapMakerInternalMap$EntryFactory$6.class
[DEBUG] adding entry com/google/common/collect/MapMakerInternalMap$EntryFactory$7.class
[DEBUG] adding entry com/google/common/collect/MapMakerInternalMap$EntryFactory$8.class
[DEBUG] adding entry com/google/common/collect/MapMakerInternalMap$EntryFactory.class
[DEBUG] adding entry com/google/common/collect/MapMakerInternalMap$EntryIterator.class
[DEBUG] adding entry com/google/common/collect/MapMakerInternalMap$EntrySet.class
[DEBUG] adding entry com/google/common/collect/MapMakerInternalMap$EvictionQueue$1.class
[DEBUG] adding entry com/google/common/collect/MapMakerInternalMap$EvictionQueue$2.class
[DEBUG] adding entry com/google/common/collect/MapMakerInternalMap$EvictionQueue.class
[DEBUG] adding entry com/google/common/collect/MapMakerInternalMap$ExpirationQueue$1.class
[DEBUG] adding entry com/google/common/collect/MapMakerInternalMap$ExpirationQueue$2.class
[DEBUG] adding entry com/google/common/collect/MapMakerInternalMap$ExpirationQueue.class
[DEBUG] adding entry com/google/common/collect/MapMakerInternalMap$HashIterator.class
[DEBUG] adding entry com/google/common/collect/MapMakerInternalMap$KeyIterator.class
[DEBUG] adding entry com/google/common/collect/MapMakerInternalMap$KeySet.class
[DEBUG] adding entry com/google/common/collect/MapMakerInternalMap$NullEntry.class
[DEBUG] adding entry com/google/common/collect/MapMakerInternalMap$ReferenceEntry.class
[DEBUG] adding entry com/google/common/collect/MapMakerInternalMap$Segment.class
[DEBUG] adding entry com/google/common/collect/MapMakerInternalMap$SerializationProxy.class
[DEBUG] adding entry com/google/common/collect/MapMakerInternalMap$SoftEntry.class
[DEBUG] adding entry com/google/common/collect/MapMakerInternalMap$SoftEvictableEntry.class
[DEBUG] adding entry com/google/common/collect/MapMakerInternalMap$SoftExpirableEntry.class
[DEBUG] adding entry com/google/common/collect/MapMakerInternalMap$SoftExpirableEvictableEntry.class
[DEBUG] adding entry com/google/common/collect/MapMakerInternalMap$SoftValueReference.class
[DEBUG] adding entry com/google/common/collect/MapMakerInternalMap$Strength$1.class
[DEBUG] adding entry com/google/common/collect/MapMakerInternalMap$Strength$2.class
[DEBUG] adding entry com/google/common/collect/MapMakerInternalMap$Strength$3.class
[DEBUG] adding entry com/google/common/collect/MapMakerInternalMap$Strength.class
[DEBUG] adding entry com/google/common/collect/MapMakerInternalMap$StrongEntry.class
[DEBUG] adding entry com/google/common/collect/MapMakerInternalMap$StrongEvictableEntry.class
[DEBUG] adding entry com/google/common/collect/MapMakerInternalMap$StrongExpirableEntry.class
[DEBUG] adding entry com/google/common/collect/MapMakerInternalMap$StrongExpirableEvictableEntry.class
[DEBUG] adding entry com/google/common/collect/MapMakerInternalMap$StrongValueReference.class
[DEBUG] adding entry com/google/common/collect/MapMakerInternalMap$ValueIterator.class
[DEBUG] adding entry com/google/common/collect/MapMakerInternalMap$ValueReference.class
[DEBUG] adding entry com/google/common/collect/MapMakerInternalMap$Values.class
[DEBUG] adding entry com/google/common/collect/MapMakerInternalMap$WeakEntry.class
[DEBUG] adding entry com/google/common/collect/MapMakerInternalMap$WeakEvictableEntry.class
[DEBUG] adding entry com/google/common/collect/MapMakerInternalMap$WeakExpirableEntry.class
[DEBUG] adding entry com/google/common/collect/MapMakerInternalMap$WeakExpirableEvictableEntry.class
[DEBUG] adding entry com/google/common/collect/MapMakerInternalMap$WeakValueReference.class
[DEBUG] adding entry com/google/common/collect/MapMakerInternalMap$WriteThroughEntry.class
[DEBUG] adding entry com/google/common/collect/MapMakerInternalMap.class
[DEBUG] adding entry com/google/common/collect/Maps$1.class
[DEBUG] adding entry com/google/common/collect/Maps$10.class
[DEBUG] adding entry com/google/common/collect/Maps$11.class
[DEBUG] adding entry com/google/common/collect/Maps$2.class
[DEBUG] adding entry com/google/common/collect/Maps$3.class
[DEBUG] adding entry com/google/common/collect/Maps$4.class
[DEBUG] adding entry com/google/common/collect/Maps$5.class
[DEBUG] adding entry com/google/common/collect/Maps$6.class
[DEBUG] adding entry com/google/common/collect/Maps$7.class
[DEBUG] adding entry com/google/common/collect/Maps$8.class
[DEBUG] adding entry com/google/common/collect/Maps$9.class
[DEBUG] adding entry com/google/common/collect/Maps$AbstractFilteredMap.class
[DEBUG] adding entry com/google/common/collect/Maps$AsMapView$1.class
[DEBUG] adding entry com/google/common/collect/Maps$AsMapView.class
[DEBUG] adding entry com/google/common/collect/Maps$BiMapConverter.class
[DEBUG] adding entry com/google/common/collect/Maps$DescendingMap$1.class
[DEBUG] adding entry com/google/common/collect/Maps$DescendingMap.class
[DEBUG] adding entry com/google/common/collect/Maps$EntryFunction$1.class
[DEBUG] adding entry com/google/common/collect/Maps$EntryFunction$2.class
[DEBUG] adding entry com/google/common/collect/Maps$EntryFunction.class
[DEBUG] adding entry com/google/common/collect/Maps$EntrySet.class
[DEBUG] adding entry com/google/common/collect/Maps$EntryTransformer.class
[DEBUG] adding entry com/google/common/collect/Maps$FilteredEntryBiMap$1.class
[DEBUG] adding entry com/google/common/collect/Maps$FilteredEntryBiMap.class
[DEBUG] adding entry com/google/common/collect/Maps$FilteredEntryMap$EntrySet$1$1.class
[DEBUG] adding entry com/google/common/collect/Maps$FilteredEntryMap$EntrySet$1.class
[DEBUG] adding entry com/google/common/collect/Maps$FilteredEntryMap$EntrySet.class
[DEBUG] adding entry com/google/common/collect/Maps$FilteredEntryMap$KeySet.class
[DEBUG] adding entry com/google/common/collect/Maps$FilteredEntryMap.class
[DEBUG] adding entry com/google/common/collect/Maps$FilteredEntryNavigableMap$1.class
[DEBUG] adding entry com/google/common/collect/Maps$FilteredEntryNavigableMap.class
[DEBUG] adding entry com/google/common/collect/Maps$FilteredEntrySortedMap$SortedKeySet.class
[DEBUG] adding entry com/google/common/collect/Maps$FilteredEntrySortedMap.class
[DEBUG] adding entry com/google/common/collect/Maps$FilteredKeyMap.class
[DEBUG] adding entry com/google/common/collect/Maps$FilteredMapValues.class
[DEBUG] adding entry com/google/common/collect/Maps$ImprovedAbstractMap.class
[DEBUG] adding entry com/google/common/collect/Maps$KeySet.class
[DEBUG] adding entry com/google/common/collect/Maps$MapDifferenceImpl.class
[DEBUG] adding entry com/google/common/collect/Maps$NavigableAsMapView.class
[DEBUG] adding entry com/google/common/collect/Maps$NavigableKeySet.class
[DEBUG] adding entry com/google/common/collect/Maps$SortedAsMapView.class
[DEBUG] adding entry com/google/common/collect/Maps$SortedKeySet.class
[DEBUG] adding entry com/google/common/collect/Maps$SortedMapDifferenceImpl.class
[DEBUG] adding entry com/google/common/collect/Maps$TransformedEntriesMap$1.class
[DEBUG] adding entry com/google/common/collect/Maps$TransformedEntriesMap.class
[DEBUG] adding entry com/google/common/collect/Maps$TransformedEntriesNavigableMap.class
[DEBUG] adding entry com/google/common/collect/Maps$TransformedEntriesSortedMap.class
[DEBUG] adding entry com/google/common/collect/Maps$UnmodifiableBiMap.class
[DEBUG] adding entry com/google/common/collect/Maps$UnmodifiableEntries$1.class
[DEBUG] adding entry com/google/common/collect/Maps$UnmodifiableEntries.class
[DEBUG] adding entry com/google/common/collect/Maps$UnmodifiableEntrySet.class
[DEBUG] adding entry com/google/common/collect/Maps$UnmodifiableNavigableMap.class
[DEBUG] adding entry com/google/common/collect/Maps$ValueDifferenceImpl.class
[DEBUG] adding entry com/google/common/collect/Maps$Values.class
[DEBUG] adding entry com/google/common/collect/Maps.class
[DEBUG] adding entry com/google/common/collect/MinMaxPriorityQueue$1.class
[DEBUG] adding entry com/google/common/collect/MinMaxPriorityQueue$Builder.class
[DEBUG] adding entry com/google/common/collect/MinMaxPriorityQueue$Heap.class
[DEBUG] adding entry com/google/common/collect/MinMaxPriorityQueue$MoveDesc.class
[DEBUG] adding entry com/google/common/collect/MinMaxPriorityQueue$QueueIterator.class
[DEBUG] adding entry com/google/common/collect/MinMaxPriorityQueue.class
[DEBUG] adding entry com/google/common/collect/Multimap.class
[DEBUG] adding entry com/google/common/collect/MultimapBuilder$1.class
[DEBUG] adding entry com/google/common/collect/MultimapBuilder$2.class
[DEBUG] adding entry com/google/common/collect/MultimapBuilder$3.class
[DEBUG] adding entry com/google/common/collect/MultimapBuilder$4.class
[DEBUG] adding entry com/google/common/collect/MultimapBuilder$ArrayListSupplier.class
[DEBUG] adding entry com/google/common/collect/MultimapBuilder$EnumSetSupplier.class
[DEBUG] adding entry com/google/common/collect/MultimapBuilder$HashSetSupplier.class
[DEBUG] adding entry com/google/common/collect/MultimapBuilder$LinkedHashSetSupplier.class
[DEBUG] adding entry com/google/common/collect/MultimapBuilder$LinkedListSupplier.class
[DEBUG] adding entry com/google/common/collect/MultimapBuilder$ListMultimapBuilder.class
[DEBUG] adding entry com/google/common/collect/MultimapBuilder$MultimapBuilderWithKeys$1.class
[DEBUG] adding entry com/google/common/collect/MultimapBuilder$MultimapBuilderWithKeys$2.class
[DEBUG] adding entry com/google/common/collect/MultimapBuilder$MultimapBuilderWithKeys$3.class
[DEBUG] adding entry com/google/common/collect/MultimapBuilder$MultimapBuilderWithKeys$4.class
[DEBUG] adding entry com/google/common/collect/MultimapBuilder$MultimapBuilderWithKeys$5.class
[DEBUG] adding entry com/google/common/collect/MultimapBuilder$MultimapBuilderWithKeys$6.class
[DEBUG] adding entry com/google/common/collect/MultimapBuilder$MultimapBuilderWithKeys.class
[DEBUG] adding entry com/google/common/collect/MultimapBuilder$SetMultimapBuilder.class
[DEBUG] adding entry com/google/common/collect/MultimapBuilder$SortedSetMultimapBuilder.class
[DEBUG] adding entry com/google/common/collect/MultimapBuilder$TreeSetSupplier.class
[DEBUG] adding entry com/google/common/collect/MultimapBuilder.class
[DEBUG] adding entry com/google/common/collect/Multimaps$AsMap$EntrySet$1.class
[DEBUG] adding entry com/google/common/collect/Multimaps$AsMap$EntrySet.class
[DEBUG] adding entry com/google/common/collect/Multimaps$AsMap.class
[DEBUG] adding entry com/google/common/collect/Multimaps$CustomListMultimap.class
[DEBUG] adding entry com/google/common/collect/Multimaps$CustomMultimap.class
[DEBUG] adding entry com/google/common/collect/Multimaps$CustomSetMultimap.class
[DEBUG] adding entry com/google/common/collect/Multimaps$CustomSortedSetMultimap.class
[DEBUG] adding entry com/google/common/collect/Multimaps$Entries.class
[DEBUG] adding entry com/google/common/collect/Multimaps$Keys$1$1.class
[DEBUG] adding entry com/google/common/collect/Multimaps$Keys$1.class
[DEBUG] adding entry com/google/common/collect/Multimaps$Keys$KeysEntrySet.class
[DEBUG] adding entry com/google/common/collect/Multimaps$Keys.class
[DEBUG] adding entry com/google/common/collect/Multimaps$MapMultimap$1$1.class
[DEBUG] adding entry com/google/common/collect/Multimaps$MapMultimap$1.class
[DEBUG] adding entry com/google/common/collect/Multimaps$MapMultimap.class
[DEBUG] adding entry com/google/common/collect/Multimaps$TransformedEntriesListMultimap.class
[DEBUG] adding entry com/google/common/collect/Multimaps$TransformedEntriesMultimap$1.class
[DEBUG] adding entry com/google/common/collect/Multimaps$TransformedEntriesMultimap.class
[DEBUG] adding entry com/google/common/collect/Multimaps$UnmodifiableListMultimap.class
[DEBUG] adding entry com/google/common/collect/Multimaps$UnmodifiableMultimap$1.class
[DEBUG] adding entry com/google/common/collect/Multimaps$UnmodifiableMultimap.class
[DEBUG] adding entry com/google/common/collect/Multimaps$UnmodifiableSetMultimap.class
[DEBUG] adding entry com/google/common/collect/Multimaps$UnmodifiableSortedSetMultimap.class
[DEBUG] adding entry com/google/common/collect/Multimaps.class
[DEBUG] adding entry com/google/common/collect/Multiset$Entry.class
[DEBUG] adding entry com/google/common/collect/Multiset.class
[DEBUG] adding entry com/google/common/collect/Multisets$1$1.class
[DEBUG] adding entry com/google/common/collect/Multisets$1.class
[DEBUG] adding entry com/google/common/collect/Multisets$2$1.class
[DEBUG] adding entry com/google/common/collect/Multisets$2.class
[DEBUG] adding entry com/google/common/collect/Multisets$3$1.class
[DEBUG] adding entry com/google/common/collect/Multisets$3.class
[DEBUG] adding entry com/google/common/collect/Multisets$4$1.class
[DEBUG] adding entry com/google/common/collect/Multisets$4.class
[DEBUG] adding entry com/google/common/collect/Multisets$5.class
[DEBUG] adding entry com/google/common/collect/Multisets$AbstractEntry.class
[DEBUG] adding entry com/google/common/collect/Multisets$ElementSet$1.class
[DEBUG] adding entry com/google/common/collect/Multisets$ElementSet.class
[DEBUG] adding entry com/google/common/collect/Multisets$EntrySet.class
[DEBUG] adding entry com/google/common/collect/Multisets$FilteredMultiset$1.class
[DEBUG] adding entry com/google/common/collect/Multisets$FilteredMultiset.class
[DEBUG] adding entry com/google/common/collect/Multisets$ImmutableEntry.class
[DEBUG] adding entry com/google/common/collect/Multisets$MultisetIteratorImpl.class
[DEBUG] adding entry com/google/common/collect/Multisets$UnmodifiableMultiset.class
[DEBUG] adding entry com/google/common/collect/Multisets.class
[DEBUG] adding entry com/google/common/collect/MutableClassToInstanceMap$1.class
[DEBUG] adding entry com/google/common/collect/MutableClassToInstanceMap.class
[DEBUG] adding entry com/google/common/collect/NaturalOrdering.class
[DEBUG] adding entry com/google/common/collect/NullsFirstOrdering.class
[DEBUG] adding entry com/google/common/collect/NullsLastOrdering.class
[DEBUG] adding entry com/google/common/collect/ObjectArrays.class
[DEBUG] adding entry com/google/common/collect/Ordering$ArbitraryOrdering$1.class
[DEBUG] adding entry com/google/common/collect/Ordering$ArbitraryOrdering.class
[DEBUG] adding entry com/google/common/collect/Ordering$ArbitraryOrderingHolder.class
[DEBUG] adding entry com/google/common/collect/Ordering$IncomparableValueException.class
[DEBUG] adding entry com/google/common/collect/Ordering.class
[DEBUG] adding entry com/google/common/collect/PeekingIterator.class
[DEBUG] adding entry com/google/common/collect/Platform.class
[DEBUG] adding entry com/google/common/collect/Queues.class
[DEBUG] adding entry com/google/common/collect/Range$1.class
[DEBUG] adding entry com/google/common/collect/Range$2.class
[DEBUG] adding entry com/google/common/collect/Range$3.class
[DEBUG] adding entry com/google/common/collect/Range$4.class
[DEBUG] adding entry com/google/common/collect/Range.class
[DEBUG] adding entry com/google/common/collect/RangeMap.class
[DEBUG] adding entry com/google/common/collect/RangeSet.class
[DEBUG] adding entry com/google/common/collect/RegularContiguousSet$1.class
[DEBUG] adding entry com/google/common/collect/RegularContiguousSet$2.class
[DEBUG] adding entry com/google/common/collect/RegularContiguousSet$SerializedForm.class
[DEBUG] adding entry com/google/common/collect/RegularContiguousSet.class
[DEBUG] adding entry com/google/common/collect/RegularImmutableAsList.class
[DEBUG] adding entry com/google/common/collect/RegularImmutableBiMap$1.class
[DEBUG] adding entry com/google/common/collect/RegularImmutableBiMap$Inverse$InverseEntrySet$1.class
[DEBUG] adding entry com/google/common/collect/RegularImmutableBiMap$Inverse$InverseEntrySet.class
[DEBUG] adding entry com/google/common/collect/RegularImmutableBiMap$Inverse.class
[DEBUG] adding entry com/google/common/collect/RegularImmutableBiMap$InverseSerializedForm.class
[DEBUG] adding entry com/google/common/collect/RegularImmutableBiMap$NonTerminalBiMapEntry.class
[DEBUG] adding entry com/google/common/collect/RegularImmutableBiMap.class
[DEBUG] adding entry com/google/common/collect/RegularImmutableList.class
[DEBUG] adding entry com/google/common/collect/RegularImmutableMap$1.class
[DEBUG] adding entry com/google/common/collect/RegularImmutableMap$EntrySet.class
[DEBUG] adding entry com/google/common/collect/RegularImmutableMap$NonTerminalMapEntry.class
[DEBUG] adding entry com/google/common/collect/RegularImmutableMap.class
[DEBUG] adding entry com/google/common/collect/RegularImmutableMultiset.class
[DEBUG] adding entry com/google/common/collect/RegularImmutableSet.class
[DEBUG] adding entry com/google/common/collect/RegularImmutableSortedMap$1.class
[DEBUG] adding entry com/google/common/collect/RegularImmutableSortedMap$EntrySet$1.class
[DEBUG] adding entry com/google/common/collect/RegularImmutableSortedMap$EntrySet.class
[DEBUG] adding entry com/google/common/collect/RegularImmutableSortedMap.class
[DEBUG] adding entry com/google/common/collect/RegularImmutableSortedMultiset.class
[DEBUG] adding entry com/google/common/collect/RegularImmutableSortedSet.class
[DEBUG] adding entry com/google/common/collect/RegularImmutableTable$1.class
[DEBUG] adding entry com/google/common/collect/RegularImmutableTable$CellSet$1.class
[DEBUG] adding entry com/google/common/collect/RegularImmutableTable$CellSet.class
[DEBUG] adding entry com/google/common/collect/RegularImmutableTable$Values.class
[DEBUG] adding entry com/google/common/collect/RegularImmutableTable.class
[DEBUG] adding entry com/google/common/collect/ReverseNaturalOrdering.class
[DEBUG] adding entry com/google/common/collect/ReverseOrdering.class
[DEBUG] adding entry com/google/common/collect/RowSortedTable.class
[DEBUG] adding entry com/google/common/collect/Serialization$1.class
[DEBUG] adding entry com/google/common/collect/Serialization$FieldSetter.class
[DEBUG] adding entry com/google/common/collect/Serialization.class
[DEBUG] adding entry com/google/common/collect/SetMultimap.class
[DEBUG] adding entry com/google/common/collect/Sets$1.class
[DEBUG] adding entry com/google/common/collect/Sets$2.class
[DEBUG] adding entry com/google/common/collect/Sets$3.class
[DEBUG] adding entry com/google/common/collect/Sets$CartesianSet$1.class
[DEBUG] adding entry com/google/common/collect/Sets$CartesianSet.class
[DEBUG] adding entry com/google/common/collect/Sets$DescendingSet.class
[DEBUG] adding entry com/google/common/collect/Sets$FilteredNavigableSet.class
[DEBUG] adding entry com/google/common/collect/Sets$FilteredSet.class
[DEBUG] adding entry com/google/common/collect/Sets$FilteredSortedSet.class
[DEBUG] adding entry com/google/common/collect/Sets$ImprovedAbstractSet.class
[DEBUG] adding entry com/google/common/collect/Sets$PowerSet$1.class
[DEBUG] adding entry com/google/common/collect/Sets$PowerSet.class
[DEBUG] adding entry com/google/common/collect/Sets$SetView.class
[DEBUG] adding entry com/google/common/collect/Sets$SubSet$1.class
[DEBUG] adding entry com/google/common/collect/Sets$SubSet.class
[DEBUG] adding entry com/google/common/collect/Sets$UnmodifiableNavigableSet.class
[DEBUG] adding entry com/google/common/collect/Sets.class
[DEBUG] adding entry com/google/common/collect/SingletonImmutableBiMap.class
[DEBUG] adding entry com/google/common/collect/SingletonImmutableList.class
[DEBUG] adding entry com/google/common/collect/SingletonImmutableSet.class
[DEBUG] adding entry com/google/common/collect/SingletonImmutableTable.class
[DEBUG] adding entry com/google/common/collect/SortedIterable.class
[DEBUG] adding entry com/google/common/collect/SortedIterables.class
[DEBUG] adding entry com/google/common/collect/SortedLists$1.class
[DEBUG] adding entry com/google/common/collect/SortedLists$KeyAbsentBehavior$1.class
[DEBUG] adding entry com/google/common/collect/SortedLists$KeyAbsentBehavior$2.class
[DEBUG] adding entry com/google/common/collect/SortedLists$KeyAbsentBehavior$3.class
[DEBUG] adding entry com/google/common/collect/SortedLists$KeyAbsentBehavior.class
[DEBUG] adding entry com/google/common/collect/SortedLists$KeyPresentBehavior$1.class
[DEBUG] adding entry com/google/common/collect/SortedLists$KeyPresentBehavior$2.class
[DEBUG] adding entry com/google/common/collect/SortedLists$KeyPresentBehavior$3.class
[DEBUG] adding entry com/google/common/collect/SortedLists$KeyPresentBehavior$4.class
[DEBUG] adding entry com/google/common/collect/SortedLists$KeyPresentBehavior$5.class
[DEBUG] adding entry com/google/common/collect/SortedLists$KeyPresentBehavior.class
[DEBUG] adding entry com/google/common/collect/SortedLists.class
[DEBUG] adding entry com/google/common/collect/SortedMapDifference.class
[DEBUG] adding entry com/google/common/collect/SortedMultiset.class
[DEBUG] adding entry com/google/common/collect/SortedMultisetBridge.class
[DEBUG] adding entry com/google/common/collect/SortedMultisets$ElementSet.class
[DEBUG] adding entry com/google/common/collect/SortedMultisets$NavigableElementSet.class
[DEBUG] adding entry com/google/common/collect/SortedMultisets.class
[DEBUG] adding entry com/google/common/collect/SortedSetMultimap.class
[DEBUG] adding entry com/google/common/collect/SparseImmutableTable.class
[DEBUG] adding entry com/google/common/collect/StandardRowSortedTable$1.class
[DEBUG] adding entry com/google/common/collect/StandardRowSortedTable$RowSortedMap.class
[DEBUG] adding entry com/google/common/collect/StandardRowSortedTable.class
[DEBUG] adding entry com/google/common/collect/StandardTable$1.class
[DEBUG] adding entry com/google/common/collect/StandardTable$CellIterator.class
[DEBUG] adding entry com/google/common/collect/StandardTable$Column$EntrySet.class
[DEBUG] adding entry com/google/common/collect/StandardTable$Column$EntrySetIterator$1.class
[DEBUG] adding entry com/google/common/collect/StandardTable$Column$EntrySetIterator.class
[DEBUG] adding entry com/google/common/collect/StandardTable$Column$KeySet.class
[DEBUG] adding entry com/google/common/collect/StandardTable$Column$Values.class
[DEBUG] adding entry com/google/common/collect/StandardTable$Column.class
[DEBUG] adding entry com/google/common/collect/StandardTable$ColumnKeyIterator.class
[DEBUG] adding entry com/google/common/collect/StandardTable$ColumnKeySet.class
[DEBUG] adding entry com/google/common/collect/StandardTable$ColumnMap$ColumnMapEntrySet$1.class
[DEBUG] adding entry com/google/common/collect/StandardTable$ColumnMap$ColumnMapEntrySet.class
[DEBUG] adding entry com/google/common/collect/StandardTable$ColumnMap$ColumnMapValues.class
[DEBUG] adding entry com/google/common/collect/StandardTable$ColumnMap.class
[DEBUG] adding entry com/google/common/collect/StandardTable$Row$RowEntrySet$1$1.class
[DEBUG] adding entry com/google/common/collect/StandardTable$Row$RowEntrySet$1.class
[DEBUG] adding entry com/google/common/collect/StandardTable$Row$RowEntrySet.class
[DEBUG] adding entry com/google/common/collect/StandardTable$Row.class
[DEBUG] adding entry com/google/common/collect/StandardTable$RowMap$EntrySet$1.class
[DEBUG] adding entry com/google/common/collect/StandardTable$RowMap$EntrySet.class
[DEBUG] adding entry com/google/common/collect/StandardTable$RowMap.class
[DEBUG] adding entry com/google/common/collect/StandardTable$TableSet.class
[DEBUG] adding entry com/google/common/collect/StandardTable.class
[DEBUG] adding entry com/google/common/collect/Synchronized$1.class
[DEBUG] adding entry com/google/common/collect/Synchronized$SynchronizedAsMap.class
[DEBUG] adding entry com/google/common/collect/Synchronized$SynchronizedAsMapEntries$1$1.class
[DEBUG] adding entry com/google/common/collect/Synchronized$SynchronizedAsMapEntries$1.class
[DEBUG] adding entry com/google/common/collect/Synchronized$SynchronizedAsMapEntries.class
[DEBUG] adding entry com/google/common/collect/Synchronized$SynchronizedAsMapValues$1.class
[DEBUG] adding entry com/google/common/collect/Synchronized$SynchronizedAsMapValues.class
[DEBUG] adding entry com/google/common/collect/Synchronized$SynchronizedBiMap.class
[DEBUG] adding entry com/google/common/collect/Synchronized$SynchronizedCollection.class
[DEBUG] adding entry com/google/common/collect/Synchronized$SynchronizedDeque.class
[DEBUG] adding entry com/google/common/collect/Synchronized$SynchronizedEntry.class
[DEBUG] adding entry com/google/common/collect/Synchronized$SynchronizedList.class
[DEBUG] adding entry com/google/common/collect/Synchronized$SynchronizedListMultimap.class
[DEBUG] adding entry com/google/common/collect/Synchronized$SynchronizedMap.class
[DEBUG] adding entry com/google/common/collect/Synchronized$SynchronizedMultimap.class
[DEBUG] adding entry com/google/common/collect/Synchronized$SynchronizedMultiset.class
[DEBUG] adding entry com/google/common/collect/Synchronized$SynchronizedNavigableMap.class
[DEBUG] adding entry com/google/common/collect/Synchronized$SynchronizedNavigableSet.class
[DEBUG] adding entry com/google/common/collect/Synchronized$SynchronizedObject.class
[DEBUG] adding entry com/google/common/collect/Synchronized$SynchronizedQueue.class
[DEBUG] adding entry com/google/common/collect/Synchronized$SynchronizedRandomAccessList.class
[DEBUG] adding entry com/google/common/collect/Synchronized$SynchronizedSet.class
[DEBUG] adding entry com/google/common/collect/Synchronized$SynchronizedSetMultimap.class
[DEBUG] adding entry com/google/common/collect/Synchronized$SynchronizedSortedMap.class
[DEBUG] adding entry com/google/common/collect/Synchronized$SynchronizedSortedSet.class
[DEBUG] adding entry com/google/common/collect/Synchronized$SynchronizedSortedSetMultimap.class
[DEBUG] adding entry com/google/common/collect/Synchronized.class
[DEBUG] adding entry com/google/common/collect/Table$Cell.class
[DEBUG] adding entry com/google/common/collect/Table.class
[DEBUG] adding entry com/google/common/collect/Tables$1.class
[DEBUG] adding entry com/google/common/collect/Tables$AbstractCell.class
[DEBUG] adding entry com/google/common/collect/Tables$ImmutableCell.class
[DEBUG] adding entry com/google/common/collect/Tables$TransformedTable$1.class
[DEBUG] adding entry com/google/common/collect/Tables$TransformedTable$2.class
[DEBUG] adding entry com/google/common/collect/Tables$TransformedTable$3.class
[DEBUG] adding entry com/google/common/collect/Tables$TransformedTable.class
[DEBUG] adding entry com/google/common/collect/Tables$TransposeTable$1.class
[DEBUG] adding entry com/google/common/collect/Tables$TransposeTable.class
[DEBUG] adding entry com/google/common/collect/Tables$UnmodifiableRowSortedMap.class
[DEBUG] adding entry com/google/common/collect/Tables$UnmodifiableTable.class
[DEBUG] adding entry com/google/common/collect/Tables.class
[DEBUG] adding entry com/google/common/collect/TransformedIterator.class
[DEBUG] adding entry com/google/common/collect/TransformedListIterator.class
[DEBUG] adding entry com/google/common/collect/TreeBasedTable$1.class
[DEBUG] adding entry com/google/common/collect/TreeBasedTable$2.class
[DEBUG] adding entry com/google/common/collect/TreeBasedTable$Factory.class
[DEBUG] adding entry com/google/common/collect/TreeBasedTable$TreeRow.class
[DEBUG] adding entry com/google/common/collect/TreeBasedTable.class
[DEBUG] adding entry com/google/common/collect/TreeMultimap.class
[DEBUG] adding entry com/google/common/collect/TreeMultiset$1.class
[DEBUG] adding entry com/google/common/collect/TreeMultiset$2.class
[DEBUG] adding entry com/google/common/collect/TreeMultiset$3.class
[DEBUG] adding entry com/google/common/collect/TreeMultiset$4.class
[DEBUG] adding entry com/google/common/collect/TreeMultiset$Aggregate$1.class
[DEBUG] adding entry com/google/common/collect/TreeMultiset$Aggregate$2.class
[DEBUG] adding entry com/google/common/collect/TreeMultiset$Aggregate.class
[DEBUG] adding entry com/google/common/collect/TreeMultiset$AvlNode.class
[DEBUG] adding entry com/google/common/collect/TreeMultiset$Reference.class
[DEBUG] adding entry com/google/common/collect/TreeMultiset.class
[DEBUG] adding entry com/google/common/collect/TreeRangeMap$1.class
[DEBUG] adding entry com/google/common/collect/TreeRangeMap$AsMapOfRanges$1.class
[DEBUG] adding entry com/google/common/collect/TreeRangeMap$AsMapOfRanges.class
[DEBUG] adding entry com/google/common/collect/TreeRangeMap$RangeMapEntry.class
[DEBUG] adding entry com/google/common/collect/TreeRangeMap$SubRangeMap$SubRangeMapAsMap$1.class
[DEBUG] adding entry com/google/common/collect/TreeRangeMap$SubRangeMap$SubRangeMapAsMap$2$1.class
[DEBUG] adding entry com/google/common/collect/TreeRangeMap$SubRangeMap$SubRangeMapAsMap$2.class
[DEBUG] adding entry com/google/common/collect/TreeRangeMap$SubRangeMap$SubRangeMapAsMap$3.class
[DEBUG] adding entry com/google/common/collect/TreeRangeMap$SubRangeMap$SubRangeMapAsMap.class
[DEBUG] adding entry com/google/common/collect/TreeRangeMap$SubRangeMap.class
[DEBUG] adding entry com/google/common/collect/TreeRangeMap.class
[DEBUG] adding entry com/google/common/collect/TreeRangeSet$1.class
[DEBUG] adding entry com/google/common/collect/TreeRangeSet$AsRanges.class
[DEBUG] adding entry com/google/common/collect/TreeRangeSet$Complement.class
[DEBUG] adding entry com/google/common/collect/TreeRangeSet$ComplementRangesByLowerBound$1.class
[DEBUG] adding entry com/google/common/collect/TreeRangeSet$ComplementRangesByLowerBound$2.class
[DEBUG] adding entry com/google/common/collect/TreeRangeSet$ComplementRangesByLowerBound.class
[DEBUG] adding entry com/google/common/collect/TreeRangeSet$RangesByUpperBound$1.class
[DEBUG] adding entry com/google/common/collect/TreeRangeSet$RangesByUpperBound$2.class
[DEBUG] adding entry com/google/common/collect/TreeRangeSet$RangesByUpperBound.class
[DEBUG] adding entry com/google/common/collect/TreeRangeSet$SubRangeSet.class
[DEBUG] adding entry com/google/common/collect/TreeRangeSet$SubRangeSetRangesByLowerBound$1.class
[DEBUG] adding entry com/google/common/collect/TreeRangeSet$SubRangeSetRangesByLowerBound$2.class
[DEBUG] adding entry com/google/common/collect/TreeRangeSet$SubRangeSetRangesByLowerBound.class
[DEBUG] adding entry com/google/common/collect/TreeRangeSet.class
[DEBUG] adding entry com/google/common/collect/TreeTraverser$1.class
[DEBUG] adding entry com/google/common/collect/TreeTraverser$2.class
[DEBUG] adding entry com/google/common/collect/TreeTraverser$3.class
[DEBUG] adding entry com/google/common/collect/TreeTraverser$BreadthFirstIterator.class
[DEBUG] adding entry com/google/common/collect/TreeTraverser$PostOrderIterator.class
[DEBUG] adding entry com/google/common/collect/TreeTraverser$PostOrderNode.class
[DEBUG] adding entry com/google/common/collect/TreeTraverser$PreOrderIterator.class
[DEBUG] adding entry com/google/common/collect/TreeTraverser.class
[DEBUG] adding entry com/google/common/collect/UnmodifiableIterator.class
[DEBUG] adding entry com/google/common/collect/UnmodifiableListIterator.class
[DEBUG] adding entry com/google/common/collect/UnmodifiableSortedMultiset.class
[DEBUG] adding entry com/google/common/collect/UsingToStringOrdering.class
[DEBUG] adding entry com/google/common/collect/WellBehavedMap$1.class
[DEBUG] adding entry com/google/common/collect/WellBehavedMap$EntrySet$1$1.class
[DEBUG] adding entry com/google/common/collect/WellBehavedMap$EntrySet$1.class
[DEBUG] adding entry com/google/common/collect/WellBehavedMap$EntrySet.class
[DEBUG] adding entry com/google/common/collect/WellBehavedMap.class
[DEBUG] adding entry com/google/common/collect/package-info.class
[DEBUG] adding directory com/google/common/escape/
[DEBUG] adding entry com/google/common/escape/ArrayBasedCharEscaper.class
[DEBUG] adding entry com/google/common/escape/ArrayBasedEscaperMap.class
[DEBUG] adding entry com/google/common/escape/ArrayBasedUnicodeEscaper.class
[DEBUG] adding entry com/google/common/escape/CharEscaper.class
[DEBUG] adding entry com/google/common/escape/CharEscaperBuilder$CharArrayDecorator.class
[DEBUG] adding entry com/google/common/escape/CharEscaperBuilder.class
[DEBUG] adding entry com/google/common/escape/Escaper$1.class
[DEBUG] adding entry com/google/common/escape/Escaper.class
[DEBUG] adding entry com/google/common/escape/Escapers$1.class
[DEBUG] adding entry com/google/common/escape/Escapers$2.class
[DEBUG] adding entry com/google/common/escape/Escapers$Builder$1.class
[DEBUG] adding entry com/google/common/escape/Escapers$Builder.class
[DEBUG] adding entry com/google/common/escape/Escapers.class
[DEBUG] adding entry com/google/common/escape/Platform$1.class
[DEBUG] adding entry com/google/common/escape/Platform.class
[DEBUG] adding entry com/google/common/escape/UnicodeEscaper.class
[DEBUG] adding entry com/google/common/escape/package-info.class
[DEBUG] adding directory com/google/common/eventbus/
[DEBUG] adding entry com/google/common/eventbus/AllowConcurrentEvents.class
[DEBUG] adding entry com/google/common/eventbus/AnnotatedSubscriberFinder$1.class
[DEBUG] adding entry com/google/common/eventbus/AnnotatedSubscriberFinder$MethodIdentifier.class
[DEBUG] adding entry com/google/common/eventbus/AnnotatedSubscriberFinder.class
[DEBUG] adding entry com/google/common/eventbus/AsyncEventBus$1.class
[DEBUG] adding entry com/google/common/eventbus/AsyncEventBus.class
[DEBUG] adding entry com/google/common/eventbus/DeadEvent.class
[DEBUG] adding entry com/google/common/eventbus/EventBus$1.class
[DEBUG] adding entry com/google/common/eventbus/EventBus$2.class
[DEBUG] adding entry com/google/common/eventbus/EventBus$3.class
[DEBUG] adding entry com/google/common/eventbus/EventBus$EventWithSubscriber.class
[DEBUG] adding entry com/google/common/eventbus/EventBus$LoggingSubscriberExceptionHandler.class
[DEBUG] adding entry com/google/common/eventbus/EventBus.class
[DEBUG] adding entry com/google/common/eventbus/EventSubscriber.class
[DEBUG] adding entry com/google/common/eventbus/Subscribe.class
[DEBUG] adding entry com/google/common/eventbus/SubscriberExceptionContext.class
[DEBUG] adding entry com/google/common/eventbus/SubscriberExceptionHandler.class
[DEBUG] adding entry com/google/common/eventbus/SubscriberFindingStrategy.class
[DEBUG] adding entry com/google/common/eventbus/SynchronizedEventSubscriber.class
[DEBUG] adding directory com/google/common/hash/
[DEBUG] adding entry com/google/common/hash/AbstractByteHasher.class
[DEBUG] adding entry com/google/common/hash/AbstractCompositeHashFunction$1.class
[DEBUG] adding entry com/google/common/hash/AbstractCompositeHashFunction.class
[DEBUG] adding entry com/google/common/hash/AbstractHasher.class
[DEBUG] adding entry com/google/common/hash/AbstractNonStreamingHashFunction$BufferingHasher.class
[DEBUG] adding entry com/google/common/hash/AbstractNonStreamingHashFunction$ExposedByteArrayOutputStream.class
[DEBUG] adding entry com/google/common/hash/AbstractNonStreamingHashFunction.class
[DEBUG] adding entry com/google/common/hash/AbstractStreamingHashFunction$AbstractStreamingHasher.class
[DEBUG] adding entry com/google/common/hash/AbstractStreamingHashFunction.class
[DEBUG] adding entry com/google/common/hash/BloomFilter$1.class
[DEBUG] adding entry com/google/common/hash/BloomFilter$SerialForm.class
[DEBUG] adding entry com/google/common/hash/BloomFilter$Strategy.class
[DEBUG] adding entry com/google/common/hash/BloomFilter.class
[DEBUG] adding entry com/google/common/hash/BloomFilterStrategies$1.class
[DEBUG] adding entry com/google/common/hash/BloomFilterStrategies$2.class
[DEBUG] adding entry com/google/common/hash/BloomFilterStrategies$BitArray.class
[DEBUG] adding entry com/google/common/hash/BloomFilterStrategies.class
[DEBUG] adding entry com/google/common/hash/ChecksumHashFunction$1.class
[DEBUG] adding entry com/google/common/hash/ChecksumHashFunction$ChecksumHasher.class
[DEBUG] adding entry com/google/common/hash/ChecksumHashFunction.class
[DEBUG] adding entry com/google/common/hash/Crc32cHashFunction$Crc32cHasher.class
[DEBUG] adding entry com/google/common/hash/Crc32cHashFunction.class
[DEBUG] adding entry com/google/common/hash/Funnel.class
[DEBUG] adding entry com/google/common/hash/Funnels$ByteArrayFunnel.class
[DEBUG] adding entry com/google/common/hash/Funnels$IntegerFunnel.class
[DEBUG] adding entry com/google/common/hash/Funnels$LongFunnel.class
[DEBUG] adding entry com/google/common/hash/Funnels$SequentialFunnel.class
[DEBUG] adding entry com/google/common/hash/Funnels$SinkAsStream.class
[DEBUG] adding entry com/google/common/hash/Funnels$StringCharsetFunnel$SerializedForm.class
[DEBUG] adding entry com/google/common/hash/Funnels$StringCharsetFunnel.class
[DEBUG] adding entry com/google/common/hash/Funnels$UnencodedCharsFunnel.class
[DEBUG] adding entry com/google/common/hash/Funnels.class
[DEBUG] adding entry com/google/common/hash/HashCode$BytesHashCode.class
[DEBUG] adding entry com/google/common/hash/HashCode$IntHashCode.class
[DEBUG] adding entry com/google/common/hash/HashCode$LongHashCode.class
[DEBUG] adding entry com/google/common/hash/HashCode.class
[DEBUG] adding entry com/google/common/hash/HashFunction.class
[DEBUG] adding entry com/google/common/hash/Hasher.class
[DEBUG] adding entry com/google/common/hash/Hashing$1.class
[DEBUG] adding entry com/google/common/hash/Hashing$Adler32Holder.class
[DEBUG] adding entry com/google/common/hash/Hashing$ChecksumType$1.class
[DEBUG] adding entry com/google/common/hash/Hashing$ChecksumType$2.class
[DEBUG] adding entry com/google/common/hash/Hashing$ChecksumType.class
[DEBUG] adding entry com/google/common/hash/Hashing$ConcatenatedHashFunction.class
[DEBUG] adding entry com/google/common/hash/Hashing$Crc32Holder.class
[DEBUG] adding entry com/google/common/hash/Hashing$Crc32cHolder.class
[DEBUG] adding entry com/google/common/hash/Hashing$LinearCongruentialGenerator.class
[DEBUG] adding entry com/google/common/hash/Hashing$Md5Holder.class
[DEBUG] adding entry com/google/common/hash/Hashing$Murmur3_128Holder.class
[DEBUG] adding entry com/google/common/hash/Hashing$Murmur3_32Holder.class
[DEBUG] adding entry com/google/common/hash/Hashing$Sha1Holder.class
[DEBUG] adding entry com/google/common/hash/Hashing$Sha256Holder.class
[DEBUG] adding entry com/google/common/hash/Hashing$Sha512Holder.class
[DEBUG] adding entry com/google/common/hash/Hashing$SipHash24Holder.class
[DEBUG] adding entry com/google/common/hash/Hashing.class
[DEBUG] adding entry com/google/common/hash/HashingInputStream.class
[DEBUG] adding entry com/google/common/hash/HashingOutputStream.class
[DEBUG] adding entry com/google/common/hash/MessageDigestHashFunction$1.class
[DEBUG] adding entry com/google/common/hash/MessageDigestHashFunction$MessageDigestHasher.class
[DEBUG] adding entry com/google/common/hash/MessageDigestHashFunction$SerializedForm.class
[DEBUG] adding entry com/google/common/hash/MessageDigestHashFunction.class
[DEBUG] adding entry com/google/common/hash/Murmur3_128HashFunction$Murmur3_128Hasher.class
[DEBUG] adding entry com/google/common/hash/Murmur3_128HashFunction.class
[DEBUG] adding entry com/google/common/hash/Murmur3_32HashFunction$Murmur3_32Hasher.class
[DEBUG] adding entry com/google/common/hash/Murmur3_32HashFunction.class
[DEBUG] adding entry com/google/common/hash/PrimitiveSink.class
[DEBUG] adding entry com/google/common/hash/SipHashFunction$SipHasher.class
[DEBUG] adding entry com/google/common/hash/SipHashFunction.class
[DEBUG] adding entry com/google/common/hash/package-info.class
[DEBUG] adding directory com/google/common/html/
[DEBUG] adding entry com/google/common/html/HtmlEscapers.class
[DEBUG] adding entry com/google/common/html/package-info.class
[DEBUG] adding directory com/google/common/io/
[DEBUG] adding entry com/google/common/io/AppendableWriter.class
[DEBUG] adding entry com/google/common/io/BaseEncoding$1.class
[DEBUG] adding entry com/google/common/io/BaseEncoding$2.class
[DEBUG] adding entry com/google/common/io/BaseEncoding$3.class
[DEBUG] adding entry com/google/common/io/BaseEncoding$4.class
[DEBUG] adding entry com/google/common/io/BaseEncoding$Alphabet.class
[DEBUG] adding entry com/google/common/io/BaseEncoding$DecodingException.class
[DEBUG] adding entry com/google/common/io/BaseEncoding$SeparatedBaseEncoding.class
[DEBUG] adding entry com/google/common/io/BaseEncoding$StandardBaseEncoding$1.class
[DEBUG] adding entry com/google/common/io/BaseEncoding$StandardBaseEncoding$2.class
[DEBUG] adding entry com/google/common/io/BaseEncoding$StandardBaseEncoding.class
[DEBUG] adding entry com/google/common/io/BaseEncoding.class
[DEBUG] adding entry com/google/common/io/ByteArrayDataInput.class
[DEBUG] adding entry com/google/common/io/ByteArrayDataOutput.class
[DEBUG] adding entry com/google/common/io/ByteProcessor.class
[DEBUG] adding entry com/google/common/io/ByteSink$1.class
[DEBUG] adding entry com/google/common/io/ByteSink$AsCharSink.class
[DEBUG] adding entry com/google/common/io/ByteSink.class
[DEBUG] adding entry com/google/common/io/ByteSource$1.class
[DEBUG] adding entry com/google/common/io/ByteSource$AsCharSource.class
[DEBUG] adding entry com/google/common/io/ByteSource$ByteArrayByteSource.class
[DEBUG] adding entry com/google/common/io/ByteSource$ConcatenatedByteSource.class
[DEBUG] adding entry com/google/common/io/ByteSource$EmptyByteSource.class
[DEBUG] adding entry com/google/common/io/ByteSource$SlicedByteSource.class
[DEBUG] adding entry com/google/common/io/ByteSource.class
[DEBUG] adding entry com/google/common/io/ByteStreams$1.class
[DEBUG] adding entry com/google/common/io/ByteStreams$ByteArrayDataInputStream.class
[DEBUG] adding entry com/google/common/io/ByteStreams$ByteArrayDataOutputStream.class
[DEBUG] adding entry com/google/common/io/ByteStreams$FastByteArrayOutputStream.class
[DEBUG] adding entry com/google/common/io/ByteStreams$LimitedInputStream.class
[DEBUG] adding entry com/google/common/io/ByteStreams.class
[DEBUG] adding entry com/google/common/io/CharSequenceReader.class
[DEBUG] adding entry com/google/common/io/CharSink.class
[DEBUG] adding entry com/google/common/io/CharSource$CharSequenceCharSource$1$1.class
[DEBUG] adding entry com/google/common/io/CharSource$CharSequenceCharSource$1.class
[DEBUG] adding entry com/google/common/io/CharSource$CharSequenceCharSource.class
[DEBUG] adding entry com/google/common/io/CharSource$ConcatenatedCharSource.class
[DEBUG] adding entry com/google/common/io/CharSource$EmptyCharSource.class
[DEBUG] adding entry com/google/common/io/CharSource.class
[DEBUG] adding entry com/google/common/io/CharStreams$1.class
[DEBUG] adding entry com/google/common/io/CharStreams$NullWriter.class
[DEBUG] adding entry com/google/common/io/CharStreams.class
[DEBUG] adding entry com/google/common/io/Closeables.class
[DEBUG] adding entry com/google/common/io/Closer$LoggingSuppressor.class
[DEBUG] adding entry com/google/common/io/Closer$SuppressingSuppressor.class
[DEBUG] adding entry com/google/common/io/Closer$Suppressor.class
[DEBUG] adding entry com/google/common/io/Closer.class
[DEBUG] adding entry com/google/common/io/CountingInputStream.class
[DEBUG] adding entry com/google/common/io/CountingOutputStream.class
[DEBUG] adding entry com/google/common/io/FileBackedOutputStream$1.class
[DEBUG] adding entry com/google/common/io/FileBackedOutputStream$2.class
[DEBUG] adding entry com/google/common/io/FileBackedOutputStream$MemoryOutput.class
[DEBUG] adding entry com/google/common/io/FileBackedOutputStream.class
[DEBUG] adding entry com/google/common/io/FileWriteMode.class
[DEBUG] adding entry com/google/common/io/Files$1.class
[DEBUG] adding entry com/google/common/io/Files$2.class
[DEBUG] adding entry com/google/common/io/Files$FileByteSink.class
[DEBUG] adding entry com/google/common/io/Files$FileByteSource.class
[DEBUG] adding entry com/google/common/io/Files$FilePredicate$1.class
[DEBUG] adding entry com/google/common/io/Files$FilePredicate$2.class
[DEBUG] adding entry com/google/common/io/Files$FilePredicate.class
[DEBUG] adding entry com/google/common/io/Files.class
[DEBUG] adding entry com/google/common/io/Flushables.class
[DEBUG] adding entry com/google/common/io/GwtWorkarounds$1.class
[DEBUG] adding entry com/google/common/io/GwtWorkarounds$2.class
[DEBUG] adding entry com/google/common/io/GwtWorkarounds$3.class
[DEBUG] adding entry com/google/common/io/GwtWorkarounds$4.class
[DEBUG] adding entry com/google/common/io/GwtWorkarounds$5.class
[DEBUG] adding entry com/google/common/io/GwtWorkarounds$6.class
[DEBUG] adding entry com/google/common/io/GwtWorkarounds$ByteInput.class
[DEBUG] adding entry com/google/common/io/GwtWorkarounds$ByteOutput.class
[DEBUG] adding entry com/google/common/io/GwtWorkarounds$CharInput.class
[DEBUG] adding entry com/google/common/io/GwtWorkarounds$CharOutput.class
[DEBUG] adding entry com/google/common/io/GwtWorkarounds.class
[DEBUG] adding entry com/google/common/io/InputSupplier.class
[DEBUG] adding entry com/google/common/io/LineBuffer.class
[DEBUG] adding entry com/google/common/io/LineProcessor.class
[DEBUG] adding entry com/google/common/io/LineReader$1.class
[DEBUG] adding entry com/google/common/io/LineReader.class
[DEBUG] adding entry com/google/common/io/LittleEndianDataInputStream.class
[DEBUG] adding entry com/google/common/io/LittleEndianDataOutputStream.class
[DEBUG] adding entry com/google/common/io/MultiInputStream.class
[DEBUG] adding entry com/google/common/io/MultiReader.class
[DEBUG] adding entry com/google/common/io/OutputSupplier.class
[DEBUG] adding entry com/google/common/io/PatternFilenameFilter.class
[DEBUG] adding entry com/google/common/io/Resources$1.class
[DEBUG] adding entry com/google/common/io/Resources$UrlByteSource.class
[DEBUG] adding entry com/google/common/io/Resources.class
[DEBUG] adding entry com/google/common/io/package-info.class
[DEBUG] adding directory com/google/common/math/
[DEBUG] adding entry com/google/common/math/BigIntegerMath$1.class
[DEBUG] adding entry com/google/common/math/BigIntegerMath.class
[DEBUG] adding entry com/google/common/math/DoubleMath$1.class
[DEBUG] adding entry com/google/common/math/DoubleMath$MeanAccumulator.class
[DEBUG] adding entry com/google/common/math/DoubleMath.class
[DEBUG] adding entry com/google/common/math/DoubleUtils.class
[DEBUG] adding entry com/google/common/math/IntMath$1.class
[DEBUG] adding entry com/google/common/math/IntMath.class
[DEBUG] adding entry com/google/common/math/LongMath$1.class
[DEBUG] adding entry com/google/common/math/LongMath.class
[DEBUG] adding entry com/google/common/math/MathPreconditions.class
[DEBUG] adding entry com/google/common/math/package-info.class
[DEBUG] adding directory com/google/common/net/
[DEBUG] adding entry com/google/common/net/HostAndPort.class
[DEBUG] adding entry com/google/common/net/HostSpecifier.class
[DEBUG] adding entry com/google/common/net/HttpHeaders.class
[DEBUG] adding entry com/google/common/net/InetAddresses$TeredoInfo.class
[DEBUG] adding entry com/google/common/net/InetAddresses.class
[DEBUG] adding entry com/google/common/net/InternetDomainName.class
[DEBUG] adding entry com/google/common/net/MediaType$1.class
[DEBUG] adding entry com/google/common/net/MediaType$2.class
[DEBUG] adding entry com/google/common/net/MediaType$Tokenizer.class
[DEBUG] adding entry com/google/common/net/MediaType.class
[DEBUG] adding entry com/google/common/net/PercentEscaper.class
[DEBUG] adding entry com/google/common/net/UrlEscapers.class
[DEBUG] adding entry com/google/common/net/package-info.class
[DEBUG] adding directory com/google/common/primitives/
[DEBUG] adding entry com/google/common/primitives/Booleans$BooleanArrayAsList.class
[DEBUG] adding entry com/google/common/primitives/Booleans$LexicographicalComparator.class
[DEBUG] adding entry com/google/common/primitives/Booleans.class
[DEBUG] adding entry com/google/common/primitives/Bytes$ByteArrayAsList.class
[DEBUG] adding entry com/google/common/primitives/Bytes.class
[DEBUG] adding entry com/google/common/primitives/Chars$CharArrayAsList.class
[DEBUG] adding entry com/google/common/primitives/Chars$LexicographicalComparator.class
[DEBUG] adding entry com/google/common/primitives/Chars.class
[DEBUG] adding entry com/google/common/primitives/Doubles$DoubleArrayAsList.class
[DEBUG] adding entry com/google/common/primitives/Doubles$DoubleConverter.class
[DEBUG] adding entry com/google/common/primitives/Doubles$LexicographicalComparator.class
[DEBUG] adding entry com/google/common/primitives/Doubles.class
[DEBUG] adding entry com/google/common/primitives/Floats$FloatArrayAsList.class
[DEBUG] adding entry com/google/common/primitives/Floats$FloatConverter.class
[DEBUG] adding entry com/google/common/primitives/Floats$LexicographicalComparator.class
[DEBUG] adding entry com/google/common/primitives/Floats.class
[DEBUG] adding entry com/google/common/primitives/Ints$IntArrayAsList.class
[DEBUG] adding entry com/google/common/primitives/Ints$IntConverter.class
[DEBUG] adding entry com/google/common/primitives/Ints$LexicographicalComparator.class
[DEBUG] adding entry com/google/common/primitives/Ints.class
[DEBUG] adding entry com/google/common/primitives/Longs$LexicographicalComparator.class
[DEBUG] adding entry com/google/common/primitives/Longs$LongArrayAsList.class
[DEBUG] adding entry com/google/common/primitives/Longs$LongConverter.class
[DEBUG] adding entry com/google/common/primitives/Longs.class
[DEBUG] adding entry com/google/common/primitives/ParseRequest.class
[DEBUG] adding entry com/google/common/primitives/Primitives.class
[DEBUG] adding entry com/google/common/primitives/Shorts$LexicographicalComparator.class
[DEBUG] adding entry com/google/common/primitives/Shorts$ShortArrayAsList.class
[DEBUG] adding entry com/google/common/primitives/Shorts$ShortConverter.class
[DEBUG] adding entry com/google/common/primitives/Shorts.class
[DEBUG] adding entry com/google/common/primitives/SignedBytes$LexicographicalComparator.class
[DEBUG] adding entry com/google/common/primitives/SignedBytes.class
[DEBUG] adding entry com/google/common/primitives/UnsignedBytes$LexicographicalComparatorHolder$PureJavaComparator.class
[DEBUG] adding entry com/google/common/primitives/UnsignedBytes$LexicographicalComparatorHolder$UnsafeComparator$1.class
[DEBUG] adding entry com/google/common/primitives/UnsignedBytes$LexicographicalComparatorHolder$UnsafeComparator.class
[DEBUG] adding entry com/google/common/primitives/UnsignedBytes$LexicographicalComparatorHolder.class
[DEBUG] adding entry com/google/common/primitives/UnsignedBytes.class
[DEBUG] adding entry com/google/common/primitives/UnsignedInteger.class
[DEBUG] adding entry com/google/common/primitives/UnsignedInts$LexicographicalComparator.class
[DEBUG] adding entry com/google/common/primitives/UnsignedInts.class
[DEBUG] adding entry com/google/common/primitives/UnsignedLong.class
[DEBUG] adding entry com/google/common/primitives/UnsignedLongs$LexicographicalComparator.class
[DEBUG] adding entry com/google/common/primitives/UnsignedLongs.class
[DEBUG] adding entry com/google/common/primitives/package-info.class
[DEBUG] adding directory com/google/common/reflect/
[DEBUG] adding entry com/google/common/reflect/AbstractInvocationHandler.class
[DEBUG] adding entry com/google/common/reflect/ClassPath$1.class
[DEBUG] adding entry com/google/common/reflect/ClassPath$ClassInfo.class
[DEBUG] adding entry com/google/common/reflect/ClassPath$ResourceInfo.class
[DEBUG] adding entry com/google/common/reflect/ClassPath$Scanner.class
[DEBUG] adding entry com/google/common/reflect/ClassPath.class
[DEBUG] adding entry com/google/common/reflect/Element.class
[DEBUG] adding entry com/google/common/reflect/ImmutableTypeToInstanceMap$1.class
[DEBUG] adding entry com/google/common/reflect/ImmutableTypeToInstanceMap$Builder.class
[DEBUG] adding entry com/google/common/reflect/ImmutableTypeToInstanceMap.class
[DEBUG] adding entry com/google/common/reflect/Invokable$ConstructorInvokable.class
[DEBUG] adding entry com/google/common/reflect/Invokable$MethodInvokable.class
[DEBUG] adding entry com/google/common/reflect/Invokable.class
[DEBUG] adding entry com/google/common/reflect/MutableTypeToInstanceMap$1.class
[DEBUG] adding entry com/google/common/reflect/MutableTypeToInstanceMap$UnmodifiableEntry$1.class
[DEBUG] adding entry com/google/common/reflect/MutableTypeToInstanceMap$UnmodifiableEntry$2.class
[DEBUG] adding entry com/google/common/reflect/MutableTypeToInstanceMap$UnmodifiableEntry.class
[DEBUG] adding entry com/google/common/reflect/MutableTypeToInstanceMap.class
[DEBUG] adding entry com/google/common/reflect/Parameter.class
[DEBUG] adding entry com/google/common/reflect/Reflection.class
[DEBUG] adding entry com/google/common/reflect/TypeCapture.class
[DEBUG] adding entry com/google/common/reflect/TypeParameter.class
[DEBUG] adding entry com/google/common/reflect/TypeResolver$1.class
[DEBUG] adding entry com/google/common/reflect/TypeResolver$TypeMappingIntrospector.class
[DEBUG] adding entry com/google/common/reflect/TypeResolver$TypeTable$1.class
[DEBUG] adding entry com/google/common/reflect/TypeResolver$TypeTable.class
[DEBUG] adding entry com/google/common/reflect/TypeResolver$TypeVariableKey.class
[DEBUG] adding entry com/google/common/reflect/TypeResolver$WildcardCapturer.class
[DEBUG] adding entry com/google/common/reflect/TypeResolver.class
[DEBUG] adding entry com/google/common/reflect/TypeToInstanceMap.class
[DEBUG] adding entry com/google/common/reflect/TypeToken$1.class
[DEBUG] adding entry com/google/common/reflect/TypeToken$2.class
[DEBUG] adding entry com/google/common/reflect/TypeToken$3.class
[DEBUG] adding entry com/google/common/reflect/TypeToken$4.class
[DEBUG] adding entry com/google/common/reflect/TypeToken$ClassSet.class
[DEBUG] adding entry com/google/common/reflect/TypeToken$InterfaceSet$1.class
[DEBUG] adding entry com/google/common/reflect/TypeToken$InterfaceSet.class
[DEBUG] adding entry com/google/common/reflect/TypeToken$SimpleTypeToken.class
[DEBUG] adding entry com/google/common/reflect/TypeToken$TypeCollector$1.class
[DEBUG] adding entry com/google/common/reflect/TypeToken$TypeCollector$2.class
[DEBUG] adding entry com/google/common/reflect/TypeToken$TypeCollector$3.class
[DEBUG] adding entry com/google/common/reflect/TypeToken$TypeCollector$4.class
[DEBUG] adding entry com/google/common/reflect/TypeToken$TypeCollector$ForwardingTypeCollector.class
[DEBUG] adding entry com/google/common/reflect/TypeToken$TypeCollector.class
[DEBUG] adding entry com/google/common/reflect/TypeToken$TypeFilter$1.class
[DEBUG] adding entry com/google/common/reflect/TypeToken$TypeFilter$2.class
[DEBUG] adding entry com/google/common/reflect/TypeToken$TypeFilter.class
[DEBUG] adding entry com/google/common/reflect/TypeToken$TypeSet.class
[DEBUG] adding entry com/google/common/reflect/TypeToken.class
[DEBUG] adding entry com/google/common/reflect/TypeVisitor.class
[DEBUG] adding entry com/google/common/reflect/Types$1.class
[DEBUG] adding entry com/google/common/reflect/Types$2.class
[DEBUG] adding entry com/google/common/reflect/Types$ClassOwnership$1.class
[DEBUG] adding entry com/google/common/reflect/Types$ClassOwnership$1LocalClass.class
[DEBUG] adding entry com/google/common/reflect/Types$ClassOwnership$2.class
[DEBUG] adding entry com/google/common/reflect/Types$ClassOwnership$3.class
[DEBUG] adding entry com/google/common/reflect/Types$ClassOwnership.class
[DEBUG] adding entry com/google/common/reflect/Types$GenericArrayTypeImpl.class
[DEBUG] adding entry com/google/common/reflect/Types$JavaVersion$1.class
[DEBUG] adding entry com/google/common/reflect/Types$JavaVersion$2.class
[DEBUG] adding entry com/google/common/reflect/Types$JavaVersion$3.class
[DEBUG] adding entry com/google/common/reflect/Types$JavaVersion$4.class
[DEBUG] adding entry com/google/common/reflect/Types$JavaVersion.class
[DEBUG] adding entry com/google/common/reflect/Types$NativeTypeVariableEquals.class
[DEBUG] adding entry com/google/common/reflect/Types$ParameterizedTypeImpl.class
[DEBUG] adding entry com/google/common/reflect/Types$TypeVariableImpl.class
[DEBUG] adding entry com/google/common/reflect/Types$WildcardTypeImpl.class
[DEBUG] adding entry com/google/common/reflect/Types.class
[DEBUG] adding entry com/google/common/reflect/package-info.class
[DEBUG] adding directory com/google/common/util/
[DEBUG] adding directory com/google/common/util/concurrent/
[DEBUG] adding entry com/google/common/util/concurrent/AbstractCheckedFuture.class
[DEBUG] adding entry com/google/common/util/concurrent/AbstractExecutionThreadService$1$1.class
[DEBUG] adding entry com/google/common/util/concurrent/AbstractExecutionThreadService$1$2.class
[DEBUG] adding entry com/google/common/util/concurrent/AbstractExecutionThreadService$1.class
[DEBUG] adding entry com/google/common/util/concurrent/AbstractExecutionThreadService$2.class
[DEBUG] adding entry com/google/common/util/concurrent/AbstractExecutionThreadService.class
[DEBUG] adding entry com/google/common/util/concurrent/AbstractFuture$Sync.class
[DEBUG] adding entry com/google/common/util/concurrent/AbstractFuture.class
[DEBUG] adding entry com/google/common/util/concurrent/AbstractIdleService$1.class
[DEBUG] adding entry com/google/common/util/concurrent/AbstractIdleService$2$1.class
[DEBUG] adding entry com/google/common/util/concurrent/AbstractIdleService$2$2.class
[DEBUG] adding entry com/google/common/util/concurrent/AbstractIdleService$2.class
[DEBUG] adding entry com/google/common/util/concurrent/AbstractIdleService$3.class
[DEBUG] adding entry com/google/common/util/concurrent/AbstractIdleService.class
[DEBUG] adding entry com/google/common/util/concurrent/AbstractListeningExecutorService.class
[DEBUG] adding entry com/google/common/util/concurrent/AbstractScheduledService$1$1.class
[DEBUG] adding entry com/google/common/util/concurrent/AbstractScheduledService$1$2.class
[DEBUG] adding entry com/google/common/util/concurrent/AbstractScheduledService$1$3.class
[DEBUG] adding entry com/google/common/util/concurrent/AbstractScheduledService$1$4.class
[DEBUG] adding entry com/google/common/util/concurrent/AbstractScheduledService$1.class
[DEBUG] adding entry com/google/common/util/concurrent/AbstractScheduledService$2.class
[DEBUG] adding entry com/google/common/util/concurrent/AbstractScheduledService$3.class
[DEBUG] adding entry com/google/common/util/concurrent/AbstractScheduledService$CustomScheduler$ReschedulableCallable.class
[DEBUG] adding entry com/google/common/util/concurrent/AbstractScheduledService$CustomScheduler$Schedule.class
[DEBUG] adding entry com/google/common/util/concurrent/AbstractScheduledService$CustomScheduler.class
[DEBUG] adding entry com/google/common/util/concurrent/AbstractScheduledService$Scheduler$1.class
[DEBUG] adding entry com/google/common/util/concurrent/AbstractScheduledService$Scheduler$2.class
[DEBUG] adding entry com/google/common/util/concurrent/AbstractScheduledService$Scheduler.class
[DEBUG] adding entry com/google/common/util/concurrent/AbstractScheduledService.class
[DEBUG] adding entry com/google/common/util/concurrent/AbstractService$1.class
[DEBUG] adding entry com/google/common/util/concurrent/AbstractService$10.class
[DEBUG] adding entry com/google/common/util/concurrent/AbstractService$2.class
[DEBUG] adding entry com/google/common/util/concurrent/AbstractService$3.class
[DEBUG] adding entry com/google/common/util/concurrent/AbstractService$4.class
[DEBUG] adding entry com/google/common/util/concurrent/AbstractService$5.class
[DEBUG] adding entry com/google/common/util/concurrent/AbstractService$6.class
[DEBUG] adding entry com/google/common/util/concurrent/AbstractService$7.class
[DEBUG] adding entry com/google/common/util/concurrent/AbstractService$8.class
[DEBUG] adding entry com/google/common/util/concurrent/AbstractService$9.class
[DEBUG] adding entry com/google/common/util/concurrent/AbstractService$StateSnapshot.class
[DEBUG] adding entry com/google/common/util/concurrent/AbstractService.class
[DEBUG] adding entry com/google/common/util/concurrent/AsyncFunction.class
[DEBUG] adding entry com/google/common/util/concurrent/AsyncSettableFuture$1.class
[DEBUG] adding entry com/google/common/util/concurrent/AsyncSettableFuture$NestedFuture.class
[DEBUG] adding entry com/google/common/util/concurrent/AsyncSettableFuture.class
[DEBUG] adding entry com/google/common/util/concurrent/AtomicDouble.class
[DEBUG] adding entry com/google/common/util/concurrent/AtomicDoubleArray.class
[DEBUG] adding entry com/google/common/util/concurrent/AtomicLongMap$1.class
[DEBUG] adding entry com/google/common/util/concurrent/AtomicLongMap.class
[DEBUG] adding entry com/google/common/util/concurrent/Atomics.class
[DEBUG] adding entry com/google/common/util/concurrent/Callables$1.class
[DEBUG] adding entry com/google/common/util/concurrent/Callables$2.class
[DEBUG] adding entry com/google/common/util/concurrent/Callables$3.class
[DEBUG] adding entry com/google/common/util/concurrent/Callables.class
[DEBUG] adding entry com/google/common/util/concurrent/CheckedFuture.class
[DEBUG] adding entry com/google/common/util/concurrent/CycleDetectingLockFactory$1.class
[DEBUG] adding entry com/google/common/util/concurrent/CycleDetectingLockFactory$CycleDetectingLock.class
[DEBUG] adding entry com/google/common/util/concurrent/CycleDetectingLockFactory$CycleDetectingReentrantLock.class
[DEBUG] adding entry com/google/common/util/concurrent/CycleDetectingLockFactory$CycleDetectingReentrantReadLock.class
[DEBUG] adding entry com/google/common/util/concurrent/CycleDetectingLockFactory$CycleDetectingReentrantReadWriteLock.class
[DEBUG] adding entry com/google/common/util/concurrent/CycleDetectingLockFactory$CycleDetectingReentrantWriteLock.class
[DEBUG] adding entry com/google/common/util/concurrent/CycleDetectingLockFactory$ExampleStackTrace.class
[DEBUG] adding entry com/google/common/util/concurrent/CycleDetectingLockFactory$LockGraphNode.class
[DEBUG] adding entry com/google/common/util/concurrent/CycleDetectingLockFactory$Policies$1.class
[DEBUG] adding entry com/google/common/util/concurrent/CycleDetectingLockFactory$Policies$2.class
[DEBUG] adding entry com/google/common/util/concurrent/CycleDetectingLockFactory$Policies$3.class
[DEBUG] adding entry com/google/common/util/concurrent/CycleDetectingLockFactory$Policies.class
[DEBUG] adding entry com/google/common/util/concurrent/CycleDetectingLockFactory$Policy.class
[DEBUG] adding entry com/google/common/util/concurrent/CycleDetectingLockFactory$PotentialDeadlockException.class
[DEBUG] adding entry com/google/common/util/concurrent/CycleDetectingLockFactory$WithExplicitOrdering.class
[DEBUG] adding entry com/google/common/util/concurrent/CycleDetectingLockFactory.class
[DEBUG] adding entry com/google/common/util/concurrent/ExecutionError.class
[DEBUG] adding entry com/google/common/util/concurrent/ExecutionList$RunnableExecutorPair.class
[DEBUG] adding entry com/google/common/util/concurrent/ExecutionList.class
[DEBUG] adding entry com/google/common/util/concurrent/FakeTimeLimiter.class
[DEBUG] adding entry com/google/common/util/concurrent/ForwardingBlockingQueue.class
[DEBUG] adding entry com/google/common/util/concurrent/ForwardingCheckedFuture$SimpleForwardingCheckedFuture.class
[DEBUG] adding entry com/google/common/util/concurrent/ForwardingCheckedFuture.class
[DEBUG] adding entry com/google/common/util/concurrent/ForwardingExecutorService.class
[DEBUG] adding entry com/google/common/util/concurrent/ForwardingFuture$SimpleForwardingFuture.class
[DEBUG] adding entry com/google/common/util/concurrent/ForwardingFuture.class
[DEBUG] adding entry com/google/common/util/concurrent/ForwardingListenableFuture$SimpleForwardingListenableFuture.class
[DEBUG] adding entry com/google/common/util/concurrent/ForwardingListenableFuture.class
[DEBUG] adding entry com/google/common/util/concurrent/ForwardingListeningExecutorService.class
[DEBUG] adding entry com/google/common/util/concurrent/FutureCallback.class
[DEBUG] adding entry com/google/common/util/concurrent/FutureFallback.class
[DEBUG] adding entry com/google/common/util/concurrent/Futures$1$1.class
[DEBUG] adding entry com/google/common/util/concurrent/Futures$1.class
[DEBUG] adding entry com/google/common/util/concurrent/Futures$2.class
[DEBUG] adding entry com/google/common/util/concurrent/Futures$3.class
[DEBUG] adding entry com/google/common/util/concurrent/Futures$4.class
[DEBUG] adding entry com/google/common/util/concurrent/Futures$5.class
[DEBUG] adding entry com/google/common/util/concurrent/Futures$6.class
[DEBUG] adding entry com/google/common/util/concurrent/Futures$7.class
[DEBUG] adding entry com/google/common/util/concurrent/Futures$8.class
[DEBUG] adding entry com/google/common/util/concurrent/Futures$ChainingListenableFuture$1.class
[DEBUG] adding entry com/google/common/util/concurrent/Futures$ChainingListenableFuture.class
[DEBUG] adding entry com/google/common/util/concurrent/Futures$CombinedFuture$1.class
[DEBUG] adding entry com/google/common/util/concurrent/Futures$CombinedFuture$2.class
[DEBUG] adding entry com/google/common/util/concurrent/Futures$CombinedFuture.class
[DEBUG] adding entry com/google/common/util/concurrent/Futures$CombinerFuture.class
[DEBUG] adding entry com/google/common/util/concurrent/Futures$FallbackFuture$1$1.class
[DEBUG] adding entry com/google/common/util/concurrent/Futures$FallbackFuture$1.class
[DEBUG] adding entry com/google/common/util/concurrent/Futures$FallbackFuture.class
[DEBUG] adding entry com/google/common/util/concurrent/Futures$FutureCombiner.class
[DEBUG] adding entry com/google/common/util/concurrent/Futures$ImmediateCancelledFuture.class
[DEBUG] adding entry com/google/common/util/concurrent/Futures$ImmediateFailedCheckedFuture.class
[DEBUG] adding entry com/google/common/util/concurrent/Futures$ImmediateFailedFuture.class
[DEBUG] adding entry com/google/common/util/concurrent/Futures$ImmediateFuture.class
[DEBUG] adding entry com/google/common/util/concurrent/Futures$ImmediateSuccessfulCheckedFuture.class
[DEBUG] adding entry com/google/common/util/concurrent/Futures$ImmediateSuccessfulFuture.class
[DEBUG] adding entry com/google/common/util/concurrent/Futures$MappingCheckedFuture.class
[DEBUG] adding entry com/google/common/util/concurrent/Futures$NonCancellationPropagatingFuture$1.class
[DEBUG] adding entry com/google/common/util/concurrent/Futures$NonCancellationPropagatingFuture.class
[DEBUG] adding entry com/google/common/util/concurrent/Futures$WrappedCombiner.class
[DEBUG] adding entry com/google/common/util/concurrent/Futures.class
[DEBUG] adding entry com/google/common/util/concurrent/JdkFutureAdapters$ListenableFutureAdapter$1.class
[DEBUG] adding entry com/google/common/util/concurrent/JdkFutureAdapters$ListenableFutureAdapter.class
[DEBUG] adding entry com/google/common/util/concurrent/JdkFutureAdapters.class
[DEBUG] adding entry com/google/common/util/concurrent/ListenableFuture.class
[DEBUG] adding entry com/google/common/util/concurrent/ListenableFutureTask.class
[DEBUG] adding entry com/google/common/util/concurrent/ListenableScheduledFuture.class
[DEBUG] adding entry com/google/common/util/concurrent/ListenerCallQueue$Callback.class
[DEBUG] adding entry com/google/common/util/concurrent/ListenerCallQueue.class
[DEBUG] adding entry com/google/common/util/concurrent/ListeningExecutorService.class
[DEBUG] adding entry com/google/common/util/concurrent/ListeningScheduledExecutorService.class
[DEBUG] adding entry com/google/common/util/concurrent/Monitor$Guard.class
[DEBUG] adding entry com/google/common/util/concurrent/Monitor.class
[DEBUG] adding entry com/google/common/util/concurrent/MoreExecutors$1.class
[DEBUG] adding entry com/google/common/util/concurrent/MoreExecutors$2.class
[DEBUG] adding entry com/google/common/util/concurrent/MoreExecutors$3.class
[DEBUG] adding entry com/google/common/util/concurrent/MoreExecutors$4.class
[DEBUG] adding entry com/google/common/util/concurrent/MoreExecutors$Application$1.class
[DEBUG] adding entry com/google/common/util/concurrent/MoreExecutors$Application.class
[DEBUG] adding entry com/google/common/util/concurrent/MoreExecutors$DirectExecutor.class
[DEBUG] adding entry com/google/common/util/concurrent/MoreExecutors$DirectExecutorService.class
[DEBUG] adding entry com/google/common/util/concurrent/MoreExecutors$ListeningDecorator.class
[DEBUG] adding entry com/google/common/util/concurrent/MoreExecutors$ScheduledListeningDecorator$ListenableScheduledTask.class
[DEBUG] adding entry com/google/common/util/concurrent/MoreExecutors$ScheduledListeningDecorator$NeverSuccessfulListenableFutureTask.class
[DEBUG] adding entry com/google/common/util/concurrent/MoreExecutors$ScheduledListeningDecorator.class
[DEBUG] adding entry com/google/common/util/concurrent/MoreExecutors.class
[DEBUG] adding entry com/google/common/util/concurrent/RateLimiter$SleepingStopwatch$1.class
[DEBUG] adding entry com/google/common/util/concurrent/RateLimiter$SleepingStopwatch.class
[DEBUG] adding entry com/google/common/util/concurrent/RateLimiter.class
[DEBUG] adding entry com/google/common/util/concurrent/Runnables$1.class
[DEBUG] adding entry com/google/common/util/concurrent/Runnables.class
[DEBUG] adding entry com/google/common/util/concurrent/SerializingExecutor$1.class
[DEBUG] adding entry com/google/common/util/concurrent/SerializingExecutor$TaskRunner.class
[DEBUG] adding entry com/google/common/util/concurrent/SerializingExecutor.class
[DEBUG] adding entry com/google/common/util/concurrent/Service$1.class
[DEBUG] adding entry com/google/common/util/concurrent/Service$Listener.class
[DEBUG] adding entry com/google/common/util/concurrent/Service$State$1.class
[DEBUG] adding entry com/google/common/util/concurrent/Service$State$2.class
[DEBUG] adding entry com/google/common/util/concurrent/Service$State$3.class
[DEBUG] adding entry com/google/common/util/concurrent/Service$State$4.class
[DEBUG] adding entry com/google/common/util/concurrent/Service$State$5.class
[DEBUG] adding entry com/google/common/util/concurrent/Service$State$6.class
[DEBUG] adding entry com/google/common/util/concurrent/Service$State.class
[DEBUG] adding entry com/google/common/util/concurrent/Service.class
[DEBUG] adding entry com/google/common/util/concurrent/ServiceManager$1.class
[DEBUG] adding entry com/google/common/util/concurrent/ServiceManager$2.class
[DEBUG] adding entry com/google/common/util/concurrent/ServiceManager$EmptyServiceManagerWarning.class
[DEBUG] adding entry com/google/common/util/concurrent/ServiceManager$Listener.class
[DEBUG] adding entry com/google/common/util/concurrent/ServiceManager$NoOpService.class
[DEBUG] adding entry com/google/common/util/concurrent/ServiceManager$ServiceListener.class
[DEBUG] adding entry com/google/common/util/concurrent/ServiceManager$ServiceManagerState$1.class
[DEBUG] adding entry com/google/common/util/concurrent/ServiceManager$ServiceManagerState$2.class
[DEBUG] adding entry com/google/common/util/concurrent/ServiceManager$ServiceManagerState$3.class
[DEBUG] adding entry com/google/common/util/concurrent/ServiceManager$ServiceManagerState$4.class
[DEBUG] adding entry com/google/common/util/concurrent/ServiceManager$ServiceManagerState$5.class
[DEBUG] adding entry com/google/common/util/concurrent/ServiceManager$ServiceManagerState.class
[DEBUG] adding entry com/google/common/util/concurrent/ServiceManager.class
[DEBUG] adding entry com/google/common/util/concurrent/SettableFuture.class
[DEBUG] adding entry com/google/common/util/concurrent/SimpleTimeLimiter$1$1.class
[DEBUG] adding entry com/google/common/util/concurrent/SimpleTimeLimiter$1.class
[DEBUG] adding entry com/google/common/util/concurrent/SimpleTimeLimiter.class
[DEBUG] adding entry com/google/common/util/concurrent/SmoothRateLimiter$1.class
[DEBUG] adding entry com/google/common/util/concurrent/SmoothRateLimiter$SmoothBursty.class
[DEBUG] adding entry com/google/common/util/concurrent/SmoothRateLimiter$SmoothWarmingUp.class
[DEBUG] adding entry com/google/common/util/concurrent/SmoothRateLimiter.class
[DEBUG] adding entry com/google/common/util/concurrent/Striped$1.class
[DEBUG] adding entry com/google/common/util/concurrent/Striped$2.class
[DEBUG] adding entry com/google/common/util/concurrent/Striped$3.class
[DEBUG] adding entry com/google/common/util/concurrent/Striped$4.class
[DEBUG] adding entry com/google/common/util/concurrent/Striped$5.class
[DEBUG] adding entry com/google/common/util/concurrent/Striped$CompactStriped.class
[DEBUG] adding entry com/google/common/util/concurrent/Striped$LargeLazyStriped.class
[DEBUG] adding entry com/google/common/util/concurrent/Striped$PaddedLock.class
[DEBUG] adding entry com/google/common/util/concurrent/Striped$PaddedSemaphore.class
[DEBUG] adding entry com/google/common/util/concurrent/Striped$PowerOfTwoStriped.class
[DEBUG] adding entry com/google/common/util/concurrent/Striped$SmallLazyStriped$ArrayReference.class
[DEBUG] adding entry com/google/common/util/concurrent/Striped$SmallLazyStriped.class
[DEBUG] adding entry com/google/common/util/concurrent/Striped.class
[DEBUG] adding entry com/google/common/util/concurrent/ThreadFactoryBuilder$1.class
[DEBUG] adding entry com/google/common/util/concurrent/ThreadFactoryBuilder.class
[DEBUG] adding entry com/google/common/util/concurrent/TimeLimiter.class
[DEBUG] adding entry com/google/common/util/concurrent/UncaughtExceptionHandlers$Exiter.class
[DEBUG] adding entry com/google/common/util/concurrent/UncaughtExceptionHandlers.class
[DEBUG] adding entry com/google/common/util/concurrent/UncheckedExecutionException.class
[DEBUG] adding entry com/google/common/util/concurrent/UncheckedTimeoutException.class
[DEBUG] adding entry com/google/common/util/concurrent/Uninterruptibles.class
[DEBUG] adding entry com/google/common/util/concurrent/WrappingExecutorService$1.class
[DEBUG] adding entry com/google/common/util/concurrent/WrappingExecutorService.class
[DEBUG] adding entry com/google/common/util/concurrent/WrappingScheduledExecutorService.class
[DEBUG] adding entry com/google/common/util/concurrent/package-info.class
[DEBUG] adding directory com/google/common/xml/
[DEBUG] adding entry com/google/common/xml/XmlEscapers.class
[DEBUG] adding entry com/google/common/xml/package-info.class
[DEBUG] adding directory com/google/thirdparty/
[DEBUG] adding directory com/google/thirdparty/publicsuffix/
[DEBUG] adding entry com/google/thirdparty/publicsuffix/PublicSuffixPatterns.class
[DEBUG] adding entry com/google/thirdparty/publicsuffix/PublicSuffixType.class
[DEBUG] adding entry com/google/thirdparty/publicsuffix/TrieParser.class
[INFO] META-INF/ already added, skipping
[INFO] META-INF/MANIFEST.MF already added, skipping
[INFO] org/ already added, skipping
[DEBUG] adding directory org/reflections/
[DEBUG] adding directory org/reflections/adapters/
[DEBUG] adding directory org/reflections/scanners/
[DEBUG] adding directory org/reflections/serializers/
[DEBUG] adding directory org/reflections/util/
[DEBUG] adding directory org/reflections/vfs/
[DEBUG] adding entry org/reflections/adapters/JavaReflectionAdapter.class
[DEBUG] adding entry org/reflections/adapters/JavassistAdapter.class
[DEBUG] adding entry org/reflections/adapters/MetadataAdapter.class
[DEBUG] adding entry org/reflections/Configuration.class
[DEBUG] adding entry org/reflections/Reflections$1.class
[DEBUG] adding entry org/reflections/Reflections$2.class
[DEBUG] adding entry org/reflections/Reflections$3.class
[DEBUG] adding entry org/reflections/Reflections.class
[DEBUG] adding entry org/reflections/ReflectionsException.class
[DEBUG] adding entry org/reflections/ReflectionUtils$1.class
[DEBUG] adding entry org/reflections/ReflectionUtils$10.class
[DEBUG] adding entry org/reflections/ReflectionUtils$11$1.class
[DEBUG] adding entry org/reflections/ReflectionUtils$11.class
[DEBUG] adding entry org/reflections/ReflectionUtils$12$1.class
[DEBUG] adding entry org/reflections/ReflectionUtils$12.class
[DEBUG] adding entry org/reflections/ReflectionUtils$13.class
[DEBUG] adding entry org/reflections/ReflectionUtils$14.class
[DEBUG] adding entry org/reflections/ReflectionUtils$15.class
[DEBUG] adding entry org/reflections/ReflectionUtils$16.class
[DEBUG] adding entry org/reflections/ReflectionUtils$17.class
[DEBUG] adding entry org/reflections/ReflectionUtils$18.class
[DEBUG] adding entry org/reflections/ReflectionUtils$2.class
[DEBUG] adding entry org/reflections/ReflectionUtils$3.class
[DEBUG] adding entry org/reflections/ReflectionUtils$4.class
[DEBUG] adding entry org/reflections/ReflectionUtils$5.class
[DEBUG] adding entry org/reflections/ReflectionUtils$6.class
[DEBUG] adding entry org/reflections/ReflectionUtils$7.class
[DEBUG] adding entry org/reflections/ReflectionUtils$8.class
[DEBUG] adding entry org/reflections/ReflectionUtils$9.class
[DEBUG] adding entry org/reflections/ReflectionUtils.class
[DEBUG] adding entry org/reflections/scanners/AbstractScanner.class
[DEBUG] adding entry org/reflections/scanners/FieldAnnotationsScanner.class
[DEBUG] adding entry org/reflections/scanners/MemberUsageScanner$1.class
[DEBUG] adding entry org/reflections/scanners/MemberUsageScanner.class
[DEBUG] adding entry org/reflections/scanners/MethodAnnotationsScanner.class
[DEBUG] adding entry org/reflections/scanners/MethodParameterNamesScanner.class
[DEBUG] adding entry org/reflections/scanners/MethodParameterScanner.class
[DEBUG] adding entry org/reflections/scanners/ResourcesScanner.class
[DEBUG] adding entry org/reflections/scanners/Scanner.class
[DEBUG] adding entry org/reflections/scanners/SubTypesScanner.class
[DEBUG] adding entry org/reflections/scanners/TypeAnnotationsScanner.class
[DEBUG] adding entry org/reflections/scanners/TypeElementsScanner.class
[DEBUG] adding entry org/reflections/scanners/TypesScanner.class
[DEBUG] adding entry org/reflections/serializers/JavaCodeSerializer$1.class
[DEBUG] adding entry org/reflections/serializers/JavaCodeSerializer.class
[DEBUG] adding entry org/reflections/serializers/JsonSerializer$1$1.class
[DEBUG] adding entry org/reflections/serializers/JsonSerializer$1.class
[DEBUG] adding entry org/reflections/serializers/JsonSerializer$2.class
[DEBUG] adding entry org/reflections/serializers/JsonSerializer.class
[DEBUG] adding entry org/reflections/serializers/Serializer.class
[DEBUG] adding entry org/reflections/serializers/XmlSerializer.class
[DEBUG] adding entry org/reflections/Store$1.class
[DEBUG] adding entry org/reflections/Store$IterableChain.class
[DEBUG] adding entry org/reflections/Store.class
[DEBUG] adding entry org/reflections/util/ClasspathHelper.class
[DEBUG] adding entry org/reflections/util/ConfigurationBuilder.class
[DEBUG] adding entry org/reflections/util/FilterBuilder$Exclude.class
[DEBUG] adding entry org/reflections/util/FilterBuilder$Include.class
[DEBUG] adding entry org/reflections/util/FilterBuilder$Matcher.class
[DEBUG] adding entry org/reflections/util/FilterBuilder.class
[DEBUG] adding entry org/reflections/util/Utils.class
[DEBUG] adding entry org/reflections/vfs/CommonsVfs2UrlType$1.class
[DEBUG] adding entry org/reflections/vfs/CommonsVfs2UrlType$Dir$1.class
[DEBUG] adding entry org/reflections/vfs/CommonsVfs2UrlType$Dir$FileAbstractIterator.class
[DEBUG] adding entry org/reflections/vfs/CommonsVfs2UrlType$Dir.class
[DEBUG] adding entry org/reflections/vfs/CommonsVfs2UrlType$File.class
[DEBUG] adding entry org/reflections/vfs/CommonsVfs2UrlType.class
[DEBUG] adding entry org/reflections/vfs/JarInputDir$1$1.class
[DEBUG] adding entry org/reflections/vfs/JarInputDir$1.class
[DEBUG] adding entry org/reflections/vfs/JarInputDir.class
[DEBUG] adding entry org/reflections/vfs/JarInputFile$1.class
[DEBUG] adding entry org/reflections/vfs/JarInputFile.class
[DEBUG] adding entry org/reflections/vfs/SystemDir$1$1.class
[DEBUG] adding entry org/reflections/vfs/SystemDir$1.class
[DEBUG] adding entry org/reflections/vfs/SystemDir.class
[DEBUG] adding entry org/reflections/vfs/SystemFile.class
[DEBUG] adding entry org/reflections/vfs/UrlTypeVFS$1.class
[DEBUG] adding entry org/reflections/vfs/UrlTypeVFS.class
[DEBUG] adding entry org/reflections/vfs/Vfs$1.class
[DEBUG] adding entry org/reflections/vfs/Vfs$2.class
[DEBUG] adding entry org/reflections/vfs/Vfs$DefaultUrlTypes$1.class
[DEBUG] adding entry org/reflections/vfs/Vfs$DefaultUrlTypes$2.class
[DEBUG] adding entry org/reflections/vfs/Vfs$DefaultUrlTypes$3.class
[DEBUG] adding entry org/reflections/vfs/Vfs$DefaultUrlTypes$4.class
[DEBUG] adding entry org/reflections/vfs/Vfs$DefaultUrlTypes$5.class
[DEBUG] adding entry org/reflections/vfs/Vfs$DefaultUrlTypes$6.class
[DEBUG] adding entry org/reflections/vfs/Vfs$DefaultUrlTypes$7.class
[DEBUG] adding entry org/reflections/vfs/Vfs$DefaultUrlTypes.class
[DEBUG] adding entry org/reflections/vfs/Vfs$Dir.class
[DEBUG] adding entry org/reflections/vfs/Vfs$File.class
[DEBUG] adding entry org/reflections/vfs/Vfs$UrlType.class
[DEBUG] adding entry org/reflections/vfs/Vfs.class
[DEBUG] adding entry org/reflections/vfs/ZipDir$1$1.class
[DEBUG] adding entry org/reflections/vfs/ZipDir$1.class
[DEBUG] adding entry org/reflections/vfs/ZipDir.class
[DEBUG] adding entry org/reflections/vfs/ZipFile.class
[INFO] META-INF/maven/ already added, skipping
[DEBUG] adding directory META-INF/maven/org.reflections/
[DEBUG] adding directory META-INF/maven/org.reflections/reflections/
[DEBUG] adding entry META-INF/maven/org.reflections/reflections/pom.xml
[DEBUG] adding entry META-INF/maven/org.reflections/reflections/pom.properties
[INFO] META-INF/ already added, skipping
[INFO] META-INF/MANIFEST.MF already added, skipping
[DEBUG] adding directory edu/
[DEBUG] adding directory edu/umd/
[DEBUG] adding directory edu/umd/cs/
[DEBUG] adding directory edu/umd/cs/findbugs/
[DEBUG] adding directory edu/umd/cs/findbugs/annotations/
[DEBUG] adding entry edu/umd/cs/findbugs/annotations/CheckForNull.class
[DEBUG] adding entry edu/umd/cs/findbugs/annotations/CheckReturnValue.class
[DEBUG] adding entry edu/umd/cs/findbugs/annotations/CleanupObligation.class
[DEBUG] adding entry edu/umd/cs/findbugs/annotations/Confidence.class
[DEBUG] adding entry edu/umd/cs/findbugs/annotations/CreatesObligation.class
[DEBUG] adding entry edu/umd/cs/findbugs/annotations/DefaultAnnotation.class
[DEBUG] adding entry edu/umd/cs/findbugs/annotations/DefaultAnnotationForFields.class
[DEBUG] adding entry edu/umd/cs/findbugs/annotations/DefaultAnnotationForMethods.class
[DEBUG] adding entry edu/umd/cs/findbugs/annotations/DefaultAnnotationForParameters.class
[DEBUG] adding entry edu/umd/cs/findbugs/annotations/DesireNoWarning.class
[DEBUG] adding entry edu/umd/cs/findbugs/annotations/DesireWarning.class
[DEBUG] adding entry edu/umd/cs/findbugs/annotations/DischargesObligation.class
[DEBUG] adding entry edu/umd/cs/findbugs/annotations/ExpectWarning.class
[DEBUG] adding entry edu/umd/cs/findbugs/annotations/NoWarning.class
[DEBUG] adding entry edu/umd/cs/findbugs/annotations/NonNull.class
[DEBUG] adding entry edu/umd/cs/findbugs/annotations/Nullable.class
[DEBUG] adding entry edu/umd/cs/findbugs/annotations/OverrideMustInvoke.class
[DEBUG] adding entry edu/umd/cs/findbugs/annotations/PossiblyNull.class
[DEBUG] adding entry edu/umd/cs/findbugs/annotations/Priority.class
[DEBUG] adding entry edu/umd/cs/findbugs/annotations/ReturnValuesAreNonnullByDefault.class
[DEBUG] adding entry edu/umd/cs/findbugs/annotations/SuppressFBWarnings.class
[DEBUG] adding entry edu/umd/cs/findbugs/annotations/SuppressWarnings.class
[DEBUG] adding entry edu/umd/cs/findbugs/annotations/UnknownNullness.class
[DEBUG] adding entry edu/umd/cs/findbugs/annotations/When.class
[DEBUG] adding entry edu/umd/cs/findbugs/annotations/CheckForNull.java
[DEBUG] adding entry edu/umd/cs/findbugs/annotations/CheckReturnValue.java
[DEBUG] adding entry edu/umd/cs/findbugs/annotations/CleanupObligation.java
[DEBUG] adding entry edu/umd/cs/findbugs/annotations/Confidence.java
[DEBUG] adding entry edu/umd/cs/findbugs/annotations/CreatesObligation.java
[DEBUG] adding entry edu/umd/cs/findbugs/annotations/DefaultAnnotation.java
[DEBUG] adding entry edu/umd/cs/findbugs/annotations/DefaultAnnotationForFields.java
[DEBUG] adding entry edu/umd/cs/findbugs/annotations/DefaultAnnotationForMethods.java
[DEBUG] adding entry edu/umd/cs/findbugs/annotations/DefaultAnnotationForParameters.java
[DEBUG] adding entry edu/umd/cs/findbugs/annotations/DesireNoWarning.java
[DEBUG] adding entry edu/umd/cs/findbugs/annotations/DesireWarning.java
[DEBUG] adding entry edu/umd/cs/findbugs/annotations/DischargesObligation.java
[DEBUG] adding entry edu/umd/cs/findbugs/annotations/ExpectWarning.java
[DEBUG] adding entry edu/umd/cs/findbugs/annotations/NoWarning.java
[DEBUG] adding entry edu/umd/cs/findbugs/annotations/NonNull.java
[DEBUG] adding entry edu/umd/cs/findbugs/annotations/Nullable.java
[DEBUG] adding entry edu/umd/cs/findbugs/annotations/OverrideMustInvoke.java
[DEBUG] adding entry edu/umd/cs/findbugs/annotations/PossiblyNull.java
[DEBUG] adding entry edu/umd/cs/findbugs/annotations/Priority.java
[DEBUG] adding entry edu/umd/cs/findbugs/annotations/ReturnValuesAreNonnullByDefault.java
[DEBUG] adding entry edu/umd/cs/findbugs/annotations/SuppressFBWarnings.java
[DEBUG] adding entry edu/umd/cs/findbugs/annotations/SuppressWarnings.java
[DEBUG] adding entry edu/umd/cs/findbugs/annotations/UnknownNullness.java
[DEBUG] adding entry edu/umd/cs/findbugs/annotations/When.java
[DEBUG] adding directory net/
[DEBUG] adding directory net/jcip/
[DEBUG] adding directory net/jcip/annotations/
[DEBUG] adding entry net/jcip/annotations/GuardedBy.class
[DEBUG] adding entry net/jcip/annotations/GuardedBy.java
[DEBUG] adding entry net/jcip/annotations/Immutable.class
[DEBUG] adding entry net/jcip/annotations/Immutable.java
[DEBUG] adding entry net/jcip/annotations/NotThreadSafe.class
[DEBUG] adding entry net/jcip/annotations/NotThreadSafe.java
[DEBUG] adding entry net/jcip/annotations/ThreadSafe.class
[DEBUG] adding entry net/jcip/annotations/ThreadSafe.java
[INFO] javax/ already added, skipping
[INFO] javax/annotation/ already added, skipping
[DEBUG] adding directory javax/annotation/concurrent/
[DEBUG] adding directory javax/annotation/meta/
[DEBUG] adding entry javax/annotation/CheckForNull.class
[DEBUG] adding entry javax/annotation/CheckForNull.java
[DEBUG] adding entry javax/annotation/CheckForSigned.class
[DEBUG] adding entry javax/annotation/CheckForSigned.java
[DEBUG] adding entry javax/annotation/CheckReturnValue.class
[DEBUG] adding entry javax/annotation/CheckReturnValue.java
[DEBUG] adding entry javax/annotation/Detainted.class
[DEBUG] adding entry javax/annotation/Detainted.java
[DEBUG] adding entry javax/annotation/MatchesPattern$Checker.class
[DEBUG] adding entry javax/annotation/MatchesPattern.class
[DEBUG] adding entry javax/annotation/MatchesPattern.java
[DEBUG] adding entry javax/annotation/Nonnegative$Checker.class
[DEBUG] adding entry javax/annotation/Nonnegative.class
[DEBUG] adding entry javax/annotation/Nonnegative.java
[DEBUG] adding entry javax/annotation/Nonnull$Checker.class
[DEBUG] adding entry javax/annotation/Nonnull.class
[DEBUG] adding entry javax/annotation/Nonnull.java
[DEBUG] adding entry javax/annotation/Nullable.class
[DEBUG] adding entry javax/annotation/Nullable.java
[DEBUG] adding entry javax/annotation/OverridingMethodsMustInvokeSuper.class
[DEBUG] adding entry javax/annotation/OverridingMethodsMustInvokeSuper.java
[DEBUG] adding entry javax/annotation/ParametersAreNonnullByDefault.class
[DEBUG] adding entry javax/annotation/ParametersAreNonnullByDefault.java
[DEBUG] adding entry javax/annotation/PropertyKey.class
[DEBUG] adding entry javax/annotation/PropertyKey.java
[DEBUG] adding entry javax/annotation/RegEx$Checker.class
[DEBUG] adding entry javax/annotation/RegEx.class
[DEBUG] adding entry javax/annotation/RegEx.java
[DEBUG] adding entry javax/annotation/Signed.class
[DEBUG] adding entry javax/annotation/Signed.java
[DEBUG] adding entry javax/annotation/Syntax.class
[DEBUG] adding entry javax/annotation/Syntax.java
[DEBUG] adding entry javax/annotation/Tainted.class
[DEBUG] adding entry javax/annotation/Tainted.java
[DEBUG] adding entry javax/annotation/Untainted.class
[DEBUG] adding entry javax/annotation/Untainted.java
[DEBUG] adding entry javax/annotation/WillClose.class
[DEBUG] adding entry javax/annotation/WillClose.java
[DEBUG] adding entry javax/annotation/WillCloseWhenClosed.class
[DEBUG] adding entry javax/annotation/WillCloseWhenClosed.java
[DEBUG] adding entry javax/annotation/WillNotClose.class
[DEBUG] adding entry javax/annotation/WillNotClose.java
[DEBUG] adding entry javax/annotation/concurrent/GuardedBy.class
[DEBUG] adding entry javax/annotation/concurrent/GuardedBy.java
[DEBUG] adding entry javax/annotation/concurrent/Immutable.class
[DEBUG] adding entry javax/annotation/concurrent/Immutable.java
[DEBUG] adding entry javax/annotation/concurrent/NotThreadSafe.class
[DEBUG] adding entry javax/annotation/concurrent/NotThreadSafe.java
[DEBUG] adding entry javax/annotation/concurrent/ThreadSafe.class
[DEBUG] adding entry javax/annotation/concurrent/ThreadSafe.java
[DEBUG] adding entry javax/annotation/meta/Exclusive.class
[DEBUG] adding entry javax/annotation/meta/Exclusive.java
[DEBUG] adding entry javax/annotation/meta/Exhaustive.class
[DEBUG] adding entry javax/annotation/meta/Exhaustive.java
[DEBUG] adding entry javax/annotation/meta/TypeQualifier.class
[DEBUG] adding entry javax/annotation/meta/TypeQualifier.java
[DEBUG] adding entry javax/annotation/meta/TypeQualifierDefault.class
[DEBUG] adding entry javax/annotation/meta/TypeQualifierDefault.java
[DEBUG] adding entry javax/annotation/meta/TypeQualifierNickname.class
[DEBUG] adding entry javax/annotation/meta/TypeQualifierNickname.java
[DEBUG] adding entry javax/annotation/meta/TypeQualifierValidator.class
[DEBUG] adding entry javax/annotation/meta/TypeQualifierValidator.java
[DEBUG] adding entry javax/annotation/meta/When.class
[DEBUG] adding entry javax/annotation/meta/When.java
[INFO] META-INF/MANIFEST.MF already added, skipping
[INFO] META-INF/ already added, skipping
[INFO] META-INF/maven/ already added, skipping
[INFO] META-INF/maven/org.glassfish.jersey.media/ already added, skipping
[DEBUG] adding directory META-INF/maven/org.glassfish.jersey.media/jersey-media-multipart/
[DEBUG] adding entry META-INF/maven/org.glassfish.jersey.media/jersey-media-multipart/pom.properties
[DEBUG] adding entry META-INF/maven/org.glassfish.jersey.media/jersey-media-multipart/pom.xml
[INFO] org/ already added, skipping
[INFO] org/glassfish/ already added, skipping
[INFO] org/glassfish/jersey/ already added, skipping
[DEBUG] adding directory org/glassfish/jersey/media/
[DEBUG] adding directory org/glassfish/jersey/media/multipart/
[DEBUG] adding entry org/glassfish/jersey/media/multipart/BodyPart.class
[DEBUG] adding entry org/glassfish/jersey/media/multipart/BodyPartEntity.class
[DEBUG] adding entry org/glassfish/jersey/media/multipart/BodyPartsList.class
[DEBUG] adding entry org/glassfish/jersey/media/multipart/Boundary.class
[DEBUG] adding entry org/glassfish/jersey/media/multipart/ContentDisposition$ContentDispositionBuilder.class
[DEBUG] adding entry org/glassfish/jersey/media/multipart/ContentDisposition.class
[DEBUG] adding entry org/glassfish/jersey/media/multipart/FormDataBodyPart.class
[DEBUG] adding entry org/glassfish/jersey/media/multipart/FormDataContentDisposition$FormDataContentDispositionBuilder.class
[DEBUG] adding entry org/glassfish/jersey/media/multipart/FormDataContentDisposition.class
[DEBUG] adding entry org/glassfish/jersey/media/multipart/FormDataMultiPart.class
[DEBUG] adding entry org/glassfish/jersey/media/multipart/FormDataParam.class
[DEBUG] adding entry org/glassfish/jersey/media/multipart/MultiPart.class
[DEBUG] adding entry org/glassfish/jersey/media/multipart/MultiPartFeature.class
[DEBUG] adding entry org/glassfish/jersey/media/multipart/MultiPartMediaTypes.class
[DEBUG] adding entry org/glassfish/jersey/media/multipart/MultiPartProperties$Feature$MultiPartContextResolver.class
[DEBUG] adding entry org/glassfish/jersey/media/multipart/MultiPartProperties$Feature.class
[DEBUG] adding entry org/glassfish/jersey/media/multipart/MultiPartProperties.class
[DEBUG] adding entry org/glassfish/jersey/media/multipart/ParameterizedHeadersMap.class
[DEBUG] adding directory org/glassfish/jersey/media/multipart/file/
[DEBUG] adding entry org/glassfish/jersey/media/multipart/file/DefaultMediaTypePredictor$CommonMediaTypes.class
[DEBUG] adding entry org/glassfish/jersey/media/multipart/file/DefaultMediaTypePredictor.class
[DEBUG] adding entry org/glassfish/jersey/media/multipart/file/FileDataBodyPart.class
[DEBUG] adding entry org/glassfish/jersey/media/multipart/file/MediaTypePredictor.class
[DEBUG] adding entry org/glassfish/jersey/media/multipart/file/StreamDataBodyPart.class
[DEBUG] adding directory org/glassfish/jersey/media/multipart/internal/
[DEBUG] adding entry org/glassfish/jersey/media/multipart/internal/FormDataParamValueFactoryProvider$1.class
[DEBUG] adding entry org/glassfish/jersey/media/multipart/internal/FormDataParamValueFactoryProvider$FormDataBodyPartValueFactory.class
[DEBUG] adding entry org/glassfish/jersey/media/multipart/internal/FormDataParamValueFactoryProvider$FormDataContentDispositionMultiPartInjectable.class
[DEBUG] adding entry org/glassfish/jersey/media/multipart/internal/FormDataParamValueFactoryProvider$FormDataMultiPartValueFactory.class
[DEBUG] adding entry org/glassfish/jersey/media/multipart/internal/FormDataParamValueFactoryProvider$FormDataParamException.class
[DEBUG] adding entry org/glassfish/jersey/media/multipart/internal/FormDataParamValueFactoryProvider$FormDataParamValueFactory.class
[DEBUG] adding entry org/glassfish/jersey/media/multipart/internal/FormDataParamValueFactoryProvider$InjectionResolver.class
[DEBUG] adding entry org/glassfish/jersey/media/multipart/internal/FormDataParamValueFactoryProvider$ListFormDataBodyPartValueFactory.class
[DEBUG] adding entry org/glassfish/jersey/media/multipart/internal/FormDataParamValueFactoryProvider$ListFormDataContentDispositionValueFactory.class
[DEBUG] adding entry org/glassfish/jersey/media/multipart/internal/FormDataParamValueFactoryProvider.class
[DEBUG] adding entry org/glassfish/jersey/media/multipart/internal/FormDataParameterInjectionFeature$1.class
[DEBUG] adding entry org/glassfish/jersey/media/multipart/internal/FormDataParameterInjectionFeature$ResolverBinder$1.class
[DEBUG] adding entry org/glassfish/jersey/media/multipart/internal/FormDataParameterInjectionFeature$ResolverBinder.class
[DEBUG] adding entry org/glassfish/jersey/media/multipart/internal/FormDataParameterInjectionFeature.class
[DEBUG] adding entry org/glassfish/jersey/media/multipart/internal/LocalizationMessages.class
[DEBUG] adding entry org/glassfish/jersey/media/multipart/internal/MultiPartReaderClientSide.class
[DEBUG] adding entry org/glassfish/jersey/media/multipart/internal/MultiPartReaderServerSide.class
[DEBUG] adding entry org/glassfish/jersey/media/multipart/internal/MultiPartWriter.class
[DEBUG] adding entry org/glassfish/jersey/media/multipart/internal/localization.properties
[INFO] META-INF/ already added, skipping
[INFO] META-INF/MANIFEST.MF already added, skipping
[INFO] org/ already added, skipping
[INFO] org/jvnet/ already added, skipping
[DEBUG] adding directory org/jvnet/mimepull/
[DEBUG] adding entry org/jvnet/mimepull/MIMEEvent.class
[DEBUG] adding entry org/jvnet/mimepull/MIMEParser.class
[DEBUG] adding entry org/jvnet/mimepull/MIMEParser$MIMEEventIterator.class
[DEBUG] adding entry org/jvnet/mimepull/MIMEEvent$Headers.class
[DEBUG] adding entry org/jvnet/mimepull/MIMEEvent$EndPart.class
[DEBUG] adding entry org/jvnet/mimepull/ChunkInputStream.class
[DEBUG] adding entry org/jvnet/mimepull/MIMEMessage$1.class
[DEBUG] adding entry org/jvnet/mimepull/InternetHeaders.class
[DEBUG] adding entry org/jvnet/mimepull/DataHead$ReadMultiStream.class
[DEBUG] adding entry org/jvnet/mimepull/MIMEEvent$EndMessage.class
[DEBUG] adding entry org/jvnet/mimepull/CleanUpExecutorFactory.class
[DEBUG] adding entry org/jvnet/mimepull/FactoryFinder.class
[DEBUG] adding entry org/jvnet/mimepull/Header.class
[DEBUG] adding entry org/jvnet/mimepull/MIMEPart.class
[DEBUG] adding entry org/jvnet/mimepull/FinalArrayList.class
[DEBUG] adding entry org/jvnet/mimepull/hdr.class
[DEBUG] adding entry org/jvnet/mimepull/Chunk.class
[DEBUG] adding entry org/jvnet/mimepull/MIMEEvent$Content.class
[DEBUG] adding entry org/jvnet/mimepull/FileData.class
[DEBUG] adding entry org/jvnet/mimepull/MIMEEvent$StartMessage.class
[DEBUG] adding entry org/jvnet/mimepull/MIMEEvent$StartPart.class
[DEBUG] adding entry org/jvnet/mimepull/DataHead$ReadOnceStream.class
[DEBUG] adding entry org/jvnet/mimepull/MIMEParser$LineInputStream.class
[DEBUG] adding entry org/jvnet/mimepull/MIMEParser$1.class
[DEBUG] adding entry org/jvnet/mimepull/MIMEEvent$EVENT_TYPE.class
[DEBUG] adding entry org/jvnet/mimepull/MIMEConfig.class
[DEBUG] adding entry org/jvnet/mimepull/MIMEMessage.class
[DEBUG] adding entry org/jvnet/mimepull/WeakDataFile$1.class
[DEBUG] adding entry org/jvnet/mimepull/DataFile.class
[DEBUG] adding entry org/jvnet/mimepull/MIMEParsingException.class
[DEBUG] adding entry org/jvnet/mimepull/MIMEParser$STATE.class
[DEBUG] adding entry org/jvnet/mimepull/WeakDataFile.class
[DEBUG] adding entry org/jvnet/mimepull/MemoryData.class
[DEBUG] adding entry org/jvnet/mimepull/Data.class
[DEBUG] adding entry org/jvnet/mimepull/DataHead.class
[INFO] META-INF/maven/ already added, skipping
[DEBUG] adding directory META-INF/maven/org.jvnet.mimepull/
[DEBUG] adding directory META-INF/maven/org.jvnet.mimepull/mimepull/
[DEBUG] adding entry META-INF/maven/org.jvnet.mimepull/mimepull/pom.xml
[DEBUG] adding entry META-INF/maven/org.jvnet.mimepull/mimepull/pom.properties
[INFO] META-INF/ already added, skipping
[INFO] META-INF/MANIFEST.MF already added, skipping
[INFO] io/ already added, skipping
[INFO] io/swagger/ already added, skipping
[DEBUG] adding directory io/swagger/validator/
[INFO] META-INF/services/ already added, skipping
[DEBUG] adding entry io/swagger/validator/BeanValidator.class
[DEBUG] adding entry META-INF/services/io.swagger.converter.ModelConverter
[INFO] META-INF/maven/ already added, skipping
[INFO] META-INF/maven/io.swagger/ already added, skipping
[DEBUG] adding directory META-INF/maven/io.swagger/swagger-hibernate-validations/
[DEBUG] adding entry META-INF/maven/io.swagger/swagger-hibernate-validations/pom.xml
[DEBUG] adding entry META-INF/maven/io.swagger/swagger-hibernate-validations/pom.properties
[INFO] META-INF/ already added, skipping
[INFO] META-INF/MANIFEST.MF already added, skipping
[DEBUG] adding directory ch/
[DEBUG] adding directory ch/qos/
[DEBUG] adding directory ch/qos/logback/
[DEBUG] adding directory ch/qos/logback/classic/
[DEBUG] adding directory ch/qos/logback/classic/boolex/
[DEBUG] adding directory ch/qos/logback/classic/db/
[DEBUG] adding directory ch/qos/logback/classic/db/names/
[DEBUG] adding directory ch/qos/logback/classic/encoder/
[DEBUG] adding directory ch/qos/logback/classic/filter/
[DEBUG] adding directory ch/qos/logback/classic/gaffer/
[DEBUG] adding directory ch/qos/logback/classic/helpers/
[DEBUG] adding directory ch/qos/logback/classic/html/
[DEBUG] adding directory ch/qos/logback/classic/jmx/
[DEBUG] adding directory ch/qos/logback/classic/joran/
[DEBUG] adding directory ch/qos/logback/classic/joran/action/
[DEBUG] adding directory ch/qos/logback/classic/jul/
[DEBUG] adding directory ch/qos/logback/classic/log4j/
[DEBUG] adding directory ch/qos/logback/classic/net/
[DEBUG] adding directory ch/qos/logback/classic/net/server/
[DEBUG] adding directory ch/qos/logback/classic/pattern/
[DEBUG] adding directory ch/qos/logback/classic/pattern/color/
[DEBUG] adding directory ch/qos/logback/classic/selector/
[DEBUG] adding directory ch/qos/logback/classic/selector/servlet/
[DEBUG] adding directory ch/qos/logback/classic/sift/
[DEBUG] adding directory ch/qos/logback/classic/spi/
[DEBUG] adding directory ch/qos/logback/classic/turbo/
[DEBUG] adding directory ch/qos/logback/classic/util/
[INFO] org/ already added, skipping
[INFO] org/slf4j/ already added, skipping
[DEBUG] adding directory org/slf4j/impl/
[DEBUG] adding entry ch/qos/logback/classic/AsyncAppender.class
[DEBUG] adding entry ch/qos/logback/classic/BasicConfigurator.class
[DEBUG] adding entry ch/qos/logback/classic/boolex/EvaluatorTemplate.class
[DEBUG] adding entry ch/qos/logback/classic/boolex/EvaluatorTemplate.groovy
[DEBUG] adding entry ch/qos/logback/classic/boolex/GEventEvaluator.class
[DEBUG] adding entry ch/qos/logback/classic/boolex/IEvaluator.class
[DEBUG] adding entry ch/qos/logback/classic/boolex/JaninoEventEvaluator.class
[DEBUG] adding entry ch/qos/logback/classic/boolex/OnErrorEvaluator.class
[DEBUG] adding entry ch/qos/logback/classic/boolex/OnMarkerEvaluator.class
[DEBUG] adding entry ch/qos/logback/classic/ClassicConstants.class
[DEBUG] adding entry ch/qos/logback/classic/db/DBAppender.class
[DEBUG] adding entry ch/qos/logback/classic/db/DBHelper.class
[DEBUG] adding entry ch/qos/logback/classic/db/names/ColumnName.class
[DEBUG] adding entry ch/qos/logback/classic/db/names/DBNameResolver.class
[DEBUG] adding entry ch/qos/logback/classic/db/names/DefaultDBNameResolver.class
[DEBUG] adding entry ch/qos/logback/classic/db/names/SimpleDBNameResolver.class
[DEBUG] adding entry ch/qos/logback/classic/db/names/TableName.class
[DEBUG] adding entry ch/qos/logback/classic/db/SQLBuilder.class
[DEBUG] adding entry ch/qos/logback/classic/encoder/PatternLayoutEncoder.class
[DEBUG] adding entry ch/qos/logback/classic/filter/LevelFilter.class
[DEBUG] adding entry ch/qos/logback/classic/filter/ThresholdFilter.class
[DEBUG] adding entry ch/qos/logback/classic/gaffer/AppenderDelegate.class
[DEBUG] adding entry ch/qos/logback/classic/gaffer/ComponentDelegate.class
[DEBUG] adding entry ch/qos/logback/classic/gaffer/ConfigurationContributor.class
[DEBUG] adding entry ch/qos/logback/classic/gaffer/ConfigurationDelegate$_copyContributions_closure2.class
[DEBUG] adding entry ch/qos/logback/classic/gaffer/ConfigurationDelegate$_logger_closure1.class
[DEBUG] adding entry ch/qos/logback/classic/gaffer/ConfigurationDelegate$_logger_closure1_closure3.class
[DEBUG] adding entry ch/qos/logback/classic/gaffer/ConfigurationDelegate.class
[DEBUG] adding entry ch/qos/logback/classic/gaffer/GafferConfigurator$_run_closure1.class
[DEBUG] adding entry ch/qos/logback/classic/gaffer/GafferConfigurator.class
[DEBUG] adding entry ch/qos/logback/classic/gaffer/GafferUtil.class
[DEBUG] adding entry ch/qos/logback/classic/gaffer/NestingType.class
[DEBUG] adding entry ch/qos/logback/classic/gaffer/PropertyUtil$_upperCaseFirstLetter_closure1.class
[DEBUG] adding entry ch/qos/logback/classic/gaffer/PropertyUtil.class
[DEBUG] adding entry ch/qos/logback/classic/helpers/MDCInsertingServletFilter.class
[DEBUG] adding entry ch/qos/logback/classic/html/DefaultCssBuilder.class
[DEBUG] adding entry ch/qos/logback/classic/html/DefaultThrowableRenderer.class
[DEBUG] adding entry ch/qos/logback/classic/html/HTMLLayout.class
[DEBUG] adding entry ch/qos/logback/classic/html/UrlCssBuilder.class
[DEBUG] adding entry ch/qos/logback/classic/jmx/JMXConfigurator.class
[DEBUG] adding entry ch/qos/logback/classic/jmx/JMXConfiguratorMBean.class
[DEBUG] adding entry ch/qos/logback/classic/jmx/MBeanUtil.class
[DEBUG] adding entry ch/qos/logback/classic/joran/action/ConfigurationAction.class
[DEBUG] adding entry ch/qos/logback/classic/joran/action/ConsolePluginAction.class
[DEBUG] adding entry ch/qos/logback/classic/joran/action/ContextNameAction.class
[DEBUG] adding entry ch/qos/logback/classic/joran/action/EvaluatorAction.class
[DEBUG] adding entry ch/qos/logback/classic/joran/action/InsertFromJNDIAction.class
[DEBUG] adding entry ch/qos/logback/classic/joran/action/JMXConfiguratorAction.class
[DEBUG] adding entry ch/qos/logback/classic/joran/action/LevelAction.class
[DEBUG] adding entry ch/qos/logback/classic/joran/action/LoggerAction.class
[DEBUG] adding entry ch/qos/logback/classic/joran/action/LoggerContextListenerAction.class
[DEBUG] adding entry ch/qos/logback/classic/joran/action/ReceiverAction.class
[DEBUG] adding entry ch/qos/logback/classic/joran/action/RootLoggerAction.class
[DEBUG] adding entry ch/qos/logback/classic/joran/JoranConfigurator.class
[DEBUG] adding entry ch/qos/logback/classic/jul/JULHelper.class
[DEBUG] adding entry ch/qos/logback/classic/jul/LevelChangePropagator.class
[DEBUG] adding entry ch/qos/logback/classic/Level.class
[DEBUG] adding entry ch/qos/logback/classic/log4j/XMLLayout.class
[DEBUG] adding entry ch/qos/logback/classic/Logger.class
[DEBUG] adding entry ch/qos/logback/classic/LoggerContext.class
[DEBUG] adding entry ch/qos/logback/classic/net/JMSQueueAppender.class
[DEBUG] adding entry ch/qos/logback/classic/net/JMSQueueSink.class
[DEBUG] adding entry ch/qos/logback/classic/net/JMSTopicAppender.class
[DEBUG] adding entry ch/qos/logback/classic/net/JMSTopicSink.class
[DEBUG] adding entry ch/qos/logback/classic/net/LoggingEventPreSerializationTransformer.class
[DEBUG] adding entry ch/qos/logback/classic/net/ReceiverBase.class
[DEBUG] adding entry ch/qos/logback/classic/net/server/RemoteAppenderClient.class
[DEBUG] adding entry ch/qos/logback/classic/net/server/RemoteAppenderServerListener.class
[DEBUG] adding entry ch/qos/logback/classic/net/server/RemoteAppenderServerRunner.class
[DEBUG] adding entry ch/qos/logback/classic/net/server/RemoteAppenderStreamClient.class
[DEBUG] adding entry ch/qos/logback/classic/net/server/ServerSocketAppender.class
[DEBUG] adding entry ch/qos/logback/classic/net/server/ServerSocketReceiver.class
[DEBUG] adding entry ch/qos/logback/classic/net/server/SSLServerSocketAppender.class
[DEBUG] adding entry ch/qos/logback/classic/net/server/SSLServerSocketReceiver.class
[DEBUG] adding entry ch/qos/logback/classic/net/SimpleSocketServer.class
[DEBUG] adding entry ch/qos/logback/classic/net/SimpleSSLSocketServer.class
[DEBUG] adding entry ch/qos/logback/classic/net/SMTPAppender.class
[DEBUG] adding entry ch/qos/logback/classic/net/SocketAcceptor.class
[DEBUG] adding entry ch/qos/logback/classic/net/SocketAppender.class
[DEBUG] adding entry ch/qos/logback/classic/net/SocketNode.class
[DEBUG] adding entry ch/qos/logback/classic/net/SocketReceiver.class
[DEBUG] adding entry ch/qos/logback/classic/net/SSLSocketAppender.class
[DEBUG] adding entry ch/qos/logback/classic/net/SSLSocketReceiver.class
[DEBUG] adding entry ch/qos/logback/classic/net/SyslogAppender.class
[DEBUG] adding entry ch/qos/logback/classic/pattern/Abbreviator.class
[DEBUG] adding entry ch/qos/logback/classic/pattern/CallerDataConverter.class
[DEBUG] adding entry ch/qos/logback/classic/pattern/ClassicConverter.class
[DEBUG] adding entry ch/qos/logback/classic/pattern/ClassNameOnlyAbbreviator.class
[DEBUG] adding entry ch/qos/logback/classic/pattern/ClassOfCallerConverter.class
[DEBUG] adding entry ch/qos/logback/classic/pattern/color/HighlightingCompositeConverter.class
[DEBUG] adding entry ch/qos/logback/classic/pattern/ContextNameConverter.class
[DEBUG] adding entry ch/qos/logback/classic/pattern/DateConverter.class
[DEBUG] adding entry ch/qos/logback/classic/pattern/EnsureExceptionHandling.class
[DEBUG] adding entry ch/qos/logback/classic/pattern/ExtendedThrowableProxyConverter.class
[DEBUG] adding entry ch/qos/logback/classic/pattern/FileOfCallerConverter.class
[DEBUG] adding entry ch/qos/logback/classic/pattern/LevelConverter.class
[DEBUG] adding entry ch/qos/logback/classic/pattern/LineOfCallerConverter.class
[DEBUG] adding entry ch/qos/logback/classic/pattern/LineSeparatorConverter.class
[DEBUG] adding entry ch/qos/logback/classic/pattern/LoggerConverter.class
[DEBUG] adding entry ch/qos/logback/classic/pattern/MarkerConverter.class
[DEBUG] adding entry ch/qos/logback/classic/pattern/MDCConverter.class
[DEBUG] adding entry ch/qos/logback/classic/pattern/MessageConverter.class
[DEBUG] adding entry ch/qos/logback/classic/pattern/MethodOfCallerConverter.class
[DEBUG] adding entry ch/qos/logback/classic/pattern/NamedConverter.class
[DEBUG] adding entry ch/qos/logback/classic/pattern/NopThrowableInformationConverter.class
[DEBUG] adding entry ch/qos/logback/classic/pattern/PropertyConverter.class
[DEBUG] adding entry ch/qos/logback/classic/pattern/RelativeTimeConverter.class
[DEBUG] adding entry ch/qos/logback/classic/pattern/RootCauseFirstThrowableProxyConverter.class
[DEBUG] adding entry ch/qos/logback/classic/pattern/SyslogStartConverter.class
[DEBUG] adding entry ch/qos/logback/classic/pattern/TargetLengthBasedClassNameAbbreviator.class
[DEBUG] adding entry ch/qos/logback/classic/pattern/ThreadConverter.class
[DEBUG] adding entry ch/qos/logback/classic/pattern/ThrowableHandlingConverter.class
[DEBUG] adding entry ch/qos/logback/classic/pattern/ThrowableProxyConverter.class
[DEBUG] adding entry ch/qos/logback/classic/pattern/Util.class
[DEBUG] adding entry ch/qos/logback/classic/PatternLayout.class
[DEBUG] adding entry ch/qos/logback/classic/selector/ContextJNDISelector.class
[DEBUG] adding entry ch/qos/logback/classic/selector/ContextSelector.class
[DEBUG] adding entry ch/qos/logback/classic/selector/DefaultContextSelector.class
[DEBUG] adding entry ch/qos/logback/classic/selector/servlet/ContextDetachingSCL.class
[DEBUG] adding entry ch/qos/logback/classic/selector/servlet/LoggerContextFilter.class
[DEBUG] adding entry ch/qos/logback/classic/sift/AppenderFactoryUsingJoran.class
[DEBUG] adding entry ch/qos/logback/classic/sift/ContextBasedDiscriminator.class
[DEBUG] adding entry ch/qos/logback/classic/sift/JNDIBasedContextDiscriminator.class
[DEBUG] adding entry ch/qos/logback/classic/sift/MDCBasedDiscriminator.class
[DEBUG] adding entry ch/qos/logback/classic/sift/SiftAction.class
[DEBUG] adding entry ch/qos/logback/classic/sift/SiftingAppender.class
[DEBUG] adding entry ch/qos/logback/classic/sift/SiftingJoranConfigurator.class
[DEBUG] adding entry ch/qos/logback/classic/spi/CallerData.class
[DEBUG] adding entry ch/qos/logback/classic/spi/ClassPackagingData.class
[DEBUG] adding entry ch/qos/logback/classic/spi/ILoggingEvent.class
[DEBUG] adding entry ch/qos/logback/classic/spi/IThrowableProxy.class
[DEBUG] adding entry ch/qos/logback/classic/spi/LoggerComparator.class
[DEBUG] adding entry ch/qos/logback/classic/spi/LoggerContextAware.class
[DEBUG] adding entry ch/qos/logback/classic/spi/LoggerContextAwareBase.class
[DEBUG] adding entry ch/qos/logback/classic/spi/LoggerContextListener.class
[DEBUG] adding entry ch/qos/logback/classic/spi/LoggerContextVO.class
[DEBUG] adding entry ch/qos/logback/classic/spi/LoggerRemoteView.class
[DEBUG] adding entry ch/qos/logback/classic/spi/LoggingEvent.class
[DEBUG] adding entry ch/qos/logback/classic/spi/LoggingEventVO.class
[DEBUG] adding entry ch/qos/logback/classic/spi/PackagingDataCalculator.class
[DEBUG] adding entry ch/qos/logback/classic/spi/PlatformInfo.class
[DEBUG] adding entry ch/qos/logback/classic/spi/StackTraceElementProxy.class
[DEBUG] adding entry ch/qos/logback/classic/spi/STEUtil.class
[DEBUG] adding entry ch/qos/logback/classic/spi/ThrowableProxy.class
[DEBUG] adding entry ch/qos/logback/classic/spi/ThrowableProxyUtil.class
[DEBUG] adding entry ch/qos/logback/classic/spi/ThrowableProxyVO.class
[DEBUG] adding entry ch/qos/logback/classic/spi/TurboFilterList.class
[DEBUG] adding entry ch/qos/logback/classic/turbo/DuplicateMessageFilter.class
[DEBUG] adding entry ch/qos/logback/classic/turbo/DynamicThresholdFilter.class
[DEBUG] adding entry ch/qos/logback/classic/turbo/LRUMessageCache.class
[DEBUG] adding entry ch/qos/logback/classic/turbo/MarkerFilter.class
[DEBUG] adding entry ch/qos/logback/classic/turbo/MatchingFilter.class
[DEBUG] adding entry ch/qos/logback/classic/turbo/MDCFilter.class
[DEBUG] adding entry ch/qos/logback/classic/turbo/MDCValueLevelPair.class
[DEBUG] adding entry ch/qos/logback/classic/turbo/ReconfigureOnChangeFilter$ReconfiguringThread.class
[DEBUG] adding entry ch/qos/logback/classic/turbo/ReconfigureOnChangeFilter.class
[DEBUG] adding entry ch/qos/logback/classic/turbo/TurboFilter.class
[DEBUG] adding entry ch/qos/logback/classic/util/ContextInitializer.class
[DEBUG] adding entry ch/qos/logback/classic/util/ContextSelectorStaticBinder.class
[DEBUG] adding entry ch/qos/logback/classic/util/CopyOnInheritThreadLocal.class
[DEBUG] adding entry ch/qos/logback/classic/util/DefaultNestedComponentRules.class
[DEBUG] adding entry ch/qos/logback/classic/util/EnvUtil.class
[DEBUG] adding entry ch/qos/logback/classic/util/JNDIUtil.class
[DEBUG] adding entry ch/qos/logback/classic/util/LevelToSyslogSeverity.class
[DEBUG] adding entry ch/qos/logback/classic/util/LogbackMDCAdapter.class
[DEBUG] adding entry ch/qos/logback/classic/util/LoggerNameUtil.class
[DEBUG] adding entry ch/qos/logback/classic/util/StatusListenerConfigHelper.class
[DEBUG] adding entry ch/qos/logback/classic/ViewStatusMessagesServlet.class
[DEBUG] adding entry org/slf4j/impl/StaticLoggerBinder.class
[DEBUG] adding entry org/slf4j/impl/StaticMarkerBinder.class
[DEBUG] adding entry org/slf4j/impl/StaticMDCBinder.class
[INFO] META-INF/maven/ already added, skipping
[DEBUG] adding directory META-INF/maven/ch.qos.logback/
[DEBUG] adding directory META-INF/maven/ch.qos.logback/logback-classic/
[DEBUG] adding entry META-INF/maven/ch.qos.logback/logback-classic/pom.xml
[DEBUG] adding entry META-INF/maven/ch.qos.logback/logback-classic/pom.properties
[INFO] META-INF/ already added, skipping
[INFO] META-INF/MANIFEST.MF already added, skipping
[INFO] ch/ already added, skipping
[INFO] ch/qos/ already added, skipping
[INFO] ch/qos/logback/ already added, skipping
[DEBUG] adding directory ch/qos/logback/core/
[DEBUG] adding directory ch/qos/logback/core/boolex/
[DEBUG] adding directory ch/qos/logback/core/db/
[DEBUG] adding directory ch/qos/logback/core/db/dialect/
[DEBUG] adding directory ch/qos/logback/core/encoder/
[DEBUG] adding directory ch/qos/logback/core/filter/
[DEBUG] adding directory ch/qos/logback/core/helpers/
[DEBUG] adding directory ch/qos/logback/core/html/
[DEBUG] adding directory ch/qos/logback/core/joran/
[DEBUG] adding directory ch/qos/logback/core/joran/action/
[DEBUG] adding directory ch/qos/logback/core/joran/conditional/
[DEBUG] adding directory ch/qos/logback/core/joran/event/
[DEBUG] adding directory ch/qos/logback/core/joran/spi/
[DEBUG] adding directory ch/qos/logback/core/joran/util/
[DEBUG] adding directory ch/qos/logback/core/layout/
[DEBUG] adding directory ch/qos/logback/core/net/
[DEBUG] adding directory ch/qos/logback/core/net/server/
[DEBUG] adding directory ch/qos/logback/core/net/ssl/
[DEBUG] adding directory ch/qos/logback/core/pattern/
[DEBUG] adding directory ch/qos/logback/core/pattern/color/
[DEBUG] adding directory ch/qos/logback/core/pattern/parser/
[DEBUG] adding directory ch/qos/logback/core/pattern/util/
[DEBUG] adding directory ch/qos/logback/core/property/
[DEBUG] adding directory ch/qos/logback/core/read/
[DEBUG] adding directory ch/qos/logback/core/recovery/
[DEBUG] adding directory ch/qos/logback/core/rolling/
[DEBUG] adding directory ch/qos/logback/core/rolling/helper/
[DEBUG] adding directory ch/qos/logback/core/sift/
[DEBUG] adding directory ch/qos/logback/core/spi/
[DEBUG] adding directory ch/qos/logback/core/status/
[DEBUG] adding directory ch/qos/logback/core/subst/
[DEBUG] adding directory ch/qos/logback/core/util/
[DEBUG] adding entry ch/qos/logback/core/Appender.class
[DEBUG] adding entry ch/qos/logback/core/AppenderBase.class
[DEBUG] adding entry ch/qos/logback/core/AsyncAppenderBase$Worker.class
[DEBUG] adding entry ch/qos/logback/core/AsyncAppenderBase.class
[DEBUG] adding entry ch/qos/logback/core/BasicStatusManager.class
[DEBUG] adding entry ch/qos/logback/core/boolex/EvaluationException.class
[DEBUG] adding entry ch/qos/logback/core/boolex/EventEvaluator.class
[DEBUG] adding entry ch/qos/logback/core/boolex/EventEvaluatorBase.class
[DEBUG] adding entry ch/qos/logback/core/boolex/JaninoEventEvaluatorBase.class
[DEBUG] adding entry ch/qos/logback/core/boolex/Matcher.class
[DEBUG] adding entry ch/qos/logback/core/ConsoleAppender.class
[DEBUG] adding entry ch/qos/logback/core/Context.class
[DEBUG] adding entry ch/qos/logback/core/ContextBase.class
[DEBUG] adding entry ch/qos/logback/core/CoreConstants.class
[DEBUG] adding entry ch/qos/logback/core/db/BindDataSourceToJNDIAction.class
[DEBUG] adding entry ch/qos/logback/core/db/ConnectionSource.class
[DEBUG] adding entry ch/qos/logback/core/db/ConnectionSourceBase.class
[DEBUG] adding entry ch/qos/logback/core/db/DataSourceConnectionSource.class
[DEBUG] adding entry ch/qos/logback/core/db/DBAppenderBase.class
[DEBUG] adding entry ch/qos/logback/core/db/DBHelper.class
[DEBUG] adding entry ch/qos/logback/core/db/dialect/DBUtil$1.class
[DEBUG] adding entry ch/qos/logback/core/db/dialect/DBUtil.class
[DEBUG] adding entry ch/qos/logback/core/db/dialect/H2Dialect.class
[DEBUG] adding entry ch/qos/logback/core/db/dialect/HSQLDBDialect.class
[DEBUG] adding entry ch/qos/logback/core/db/dialect/MsSQLDialect.class
[DEBUG] adding entry ch/qos/logback/core/db/dialect/MySQLDialect.class
[DEBUG] adding entry ch/qos/logback/core/db/dialect/OracleDialect.class
[DEBUG] adding entry ch/qos/logback/core/db/dialect/PostgreSQLDialect.class
[DEBUG] adding entry ch/qos/logback/core/db/dialect/SQLDialect.class
[DEBUG] adding entry ch/qos/logback/core/db/dialect/SQLDialectCode.class
[DEBUG] adding entry ch/qos/logback/core/db/dialect/SQLiteDialect.class
[DEBUG] adding entry ch/qos/logback/core/db/dialect/SybaseSqlAnywhereDialect.class
[DEBUG] adding entry ch/qos/logback/core/db/DriverManagerConnectionSource.class
[DEBUG] adding entry ch/qos/logback/core/db/JNDIConnectionSource.class
[DEBUG] adding entry ch/qos/logback/core/encoder/ByteArrayUtil.class
[DEBUG] adding entry ch/qos/logback/core/encoder/EchoEncoder.class
[DEBUG] adding entry ch/qos/logback/core/encoder/Encoder.class
[DEBUG] adding entry ch/qos/logback/core/encoder/EncoderBase.class
[DEBUG] adding entry ch/qos/logback/core/encoder/EventObjectInputStream.class
[DEBUG] adding entry ch/qos/logback/core/encoder/LayoutWrappingEncoder.class
[DEBUG] adding entry ch/qos/logback/core/encoder/NonClosableInputStream.class
[DEBUG] adding entry ch/qos/logback/core/encoder/ObjectStreamEncoder.class
[DEBUG] adding entry ch/qos/logback/core/FileAppender.class
[DEBUG] adding entry ch/qos/logback/core/filter/AbstractMatcherFilter.class
[DEBUG] adding entry ch/qos/logback/core/filter/EvaluatorFilter.class
[DEBUG] adding entry ch/qos/logback/core/filter/Filter.class
[DEBUG] adding entry ch/qos/logback/core/helpers/CyclicBuffer.class
[DEBUG] adding entry ch/qos/logback/core/helpers/NOPAppender.class
[DEBUG] adding entry ch/qos/logback/core/helpers/ThrowableToStringArray.class
[DEBUG] adding entry ch/qos/logback/core/helpers/Transform.class
[DEBUG] adding entry ch/qos/logback/core/html/CssBuilder.class
[DEBUG] adding entry ch/qos/logback/core/html/HTMLLayoutBase.class
[DEBUG] adding entry ch/qos/logback/core/html/IThrowableRenderer.class
[DEBUG] adding entry ch/qos/logback/core/html/NOPThrowableRenderer.class
[DEBUG] adding entry ch/qos/logback/core/joran/action/AbstractEventEvaluatorAction.class
[DEBUG] adding entry ch/qos/logback/core/joran/action/Action.class
[DEBUG] adding entry ch/qos/logback/core/joran/action/ActionConst.class
[DEBUG] adding entry ch/qos/logback/core/joran/action/ActionUtil$1.class
[DEBUG] adding entry ch/qos/logback/core/joran/action/ActionUtil$Scope.class
[DEBUG] adding entry ch/qos/logback/core/joran/action/ActionUtil.class
[DEBUG] adding entry ch/qos/logback/core/joran/action/AppenderAction.class
[DEBUG] adding entry ch/qos/logback/core/joran/action/AppenderRefAction.class
[DEBUG] adding entry ch/qos/logback/core/joran/action/ContextPropertyAction.class
[DEBUG] adding entry ch/qos/logback/core/joran/action/ConversionRuleAction.class
[DEBUG] adding entry ch/qos/logback/core/joran/action/DefinePropertyAction.class
[DEBUG] adding entry ch/qos/logback/core/joran/action/IADataForBasicProperty.class
[DEBUG] adding entry ch/qos/logback/core/joran/action/IADataForComplexProperty.class
[DEBUG] adding entry ch/qos/logback/core/joran/action/ImplicitAction.class
[DEBUG] adding entry ch/qos/logback/core/joran/action/IncludeAction.class
[DEBUG] adding entry ch/qos/logback/core/joran/action/NestedBasicPropertyIA$1.class
[DEBUG] adding entry ch/qos/logback/core/joran/action/NestedBasicPropertyIA.class
[DEBUG] adding entry ch/qos/logback/core/joran/action/NestedComplexPropertyIA$1.class
[DEBUG] adding entry ch/qos/logback/core/joran/action/NestedComplexPropertyIA.class
[DEBUG] adding entry ch/qos/logback/core/joran/action/NewRuleAction.class
[DEBUG] adding entry ch/qos/logback/core/joran/action/NOPAction.class
[DEBUG] adding entry ch/qos/logback/core/joran/action/ParamAction.class
[DEBUG] adding entry ch/qos/logback/core/joran/action/PropertyAction.class
[DEBUG] adding entry ch/qos/logback/core/joran/action/StatusListenerAction.class
[DEBUG] adding entry ch/qos/logback/core/joran/action/TimestampAction.class
[DEBUG] adding entry ch/qos/logback/core/joran/conditional/Condition.class
[DEBUG] adding entry ch/qos/logback/core/joran/conditional/ElseAction.class
[DEBUG] adding entry ch/qos/logback/core/joran/conditional/IfAction.class
[DEBUG] adding entry ch/qos/logback/core/joran/conditional/IfState.class
[DEBUG] adding entry ch/qos/logback/core/joran/conditional/PropertyEvalScriptBuilder.class
[DEBUG] adding entry ch/qos/logback/core/joran/conditional/PropertyWrapperForScripts.class
[DEBUG] adding entry ch/qos/logback/core/joran/conditional/ThenAction.class
[DEBUG] adding entry ch/qos/logback/core/joran/conditional/ThenActionState.class
[DEBUG] adding entry ch/qos/logback/core/joran/conditional/ThenOrElseActionBase.class
[DEBUG] adding entry ch/qos/logback/core/joran/event/BodyEvent.class
[DEBUG] adding entry ch/qos/logback/core/joran/event/EndEvent.class
[DEBUG] adding entry ch/qos/logback/core/joran/event/InPlayListener.class
[DEBUG] adding entry ch/qos/logback/core/joran/event/SaxEvent.class
[DEBUG] adding entry ch/qos/logback/core/joran/event/SaxEventRecorder.class
[DEBUG] adding entry ch/qos/logback/core/joran/event/StartEvent.class
[DEBUG] adding entry ch/qos/logback/core/joran/GenericConfigurator.class
[DEBUG] adding entry ch/qos/logback/core/joran/JoranConfiguratorBase.class
[DEBUG] adding entry ch/qos/logback/core/joran/spi/ActionException.class
[DEBUG] adding entry ch/qos/logback/core/joran/spi/CAI_WithLocatorSupport.class
[DEBUG] adding entry ch/qos/logback/core/joran/spi/ConfigurationWatchList.class
[DEBUG] adding entry ch/qos/logback/core/joran/spi/ConsoleTarget$1.class
[DEBUG] adding entry ch/qos/logback/core/joran/spi/ConsoleTarget$2.class
[DEBUG] adding entry ch/qos/logback/core/joran/spi/ConsoleTarget.class
[DEBUG] adding entry ch/qos/logback/core/joran/spi/DefaultClass.class
[DEBUG] adding entry ch/qos/logback/core/joran/spi/DefaultNestedComponentRegistry.class
[DEBUG] adding entry ch/qos/logback/core/joran/spi/ElementPath.class
[DEBUG] adding entry ch/qos/logback/core/joran/spi/ElementSelector.class
[DEBUG] adding entry ch/qos/logback/core/joran/spi/EventPlayer.class
[DEBUG] adding entry ch/qos/logback/core/joran/spi/HostClassAndPropertyDouble.class
[DEBUG] adding entry ch/qos/logback/core/joran/spi/InterpretationContext.class
[DEBUG] adding entry ch/qos/logback/core/joran/spi/Interpreter.class
[DEBUG] adding entry ch/qos/logback/core/joran/spi/JoranException.class
[DEBUG] adding entry ch/qos/logback/core/joran/spi/NoAutoStart.class
[DEBUG] adding entry ch/qos/logback/core/joran/spi/NoAutoStartUtil.class
[DEBUG] adding entry ch/qos/logback/core/joran/spi/RuleStore.class
[DEBUG] adding entry ch/qos/logback/core/joran/spi/SimpleRuleStore.class
[DEBUG] adding entry ch/qos/logback/core/joran/spi/XMLUtil.class
[DEBUG] adding entry ch/qos/logback/core/joran/util/ConfigurationWatchListUtil.class
[DEBUG] adding entry ch/qos/logback/core/joran/util/PropertySetter$1.class
[DEBUG] adding entry ch/qos/logback/core/joran/util/PropertySetter.class
[DEBUG] adding entry ch/qos/logback/core/joran/util/StringToObjectConverter.class
[DEBUG] adding entry ch/qos/logback/core/layout/EchoLayout.class
[DEBUG] adding entry ch/qos/logback/core/Layout.class
[DEBUG] adding entry ch/qos/logback/core/LayoutBase.class
[DEBUG] adding entry ch/qos/logback/core/LifeCycleManager.class
[DEBUG] adding entry ch/qos/logback/core/LogbackException.class
[DEBUG] adding entry ch/qos/logback/core/net/AbstractSocketAppender.class
[DEBUG] adding entry ch/qos/logback/core/net/AbstractSSLSocketAppender.class
[DEBUG] adding entry ch/qos/logback/core/net/DefaultSocketConnector$1.class
[DEBUG] adding entry ch/qos/logback/core/net/DefaultSocketConnector$ConsoleExceptionHandler.class
[DEBUG] adding entry ch/qos/logback/core/net/DefaultSocketConnector.class
[DEBUG] adding entry ch/qos/logback/core/net/JMSAppenderBase.class
[DEBUG] adding entry ch/qos/logback/core/net/LoginAuthenticator.class
[DEBUG] adding entry ch/qos/logback/core/net/server/AbstractServerSocketAppender$1.class
[DEBUG] adding entry ch/qos/logback/core/net/server/AbstractServerSocketAppender.class
[DEBUG] adding entry ch/qos/logback/core/net/server/Client.class
[DEBUG] adding entry ch/qos/logback/core/net/server/ClientVisitor.class
[DEBUG] adding entry ch/qos/logback/core/net/server/ConcurrentServerRunner$1.class
[DEBUG] adding entry ch/qos/logback/core/net/server/ConcurrentServerRunner$ClientWrapper.class
[DEBUG] adding entry ch/qos/logback/core/net/server/ConcurrentServerRunner.class
[DEBUG] adding entry ch/qos/logback/core/net/server/RemoteReceiverClient.class
[DEBUG] adding entry ch/qos/logback/core/net/server/RemoteReceiverServerListener.class
[DEBUG] adding entry ch/qos/logback/core/net/server/RemoteReceiverServerRunner.class
[DEBUG] adding entry ch/qos/logback/core/net/server/RemoteReceiverStreamClient.class
[DEBUG] adding entry ch/qos/logback/core/net/server/ServerListener.class
[DEBUG] adding entry ch/qos/logback/core/net/server/ServerRunner.class
[DEBUG] adding entry ch/qos/logback/core/net/server/ServerSocketListener.class
[DEBUG] adding entry ch/qos/logback/core/net/server/SSLServerSocketAppenderBase.class
[DEBUG] adding entry ch/qos/logback/core/net/SMTPAppenderBase$SenderRunnable.class
[DEBUG] adding entry ch/qos/logback/core/net/SMTPAppenderBase.class
[DEBUG] adding entry ch/qos/logback/core/net/SocketConnector$ExceptionHandler.class
[DEBUG] adding entry ch/qos/logback/core/net/SocketConnector.class
[DEBUG] adding entry ch/qos/logback/core/net/ssl/ConfigurableSSLServerSocketFactory.class
[DEBUG] adding entry ch/qos/logback/core/net/ssl/ConfigurableSSLSocketFactory.class
[DEBUG] adding entry ch/qos/logback/core/net/ssl/KeyManagerFactoryFactoryBean.class
[DEBUG] adding entry ch/qos/logback/core/net/ssl/KeyStoreFactoryBean.class
[DEBUG] adding entry ch/qos/logback/core/net/ssl/SecureRandomFactoryBean.class
[DEBUG] adding entry ch/qos/logback/core/net/ssl/SSL.class
[DEBUG] adding entry ch/qos/logback/core/net/ssl/SSLComponent.class
[DEBUG] adding entry ch/qos/logback/core/net/ssl/SSLConfigurable.class
[DEBUG] adding entry ch/qos/logback/core/net/ssl/SSLConfigurableServerSocket.class
[DEBUG] adding entry ch/qos/logback/core/net/ssl/SSLConfigurableSocket.class
[DEBUG] adding entry ch/qos/logback/core/net/ssl/SSLConfiguration.class
[DEBUG] adding entry ch/qos/logback/core/net/ssl/SSLContextFactoryBean.class
[DEBUG] adding entry ch/qos/logback/core/net/ssl/SSLNestedComponentRegistryRules.class
[DEBUG] adding entry ch/qos/logback/core/net/ssl/SSLParametersConfiguration.class
[DEBUG] adding entry ch/qos/logback/core/net/ssl/TrustManagerFactoryFactoryBean.class
[DEBUG] adding entry ch/qos/logback/core/net/SyslogAppenderBase.class
[DEBUG] adding entry ch/qos/logback/core/net/SyslogConstants.class
[DEBUG] adding entry ch/qos/logback/core/net/SyslogOutputStream.class
[DEBUG] adding entry ch/qos/logback/core/OutputStreamAppender.class
[DEBUG] adding entry ch/qos/logback/core/pattern/color/ANSIConstants.class
[DEBUG] adding entry ch/qos/logback/core/pattern/color/BlackCompositeConverter.class
[DEBUG] adding entry ch/qos/logback/core/pattern/color/BlueCompositeConverter.class
[DEBUG] adding entry ch/qos/logback/core/pattern/color/BoldBlueCompositeConverter.class
[DEBUG] adding entry ch/qos/logback/core/pattern/color/BoldCyanCompositeConverter.class
[DEBUG] adding entry ch/qos/logback/core/pattern/color/BoldGreenCompositeConverter.class
[DEBUG] adding entry ch/qos/logback/core/pattern/color/BoldMagentaCompositeConverter.class
[DEBUG] adding entry ch/qos/logback/core/pattern/color/BoldRedCompositeConverter.class
[DEBUG] adding entry ch/qos/logback/core/pattern/color/BoldWhiteCompositeConverter.class
[DEBUG] adding entry ch/qos/logback/core/pattern/color/BoldYellowCompositeConverter.class
[DEBUG] adding entry ch/qos/logback/core/pattern/color/CyanCompositeConverter.class
[DEBUG] adding entry ch/qos/logback/core/pattern/color/ForegroundCompositeConverterBase.class
[DEBUG] adding entry ch/qos/logback/core/pattern/color/GrayCompositeConverter.class
[DEBUG] adding entry ch/qos/logback/core/pattern/color/GreenCompositeConverter.class
[DEBUG] adding entry ch/qos/logback/core/pattern/color/MagentaCompositeConverter.class
[DEBUG] adding entry ch/qos/logback/core/pattern/color/RedCompositeConverter.class
[DEBUG] adding entry ch/qos/logback/core/pattern/color/WhiteCompositeConverter.class
[DEBUG] adding entry ch/qos/logback/core/pattern/color/YellowCompositeConverter.class
[DEBUG] adding entry ch/qos/logback/core/pattern/CompositeConverter.class
[DEBUG] adding entry ch/qos/logback/core/pattern/Converter.class
[DEBUG] adding entry ch/qos/logback/core/pattern/ConverterUtil.class
[DEBUG] adding entry ch/qos/logback/core/pattern/DynamicConverter.class
[DEBUG] adding entry ch/qos/logback/core/pattern/FormatInfo.class
[DEBUG] adding entry ch/qos/logback/core/pattern/FormattingConverter.class
[DEBUG] adding entry ch/qos/logback/core/pattern/IdentityCompositeConverter.class
[DEBUG] adding entry ch/qos/logback/core/pattern/LiteralConverter.class
[DEBUG] adding entry ch/qos/logback/core/pattern/parser/Compiler.class
[DEBUG] adding entry ch/qos/logback/core/pattern/parser/CompositeNode.class
[DEBUG] adding entry ch/qos/logback/core/pattern/parser/FormattingNode.class
[DEBUG] adding entry ch/qos/logback/core/pattern/parser/Node.class
[DEBUG] adding entry ch/qos/logback/core/pattern/parser/OptionTokenizer.class
[DEBUG] adding entry ch/qos/logback/core/pattern/parser/Parser.class
[DEBUG] adding entry ch/qos/logback/core/pattern/parser/SimpleKeywordNode.class
[DEBUG] adding entry ch/qos/logback/core/pattern/parser/Token.class
[DEBUG] adding entry ch/qos/logback/core/pattern/parser/TokenStream$1.class
[DEBUG] adding entry ch/qos/logback/core/pattern/parser/TokenStream$TokenizerState.class
[DEBUG] adding entry ch/qos/logback/core/pattern/parser/TokenStream.class
[DEBUG] adding entry ch/qos/logback/core/pattern/PatternLayoutBase.class
[DEBUG] adding entry ch/qos/logback/core/pattern/PatternLayoutEncoderBase.class
[DEBUG] adding entry ch/qos/logback/core/pattern/PostCompileProcessor.class
[DEBUG] adding entry ch/qos/logback/core/pattern/ReplacingCompositeConverter.class
[DEBUG] adding entry ch/qos/logback/core/pattern/SpacePadder.class
[DEBUG] adding entry ch/qos/logback/core/pattern/util/AlmostAsIsEscapeUtil.class
[DEBUG] adding entry ch/qos/logback/core/pattern/util/AsIsEscapeUtil.class
[DEBUG] adding entry ch/qos/logback/core/pattern/util/IEscapeUtil.class
[DEBUG] adding entry ch/qos/logback/core/pattern/util/RegularEscapeUtil.class
[DEBUG] adding entry ch/qos/logback/core/pattern/util/RestrictedEscapeUtil.class
[DEBUG] adding entry ch/qos/logback/core/property/FileExistsPropertyDefiner.class
[DEBUG] adding entry ch/qos/logback/core/property/ResourceExistsPropertyDefiner.class
[DEBUG] adding entry ch/qos/logback/core/PropertyDefinerBase.class
[DEBUG] adding entry ch/qos/logback/core/read/CyclicBufferAppender.class
[DEBUG] adding entry ch/qos/logback/core/read/ListAppender.class
[DEBUG] adding entry ch/qos/logback/core/recovery/RecoveryCoordinator.class
[DEBUG] adding entry ch/qos/logback/core/recovery/ResilientFileOutputStream.class
[DEBUG] adding entry ch/qos/logback/core/recovery/ResilientOutputStreamBase.class
[DEBUG] adding entry ch/qos/logback/core/recovery/ResilientSyslogOutputStream.class
[DEBUG] adding entry ch/qos/logback/core/rolling/DefaultTimeBasedFileNamingAndTriggeringPolicy.class
[DEBUG] adding entry ch/qos/logback/core/rolling/FixedWindowRollingPolicy$1.class
[DEBUG] adding entry ch/qos/logback/core/rolling/FixedWindowRollingPolicy.class
[DEBUG] adding entry ch/qos/logback/core/rolling/helper/ArchiveRemover.class
[DEBUG] adding entry ch/qos/logback/core/rolling/helper/AsynchronousCompressor.class
[DEBUG] adding entry ch/qos/logback/core/rolling/helper/CompressionMode.class
[DEBUG] adding entry ch/qos/logback/core/rolling/helper/CompressionRunnable.class
[DEBUG] adding entry ch/qos/logback/core/rolling/helper/Compressor$1.class
[DEBUG] adding entry ch/qos/logback/core/rolling/helper/Compressor.class
[DEBUG] adding entry ch/qos/logback/core/rolling/helper/DateTokenConverter.class
[DEBUG] adding entry ch/qos/logback/core/rolling/helper/DefaultArchiveRemover.class
[DEBUG] adding entry ch/qos/logback/core/rolling/helper/FileFilterUtil$1.class
[DEBUG] adding entry ch/qos/logback/core/rolling/helper/FileFilterUtil$2.class
[DEBUG] adding entry ch/qos/logback/core/rolling/helper/FileFilterUtil$3.class
[DEBUG] adding entry ch/qos/logback/core/rolling/helper/FileFilterUtil.class
[DEBUG] adding entry ch/qos/logback/core/rolling/helper/FileNamePattern.class
[DEBUG] adding entry ch/qos/logback/core/rolling/helper/FileStoreUtil.class
[DEBUG] adding entry ch/qos/logback/core/rolling/helper/IntegerTokenConverter.class
[DEBUG] adding entry ch/qos/logback/core/rolling/helper/MonoTypedConverter.class
[DEBUG] adding entry ch/qos/logback/core/rolling/helper/PeriodicityType.class
[DEBUG] adding entry ch/qos/logback/core/rolling/helper/RenameUtil.class
[DEBUG] adding entry ch/qos/logback/core/rolling/helper/RollingCalendar$1.class
[DEBUG] adding entry ch/qos/logback/core/rolling/helper/RollingCalendar.class
[DEBUG] adding entry ch/qos/logback/core/rolling/helper/SizeAndTimeBasedArchiveRemover.class
[DEBUG] adding entry ch/qos/logback/core/rolling/helper/TimeBasedArchiveRemover.class
[DEBUG] adding entry ch/qos/logback/core/rolling/helper/TokenConverter.class
[DEBUG] adding entry ch/qos/logback/core/rolling/RollingFileAppender.class
[DEBUG] adding entry ch/qos/logback/core/rolling/RollingPolicy.class
[DEBUG] adding entry ch/qos/logback/core/rolling/RollingPolicyBase.class
[DEBUG] adding entry ch/qos/logback/core/rolling/RolloverFailure.class
[DEBUG] adding entry ch/qos/logback/core/rolling/SizeAndTimeBasedFNATP.class
[DEBUG] adding entry ch/qos/logback/core/rolling/SizeBasedTriggeringPolicy.class
[DEBUG] adding entry ch/qos/logback/core/rolling/TimeBasedFileNamingAndTriggeringPolicy.class
[DEBUG] adding entry ch/qos/logback/core/rolling/TimeBasedFileNamingAndTriggeringPolicyBase.class
[DEBUG] adding entry ch/qos/logback/core/rolling/TimeBasedRollingPolicy.class
[DEBUG] adding entry ch/qos/logback/core/rolling/TriggeringPolicy.class
[DEBUG] adding entry ch/qos/logback/core/rolling/TriggeringPolicyBase.class
[DEBUG] adding entry ch/qos/logback/core/sift/AbstractAppenderFactoryUsingJoran.class
[DEBUG] adding entry ch/qos/logback/core/sift/AbstractDiscriminator.class
[DEBUG] adding entry ch/qos/logback/core/sift/AppenderFactory.class
[DEBUG] adding entry ch/qos/logback/core/sift/AppenderTracker.class
[DEBUG] adding entry ch/qos/logback/core/sift/DefaultDiscriminator.class
[DEBUG] adding entry ch/qos/logback/core/sift/Discriminator.class
[DEBUG] adding entry ch/qos/logback/core/sift/SiftingAppenderBase.class
[DEBUG] adding entry ch/qos/logback/core/sift/SiftingJoranConfiguratorBase.class
[DEBUG] adding entry ch/qos/logback/core/spi/AbstractComponentTracker$1.class
[DEBUG] adding entry ch/qos/logback/core/spi/AbstractComponentTracker$2.class
[DEBUG] adding entry ch/qos/logback/core/spi/AbstractComponentTracker$3.class
[DEBUG] adding entry ch/qos/logback/core/spi/AbstractComponentTracker$Entry.class
[DEBUG] adding entry ch/qos/logback/core/spi/AbstractComponentTracker$RemovalPredicator.class
[DEBUG] adding entry ch/qos/logback/core/spi/AbstractComponentTracker.class
[DEBUG] adding entry ch/qos/logback/core/spi/AppenderAttachable.class
[DEBUG] adding entry ch/qos/logback/core/spi/AppenderAttachableImpl.class
[DEBUG] adding entry ch/qos/logback/core/spi/ComponentTracker.class
[DEBUG] adding entry ch/qos/logback/core/spi/ContextAware.class
[DEBUG] adding entry ch/qos/logback/core/spi/ContextAwareBase.class
[DEBUG] adding entry ch/qos/logback/core/spi/ContextAwareImpl.class
[DEBUG] adding entry ch/qos/logback/core/spi/CyclicBufferTracker.class
[DEBUG] adding entry ch/qos/logback/core/spi/DeferredProcessingAware.class
[DEBUG] adding entry ch/qos/logback/core/spi/FilterAttachable.class
[DEBUG] adding entry ch/qos/logback/core/spi/FilterAttachableImpl.class
[DEBUG] adding entry ch/qos/logback/core/spi/FilterReply.class
[DEBUG] adding entry ch/qos/logback/core/spi/LifeCycle.class
[DEBUG] adding entry ch/qos/logback/core/spi/LogbackLock.class
[DEBUG] adding entry ch/qos/logback/core/spi/PreSerializationTransformer.class
[DEBUG] adding entry ch/qos/logback/core/spi/PropertyContainer.class
[DEBUG] adding entry ch/qos/logback/core/spi/PropertyDefiner.class
[DEBUG] adding entry ch/qos/logback/core/spi/ScanException.class
[DEBUG] adding entry ch/qos/logback/core/status/ErrorStatus.class
[DEBUG] adding entry ch/qos/logback/core/status/InfoStatus.class
[DEBUG] adding entry ch/qos/logback/core/status/NopStatusListener.class
[DEBUG] adding entry ch/qos/logback/core/status/OnConsoleStatusListener.class
[DEBUG] adding entry ch/qos/logback/core/status/OnErrorConsoleStatusListener.class
[DEBUG] adding entry ch/qos/logback/core/status/OnPrintStreamStatusListenerBase.class
[DEBUG] adding entry ch/qos/logback/core/status/Status.class
[DEBUG] adding entry ch/qos/logback/core/status/StatusBase.class
[DEBUG] adding entry ch/qos/logback/core/status/StatusListener.class
[DEBUG] adding entry ch/qos/logback/core/status/StatusListenerAsList.class
[DEBUG] adding entry ch/qos/logback/core/status/StatusManager.class
[DEBUG] adding entry ch/qos/logback/core/status/StatusUtil.class
[DEBUG] adding entry ch/qos/logback/core/status/ViewStatusMessagesServletBase.class
[DEBUG] adding entry ch/qos/logback/core/status/WarnStatus.class
[DEBUG] adding entry ch/qos/logback/core/subst/Node$1.class
[DEBUG] adding entry ch/qos/logback/core/subst/Node$Type.class
[DEBUG] adding entry ch/qos/logback/core/subst/Node.class
[DEBUG] adding entry ch/qos/logback/core/subst/NodeToStringTransformer$1.class
[DEBUG] adding entry ch/qos/logback/core/subst/NodeToStringTransformer.class
[DEBUG] adding entry ch/qos/logback/core/subst/Parser$1.class
[DEBUG] adding entry ch/qos/logback/core/subst/Parser.class
[DEBUG] adding entry ch/qos/logback/core/subst/Token$Type.class
[DEBUG] adding entry ch/qos/logback/core/subst/Token.class
[DEBUG] adding entry ch/qos/logback/core/subst/Tokenizer$1.class
[DEBUG] adding entry ch/qos/logback/core/subst/Tokenizer$TokenizerState.class
[DEBUG] adding entry ch/qos/logback/core/subst/Tokenizer.class
[DEBUG] adding entry ch/qos/logback/core/UnsynchronizedAppenderBase.class
[DEBUG] adding entry ch/qos/logback/core/util/AggregationType.class
[DEBUG] adding entry ch/qos/logback/core/util/CachingDateFormatter.class
[DEBUG] adding entry ch/qos/logback/core/util/CharSequenceState.class
[DEBUG] adding entry ch/qos/logback/core/util/CharSequenceToRegexMapper.class
[DEBUG] adding entry ch/qos/logback/core/util/CloseUtil.class
[DEBUG] adding entry ch/qos/logback/core/util/ContentTypeUtil.class
[DEBUG] adding entry ch/qos/logback/core/util/ContextUtil.class
[DEBUG] adding entry ch/qos/logback/core/util/DatePatternToRegexUtil.class
[DEBUG] adding entry ch/qos/logback/core/util/DelayStrategy.class
[DEBUG] adding entry ch/qos/logback/core/util/Duration.class
[DEBUG] adding entry ch/qos/logback/core/util/DynamicClassLoadingException.class
[DEBUG] adding entry ch/qos/logback/core/util/EnvUtil.class
[DEBUG] adding entry ch/qos/logback/core/util/ExecutorServiceUtil.class
[DEBUG] adding entry ch/qos/logback/core/util/FileSize.class
[DEBUG] adding entry ch/qos/logback/core/util/FileUtil.class
[DEBUG] adding entry ch/qos/logback/core/util/FixedDelay.class
[DEBUG] adding entry ch/qos/logback/core/util/IncompatibleClassException.class
[DEBUG] adding entry ch/qos/logback/core/util/InvocationGate.class
[DEBUG] adding entry ch/qos/logback/core/util/Loader$1.class
[DEBUG] adding entry ch/qos/logback/core/util/Loader$2.class
[DEBUG] adding entry ch/qos/logback/core/util/Loader.class
[DEBUG] adding entry ch/qos/logback/core/util/LocationUtil.class
[DEBUG] adding entry ch/qos/logback/core/util/OptionHelper.class
[DEBUG] adding entry ch/qos/logback/core/util/PropertySetterException.class
[DEBUG] adding entry ch/qos/logback/core/util/StatusPrinter.class
[DEBUG] adding entry ch/qos/logback/core/util/StringCollectionUtil.class
[DEBUG] adding entry ch/qos/logback/core/util/SystemInfo.class
[DEBUG] adding entry ch/qos/logback/core/util/TimeUtil.class
[INFO] META-INF/maven/ already added, skipping
[INFO] META-INF/maven/ch.qos.logback/ already added, skipping
[DEBUG] adding directory META-INF/maven/ch.qos.logback/logback-core/
[DEBUG] adding entry META-INF/maven/ch.qos.logback/logback-core/pom.xml
[DEBUG] adding entry META-INF/maven/ch.qos.logback/logback-core/pom.properties
[DEBUG] adding directory handlebars-templates/
[DEBUG] adding directory hugo/
[DEBUG] adding directory hugo/site/
[DEBUG] adding directory hugo/site/content/
[DEBUG] adding directory hugo/site/content/testing/
[DEBUG] adding directory hugo/site/static/
[DEBUG] adding directory hugo/site/static/images/
[DEBUG] adding directory hugo/site/themes/
[DEBUG] adding directory hugo/site/themes/hugo-material-docs/
[DEBUG] adding directory hugo/site/themes/hugo-material-docs/archetypes/
[DEBUG] adding directory hugo/site/themes/hugo-material-docs/layouts/
[DEBUG] adding directory hugo/site/themes/hugo-material-docs/layouts/_default/
[DEBUG] adding directory hugo/site/themes/hugo-material-docs/layouts/partials/
[DEBUG] adding directory hugo/site/themes/hugo-material-docs/layouts/shortcodes/
[DEBUG] adding directory hugo/site/themes/hugo-material-docs/static/
[DEBUG] adding directory hugo/site/themes/hugo-material-docs/static/fonts/
[DEBUG] adding directory hugo/site/themes/hugo-material-docs/static/javascripts/
[DEBUG] adding directory hugo/site/themes/hugo-material-docs/static/stylesheets/
[DEBUG] adding directory hugo/site/themes/hugo-material-docs/static/stylesheets/highlight/
[DEBUG] adding directory io/electrum/giftcard/handler/
[DEBUG] adding directory io/electrum/giftcard/server/
[DEBUG] adding directory io/electrum/giftcard/server/api/
[DEBUG] adding directory io/electrum/giftcard/server/api/model/
[DEBUG] adding directory io/electrum/giftcard/server/api/resource/
[DEBUG] adding directory io/electrum/giftcard/server/api/resource/impl/
[DEBUG] adding directory io/electrum/giftcard/server/backend/
[DEBUG] adding directory io/electrum/giftcard/server/backend/db/
[DEBUG] adding directory io/electrum/giftcard/server/backend/records/
[DEBUG] adding directory io/electrum/giftcard/server/backend/tables/
[DEBUG] adding directory io/electrum/giftcard/server/util/
[DEBUG] adding entry cards.csv
[DEBUG] adding entry config.properties
[DEBUG] adding entry Dockerfile
[DEBUG] adding entry handlebars-templates/operation.hbs
[DEBUG] adding entry handlebars-templates/security.hbs
[DEBUG] adding entry handlebars-templates/swaggerfile.hbs
[DEBUG] adding entry heroku_run.sh
[DEBUG] adding entry hugo/hugoBuild.sh
[DEBUG] adding entry hugo/hugoPreProcessing.sh
[DEBUG] adding entry hugo/run.sh
[DEBUG] adding entry hugo/site/config.toml
[DEBUG] adding entry hugo/site/content/testing/index.md
[DEBUG] adding entry hugo/site/content/testing/test_server.md
[DEBUG] adding entry hugo/site/static/images/favicon.ico
[DEBUG] adding entry hugo/site/static/images/logo-small-white.png
[DEBUG] adding entry hugo/site/static/images/logo-small.png
[DEBUG] adding entry hugo/site/static/images/logo-square.png
[DEBUG] adding entry hugo/site/themes/hugo-material-docs/archetypes/default.md
[DEBUG] adding entry hugo/site/themes/hugo-material-docs/CHANGELOG.md
[DEBUG] adding entry hugo/site/themes/hugo-material-docs/layouts/404.html
[DEBUG] adding entry hugo/site/themes/hugo-material-docs/layouts/_default/list.html
[DEBUG] adding entry hugo/site/themes/hugo-material-docs/layouts/_default/single.html
[DEBUG] adding entry hugo/site/themes/hugo-material-docs/layouts/index.html
[DEBUG] adding entry hugo/site/themes/hugo-material-docs/layouts/partials/drawer.html
[DEBUG] adding entry hugo/site/themes/hugo-material-docs/layouts/partials/footer.html
[DEBUG] adding entry hugo/site/themes/hugo-material-docs/layouts/partials/footer_js.html
[DEBUG] adding entry hugo/site/themes/hugo-material-docs/layouts/partials/head.html
[DEBUG] adding entry hugo/site/themes/hugo-material-docs/layouts/partials/header.html
[DEBUG] adding entry hugo/site/themes/hugo-material-docs/layouts/partials/nav.html
[DEBUG] adding entry hugo/site/themes/hugo-material-docs/layouts/partials/nav_link.html
[DEBUG] adding entry hugo/site/themes/hugo-material-docs/layouts/shortcodes/note.html
[DEBUG] adding entry hugo/site/themes/hugo-material-docs/layouts/shortcodes/warning.html
[DEBUG] adding entry hugo/site/themes/hugo-material-docs/LICENSE.md
[DEBUG] adding entry hugo/site/themes/hugo-material-docs/README.md
[DEBUG] adding entry hugo/site/themes/hugo-material-docs/static/fonts/icon.eot
[DEBUG] adding entry hugo/site/themes/hugo-material-docs/static/fonts/icon.svg
[DEBUG] adding entry hugo/site/themes/hugo-material-docs/static/fonts/icon.ttf
[DEBUG] adding entry hugo/site/themes/hugo-material-docs/static/fonts/icon.woff
[DEBUG] adding entry hugo/site/themes/hugo-material-docs/static/javascripts/application.js
[DEBUG] adding entry hugo/site/themes/hugo-material-docs/static/javascripts/modernizr.js
[DEBUG] adding entry hugo/site/themes/hugo-material-docs/static/stylesheets/application.css
[DEBUG] adding entry hugo/site/themes/hugo-material-docs/static/stylesheets/highlight/highlight.css
[DEBUG] adding entry hugo/site/themes/hugo-material-docs/static/stylesheets/palettes.css
[DEBUG] adding entry hugo/site/themes/hugo-material-docs/theme.toml
[DEBUG] adding entry hugo/swagger-template.md
[DEBUG] adding entry io/electrum/giftcard/handler/ActivationHandler$1.class
[DEBUG] adding entry io/electrum/giftcard/handler/ActivationHandler.class
[DEBUG] adding entry io/electrum/giftcard/handler/ConfirmActivationHandler.class
[DEBUG] adding entry io/electrum/giftcard/handler/ConfirmLoadHandler.class
[DEBUG] adding entry io/electrum/giftcard/handler/ConfirmRedemptionHandler.class
[DEBUG] adding entry io/electrum/giftcard/handler/ConfirmVoidHandler.class
[DEBUG] adding entry io/electrum/giftcard/handler/DataHandler.class
[DEBUG] adding entry io/electrum/giftcard/handler/GiftcardMessageHandlerFactory.class
[DEBUG] adding entry io/electrum/giftcard/handler/LoadHandler$1.class
[DEBUG] adding entry io/electrum/giftcard/handler/LoadHandler.class
[DEBUG] adding entry io/electrum/giftcard/handler/LookupGiftcardHandler.class
[DEBUG] adding entry io/electrum/giftcard/handler/RedemptionHandler$1.class
[DEBUG] adding entry io/electrum/giftcard/handler/RedemptionHandler.class
[DEBUG] adding entry io/electrum/giftcard/handler/ResetHandler.class
[DEBUG] adding entry io/electrum/giftcard/handler/ReverseActivationHandler$1.class
[DEBUG] adding entry io/electrum/giftcard/handler/ReverseActivationHandler.class
[DEBUG] adding entry io/electrum/giftcard/handler/ReverseLoadHandler$1.class
[DEBUG] adding entry io/electrum/giftcard/handler/ReverseLoadHandler.class
[DEBUG] adding entry io/electrum/giftcard/handler/ReverseRedemptionHandler$1.class
[DEBUG] adding entry io/electrum/giftcard/handler/ReverseRedemptionHandler.class
[DEBUG] adding entry io/electrum/giftcard/handler/ReverseVoidHandler$1.class
[DEBUG] adding entry io/electrum/giftcard/handler/ReverseVoidHandler.class
[DEBUG] adding entry io/electrum/giftcard/handler/VoidHandler$1.class
[DEBUG] adding entry io/electrum/giftcard/handler/VoidHandler.class
[DEBUG] adding entry io/electrum/giftcard/server/api/model/CardData.class
[DEBUG] adding entry io/electrum/giftcard/server/api/model/DataResponse.class
[DEBUG] adding entry io/electrum/giftcard/server/api/model/DetailMessage.class
[DEBUG] adding entry io/electrum/giftcard/server/api/model/FormatError.class
[DEBUG] adding entry io/electrum/giftcard/server/api/model/ProductData.class
[DEBUG] adding entry io/electrum/giftcard/server/api/model/ResetRequest$Acknowledgments.class
[DEBUG] adding entry io/electrum/giftcard/server/api/model/ResetRequest$Declarations.class
[DEBUG] adding entry io/electrum/giftcard/server/api/model/ResetRequest.class
[DEBUG] adding entry io/electrum/giftcard/server/api/model/ResetResponse$Outcomes.class
[DEBUG] adding entry io/electrum/giftcard/server/api/model/ResetResponse.class
[DEBUG] adding entry io/electrum/giftcard/server/api/resource/impl/ActivationsResourceImpl.class
[DEBUG] adding entry io/electrum/giftcard/server/api/resource/impl/GiftcardTestServer$MyObjectMapperProvider.class
[DEBUG] adding entry io/electrum/giftcard/server/api/resource/impl/GiftcardTestServer.class
[DEBUG] adding entry io/electrum/giftcard/server/api/resource/impl/LoadsResourceImpl.class
[DEBUG] adding entry io/electrum/giftcard/server/api/resource/impl/LookupGiftcardResourceImpl.class
[DEBUG] adding entry io/electrum/giftcard/server/api/resource/impl/RedemptionsResourceImpl.class
[DEBUG] adding entry io/electrum/giftcard/server/api/resource/impl/TestServerAdminResourceImpl.class
[DEBUG] adding entry io/electrum/giftcard/server/api/resource/impl/VoidsResourceImpl.class
[DEBUG] adding entry io/electrum/giftcard/server/backend/CardLoader.class
[DEBUG] adding entry io/electrum/giftcard/server/backend/db/MockGiftcardDb.class
[DEBUG] adding entry io/electrum/giftcard/server/backend/GiftcardBackend.class
[DEBUG] adding entry io/electrum/giftcard/server/backend/ProductLoader.class
[DEBUG] adding entry io/electrum/giftcard/server/backend/records/ActivationConfirmationRecord.class
[DEBUG] adding entry io/electrum/giftcard/server/backend/records/ActivationRecord.class
[DEBUG] adding entry io/electrum/giftcard/server/backend/records/ActivationReversalRecord.class
[DEBUG] adding entry io/electrum/giftcard/server/backend/records/CardRecord$Status.class
[DEBUG] adding entry io/electrum/giftcard/server/backend/records/CardRecord.class
[DEBUG] adding entry io/electrum/giftcard/server/backend/records/GiftcardRecord.class
[DEBUG] adding entry io/electrum/giftcard/server/backend/records/LoadConfirmationRecord.class
[DEBUG] adding entry io/electrum/giftcard/server/backend/records/LoadRecord.class
[DEBUG] adding entry io/electrum/giftcard/server/backend/records/LoadReversalRecord.class
[DEBUG] adding entry io/electrum/giftcard/server/backend/records/LookupRecord.class
[DEBUG] adding entry io/electrum/giftcard/server/backend/records/ProductRecord.class
[DEBUG] adding entry io/electrum/giftcard/server/backend/records/RedemptionConfirmationRecord.class
[DEBUG] adding entry io/electrum/giftcard/server/backend/records/RedemptionRecord.class
[DEBUG] adding entry io/electrum/giftcard/server/backend/records/RedemptionReversalRecord.class
[DEBUG] adding entry io/electrum/giftcard/server/backend/records/RequestRecord$State.class
[DEBUG] adding entry io/electrum/giftcard/server/backend/records/RequestRecord.class
[DEBUG] adding entry io/electrum/giftcard/server/backend/records/VoidConfirmationRecord.class
[DEBUG] adding entry io/electrum/giftcard/server/backend/records/VoidRecord.class
[DEBUG] adding entry io/electrum/giftcard/server/backend/records/VoidReversalRecord.class
[DEBUG] adding entry io/electrum/giftcard/server/backend/tables/ActivationConfirmationsTable.class
[DEBUG] adding entry io/electrum/giftcard/server/backend/tables/ActivationReversalsTable.class
[DEBUG] adding entry io/electrum/giftcard/server/backend/tables/ActivationsTable.class
[DEBUG] adding entry io/electrum/giftcard/server/backend/tables/CardTable.class
[DEBUG] adding entry io/electrum/giftcard/server/backend/tables/GiftcardTable.class
[DEBUG] adding entry io/electrum/giftcard/server/backend/tables/LoadConfirmationsTable.class
[DEBUG] adding entry io/electrum/giftcard/server/backend/tables/LoadReversalsTable.class
[DEBUG] adding entry io/electrum/giftcard/server/backend/tables/LoadsTable.class
[DEBUG] adding entry io/electrum/giftcard/server/backend/tables/LookupsTable.class
[DEBUG] adding entry io/electrum/giftcard/server/backend/tables/ProductTable.class
[DEBUG] adding entry io/electrum/giftcard/server/backend/tables/RedemptionConfirmationsTable.class
[DEBUG] adding entry io/electrum/giftcard/server/backend/tables/RedemptionReversalsTable.class
[DEBUG] adding entry io/electrum/giftcard/server/backend/tables/RedemptionsTable.class
[DEBUG] adding entry io/electrum/giftcard/server/backend/tables/VoidConfirmationsTable.class
[DEBUG] adding entry io/electrum/giftcard/server/backend/tables/VoidReversalsTable.class
[DEBUG] adding entry io/electrum/giftcard/server/backend/tables/VoidsTable.class
[DEBUG] adding entry io/electrum/giftcard/server/GiftcardTestServerRunner.class
[DEBUG] adding entry io/electrum/giftcard/server/util/GiftcardModelUtils.class
[DEBUG] adding entry io/electrum/giftcard/server/util/RandomData.class
[DEBUG] adding entry log4j2.xml
[DEBUG] adding entry Procfile
[DEBUG] adding entry products.csv
[INFO] 
[INFO] --- maven-source-plugin:2.2.1:jar-no-fork (attach-sources) @ giftcard-service-test-pack ---
[DEBUG] Dependency collection stats: {ConflictMarker.analyzeTime=1, ConflictMarker.markTime=0, ConflictMarker.nodeCount=96, ConflictIdSorter.graphTime=0, ConflictIdSorter.topsortTime=0, ConflictIdSorter.conflictIdCount=27, ConflictIdSorter.conflictIdCycleCount=0, ConflictResolver.totalTime=1, ConflictResolver.conflictItemCount=69, DefaultDependencyCollector.collectTime=12, DefaultDependencyCollector.transformTime=2}
[DEBUG] org.apache.maven.plugins:maven-source-plugin:jar:2.2.1:
[DEBUG]    org.apache.maven:maven-model:jar:2.0.9:compile
[DEBUG]    org.apache.maven:maven-artifact:jar:2.0.9:compile
[DEBUG]    org.apache.maven:maven-plugin-api:jar:2.0.9:compile
[DEBUG]    org.apache.maven:maven-project:jar:2.0.9:compile
[DEBUG]       org.apache.maven:maven-settings:jar:2.0.9:compile
[DEBUG]       org.apache.maven:maven-profile:jar:2.0.9:compile
[DEBUG]       org.apache.maven:maven-artifact-manager:jar:2.0.9:compile
[DEBUG]          org.apache.maven:maven-repository-metadata:jar:2.0.9:compile
[DEBUG]       org.apache.maven:maven-plugin-registry:jar:2.0.9:compile
[DEBUG]       org.codehaus.plexus:plexus-container-default:jar:1.0-alpha-9-stable-1:compile
[DEBUG]          junit:junit:jar:3.8.1:compile
[DEBUG]          classworlds:classworlds:jar:1.1-alpha-2:compile
[DEBUG]    org.apache.maven:maven-archiver:jar:2.5:compile
[DEBUG]       org.apache.maven:maven-core:jar:2.0.6:compile
[DEBUG]          org.apache.maven:maven-plugin-parameter-documenter:jar:2.0.6:compile
[DEBUG]          org.apache.maven.reporting:maven-reporting-api:jar:2.0.6:compile
[DEBUG]             org.apache.maven.doxia:doxia-sink-api:jar:1.0-alpha-7:compile
[DEBUG]          org.apache.maven:maven-error-diagnostics:jar:2.0.6:compile
[DEBUG]          commons-cli:commons-cli:jar:1.0:compile
[DEBUG]          org.apache.maven:maven-plugin-descriptor:jar:2.0.6:compile
[DEBUG]          org.codehaus.plexus:plexus-interactivity-api:jar:1.0-alpha-4:compile
[DEBUG]          org.apache.maven:maven-monitor:jar:2.0.6:compile
[DEBUG]       org.codehaus.plexus:plexus-interpolation:jar:1.15:compile
[DEBUG]    org.codehaus.plexus:plexus-archiver:jar:2.2:compile
[DEBUG]       org.codehaus.plexus:plexus-io:jar:2.0.4:compile
[DEBUG]    org.codehaus.plexus:plexus-utils:jar:3.0.8:compile
[DEBUG] Created new class realm plugin>org.apache.maven.plugins:maven-source-plugin:2.2.1
[DEBUG] Importing foreign packages into class realm plugin>org.apache.maven.plugins:maven-source-plugin:2.2.1
[DEBUG]   Imported:  < maven.api
[DEBUG] Populating class realm plugin>org.apache.maven.plugins:maven-source-plugin:2.2.1
[DEBUG]   Included: org.apache.maven.plugins:maven-source-plugin:jar:2.2.1
[DEBUG]   Included: junit:junit:jar:3.8.1
[DEBUG]   Included: org.apache.maven:maven-archiver:jar:2.5
[DEBUG]   Included: org.apache.maven.reporting:maven-reporting-api:jar:2.0.6
[DEBUG]   Included: org.apache.maven.doxia:doxia-sink-api:jar:1.0-alpha-7
[DEBUG]   Included: commons-cli:commons-cli:jar:1.0
[DEBUG]   Included: org.codehaus.plexus:plexus-interactivity-api:jar:1.0-alpha-4
[DEBUG]   Included: org.codehaus.plexus:plexus-interpolation:jar:1.15
[DEBUG]   Included: org.codehaus.plexus:plexus-archiver:jar:2.2
[DEBUG]   Included: org.codehaus.plexus:plexus-io:jar:2.0.4
[DEBUG]   Included: org.codehaus.plexus:plexus-utils:jar:3.0.8
[DEBUG] Configuring mojo org.apache.maven.plugins:maven-source-plugin:2.2.1:jar-no-fork from plugin realm ClassRealm[plugin>org.apache.maven.plugins:maven-source-plugin:2.2.1, parent: sun.misc.Launcher$AppClassLoader@2f78743b]
[DEBUG] Configuring mojo 'org.apache.maven.plugins:maven-source-plugin:2.2.1:jar-no-fork' with basic configurator -->
[DEBUG]   (f) attach = true
[DEBUG]   (f) classifier = sources
[DEBUG]   (f) defaultManifestFile = /Users/timwhelan/Documents/workspace/giftcard-service-test-pack/target/classes/META-INF/MANIFEST.MF
[DEBUG]   (f) excludeResources = false
[DEBUG]   (f) finalName = giftcard-service-test-pack-1.0.0
[DEBUG]   (f) forceCreation = false
[DEBUG]   (f) includePom = false
[DEBUG]   (f) outputDirectory = /Users/timwhelan/Documents/workspace/giftcard-service-test-pack/target
[DEBUG]   (f) project = MavenProject: io.electrum:giftcard-service-test-pack:1.0.0 @ /Users/timwhelan/Documents/workspace/giftcard-service-test-pack/pom.xml
[DEBUG]   (f) reactorProjects = [MavenProject: io.electrum:giftcard-service-test-pack:1.0.0 @ /Users/timwhelan/Documents/workspace/giftcard-service-test-pack/pom.xml]
[DEBUG]   (f) skipSource = false
[DEBUG]   (f) useDefaultExcludes = true
[DEBUG]   (f) useDefaultManifestFile = false
[DEBUG] -- end configuration --
[DEBUG] isUp2date: false (Destination /Users/timwhelan/Documents/workspace/giftcard-service-test-pack/target/giftcard-service-test-pack-1.0.0-sources.jar not found.)
[INFO] Building jar: /Users/timwhelan/Documents/workspace/giftcard-service-test-pack/target/giftcard-service-test-pack-1.0.0-sources.jar
[DEBUG] adding directory META-INF/
[DEBUG] adding entry META-INF/MANIFEST.MF
[DEBUG] adding directory io/
[DEBUG] adding directory io/electrum/
[DEBUG] adding directory io/electrum/giftcard/
[DEBUG] adding directory io/electrum/giftcard/handler/
[DEBUG] adding directory io/electrum/giftcard/server/
[DEBUG] adding directory io/electrum/giftcard/server/api/
[DEBUG] adding directory io/electrum/giftcard/server/api/model/
[DEBUG] adding directory io/electrum/giftcard/server/api/resource/
[DEBUG] adding directory io/electrum/giftcard/server/api/resource/impl/
[DEBUG] adding directory io/electrum/giftcard/server/backend/
[DEBUG] adding directory io/electrum/giftcard/server/backend/db/
[DEBUG] adding directory io/electrum/giftcard/server/backend/records/
[DEBUG] adding directory io/electrum/giftcard/server/backend/tables/
[DEBUG] adding directory io/electrum/giftcard/server/util/
[DEBUG] adding entry io/electrum/giftcard/handler/ActivationHandler.java
[DEBUG] adding entry io/electrum/giftcard/handler/ConfirmActivationHandler.java
[DEBUG] adding entry io/electrum/giftcard/handler/ConfirmLoadHandler.java
[DEBUG] adding entry io/electrum/giftcard/handler/ConfirmRedemptionHandler.java
[DEBUG] adding entry io/electrum/giftcard/handler/ConfirmVoidHandler.java
[DEBUG] adding entry io/electrum/giftcard/handler/DataHandler.java
[DEBUG] adding entry io/electrum/giftcard/handler/GiftcardMessageHandlerFactory.java
[DEBUG] adding entry io/electrum/giftcard/handler/LoadHandler.java
[DEBUG] adding entry io/electrum/giftcard/handler/LookupGiftcardHandler.java
[DEBUG] adding entry io/electrum/giftcard/handler/RedemptionHandler.java
[DEBUG] adding entry io/electrum/giftcard/handler/ResetHandler.java
[DEBUG] adding entry io/electrum/giftcard/handler/ReverseActivationHandler.java
[DEBUG] adding entry io/electrum/giftcard/handler/ReverseLoadHandler.java
[DEBUG] adding entry io/electrum/giftcard/handler/ReverseRedemptionHandler.java
[DEBUG] adding entry io/electrum/giftcard/handler/ReverseVoidHandler.java
[DEBUG] adding entry io/electrum/giftcard/handler/VoidHandler.java
[DEBUG] adding entry io/electrum/giftcard/server/api/model/CardData.java
[DEBUG] adding entry io/electrum/giftcard/server/api/model/DataResponse.java
[DEBUG] adding entry io/electrum/giftcard/server/api/model/DetailMessage.java
[DEBUG] adding entry io/electrum/giftcard/server/api/model/FormatError.java
[DEBUG] adding entry io/electrum/giftcard/server/api/model/ProductData.java
[DEBUG] adding entry io/electrum/giftcard/server/api/model/ResetRequest.java
[DEBUG] adding entry io/electrum/giftcard/server/api/model/ResetResponse.java
[DEBUG] adding entry io/electrum/giftcard/server/api/resource/impl/ActivationsResourceImpl.java
[DEBUG] adding entry io/electrum/giftcard/server/api/resource/impl/GiftcardTestServer.java
[DEBUG] adding entry io/electrum/giftcard/server/api/resource/impl/LoadsResourceImpl.java
[DEBUG] adding entry io/electrum/giftcard/server/api/resource/impl/LookupGiftcardResourceImpl.java
[DEBUG] adding entry io/electrum/giftcard/server/api/resource/impl/RedemptionsResourceImpl.java
[DEBUG] adding entry io/electrum/giftcard/server/api/resource/impl/TestServerAdminResourceImpl.java
[DEBUG] adding entry io/electrum/giftcard/server/api/resource/impl/VoidsResourceImpl.java
[DEBUG] adding entry io/electrum/giftcard/server/backend/CardLoader.java
[DEBUG] adding entry io/electrum/giftcard/server/backend/db/MockGiftcardDb.java
[DEBUG] adding entry io/electrum/giftcard/server/backend/GiftcardBackend.java
[DEBUG] adding entry io/electrum/giftcard/server/backend/ProductLoader.java
[DEBUG] adding entry io/electrum/giftcard/server/backend/records/ActivationConfirmationRecord.java
[DEBUG] adding entry io/electrum/giftcard/server/backend/records/ActivationRecord.java
[DEBUG] adding entry io/electrum/giftcard/server/backend/records/ActivationReversalRecord.java
[DEBUG] adding entry io/electrum/giftcard/server/backend/records/CardRecord.java
[DEBUG] adding entry io/electrum/giftcard/server/backend/records/GiftcardRecord.java
[DEBUG] adding entry io/electrum/giftcard/server/backend/records/LoadConfirmationRecord.java
[DEBUG] adding entry io/electrum/giftcard/server/backend/records/LoadRecord.java
[DEBUG] adding entry io/electrum/giftcard/server/backend/records/LoadReversalRecord.java
[DEBUG] adding entry io/electrum/giftcard/server/backend/records/LookupRecord.java
[DEBUG] adding entry io/electrum/giftcard/server/backend/records/ProductRecord.java
[DEBUG] adding entry io/electrum/giftcard/server/backend/records/RedemptionConfirmationRecord.java
[DEBUG] adding entry io/electrum/giftcard/server/backend/records/RedemptionRecord.java
[DEBUG] adding entry io/electrum/giftcard/server/backend/records/RedemptionReversalRecord.java
[DEBUG] adding entry io/electrum/giftcard/server/backend/records/RequestRecord.java
[DEBUG] adding entry io/electrum/giftcard/server/backend/records/VoidConfirmationRecord.java
[DEBUG] adding entry io/electrum/giftcard/server/backend/records/VoidRecord.java
[DEBUG] adding entry io/electrum/giftcard/server/backend/records/VoidReversalRecord.java
[DEBUG] adding entry io/electrum/giftcard/server/backend/tables/ActivationConfirmationsTable.java
[DEBUG] adding entry io/electrum/giftcard/server/backend/tables/ActivationReversalsTable.java
[DEBUG] adding entry io/electrum/giftcard/server/backend/tables/ActivationsTable.java
[DEBUG] adding entry io/electrum/giftcard/server/backend/tables/CardTable.java
[DEBUG] adding entry io/electrum/giftcard/server/backend/tables/GiftcardTable.java
[DEBUG] adding entry io/electrum/giftcard/server/backend/tables/LoadConfirmationsTable.java
[DEBUG] adding entry io/electrum/giftcard/server/backend/tables/LoadReversalsTable.java
[DEBUG] adding entry io/electrum/giftcard/server/backend/tables/LoadsTable.java
[DEBUG] adding entry io/electrum/giftcard/server/backend/tables/LookupsTable.java
[DEBUG] adding entry io/electrum/giftcard/server/backend/tables/ProductTable.java
[DEBUG] adding entry io/electrum/giftcard/server/backend/tables/RedemptionConfirmationsTable.java
[DEBUG] adding entry io/electrum/giftcard/server/backend/tables/RedemptionReversalsTable.java
[DEBUG] adding entry io/electrum/giftcard/server/backend/tables/RedemptionsTable.java
[DEBUG] adding entry io/electrum/giftcard/server/backend/tables/VoidConfirmationsTable.java
[DEBUG] adding entry io/electrum/giftcard/server/backend/tables/VoidReversalsTable.java
[DEBUG] adding entry io/electrum/giftcard/server/backend/tables/VoidsTable.java
[DEBUG] adding entry io/electrum/giftcard/server/GiftcardTestServerRunner.java
[DEBUG] adding entry io/electrum/giftcard/server/util/GiftcardModelUtils.java
[DEBUG] adding entry io/electrum/giftcard/server/util/RandomData.java
[DEBUG] adding entry cards.csv
[DEBUG] adding entry config.properties
[DEBUG] adding entry log4j2.xml
[DEBUG] adding entry products.csv
[DEBUG] adding entry Dockerfile
[DEBUG] adding entry heroku_run.sh
[DEBUG] adding entry Procfile
[DEBUG] adding directory handlebars-templates/
[DEBUG] adding directory hugo/
[DEBUG] adding directory hugo/site/
[DEBUG] adding directory hugo/site/content/
[DEBUG] adding directory hugo/site/content/testing/
[DEBUG] adding directory hugo/site/static/
[DEBUG] adding directory hugo/site/static/images/
[DEBUG] adding directory hugo/site/themes/
[DEBUG] adding directory hugo/site/themes/hugo-material-docs/
[DEBUG] adding directory hugo/site/themes/hugo-material-docs/archetypes/
[DEBUG] adding directory hugo/site/themes/hugo-material-docs/layouts/
[DEBUG] adding directory hugo/site/themes/hugo-material-docs/layouts/_default/
[DEBUG] adding directory hugo/site/themes/hugo-material-docs/layouts/partials/
[DEBUG] adding directory hugo/site/themes/hugo-material-docs/layouts/shortcodes/
[DEBUG] adding directory hugo/site/themes/hugo-material-docs/static/
[DEBUG] adding directory hugo/site/themes/hugo-material-docs/static/fonts/
[DEBUG] adding directory hugo/site/themes/hugo-material-docs/static/javascripts/
[DEBUG] adding directory hugo/site/themes/hugo-material-docs/static/stylesheets/
[DEBUG] adding directory hugo/site/themes/hugo-material-docs/static/stylesheets/highlight/
[DEBUG] adding entry handlebars-templates/operation.hbs
[DEBUG] adding entry handlebars-templates/security.hbs
[DEBUG] adding entry handlebars-templates/swaggerfile.hbs
[DEBUG] adding entry hugo/hugoBuild.sh
[DEBUG] adding entry hugo/hugoPreProcessing.sh
[DEBUG] adding entry hugo/run.sh
[DEBUG] adding entry hugo/site/config.toml
[DEBUG] adding entry hugo/site/content/testing/index.md
[DEBUG] adding entry hugo/site/content/testing/test_server.md
[DEBUG] adding entry hugo/site/static/images/favicon.ico
[DEBUG] adding entry hugo/site/static/images/logo-small-white.png
[DEBUG] adding entry hugo/site/static/images/logo-small.png
[DEBUG] adding entry hugo/site/static/images/logo-square.png
[DEBUG] adding entry hugo/site/themes/hugo-material-docs/archetypes/default.md
[DEBUG] adding entry hugo/site/themes/hugo-material-docs/CHANGELOG.md
[DEBUG] adding entry hugo/site/themes/hugo-material-docs/layouts/404.html
[DEBUG] adding entry hugo/site/themes/hugo-material-docs/layouts/_default/list.html
[DEBUG] adding entry hugo/site/themes/hugo-material-docs/layouts/_default/single.html
[DEBUG] adding entry hugo/site/themes/hugo-material-docs/layouts/index.html
[DEBUG] adding entry hugo/site/themes/hugo-material-docs/layouts/partials/drawer.html
[DEBUG] adding entry hugo/site/themes/hugo-material-docs/layouts/partials/footer.html
[DEBUG] adding entry hugo/site/themes/hugo-material-docs/layouts/partials/footer_js.html
[DEBUG] adding entry hugo/site/themes/hugo-material-docs/layouts/partials/head.html
[DEBUG] adding entry hugo/site/themes/hugo-material-docs/layouts/partials/header.html
[DEBUG] adding entry hugo/site/themes/hugo-material-docs/layouts/partials/nav.html
[DEBUG] adding entry hugo/site/themes/hugo-material-docs/layouts/partials/nav_link.html
[DEBUG] adding entry hugo/site/themes/hugo-material-docs/layouts/shortcodes/note.html
[DEBUG] adding entry hugo/site/themes/hugo-material-docs/layouts/shortcodes/warning.html
[DEBUG] adding entry hugo/site/themes/hugo-material-docs/LICENSE.md
[DEBUG] adding entry hugo/site/themes/hugo-material-docs/README.md
[DEBUG] adding entry hugo/site/themes/hugo-material-docs/static/fonts/icon.eot
[DEBUG] adding entry hugo/site/themes/hugo-material-docs/static/fonts/icon.svg
[DEBUG] adding entry hugo/site/themes/hugo-material-docs/static/fonts/icon.ttf
[DEBUG] adding entry hugo/site/themes/hugo-material-docs/static/fonts/icon.woff
[DEBUG] adding entry hugo/site/themes/hugo-material-docs/static/javascripts/application.js
[DEBUG] adding entry hugo/site/themes/hugo-material-docs/static/javascripts/modernizr.js
[DEBUG] adding entry hugo/site/themes/hugo-material-docs/static/stylesheets/application.css
[DEBUG] adding entry hugo/site/themes/hugo-material-docs/static/stylesheets/highlight/highlight.css
[DEBUG] adding entry hugo/site/themes/hugo-material-docs/static/stylesheets/palettes.css
[DEBUG] adding entry hugo/site/themes/hugo-material-docs/theme.toml
[DEBUG] adding entry hugo/swagger-template.md
[INFO] 
[INFO] --- maven-javadoc-plugin:2.9:jar (attach-javadocs) @ giftcard-service-test-pack ---
[DEBUG] Dependency collection stats: {ConflictMarker.analyzeTime=1, ConflictMarker.markTime=0, ConflictMarker.nodeCount=240, ConflictIdSorter.graphTime=0, ConflictIdSorter.topsortTime=0, ConflictIdSorter.conflictIdCount=58, ConflictIdSorter.conflictIdCycleCount=0, ConflictResolver.totalTime=2, ConflictResolver.conflictItemCount=143, DefaultDependencyCollector.collectTime=70, DefaultDependencyCollector.transformTime=3}
[DEBUG] org.apache.maven.plugins:maven-javadoc-plugin:jar:2.9:
[DEBUG]    org.apache.maven:maven-core:jar:2.2.1:compile
[DEBUG]       org.apache.maven:maven-plugin-parameter-documenter:jar:2.2.1:compile
[DEBUG]       org.slf4j:slf4j-jdk14:jar:1.5.6:runtime
[DEBUG]          org.slf4j:slf4j-api:jar:1.5.6:runtime
[DEBUG]       org.slf4j:jcl-over-slf4j:jar:1.5.6:runtime
[DEBUG]       org.apache.maven:maven-profile:jar:2.2.1:compile
[DEBUG]       org.apache.maven:maven-repository-metadata:jar:2.2.1:compile
[DEBUG]       org.apache.maven:maven-error-diagnostics:jar:2.2.1:compile
[DEBUG]       commons-cli:commons-cli:jar:1.2:compile
[DEBUG]       org.apache.maven:maven-plugin-descriptor:jar:2.2.1:compile
[DEBUG]       org.codehaus.plexus:plexus-interactivity-api:jar:1.0-alpha-4:compile
[DEBUG]       org.apache.maven:maven-monitor:jar:2.2.1:compile
[DEBUG]       classworlds:classworlds:jar:1.1:compile
[DEBUG]       org.sonatype.plexus:plexus-sec-dispatcher:jar:1.3:compile
[DEBUG]          org.sonatype.plexus:plexus-cipher:jar:1.4:compile
[DEBUG]    org.apache.maven:maven-project:jar:2.2.1:compile
[DEBUG]       org.apache.maven:maven-plugin-registry:jar:2.2.1:compile
[DEBUG]       org.codehaus.plexus:plexus-interpolation:jar:1.11:compile
[DEBUG]    org.apache.maven:maven-model:jar:2.2.1:compile
[DEBUG]    org.apache.maven:maven-settings:jar:2.2.1:compile
[DEBUG]    org.apache.maven:maven-plugin-api:jar:2.2.1:compile
[DEBUG]    org.apache.maven:maven-artifact:jar:2.2.1:compile
[DEBUG]    org.apache.maven:maven-artifact-manager:jar:2.2.1:compile
[DEBUG]       backport-util-concurrent:backport-util-concurrent:jar:3.1:compile
[DEBUG]    org.apache.maven:maven-toolchain:jar:2.2.1:compile
[DEBUG]    org.apache.maven.reporting:maven-reporting-api:jar:3.0:compile
[DEBUG]    org.apache.maven:maven-archiver:jar:2.5:compile
[DEBUG]    org.apache.maven.shared:maven-invoker:jar:2.0.9:compile
[DEBUG]    org.apache.maven.shared:maven-common-artifact-filters:jar:1.3:compile
[DEBUG]    org.apache.maven.doxia:doxia-sink-api:jar:1.0:compile
[DEBUG]    org.apache.maven.doxia:doxia-site-renderer:jar:1.0:compile
[DEBUG]       org.apache.maven.doxia:doxia-core:jar:1.0:compile
[DEBUG]       org.codehaus.plexus:plexus-i18n:jar:1.0-beta-7:compile
[DEBUG]       org.codehaus.plexus:plexus-velocity:jar:1.1.7:compile
[DEBUG]       org.apache.velocity:velocity:jar:1.5:compile
[DEBUG]          oro:oro:jar:2.0.8:compile
[DEBUG]       org.apache.maven.doxia:doxia-decoration-model:jar:1.0:compile
[DEBUG]       commons-collections:commons-collections:jar:3.2:compile
[DEBUG]       org.apache.maven.doxia:doxia-module-apt:jar:1.0:compile
[DEBUG]       org.apache.maven.doxia:doxia-module-fml:jar:1.0:compile
[DEBUG]       org.apache.maven.doxia:doxia-module-xdoc:jar:1.0:compile
[DEBUG]       org.apache.maven.doxia:doxia-module-xhtml:jar:1.0:compile
[DEBUG]    org.apache.maven.wagon:wagon-provider-api:jar:1.0-beta-6:compile
[DEBUG]    commons-lang:commons-lang:jar:2.4:compile
[DEBUG]    commons-io:commons-io:jar:2.2:compile
[DEBUG]    commons-httpclient:commons-httpclient:jar:3.1:compile
[DEBUG]       commons-codec:commons-codec:jar:1.2:compile
[DEBUG]    commons-logging:commons-logging:jar:1.1.1:compile
[DEBUG]    log4j:log4j:jar:1.2.14:compile
[DEBUG]    com.thoughtworks.qdox:qdox:jar:1.12:compile
[DEBUG]    org.codehaus.plexus:plexus-container-default:jar:1.0-alpha-9:compile
[DEBUG]       junit:junit:jar:3.8.1:compile
[DEBUG]    org.codehaus.plexus:plexus-archiver:jar:2.1.2:compile
[DEBUG]       org.codehaus.plexus:plexus-io:jar:2.0.4:compile
[DEBUG]    org.codehaus.plexus:plexus-utils:jar:3.0.5:compile
[DEBUG] Created new class realm plugin>org.apache.maven.plugins:maven-javadoc-plugin:2.9
[DEBUG] Importing foreign packages into class realm plugin>org.apache.maven.plugins:maven-javadoc-plugin:2.9
[DEBUG]   Imported:  < maven.api
[DEBUG] Populating class realm plugin>org.apache.maven.plugins:maven-javadoc-plugin:2.9
[DEBUG]   Included: org.apache.maven.plugins:maven-javadoc-plugin:jar:2.9
[DEBUG]   Included: org.slf4j:slf4j-jdk14:jar:1.5.6
[DEBUG]   Included: org.slf4j:jcl-over-slf4j:jar:1.5.6
[DEBUG]   Included: commons-cli:commons-cli:jar:1.2
[DEBUG]   Included: org.codehaus.plexus:plexus-interactivity-api:jar:1.0-alpha-4
[DEBUG]   Included: org.sonatype.plexus:plexus-sec-dispatcher:jar:1.3
[DEBUG]   Included: org.sonatype.plexus:plexus-cipher:jar:1.4
[DEBUG]   Included: org.codehaus.plexus:plexus-interpolation:jar:1.11
[DEBUG]   Included: backport-util-concurrent:backport-util-concurrent:jar:3.1
[DEBUG]   Included: org.apache.maven.reporting:maven-reporting-api:jar:3.0
[DEBUG]   Included: org.apache.maven:maven-archiver:jar:2.5
[DEBUG]   Included: org.apache.maven.shared:maven-invoker:jar:2.0.9
[DEBUG]   Included: org.apache.maven.shared:maven-common-artifact-filters:jar:1.3
[DEBUG]   Included: org.apache.maven.doxia:doxia-sink-api:jar:1.0
[DEBUG]   Included: org.apache.maven.doxia:doxia-site-renderer:jar:1.0
[DEBUG]   Included: org.apache.maven.doxia:doxia-core:jar:1.0
[DEBUG]   Included: org.codehaus.plexus:plexus-i18n:jar:1.0-beta-7
[DEBUG]   Included: org.codehaus.plexus:plexus-velocity:jar:1.1.7
[DEBUG]   Included: org.apache.velocity:velocity:jar:1.5
[DEBUG]   Included: oro:oro:jar:2.0.8
[DEBUG]   Included: org.apache.maven.doxia:doxia-decoration-model:jar:1.0
[DEBUG]   Included: commons-collections:commons-collections:jar:3.2
[DEBUG]   Included: org.apache.maven.doxia:doxia-module-apt:jar:1.0
[DEBUG]   Included: org.apache.maven.doxia:doxia-module-fml:jar:1.0
[DEBUG]   Included: org.apache.maven.doxia:doxia-module-xdoc:jar:1.0
[DEBUG]   Included: org.apache.maven.doxia:doxia-module-xhtml:jar:1.0
[DEBUG]   Included: commons-lang:commons-lang:jar:2.4
[DEBUG]   Included: commons-io:commons-io:jar:2.2
[DEBUG]   Included: commons-httpclient:commons-httpclient:jar:3.1
[DEBUG]   Included: commons-codec:commons-codec:jar:1.2
[DEBUG]   Included: commons-logging:commons-logging:jar:1.1.1
[DEBUG]   Included: log4j:log4j:jar:1.2.14
[DEBUG]   Included: com.thoughtworks.qdox:qdox:jar:1.12
[DEBUG]   Included: junit:junit:jar:3.8.1
[DEBUG]   Included: org.codehaus.plexus:plexus-archiver:jar:2.1.2
[DEBUG]   Included: org.codehaus.plexus:plexus-io:jar:2.0.4
[DEBUG]   Included: org.codehaus.plexus:plexus-utils:jar:3.0.5
[DEBUG] Configuring mojo org.apache.maven.plugins:maven-javadoc-plugin:2.9:jar from plugin realm ClassRealm[plugin>org.apache.maven.plugins:maven-javadoc-plugin:2.9, parent: sun.misc.Launcher$AppClassLoader@2f78743b]
[DEBUG] Configuring mojo 'org.apache.maven.plugins:maven-javadoc-plugin:2.9:jar' with basic configurator -->
[DEBUG]   (f) aggregate = false
[DEBUG]   (f) attach = true
[DEBUG]   (f) author = true
[DEBUG]   (f) bootclasspathArtifacts = []
[DEBUG]   (f) bottom = Copyright &#169; {inceptionYear}-{currentYear} {organizationName}. All Rights Reserved.
[DEBUG]   (f) breakiterator = false
[DEBUG]   (f) debug = false
[DEBUG]   (f) defaultManifestFile = /Users/timwhelan/Documents/workspace/giftcard-service-test-pack/target/classes/META-INF/MANIFEST.MF
[DEBUG]   (f) detectJavaApiLink = true
[DEBUG]   (f) detectLinks = false
[DEBUG]   (f) detectOfflineLinks = true
[DEBUG]   (f) docfilessubdirs = false
[DEBUG]   (f) docletArtifact = groupId = 'null'
artifactId = 'null'
version = 'null'
[DEBUG]   (f) docletArtifacts = []
[DEBUG]   (f) doctitle = Giftcard Test Pack 1.0.0 API
[DEBUG]   (f) encoding = UTF-8
[DEBUG]   (f) failOnError = true
[DEBUG]   (f) finalName = giftcard-service-test-pack-1.0.0
[DEBUG]   (f) groups = []
[DEBUG]   (f) includeDependencySources = false
[DEBUG]   (f) includeTransitiveDependencySources = false
[DEBUG]   (f) isOffline = false
[DEBUG]   (f) jarOutputDirectory = /Users/timwhelan/Documents/workspace/giftcard-service-test-pack/target
[DEBUG]   (f) javaApiLinks = {}
[DEBUG]   (f) javadocDirectory = /Users/timwhelan/Documents/workspace/giftcard-service-test-pack/src/main/javadoc
[DEBUG]   (f) javadocOptionsDir = /Users/timwhelan/Documents/workspace/giftcard-service-test-pack/target/javadoc-bundle-options
[DEBUG]   (f) keywords = false
[DEBUG]   (f) links = []
[DEBUG]   (f) linksource = false
[DEBUG]   (f) localRepository =       id: local
      url: file:///Users/timwhelan/.m2/repository/
   layout: default
snapshots: [enabled => true, update => always]
 releases: [enabled => true, update => always]

[DEBUG]   (f) nocomment = false
[DEBUG]   (f) nodeprecated = false
[DEBUG]   (f) nodeprecatedlist = false
[DEBUG]   (f) nohelp = false
[DEBUG]   (f) noindex = false
[DEBUG]   (f) nonavbar = false
[DEBUG]   (f) nooverview = false
[DEBUG]   (f) nosince = false
[DEBUG]   (f) notimestamp = false
[DEBUG]   (f) notree = false
[DEBUG]   (f) offlineLinks = []
[DEBUG]   (f) old = false
[DEBUG]   (f) outputDirectory = /Users/timwhelan/Documents/workspace/giftcard-service-test-pack/target/apidocs
[DEBUG]   (f) overview = /Users/timwhelan/Documents/workspace/giftcard-service-test-pack/src/main/javadoc/overview.html
[DEBUG]   (f) quiet = false
[DEBUG]   (f) reactorProjects = [MavenProject: io.electrum:giftcard-service-test-pack:1.0.0 @ /Users/timwhelan/Documents/workspace/giftcard-service-test-pack/pom.xml]
[DEBUG]   (f) remoteRepositories = [      id: central
      url: https://electrum.artifactoryonline.com/electrum/libs-release
   layout: default
snapshots: [enabled => false, update => daily]
 releases: [enabled => true, update => daily]
,       id: snapshots
      url: https://electrum.artifactoryonline.com/electrum/libs-snapshot
   layout: default
snapshots: [enabled => true, update => daily]
 releases: [enabled => true, update => daily]
]
[DEBUG]   (f) resourcesArtifacts = []
[DEBUG]   (f) serialwarn = false
[DEBUG]   (f) show = protected
[DEBUG]   (f) skip = false
[DEBUG]   (f) sourceDependencyCacheDir = /Users/timwhelan/Documents/workspace/giftcard-service-test-pack/target/distro-javadoc-sources
[DEBUG]   (f) splitindex = false
[DEBUG]   (f) stylesheet = java
[DEBUG]   (f) tagletArtifact = groupId = 'null'
artifactId = 'null'
version = 'null'
[DEBUG]   (f) tagletArtifacts = []
[DEBUG]   (f) taglets = []
[DEBUG]   (f) tags = []
[DEBUG]   (f) use = true
[DEBUG]   (f) useDefaultManifestFile = false
[DEBUG]   (f) useStandardDocletOptions = true
[DEBUG]   (f) validateLinks = false
[DEBUG]   (f) verbose = false
[DEBUG]   (f) version = true
[DEBUG]   (f) windowtitle = Giftcard Test Pack 1.0.0 API
[DEBUG]   (f) project = MavenProject: io.electrum:giftcard-service-test-pack:1.0.0 @ /Users/timwhelan/Documents/workspace/giftcard-service-test-pack/pom.xml
[DEBUG]   (f) session = org.apache.maven.execution.MavenSession@a820829
[DEBUG]   (f) settings = org.apache.maven.execution.SettingsAdapter@1edb0c6d
[DEBUG] -- end configuration --
[DEBUG] Found Java API link: http://docs.oracle.com/javase/7/docs/api/
[DEBUG] Trying to add links for modules...
[DEBUG] /Library/Java/JavaVirtualMachines/jdk1.7.0_79.jdk/Contents/Home/bin/javadoc @options @packages
[INFO] 
Loading source files for package io.electrum.giftcard.handler...
Loading source files for package io.electrum.giftcard.server.api.model...
Loading source files for package io.electrum.giftcard.server.api.resource.impl...
Loading source files for package io.electrum.giftcard.server.backend...
Loading source files for package io.electrum.giftcard.server.backend.db...
Loading source files for package io.electrum.giftcard.server.backend.records...
Loading source files for package io.electrum.giftcard.server.backend.tables...
Loading source files for package io.electrum.giftcard.server...
Loading source files for package io.electrum.giftcard.server.util...
Constructing Javadoc information...
Standard Doclet version 1.7.0_79
Building tree for all the packages and classes...
Generating /Users/timwhelan/Documents/workspace/giftcard-service-test-pack/target/apidocs/io/electrum/giftcard/handler/ActivationHandler.html...
Generating /Users/timwhelan/Documents/workspace/giftcard-service-test-pack/target/apidocs/io/electrum/giftcard/handler/ConfirmActivationHandler.html...
Generating /Users/timwhelan/Documents/workspace/giftcard-service-test-pack/target/apidocs/io/electrum/giftcard/handler/ConfirmLoadHandler.html...
Generating /Users/timwhelan/Documents/workspace/giftcard-service-test-pack/target/apidocs/io/electrum/giftcard/handler/ConfirmRedemptionHandler.html...
Generating /Users/timwhelan/Documents/workspace/giftcard-service-test-pack/target/apidocs/io/electrum/giftcard/handler/ConfirmVoidHandler.html...
Generating /Users/timwhelan/Documents/workspace/giftcard-service-test-pack/target/apidocs/io/electrum/giftcard/handler/DataHandler.html...
Generating /Users/timwhelan/Documents/workspace/giftcard-service-test-pack/target/apidocs/io/electrum/giftcard/handler/GiftcardMessageHandlerFactory.html...
Generating /Users/timwhelan/Documents/workspace/giftcard-service-test-pack/target/apidocs/io/electrum/giftcard/handler/LoadHandler.html...
Generating /Users/timwhelan/Documents/workspace/giftcard-service-test-pack/target/apidocs/io/electrum/giftcard/handler/LookupGiftcardHandler.html...
Generating /Users/timwhelan/Documents/workspace/giftcard-service-test-pack/target/apidocs/io/electrum/giftcard/handler/RedemptionHandler.html...
Generating /Users/timwhelan/Documents/workspace/giftcard-service-test-pack/target/apidocs/io/electrum/giftcard/handler/ResetHandler.html...
Generating /Users/timwhelan/Documents/workspace/giftcard-service-test-pack/target/apidocs/io/electrum/giftcard/handler/ReverseActivationHandler.html...
Generating /Users/timwhelan/Documents/workspace/giftcard-service-test-pack/target/apidocs/io/electrum/giftcard/handler/ReverseLoadHandler.html...
Generating /Users/timwhelan/Documents/workspace/giftcard-service-test-pack/target/apidocs/io/electrum/giftcard/handler/ReverseRedemptionHandler.html...
Generating /Users/timwhelan/Documents/workspace/giftcard-service-test-pack/target/apidocs/io/electrum/giftcard/handler/ReverseVoidHandler.html...
Generating /Users/timwhelan/Documents/workspace/giftcard-service-test-pack/target/apidocs/io/electrum/giftcard/handler/VoidHandler.html...
Generating /Users/timwhelan/Documents/workspace/giftcard-service-test-pack/target/apidocs/io/electrum/giftcard/server/api/model/CardData.html...
Generating /Users/timwhelan/Documents/workspace/giftcard-service-test-pack/target/apidocs/io/electrum/giftcard/server/api/model/DataResponse.html...
Generating /Users/timwhelan/Documents/workspace/giftcard-service-test-pack/target/apidocs/io/electrum/giftcard/server/api/model/DetailMessage.html...
Generating /Users/timwhelan/Documents/workspace/giftcard-service-test-pack/target/apidocs/io/electrum/giftcard/server/api/model/FormatError.html...
Generating /Users/timwhelan/Documents/workspace/giftcard-service-test-pack/target/apidocs/io/electrum/giftcard/server/api/model/ProductData.html...
Generating /Users/timwhelan/Documents/workspace/giftcard-service-test-pack/target/apidocs/io/electrum/giftcard/server/api/model/ResetRequest.html...
Generating /Users/timwhelan/Documents/workspace/giftcard-service-test-pack/target/apidocs/io/electrum/giftcard/server/api/model/ResetRequest.Acknowledgments.html...
Generating /Users/timwhelan/Documents/workspace/giftcard-service-test-pack/target/apidocs/io/electrum/giftcard/server/api/model/ResetRequest.Declarations.html...
Generating /Users/timwhelan/Documents/workspace/giftcard-service-test-pack/target/apidocs/io/electrum/giftcard/server/api/model/ResetResponse.html...
Generating /Users/timwhelan/Documents/workspace/giftcard-service-test-pack/target/apidocs/io/electrum/giftcard/server/api/model/ResetResponse.Outcomes.html...
Generating /Users/timwhelan/Documents/workspace/giftcard-service-test-pack/target/apidocs/io/electrum/giftcard/server/api/resource/impl/ActivationsResourceImpl.html...
Generating /Users/timwhelan/Documents/workspace/giftcard-service-test-pack/target/apidocs/io/electrum/giftcard/server/api/resource/impl/GiftcardTestServer.html...
Generating /Users/timwhelan/Documents/workspace/giftcard-service-test-pack/target/apidocs/io/electrum/giftcard/server/api/resource/impl/GiftcardTestServer.MyObjectMapperProvider.html...
Generating /Users/timwhelan/Documents/workspace/giftcard-service-test-pack/target/apidocs/io/electrum/giftcard/server/api/resource/impl/LoadsResourceImpl.html...
Generating /Users/timwhelan/Documents/workspace/giftcard-service-test-pack/target/apidocs/io/electrum/giftcard/server/api/resource/impl/LookupGiftcardResourceImpl.html...
Generating /Users/timwhelan/Documents/workspace/giftcard-service-test-pack/target/apidocs/io/electrum/giftcard/server/api/resource/impl/RedemptionsResourceImpl.html...
Generating /Users/timwhelan/Documents/workspace/giftcard-service-test-pack/target/apidocs/io/electrum/giftcard/server/api/resource/impl/TestServerAdminResourceImpl.html...
Generating /Users/timwhelan/Documents/workspace/giftcard-service-test-pack/target/apidocs/io/electrum/giftcard/server/api/resource/impl/VoidsResourceImpl.html...
Generating /Users/timwhelan/Documents/workspace/giftcard-service-test-pack/target/apidocs/io/electrum/giftcard/server/backend/CardLoader.html...
Generating /Users/timwhelan/Documents/workspace/giftcard-service-test-pack/target/apidocs/io/electrum/giftcard/server/backend/GiftcardBackend.html...
Generating /Users/timwhelan/Documents/workspace/giftcard-service-test-pack/target/apidocs/io/electrum/giftcard/server/backend/ProductLoader.html...
Generating /Users/timwhelan/Documents/workspace/giftcard-service-test-pack/target/apidocs/io/electrum/giftcard/server/backend/db/MockGiftcardDb.html...
Generating /Users/timwhelan/Documents/workspace/giftcard-service-test-pack/target/apidocs/io/electrum/giftcard/server/backend/records/ActivationConfirmationRecord.html...
Generating /Users/timwhelan/Documents/workspace/giftcard-service-test-pack/target/apidocs/io/electrum/giftcard/server/backend/records/ActivationRecord.html...
Generating /Users/timwhelan/Documents/workspace/giftcard-service-test-pack/target/apidocs/io/electrum/giftcard/server/backend/records/ActivationReversalRecord.html...
Generating /Users/timwhelan/Documents/workspace/giftcard-service-test-pack/target/apidocs/io/electrum/giftcard/server/backend/records/CardRecord.html...
Generating /Users/timwhelan/Documents/workspace/giftcard-service-test-pack/target/apidocs/io/electrum/giftcard/server/backend/records/CardRecord.Status.html...
Generating /Users/timwhelan/Documents/workspace/giftcard-service-test-pack/target/apidocs/io/electrum/giftcard/server/backend/records/GiftcardRecord.html...
Generating /Users/timwhelan/Documents/workspace/giftcard-service-test-pack/target/apidocs/io/electrum/giftcard/server/backend/records/LoadConfirmationRecord.html...
Generating /Users/timwhelan/Documents/workspace/giftcard-service-test-pack/target/apidocs/io/electrum/giftcard/server/backend/records/LoadRecord.html...
Generating /Users/timwhelan/Documents/workspace/giftcard-service-test-pack/target/apidocs/io/electrum/giftcard/server/backend/records/LoadReversalRecord.html...
Generating /Users/timwhelan/Documents/workspace/giftcard-service-test-pack/target/apidocs/io/electrum/giftcard/server/backend/records/LookupRecord.html...
Generating /Users/timwhelan/Documents/workspace/giftcard-service-test-pack/target/apidocs/io/electrum/giftcard/server/backend/records/ProductRecord.html...
Generating /Users/timwhelan/Documents/workspace/giftcard-service-test-pack/target/apidocs/io/electrum/giftcard/server/backend/records/RedemptionConfirmationRecord.html...
Generating /Users/timwhelan/Documents/workspace/giftcard-service-test-pack/target/apidocs/io/electrum/giftcard/server/backend/records/RedemptionRecord.html...
Generating /Users/timwhelan/Documents/workspace/giftcard-service-test-pack/target/apidocs/io/electrum/giftcard/server/backend/records/RedemptionReversalRecord.html...
Generating /Users/timwhelan/Documents/workspace/giftcard-service-test-pack/target/apidocs/io/electrum/giftcard/server/backend/records/RequestRecord.html...
Generating /Users/timwhelan/Documents/workspace/giftcard-service-test-pack/target/apidocs/io/electrum/giftcard/server/backend/records/RequestRecord.State.html...
Generating /Users/timwhelan/Documents/workspace/giftcard-service-test-pack/target/apidocs/io/electrum/giftcard/server/backend/records/VoidConfirmationRecord.html...
Generating /Users/timwhelan/Documents/workspace/giftcard-service-test-pack/target/apidocs/io/electrum/giftcard/server/backend/records/VoidRecord.html...
Generating /Users/timwhelan/Documents/workspace/giftcard-service-test-pack/target/apidocs/io/electrum/giftcard/server/backend/records/VoidReversalRecord.html...
Generating /Users/timwhelan/Documents/workspace/giftcard-service-test-pack/target/apidocs/io/electrum/giftcard/server/backend/tables/ActivationConfirmationsTable.html...
Generating /Users/timwhelan/Documents/workspace/giftcard-service-test-pack/target/apidocs/io/electrum/giftcard/server/backend/tables/ActivationReversalsTable.html...
Generating /Users/timwhelan/Documents/workspace/giftcard-service-test-pack/target/apidocs/io/electrum/giftcard/server/backend/tables/ActivationsTable.html...
Generating /Users/timwhelan/Documents/workspace/giftcard-service-test-pack/target/apidocs/io/electrum/giftcard/server/backend/tables/CardTable.html...
Generating /Users/timwhelan/Documents/workspace/giftcard-service-test-pack/target/apidocs/io/electrum/giftcard/server/backend/tables/GiftcardTable.html...
Generating /Users/timwhelan/Documents/workspace/giftcard-service-test-pack/target/apidocs/io/electrum/giftcard/server/backend/tables/LoadConfirmationsTable.html...
Generating /Users/timwhelan/Documents/workspace/giftcard-service-test-pack/target/apidocs/io/electrum/giftcard/server/backend/tables/LoadReversalsTable.html...
Generating /Users/timwhelan/Documents/workspace/giftcard-service-test-pack/target/apidocs/io/electrum/giftcard/server/backend/tables/LoadsTable.html...
Generating /Users/timwhelan/Documents/workspace/giftcard-service-test-pack/target/apidocs/io/electrum/giftcard/server/backend/tables/LookupsTable.html...
Generating /Users/timwhelan/Documents/workspace/giftcard-service-test-pack/target/apidocs/io/electrum/giftcard/server/backend/tables/ProductTable.html...
Generating /Users/timwhelan/Documents/workspace/giftcard-service-test-pack/target/apidocs/io/electrum/giftcard/server/backend/tables/RedemptionConfirmationsTable.html...
Generating /Users/timwhelan/Documents/workspace/giftcard-service-test-pack/target/apidocs/io/electrum/giftcard/server/backend/tables/RedemptionReversalsTable.html...
Generating /Users/timwhelan/Documents/workspace/giftcard-service-test-pack/target/apidocs/io/electrum/giftcard/server/backend/tables/RedemptionsTable.html...
Generating /Users/timwhelan/Documents/workspace/giftcard-service-test-pack/target/apidocs/io/electrum/giftcard/server/backend/tables/VoidConfirmationsTable.html...
Generating /Users/timwhelan/Documents/workspace/giftcard-service-test-pack/target/apidocs/io/electrum/giftcard/server/backend/tables/VoidReversalsTable.html...
Generating /Users/timwhelan/Documents/workspace/giftcard-service-test-pack/target/apidocs/io/electrum/giftcard/server/backend/tables/VoidsTable.html...
Generating /Users/timwhelan/Documents/workspace/giftcard-service-test-pack/target/apidocs/io/electrum/giftcard/server/GiftcardTestServerRunner.html...
Generating /Users/timwhelan/Documents/workspace/giftcard-service-test-pack/target/apidocs/io/electrum/giftcard/server/util/GiftcardModelUtils.html...
Generating /Users/timwhelan/Documents/workspace/giftcard-service-test-pack/target/apidocs/io/electrum/giftcard/server/util/RandomData.html...
Generating /Users/timwhelan/Documents/workspace/giftcard-service-test-pack/target/apidocs/overview-frame.html...
Generating /Users/timwhelan/Documents/workspace/giftcard-service-test-pack/target/apidocs/io/electrum/giftcard/handler/package-frame.html...
Generating /Users/timwhelan/Documents/workspace/giftcard-service-test-pack/target/apidocs/io/electrum/giftcard/handler/package-summary.html...
Generating /Users/timwhelan/Documents/workspace/giftcard-service-test-pack/target/apidocs/io/electrum/giftcard/handler/package-tree.html...
Generating /Users/timwhelan/Documents/workspace/giftcard-service-test-pack/target/apidocs/io/electrum/giftcard/server/package-frame.html...
Generating /Users/timwhelan/Documents/workspace/giftcard-service-test-pack/target/apidocs/io/electrum/giftcard/server/package-summary.html...
Generating /Users/timwhelan/Documents/workspace/giftcard-service-test-pack/target/apidocs/io/electrum/giftcard/server/package-tree.html...
Generating /Users/timwhelan/Documents/workspace/giftcard-service-test-pack/target/apidocs/io/electrum/giftcard/server/api/model/package-frame.html...
Generating /Users/timwhelan/Documents/workspace/giftcard-service-test-pack/target/apidocs/io/electrum/giftcard/server/api/model/package-summary.html...
Generating /Users/timwhelan/Documents/workspace/giftcard-service-test-pack/target/apidocs/io/electrum/giftcard/server/api/model/package-tree.html...
Generating /Users/timwhelan/Documents/workspace/giftcard-service-test-pack/target/apidocs/io/electrum/giftcard/server/api/resource/impl/package-frame.html...
Generating /Users/timwhelan/Documents/workspace/giftcard-service-test-pack/target/apidocs/io/electrum/giftcard/server/api/resource/impl/package-summary.html...
Generating /Users/timwhelan/Documents/workspace/giftcard-service-test-pack/target/apidocs/io/electrum/giftcard/server/api/resource/impl/package-tree.html...
Generating /Users/timwhelan/Documents/workspace/giftcard-service-test-pack/target/apidocs/io/electrum/giftcard/server/backend/package-frame.html...
Generating /Users/timwhelan/Documents/workspace/giftcard-service-test-pack/target/apidocs/io/electrum/giftcard/server/backend/package-summary.html...
Generating /Users/timwhelan/Documents/workspace/giftcard-service-test-pack/target/apidocs/io/electrum/giftcard/server/backend/package-tree.html...
Generating /Users/timwhelan/Documents/workspace/giftcard-service-test-pack/target/apidocs/io/electrum/giftcard/server/backend/db/package-frame.html...
Generating /Users/timwhelan/Documents/workspace/giftcard-service-test-pack/target/apidocs/io/electrum/giftcard/server/backend/db/package-summary.html...
Generating /Users/timwhelan/Documents/workspace/giftcard-service-test-pack/target/apidocs/io/electrum/giftcard/server/backend/db/package-tree.html...
Generating /Users/timwhelan/Documents/workspace/giftcard-service-test-pack/target/apidocs/io/electrum/giftcard/server/backend/records/package-frame.html...
Generating /Users/timwhelan/Documents/workspace/giftcard-service-test-pack/target/apidocs/io/electrum/giftcard/server/backend/records/package-summary.html...
Generating /Users/timwhelan/Documents/workspace/giftcard-service-test-pack/target/apidocs/io/electrum/giftcard/server/backend/records/package-tree.html...
Generating /Users/timwhelan/Documents/workspace/giftcard-service-test-pack/target/apidocs/io/electrum/giftcard/server/backend/tables/package-frame.html...
Generating /Users/timwhelan/Documents/workspace/giftcard-service-test-pack/target/apidocs/io/electrum/giftcard/server/backend/tables/package-summary.html...
Generating /Users/timwhelan/Documents/workspace/giftcard-service-test-pack/target/apidocs/io/electrum/giftcard/server/backend/tables/package-tree.html...
Generating /Users/timwhelan/Documents/workspace/giftcard-service-test-pack/target/apidocs/io/electrum/giftcard/server/util/package-frame.html...
Generating /Users/timwhelan/Documents/workspace/giftcard-service-test-pack/target/apidocs/io/electrum/giftcard/server/util/package-summary.html...
Generating /Users/timwhelan/Documents/workspace/giftcard-service-test-pack/target/apidocs/io/electrum/giftcard/server/util/package-tree.html...
Generating /Users/timwhelan/Documents/workspace/giftcard-service-test-pack/target/apidocs/constant-values.html...
Generating /Users/timwhelan/Documents/workspace/giftcard-service-test-pack/target/apidocs/io/electrum/giftcard/handler/class-use/VoidHandler.html...
Generating /Users/timwhelan/Documents/workspace/giftcard-service-test-pack/target/apidocs/io/electrum/giftcard/handler/class-use/ReverseVoidHandler.html...
Generating /Users/timwhelan/Documents/workspace/giftcard-service-test-pack/target/apidocs/io/electrum/giftcard/handler/class-use/ReverseRedemptionHandler.html...
Generating /Users/timwhelan/Documents/workspace/giftcard-service-test-pack/target/apidocs/io/electrum/giftcard/handler/class-use/ReverseLoadHandler.html...
Generating /Users/timwhelan/Documents/workspace/giftcard-service-test-pack/target/apidocs/io/electrum/giftcard/handler/class-use/ReverseActivationHandler.html...
Generating /Users/timwhelan/Documents/workspace/giftcard-service-test-pack/target/apidocs/io/electrum/giftcard/handler/class-use/ResetHandler.html...
Generating /Users/timwhelan/Documents/workspace/giftcard-service-test-pack/target/apidocs/io/electrum/giftcard/handler/class-use/RedemptionHandler.html...
Generating /Users/timwhelan/Documents/workspace/giftcard-service-test-pack/target/apidocs/io/electrum/giftcard/handler/class-use/LookupGiftcardHandler.html...
Generating /Users/timwhelan/Documents/workspace/giftcard-service-test-pack/target/apidocs/io/electrum/giftcard/handler/class-use/LoadHandler.html...
Generating /Users/timwhelan/Documents/workspace/giftcard-service-test-pack/target/apidocs/io/electrum/giftcard/handler/class-use/GiftcardMessageHandlerFactory.html...
Generating /Users/timwhelan/Documents/workspace/giftcard-service-test-pack/target/apidocs/io/electrum/giftcard/handler/class-use/DataHandler.html...
Generating /Users/timwhelan/Documents/workspace/giftcard-service-test-pack/target/apidocs/io/electrum/giftcard/handler/class-use/ConfirmVoidHandler.html...
Generating /Users/timwhelan/Documents/workspace/giftcard-service-test-pack/target/apidocs/io/electrum/giftcard/handler/class-use/ConfirmRedemptionHandler.html...
Generating /Users/timwhelan/Documents/workspace/giftcard-service-test-pack/target/apidocs/io/electrum/giftcard/handler/class-use/ConfirmLoadHandler.html...
Generating /Users/timwhelan/Documents/workspace/giftcard-service-test-pack/target/apidocs/io/electrum/giftcard/handler/class-use/ConfirmActivationHandler.html...
Generating /Users/timwhelan/Documents/workspace/giftcard-service-test-pack/target/apidocs/io/electrum/giftcard/handler/class-use/ActivationHandler.html...
Generating /Users/timwhelan/Documents/workspace/giftcard-service-test-pack/target/apidocs/io/electrum/giftcard/server/api/model/class-use/ResetResponse.html...
Generating /Users/timwhelan/Documents/workspace/giftcard-service-test-pack/target/apidocs/io/electrum/giftcard/server/api/model/class-use/ResetResponse.Outcomes.html...
Generating /Users/timwhelan/Documents/workspace/giftcard-service-test-pack/target/apidocs/io/electrum/giftcard/server/api/model/class-use/ResetRequest.html...
Generating /Users/timwhelan/Documents/workspace/giftcard-service-test-pack/target/apidocs/io/electrum/giftcard/server/api/model/class-use/ResetRequest.Acknowledgments.html...
Generating /Users/timwhelan/Documents/workspace/giftcard-service-test-pack/target/apidocs/io/electrum/giftcard/server/api/model/class-use/ResetRequest.Declarations.html...
Generating /Users/timwhelan/Documents/workspace/giftcard-service-test-pack/target/apidocs/io/electrum/giftcard/server/api/model/class-use/ProductData.html...
Generating /Users/timwhelan/Documents/workspace/giftcard-service-test-pack/target/apidocs/io/electrum/giftcard/server/api/model/class-use/FormatError.html...
Generating /Users/timwhelan/Documents/workspace/giftcard-service-test-pack/target/apidocs/io/electrum/giftcard/server/api/model/class-use/DetailMessage.html...
Generating /Users/timwhelan/Documents/workspace/giftcard-service-test-pack/target/apidocs/io/electrum/giftcard/server/api/model/class-use/DataResponse.html...
Generating /Users/timwhelan/Documents/workspace/giftcard-service-test-pack/target/apidocs/io/electrum/giftcard/server/api/model/class-use/CardData.html...
Generating /Users/timwhelan/Documents/workspace/giftcard-service-test-pack/target/apidocs/io/electrum/giftcard/server/api/resource/impl/class-use/VoidsResourceImpl.html...
Generating /Users/timwhelan/Documents/workspace/giftcard-service-test-pack/target/apidocs/io/electrum/giftcard/server/api/resource/impl/class-use/TestServerAdminResourceImpl.html...
Generating /Users/timwhelan/Documents/workspace/giftcard-service-test-pack/target/apidocs/io/electrum/giftcard/server/api/resource/impl/class-use/RedemptionsResourceImpl.html...
Generating /Users/timwhelan/Documents/workspace/giftcard-service-test-pack/target/apidocs/io/electrum/giftcard/server/api/resource/impl/class-use/LookupGiftcardResourceImpl.html...
Generating /Users/timwhelan/Documents/workspace/giftcard-service-test-pack/target/apidocs/io/electrum/giftcard/server/api/resource/impl/class-use/LoadsResourceImpl.html...
Generating /Users/timwhelan/Documents/workspace/giftcard-service-test-pack/target/apidocs/io/electrum/giftcard/server/api/resource/impl/class-use/GiftcardTestServer.html...
Generating /Users/timwhelan/Documents/workspace/giftcard-service-test-pack/target/apidocs/io/electrum/giftcard/server/api/resource/impl/class-use/GiftcardTestServer.MyObjectMapperProvider.html...
Generating /Users/timwhelan/Documents/workspace/giftcard-service-test-pack/target/apidocs/io/electrum/giftcard/server/api/resource/impl/class-use/ActivationsResourceImpl.html...
Generating /Users/timwhelan/Documents/workspace/giftcard-service-test-pack/target/apidocs/io/electrum/giftcard/server/backend/class-use/ProductLoader.html...
Generating /Users/timwhelan/Documents/workspace/giftcard-service-test-pack/target/apidocs/io/electrum/giftcard/server/backend/class-use/GiftcardBackend.html...
Generating /Users/timwhelan/Documents/workspace/giftcard-service-test-pack/target/apidocs/io/electrum/giftcard/server/backend/class-use/CardLoader.html...
Generating /Users/timwhelan/Documents/workspace/giftcard-service-test-pack/target/apidocs/io/electrum/giftcard/server/backend/db/class-use/MockGiftcardDb.html...
Generating /Users/timwhelan/Documents/workspace/giftcard-service-test-pack/target/apidocs/io/electrum/giftcard/server/backend/records/class-use/VoidReversalRecord.html...
Generating /Users/timwhelan/Documents/workspace/giftcard-service-test-pack/target/apidocs/io/electrum/giftcard/server/backend/records/class-use/VoidRecord.html...
Generating /Users/timwhelan/Documents/workspace/giftcard-service-test-pack/target/apidocs/io/electrum/giftcard/server/backend/records/class-use/VoidConfirmationRecord.html...
Generating /Users/timwhelan/Documents/workspace/giftcard-service-test-pack/target/apidocs/io/electrum/giftcard/server/backend/records/class-use/RequestRecord.html...
Generating /Users/timwhelan/Documents/workspace/giftcard-service-test-pack/target/apidocs/io/electrum/giftcard/server/backend/records/class-use/RequestRecord.State.html...
Generating /Users/timwhelan/Documents/workspace/giftcard-service-test-pack/target/apidocs/io/electrum/giftcard/server/backend/records/class-use/RedemptionReversalRecord.html...
Generating /Users/timwhelan/Documents/workspace/giftcard-service-test-pack/target/apidocs/io/electrum/giftcard/server/backend/records/class-use/RedemptionRecord.html...
Generating /Users/timwhelan/Documents/workspace/giftcard-service-test-pack/target/apidocs/io/electrum/giftcard/server/backend/records/class-use/RedemptionConfirmationRecord.html...
Generating /Users/timwhelan/Documents/workspace/giftcard-service-test-pack/target/apidocs/io/electrum/giftcard/server/backend/records/class-use/ProductRecord.html...
Generating /Users/timwhelan/Documents/workspace/giftcard-service-test-pack/target/apidocs/io/electrum/giftcard/server/backend/records/class-use/LookupRecord.html...
Generating /Users/timwhelan/Documents/workspace/giftcard-service-test-pack/target/apidocs/io/electrum/giftcard/server/backend/records/class-use/LoadReversalRecord.html...
Generating /Users/timwhelan/Documents/workspace/giftcard-service-test-pack/target/apidocs/io/electrum/giftcard/server/backend/records/class-use/LoadRecord.html...
Generating /Users/timwhelan/Documents/workspace/giftcard-service-test-pack/target/apidocs/io/electrum/giftcard/server/backend/records/class-use/LoadConfirmationRecord.html...
Generating /Users/timwhelan/Documents/workspace/giftcard-service-test-pack/target/apidocs/io/electrum/giftcard/server/backend/records/class-use/GiftcardRecord.html...
Generating /Users/timwhelan/Documents/workspace/giftcard-service-test-pack/target/apidocs/io/electrum/giftcard/server/backend/records/class-use/CardRecord.html...
Generating /Users/timwhelan/Documents/workspace/giftcard-service-test-pack/target/apidocs/io/electrum/giftcard/server/backend/records/class-use/CardRecord.Status.html...
Generating /Users/timwhelan/Documents/workspace/giftcard-service-test-pack/target/apidocs/io/electrum/giftcard/server/backend/records/class-use/ActivationReversalRecord.html...
Generating /Users/timwhelan/Documents/workspace/giftcard-service-test-pack/target/apidocs/io/electrum/giftcard/server/backend/records/class-use/ActivationRecord.html...
Generating /Users/timwhelan/Documents/workspace/giftcard-service-test-pack/target/apidocs/io/electrum/giftcard/server/backend/records/class-use/ActivationConfirmationRecord.html...
Generating /Users/timwhelan/Documents/workspace/giftcard-service-test-pack/target/apidocs/io/electrum/giftcard/server/backend/tables/class-use/VoidsTable.html...
Generating /Users/timwhelan/Documents/workspace/giftcard-service-test-pack/target/apidocs/io/electrum/giftcard/server/backend/tables/class-use/VoidReversalsTable.html...
Generating /Users/timwhelan/Documents/workspace/giftcard-service-test-pack/target/apidocs/io/electrum/giftcard/server/backend/tables/class-use/VoidConfirmationsTable.html...
Generating /Users/timwhelan/Documents/workspace/giftcard-service-test-pack/target/apidocs/io/electrum/giftcard/server/backend/tables/class-use/RedemptionsTable.html...
Generating /Users/timwhelan/Documents/workspace/giftcard-service-test-pack/target/apidocs/io/electrum/giftcard/server/backend/tables/class-use/RedemptionReversalsTable.html...
Generating /Users/timwhelan/Documents/workspace/giftcard-service-test-pack/target/apidocs/io/electrum/giftcard/server/backend/tables/class-use/RedemptionConfirmationsTable.html...
Generating /Users/timwhelan/Documents/workspace/giftcard-service-test-pack/target/apidocs/io/electrum/giftcard/server/backend/tables/class-use/ProductTable.html...
Generating /Users/timwhelan/Documents/workspace/giftcard-service-test-pack/target/apidocs/io/electrum/giftcard/server/backend/tables/class-use/LookupsTable.html...
Generating /Users/timwhelan/Documents/workspace/giftcard-service-test-pack/target/apidocs/io/electrum/giftcard/server/backend/tables/class-use/LoadsTable.html...
Generating /Users/timwhelan/Documents/workspace/giftcard-service-test-pack/target/apidocs/io/electrum/giftcard/server/backend/tables/class-use/LoadReversalsTable.html...
Generating /Users/timwhelan/Documents/workspace/giftcard-service-test-pack/target/apidocs/io/electrum/giftcard/server/backend/tables/class-use/LoadConfirmationsTable.html...
Generating /Users/timwhelan/Documents/workspace/giftcard-service-test-pack/target/apidocs/io/electrum/giftcard/server/backend/tables/class-use/GiftcardTable.html...
Generating /Users/timwhelan/Documents/workspace/giftcard-service-test-pack/target/apidocs/io/electrum/giftcard/server/backend/tables/class-use/CardTable.html...
Generating /Users/timwhelan/Documents/workspace/giftcard-service-test-pack/target/apidocs/io/electrum/giftcard/server/backend/tables/class-use/ActivationsTable.html...
Generating /Users/timwhelan/Documents/workspace/giftcard-service-test-pack/target/apidocs/io/electrum/giftcard/server/backend/tables/class-use/ActivationReversalsTable.html...
Generating /Users/timwhelan/Documents/workspace/giftcard-service-test-pack/target/apidocs/io/electrum/giftcard/server/backend/tables/class-use/ActivationConfirmationsTable.html...
Generating /Users/timwhelan/Documents/workspace/giftcard-service-test-pack/target/apidocs/io/electrum/giftcard/server/class-use/GiftcardTestServerRunner.html...
Generating /Users/timwhelan/Documents/workspace/giftcard-service-test-pack/target/apidocs/io/electrum/giftcard/server/util/class-use/RandomData.html...
Generating /Users/timwhelan/Documents/workspace/giftcard-service-test-pack/target/apidocs/io/electrum/giftcard/server/util/class-use/GiftcardModelUtils.html...
Generating /Users/timwhelan/Documents/workspace/giftcard-service-test-pack/target/apidocs/io/electrum/giftcard/handler/package-use.html...
Generating /Users/timwhelan/Documents/workspace/giftcard-service-test-pack/target/apidocs/io/electrum/giftcard/server/package-use.html...
Generating /Users/timwhelan/Documents/workspace/giftcard-service-test-pack/target/apidocs/io/electrum/giftcard/server/api/model/package-use.html...
Generating /Users/timwhelan/Documents/workspace/giftcard-service-test-pack/target/apidocs/io/electrum/giftcard/server/api/resource/impl/package-use.html...
Generating /Users/timwhelan/Documents/workspace/giftcard-service-test-pack/target/apidocs/io/electrum/giftcard/server/backend/package-use.html...
Generating /Users/timwhelan/Documents/workspace/giftcard-service-test-pack/target/apidocs/io/electrum/giftcard/server/backend/db/package-use.html...
Generating /Users/timwhelan/Documents/workspace/giftcard-service-test-pack/target/apidocs/io/electrum/giftcard/server/backend/records/package-use.html...
Generating /Users/timwhelan/Documents/workspace/giftcard-service-test-pack/target/apidocs/io/electrum/giftcard/server/backend/tables/package-use.html...
Generating /Users/timwhelan/Documents/workspace/giftcard-service-test-pack/target/apidocs/io/electrum/giftcard/server/util/package-use.html...
Building index for all the packages and classes...
Generating /Users/timwhelan/Documents/workspace/giftcard-service-test-pack/target/apidocs/overview-tree.html...
Generating /Users/timwhelan/Documents/workspace/giftcard-service-test-pack/target/apidocs/index-all.html...
Generating /Users/timwhelan/Documents/workspace/giftcard-service-test-pack/target/apidocs/deprecated-list.html...
Building index for all classes...
Generating /Users/timwhelan/Documents/workspace/giftcard-service-test-pack/target/apidocs/allclasses-frame.html...
Generating /Users/timwhelan/Documents/workspace/giftcard-service-test-pack/target/apidocs/allclasses-noframe.html...
Generating /Users/timwhelan/Documents/workspace/giftcard-service-test-pack/target/apidocs/index.html...
Generating /Users/timwhelan/Documents/workspace/giftcard-service-test-pack/target/apidocs/overview-summary.html...
Generating /Users/timwhelan/Documents/workspace/giftcard-service-test-pack/target/apidocs/help-doc.html...
[INFO] Building jar: /Users/timwhelan/Documents/workspace/giftcard-service-test-pack/target/giftcard-service-test-pack-1.0.0-javadoc.jar
[DEBUG] adding directory META-INF/
[DEBUG] adding entry META-INF/MANIFEST.MF
[DEBUG] adding directory io/
[DEBUG] adding directory io/electrum/
[DEBUG] adding directory io/electrum/giftcard/
[DEBUG] adding directory io/electrum/giftcard/handler/
[DEBUG] adding directory io/electrum/giftcard/handler/class-use/
[DEBUG] adding directory io/electrum/giftcard/server/
[DEBUG] adding directory io/electrum/giftcard/server/api/
[DEBUG] adding directory io/electrum/giftcard/server/api/model/
[DEBUG] adding directory io/electrum/giftcard/server/api/model/class-use/
[DEBUG] adding directory io/electrum/giftcard/server/api/resource/
[DEBUG] adding directory io/electrum/giftcard/server/api/resource/impl/
[DEBUG] adding directory io/electrum/giftcard/server/api/resource/impl/class-use/
[DEBUG] adding directory io/electrum/giftcard/server/backend/
[DEBUG] adding directory io/electrum/giftcard/server/backend/class-use/
[DEBUG] adding directory io/electrum/giftcard/server/backend/db/
[DEBUG] adding directory io/electrum/giftcard/server/backend/db/class-use/
[DEBUG] adding directory io/electrum/giftcard/server/backend/records/
[DEBUG] adding directory io/electrum/giftcard/server/backend/records/class-use/
[DEBUG] adding directory io/electrum/giftcard/server/backend/tables/
[DEBUG] adding directory io/electrum/giftcard/server/backend/tables/class-use/
[DEBUG] adding directory io/electrum/giftcard/server/class-use/
[DEBUG] adding directory io/electrum/giftcard/server/util/
[DEBUG] adding directory io/electrum/giftcard/server/util/class-use/
[DEBUG] adding directory resources/
[DEBUG] adding entry allclasses-frame.html
[DEBUG] adding entry allclasses-noframe.html
[DEBUG] adding entry constant-values.html
[DEBUG] adding entry deprecated-list.html
[DEBUG] adding entry help-doc.html
[DEBUG] adding entry index-all.html
[DEBUG] adding entry index.html
[DEBUG] adding entry io/electrum/giftcard/handler/ActivationHandler.html
[DEBUG] adding entry io/electrum/giftcard/handler/class-use/ActivationHandler.html
[DEBUG] adding entry io/electrum/giftcard/handler/class-use/ConfirmActivationHandler.html
[DEBUG] adding entry io/electrum/giftcard/handler/class-use/ConfirmLoadHandler.html
[DEBUG] adding entry io/electrum/giftcard/handler/class-use/ConfirmRedemptionHandler.html
[DEBUG] adding entry io/electrum/giftcard/handler/class-use/ConfirmVoidHandler.html
[DEBUG] adding entry io/electrum/giftcard/handler/class-use/DataHandler.html
[DEBUG] adding entry io/electrum/giftcard/handler/class-use/GiftcardMessageHandlerFactory.html
[DEBUG] adding entry io/electrum/giftcard/handler/class-use/LoadHandler.html
[DEBUG] adding entry io/electrum/giftcard/handler/class-use/LookupGiftcardHandler.html
[DEBUG] adding entry io/electrum/giftcard/handler/class-use/RedemptionHandler.html
[DEBUG] adding entry io/electrum/giftcard/handler/class-use/ResetHandler.html
[DEBUG] adding entry io/electrum/giftcard/handler/class-use/ReverseActivationHandler.html
[DEBUG] adding entry io/electrum/giftcard/handler/class-use/ReverseLoadHandler.html
[DEBUG] adding entry io/electrum/giftcard/handler/class-use/ReverseRedemptionHandler.html
[DEBUG] adding entry io/electrum/giftcard/handler/class-use/ReverseVoidHandler.html
[DEBUG] adding entry io/electrum/giftcard/handler/class-use/VoidHandler.html
[DEBUG] adding entry io/electrum/giftcard/handler/ConfirmActivationHandler.html
[DEBUG] adding entry io/electrum/giftcard/handler/ConfirmLoadHandler.html
[DEBUG] adding entry io/electrum/giftcard/handler/ConfirmRedemptionHandler.html
[DEBUG] adding entry io/electrum/giftcard/handler/ConfirmVoidHandler.html
[DEBUG] adding entry io/electrum/giftcard/handler/DataHandler.html
[DEBUG] adding entry io/electrum/giftcard/handler/GiftcardMessageHandlerFactory.html
[DEBUG] adding entry io/electrum/giftcard/handler/LoadHandler.html
[DEBUG] adding entry io/electrum/giftcard/handler/LookupGiftcardHandler.html
[DEBUG] adding entry io/electrum/giftcard/handler/package-frame.html
[DEBUG] adding entry io/electrum/giftcard/handler/package-summary.html
[DEBUG] adding entry io/electrum/giftcard/handler/package-tree.html
[DEBUG] adding entry io/electrum/giftcard/handler/package-use.html
[DEBUG] adding entry io/electrum/giftcard/handler/RedemptionHandler.html
[DEBUG] adding entry io/electrum/giftcard/handler/ResetHandler.html
[DEBUG] adding entry io/electrum/giftcard/handler/ReverseActivationHandler.html
[DEBUG] adding entry io/electrum/giftcard/handler/ReverseLoadHandler.html
[DEBUG] adding entry io/electrum/giftcard/handler/ReverseRedemptionHandler.html
[DEBUG] adding entry io/electrum/giftcard/handler/ReverseVoidHandler.html
[DEBUG] adding entry io/electrum/giftcard/handler/VoidHandler.html
[DEBUG] adding entry io/electrum/giftcard/server/api/model/CardData.html
[DEBUG] adding entry io/electrum/giftcard/server/api/model/class-use/CardData.html
[DEBUG] adding entry io/electrum/giftcard/server/api/model/class-use/DataResponse.html
[DEBUG] adding entry io/electrum/giftcard/server/api/model/class-use/DetailMessage.html
[DEBUG] adding entry io/electrum/giftcard/server/api/model/class-use/FormatError.html
[DEBUG] adding entry io/electrum/giftcard/server/api/model/class-use/ProductData.html
[DEBUG] adding entry io/electrum/giftcard/server/api/model/class-use/ResetRequest.Acknowledgments.html
[DEBUG] adding entry io/electrum/giftcard/server/api/model/class-use/ResetRequest.Declarations.html
[DEBUG] adding entry io/electrum/giftcard/server/api/model/class-use/ResetRequest.html
[DEBUG] adding entry io/electrum/giftcard/server/api/model/class-use/ResetResponse.html
[DEBUG] adding entry io/electrum/giftcard/server/api/model/class-use/ResetResponse.Outcomes.html
[DEBUG] adding entry io/electrum/giftcard/server/api/model/DataResponse.html
[DEBUG] adding entry io/electrum/giftcard/server/api/model/DetailMessage.html
[DEBUG] adding entry io/electrum/giftcard/server/api/model/FormatError.html
[DEBUG] adding entry io/electrum/giftcard/server/api/model/package-frame.html
[DEBUG] adding entry io/electrum/giftcard/server/api/model/package-summary.html
[DEBUG] adding entry io/electrum/giftcard/server/api/model/package-tree.html
[DEBUG] adding entry io/electrum/giftcard/server/api/model/package-use.html
[DEBUG] adding entry io/electrum/giftcard/server/api/model/ProductData.html
[DEBUG] adding entry io/electrum/giftcard/server/api/model/ResetRequest.Acknowledgments.html
[DEBUG] adding entry io/electrum/giftcard/server/api/model/ResetRequest.Declarations.html
[DEBUG] adding entry io/electrum/giftcard/server/api/model/ResetRequest.html
[DEBUG] adding entry io/electrum/giftcard/server/api/model/ResetResponse.html
[DEBUG] adding entry io/electrum/giftcard/server/api/model/ResetResponse.Outcomes.html
[DEBUG] adding entry io/electrum/giftcard/server/api/resource/impl/ActivationsResourceImpl.html
[DEBUG] adding entry io/electrum/giftcard/server/api/resource/impl/class-use/ActivationsResourceImpl.html
[DEBUG] adding entry io/electrum/giftcard/server/api/resource/impl/class-use/GiftcardTestServer.html
[DEBUG] adding entry io/electrum/giftcard/server/api/resource/impl/class-use/GiftcardTestServer.MyObjectMapperProvider.html
[DEBUG] adding entry io/electrum/giftcard/server/api/resource/impl/class-use/LoadsResourceImpl.html
[DEBUG] adding entry io/electrum/giftcard/server/api/resource/impl/class-use/LookupGiftcardResourceImpl.html
[DEBUG] adding entry io/electrum/giftcard/server/api/resource/impl/class-use/RedemptionsResourceImpl.html
[DEBUG] adding entry io/electrum/giftcard/server/api/resource/impl/class-use/TestServerAdminResourceImpl.html
[DEBUG] adding entry io/electrum/giftcard/server/api/resource/impl/class-use/VoidsResourceImpl.html
[DEBUG] adding entry io/electrum/giftcard/server/api/resource/impl/GiftcardTestServer.html
[DEBUG] adding entry io/electrum/giftcard/server/api/resource/impl/GiftcardTestServer.MyObjectMapperProvider.html
[DEBUG] adding entry io/electrum/giftcard/server/api/resource/impl/LoadsResourceImpl.html
[DEBUG] adding entry io/electrum/giftcard/server/api/resource/impl/LookupGiftcardResourceImpl.html
[DEBUG] adding entry io/electrum/giftcard/server/api/resource/impl/package-frame.html
[DEBUG] adding entry io/electrum/giftcard/server/api/resource/impl/package-summary.html
[DEBUG] adding entry io/electrum/giftcard/server/api/resource/impl/package-tree.html
[DEBUG] adding entry io/electrum/giftcard/server/api/resource/impl/package-use.html
[DEBUG] adding entry io/electrum/giftcard/server/api/resource/impl/RedemptionsResourceImpl.html
[DEBUG] adding entry io/electrum/giftcard/server/api/resource/impl/TestServerAdminResourceImpl.html
[DEBUG] adding entry io/electrum/giftcard/server/api/resource/impl/VoidsResourceImpl.html
[DEBUG] adding entry io/electrum/giftcard/server/backend/CardLoader.html
[DEBUG] adding entry io/electrum/giftcard/server/backend/class-use/CardLoader.html
[DEBUG] adding entry io/electrum/giftcard/server/backend/class-use/GiftcardBackend.html
[DEBUG] adding entry io/electrum/giftcard/server/backend/class-use/ProductLoader.html
[DEBUG] adding entry io/electrum/giftcard/server/backend/db/class-use/MockGiftcardDb.html
[DEBUG] adding entry io/electrum/giftcard/server/backend/db/MockGiftcardDb.html
[DEBUG] adding entry io/electrum/giftcard/server/backend/db/package-frame.html
[DEBUG] adding entry io/electrum/giftcard/server/backend/db/package-summary.html
[DEBUG] adding entry io/electrum/giftcard/server/backend/db/package-tree.html
[DEBUG] adding entry io/electrum/giftcard/server/backend/db/package-use.html
[DEBUG] adding entry io/electrum/giftcard/server/backend/GiftcardBackend.html
[DEBUG] adding entry io/electrum/giftcard/server/backend/package-frame.html
[DEBUG] adding entry io/electrum/giftcard/server/backend/package-summary.html
[DEBUG] adding entry io/electrum/giftcard/server/backend/package-tree.html
[DEBUG] adding entry io/electrum/giftcard/server/backend/package-use.html
[DEBUG] adding entry io/electrum/giftcard/server/backend/ProductLoader.html
[DEBUG] adding entry io/electrum/giftcard/server/backend/records/ActivationConfirmationRecord.html
[DEBUG] adding entry io/electrum/giftcard/server/backend/records/ActivationRecord.html
[DEBUG] adding entry io/electrum/giftcard/server/backend/records/ActivationReversalRecord.html
[DEBUG] adding entry io/electrum/giftcard/server/backend/records/CardRecord.html
[DEBUG] adding entry io/electrum/giftcard/server/backend/records/CardRecord.Status.html
[DEBUG] adding entry io/electrum/giftcard/server/backend/records/class-use/ActivationConfirmationRecord.html
[DEBUG] adding entry io/electrum/giftcard/server/backend/records/class-use/ActivationRecord.html
[DEBUG] adding entry io/electrum/giftcard/server/backend/records/class-use/ActivationReversalRecord.html
[DEBUG] adding entry io/electrum/giftcard/server/backend/records/class-use/CardRecord.html
[DEBUG] adding entry io/electrum/giftcard/server/backend/records/class-use/CardRecord.Status.html
[DEBUG] adding entry io/electrum/giftcard/server/backend/records/class-use/GiftcardRecord.html
[DEBUG] adding entry io/electrum/giftcard/server/backend/records/class-use/LoadConfirmationRecord.html
[DEBUG] adding entry io/electrum/giftcard/server/backend/records/class-use/LoadRecord.html
[DEBUG] adding entry io/electrum/giftcard/server/backend/records/class-use/LoadReversalRecord.html
[DEBUG] adding entry io/electrum/giftcard/server/backend/records/class-use/LookupRecord.html
[DEBUG] adding entry io/electrum/giftcard/server/backend/records/class-use/ProductRecord.html
[DEBUG] adding entry io/electrum/giftcard/server/backend/records/class-use/RedemptionConfirmationRecord.html
[DEBUG] adding entry io/electrum/giftcard/server/backend/records/class-use/RedemptionRecord.html
[DEBUG] adding entry io/electrum/giftcard/server/backend/records/class-use/RedemptionReversalRecord.html
[DEBUG] adding entry io/electrum/giftcard/server/backend/records/class-use/RequestRecord.html
[DEBUG] adding entry io/electrum/giftcard/server/backend/records/class-use/RequestRecord.State.html
[DEBUG] adding entry io/electrum/giftcard/server/backend/records/class-use/VoidConfirmationRecord.html
[DEBUG] adding entry io/electrum/giftcard/server/backend/records/class-use/VoidRecord.html
[DEBUG] adding entry io/electrum/giftcard/server/backend/records/class-use/VoidReversalRecord.html
[DEBUG] adding entry io/electrum/giftcard/server/backend/records/GiftcardRecord.html
[DEBUG] adding entry io/electrum/giftcard/server/backend/records/LoadConfirmationRecord.html
[DEBUG] adding entry io/electrum/giftcard/server/backend/records/LoadRecord.html
[DEBUG] adding entry io/electrum/giftcard/server/backend/records/LoadReversalRecord.html
[DEBUG] adding entry io/electrum/giftcard/server/backend/records/LookupRecord.html
[DEBUG] adding entry io/electrum/giftcard/server/backend/records/package-frame.html
[DEBUG] adding entry io/electrum/giftcard/server/backend/records/package-summary.html
[DEBUG] adding entry io/electrum/giftcard/server/backend/records/package-tree.html
[DEBUG] adding entry io/electrum/giftcard/server/backend/records/package-use.html
[DEBUG] adding entry io/electrum/giftcard/server/backend/records/ProductRecord.html
[DEBUG] adding entry io/electrum/giftcard/server/backend/records/RedemptionConfirmationRecord.html
[DEBUG] adding entry io/electrum/giftcard/server/backend/records/RedemptionRecord.html
[DEBUG] adding entry io/electrum/giftcard/server/backend/records/RedemptionReversalRecord.html
[DEBUG] adding entry io/electrum/giftcard/server/backend/records/RequestRecord.html
[DEBUG] adding entry io/electrum/giftcard/server/backend/records/RequestRecord.State.html
[DEBUG] adding entry io/electrum/giftcard/server/backend/records/VoidConfirmationRecord.html
[DEBUG] adding entry io/electrum/giftcard/server/backend/records/VoidRecord.html
[DEBUG] adding entry io/electrum/giftcard/server/backend/records/VoidReversalRecord.html
[DEBUG] adding entry io/electrum/giftcard/server/backend/tables/ActivationConfirmationsTable.html
[DEBUG] adding entry io/electrum/giftcard/server/backend/tables/ActivationReversalsTable.html
[DEBUG] adding entry io/electrum/giftcard/server/backend/tables/ActivationsTable.html
[DEBUG] adding entry io/electrum/giftcard/server/backend/tables/CardTable.html
[DEBUG] adding entry io/electrum/giftcard/server/backend/tables/class-use/ActivationConfirmationsTable.html
[DEBUG] adding entry io/electrum/giftcard/server/backend/tables/class-use/ActivationReversalsTable.html
[DEBUG] adding entry io/electrum/giftcard/server/backend/tables/class-use/ActivationsTable.html
[DEBUG] adding entry io/electrum/giftcard/server/backend/tables/class-use/CardTable.html
[DEBUG] adding entry io/electrum/giftcard/server/backend/tables/class-use/GiftcardTable.html
[DEBUG] adding entry io/electrum/giftcard/server/backend/tables/class-use/LoadConfirmationsTable.html
[DEBUG] adding entry io/electrum/giftcard/server/backend/tables/class-use/LoadReversalsTable.html
[DEBUG] adding entry io/electrum/giftcard/server/backend/tables/class-use/LoadsTable.html
[DEBUG] adding entry io/electrum/giftcard/server/backend/tables/class-use/LookupsTable.html
[DEBUG] adding entry io/electrum/giftcard/server/backend/tables/class-use/ProductTable.html
[DEBUG] adding entry io/electrum/giftcard/server/backend/tables/class-use/RedemptionConfirmationsTable.html
[DEBUG] adding entry io/electrum/giftcard/server/backend/tables/class-use/RedemptionReversalsTable.html
[DEBUG] adding entry io/electrum/giftcard/server/backend/tables/class-use/RedemptionsTable.html
[DEBUG] adding entry io/electrum/giftcard/server/backend/tables/class-use/VoidConfirmationsTable.html
[DEBUG] adding entry io/electrum/giftcard/server/backend/tables/class-use/VoidReversalsTable.html
[DEBUG] adding entry io/electrum/giftcard/server/backend/tables/class-use/VoidsTable.html
[DEBUG] adding entry io/electrum/giftcard/server/backend/tables/GiftcardTable.html
[DEBUG] adding entry io/electrum/giftcard/server/backend/tables/LoadConfirmationsTable.html
[DEBUG] adding entry io/electrum/giftcard/server/backend/tables/LoadReversalsTable.html
[DEBUG] adding entry io/electrum/giftcard/server/backend/tables/LoadsTable.html
[DEBUG] adding entry io/electrum/giftcard/server/backend/tables/LookupsTable.html
[DEBUG] adding entry io/electrum/giftcard/server/backend/tables/package-frame.html
[DEBUG] adding entry io/electrum/giftcard/server/backend/tables/package-summary.html
[DEBUG] adding entry io/electrum/giftcard/server/backend/tables/package-tree.html
[DEBUG] adding entry io/electrum/giftcard/server/backend/tables/package-use.html
[DEBUG] adding entry io/electrum/giftcard/server/backend/tables/ProductTable.html
[DEBUG] adding entry io/electrum/giftcard/server/backend/tables/RedemptionConfirmationsTable.html
[DEBUG] adding entry io/electrum/giftcard/server/backend/tables/RedemptionReversalsTable.html
[DEBUG] adding entry io/electrum/giftcard/server/backend/tables/RedemptionsTable.html
[DEBUG] adding entry io/electrum/giftcard/server/backend/tables/VoidConfirmationsTable.html
[DEBUG] adding entry io/electrum/giftcard/server/backend/tables/VoidReversalsTable.html
[DEBUG] adding entry io/electrum/giftcard/server/backend/tables/VoidsTable.html
[DEBUG] adding entry io/electrum/giftcard/server/class-use/GiftcardTestServerRunner.html
[DEBUG] adding entry io/electrum/giftcard/server/GiftcardTestServerRunner.html
[DEBUG] adding entry io/electrum/giftcard/server/package-frame.html
[DEBUG] adding entry io/electrum/giftcard/server/package-summary.html
[DEBUG] adding entry io/electrum/giftcard/server/package-tree.html
[DEBUG] adding entry io/electrum/giftcard/server/package-use.html
[DEBUG] adding entry io/electrum/giftcard/server/util/class-use/GiftcardModelUtils.html
[DEBUG] adding entry io/electrum/giftcard/server/util/class-use/RandomData.html
[DEBUG] adding entry io/electrum/giftcard/server/util/GiftcardModelUtils.html
[DEBUG] adding entry io/electrum/giftcard/server/util/package-frame.html
[DEBUG] adding entry io/electrum/giftcard/server/util/package-summary.html
[DEBUG] adding entry io/electrum/giftcard/server/util/package-tree.html
[DEBUG] adding entry io/electrum/giftcard/server/util/package-use.html
[DEBUG] adding entry io/electrum/giftcard/server/util/RandomData.html
[DEBUG] adding entry overview-frame.html
[DEBUG] adding entry overview-summary.html
[DEBUG] adding entry overview-tree.html
[DEBUG] adding entry package-list
[DEBUG] adding entry resources/background.gif
[DEBUG] adding entry resources/tab.gif
[DEBUG] adding entry resources/titlebar.gif
[DEBUG] adding entry resources/titlebar_end.gif
[DEBUG] adding entry stylesheet.css
[INFO] 
[INFO] --- exec-maven-plugin:1.4.0:exec (build-devguide) @ giftcard-service-test-pack ---
[DEBUG] Dependency collection stats: {ConflictMarker.analyzeTime=1, ConflictMarker.markTime=0, ConflictMarker.nodeCount=130, ConflictIdSorter.graphTime=0, ConflictIdSorter.topsortTime=0, ConflictIdSorter.conflictIdCount=35, ConflictIdSorter.conflictIdCycleCount=0, ConflictResolver.totalTime=1, ConflictResolver.conflictItemCount=78, DefaultDependencyCollector.collectTime=21, DefaultDependencyCollector.transformTime=2}
[DEBUG] org.codehaus.mojo:exec-maven-plugin:jar:1.4.0:
[DEBUG]    org.apache.maven:maven-toolchain:jar:1.0:compile
[DEBUG]    org.apache.maven:maven-project:jar:2.2.1:compile
[DEBUG]       org.apache.maven:maven-settings:jar:2.2.1:compile
[DEBUG]       org.apache.maven:maven-profile:jar:2.2.1:compile
[DEBUG]       org.apache.maven:maven-plugin-registry:jar:2.2.1:compile
[DEBUG]       org.codehaus.plexus:plexus-interpolation:jar:1.11:compile
[DEBUG]       org.codehaus.plexus:plexus-container-default:jar:1.0-alpha-9-stable-1:compile
[DEBUG]          junit:junit:jar:4.11:test
[DEBUG]             org.hamcrest:hamcrest-core:jar:1.3:test
[DEBUG]    org.apache.maven:maven-model:jar:2.2.1:compile
[DEBUG]    org.apache.maven:maven-artifact:jar:2.2.1:compile
[DEBUG]    org.apache.maven:maven-artifact-manager:jar:2.2.1:compile
[DEBUG]       org.apache.maven:maven-repository-metadata:jar:2.2.1:compile
[DEBUG]       backport-util-concurrent:backport-util-concurrent:jar:3.1:compile
[DEBUG]    org.apache.maven:maven-core:jar:2.2.1:compile
[DEBUG]       org.apache.maven:maven-plugin-parameter-documenter:jar:2.2.1:compile
[DEBUG]       org.slf4j:slf4j-jdk14:jar:1.5.6:runtime
[DEBUG]          org.slf4j:slf4j-api:jar:1.5.6:runtime
[DEBUG]       org.slf4j:jcl-over-slf4j:jar:1.5.6:runtime
[DEBUG]       org.apache.maven.reporting:maven-reporting-api:jar:2.2.1:compile
[DEBUG]          org.apache.maven.doxia:doxia-sink-api:jar:1.1:compile
[DEBUG]          org.apache.maven.doxia:doxia-logging-api:jar:1.1:compile
[DEBUG]       org.apache.maven:maven-error-diagnostics:jar:2.2.1:compile
[DEBUG]       commons-cli:commons-cli:jar:1.2:compile
[DEBUG]       org.apache.maven:maven-plugin-descriptor:jar:2.2.1:compile
[DEBUG]       org.codehaus.plexus:plexus-interactivity-api:jar:1.0-alpha-4:compile
[DEBUG]       org.apache.maven:maven-monitor:jar:2.2.1:compile
[DEBUG]       classworlds:classworlds:jar:1.1:compile
[DEBUG]       org.sonatype.plexus:plexus-sec-dispatcher:jar:1.3:compile
[DEBUG]          org.sonatype.plexus:plexus-cipher:jar:1.4:compile
[DEBUG]    org.apache.maven:maven-plugin-api:jar:2.2.1:compile
[DEBUG]    org.codehaus.plexus:plexus-utils:jar:3.0.20:compile
[DEBUG]    org.apache.commons:commons-exec:jar:1.3:compile
[DEBUG] Created new class realm plugin>org.codehaus.mojo:exec-maven-plugin:1.4.0
[DEBUG] Importing foreign packages into class realm plugin>org.codehaus.mojo:exec-maven-plugin:1.4.0
[DEBUG]   Imported:  < maven.api
[DEBUG] Populating class realm plugin>org.codehaus.mojo:exec-maven-plugin:1.4.0
[DEBUG]   Included: org.codehaus.mojo:exec-maven-plugin:jar:1.4.0
[DEBUG]   Included: org.codehaus.plexus:plexus-interpolation:jar:1.11
[DEBUG]   Included: backport-util-concurrent:backport-util-concurrent:jar:3.1
[DEBUG]   Included: org.slf4j:slf4j-jdk14:jar:1.5.6
[DEBUG]   Included: org.slf4j:jcl-over-slf4j:jar:1.5.6
[DEBUG]   Included: org.apache.maven.reporting:maven-reporting-api:jar:2.2.1
[DEBUG]   Included: org.apache.maven.doxia:doxia-sink-api:jar:1.1
[DEBUG]   Included: org.apache.maven.doxia:doxia-logging-api:jar:1.1
[DEBUG]   Included: commons-cli:commons-cli:jar:1.2
[DEBUG]   Included: org.codehaus.plexus:plexus-interactivity-api:jar:1.0-alpha-4
[DEBUG]   Included: org.sonatype.plexus:plexus-sec-dispatcher:jar:1.3
[DEBUG]   Included: org.sonatype.plexus:plexus-cipher:jar:1.4
[DEBUG]   Included: org.codehaus.plexus:plexus-utils:jar:3.0.20
[DEBUG]   Included: org.apache.commons:commons-exec:jar:1.3
[DEBUG] Configuring mojo org.codehaus.mojo:exec-maven-plugin:1.4.0:exec from plugin realm ClassRealm[plugin>org.codehaus.mojo:exec-maven-plugin:1.4.0, parent: sun.misc.Launcher$AppClassLoader@2f78743b]
[DEBUG] Configuring mojo 'org.codehaus.mojo:exec-maven-plugin:1.4.0:exec' with basic configurator -->
[DEBUG]   (f) arguments = [run.sh, /Users/timwhelan/Documents/workspace/giftcard-service-test-pack]
[DEBUG]   (f) basedir = /Users/timwhelan/Documents/workspace/giftcard-service-test-pack
[DEBUG]   (f) classpathScope = runtime
[DEBUG]   (f) executable = sh
[DEBUG]   (f) longClasspath = false
[DEBUG]   (f) project = MavenProject: io.electrum:giftcard-service-test-pack:1.0.0 @ /Users/timwhelan/Documents/workspace/giftcard-service-test-pack/pom.xml
[DEBUG]   (f) session = org.apache.maven.execution.MavenSession@a820829
[DEBUG]   (f) skip = false
[DEBUG]   (f) workingDirectory = /Users/timwhelan/Documents/workspace/giftcard-service-test-pack/src/docs/devguide/hugo
[DEBUG] -- end configuration --
[DEBUG] env: Apple_PubSub_Socket_Render=/private/tmp/com.apple.launchd.pThrQ13B4b/Render
[DEBUG] env: HOME=/Users/timwhelan
[DEBUG] env: JAVA_HOME=/Library/Java/JavaVirtualMachines/jdk1.7.0_79.jdk/Contents/Home
[DEBUG] env: JAVA_MAIN_CLASS_4384=org.codehaus.plexus.classworlds.launcher.Launcher
[DEBUG] env: LC_CTYPE=UTF-8
[DEBUG] env: LOGNAME=timwhelan
[DEBUG] env: MAVEN_CMD_LINE_ARGS= -e -X clean install
[DEBUG] env: MAVEN_PROJECTBASEDIR=/Users/timwhelan/Documents/workspace/giftcard-service-test-pack
[DEBUG] env: OLDPWD=/Users/timwhelan/Documents/workspace/giftcard-service-test-pack
[DEBUG] env: PATH=/Users/timwhelan/apache-maven-3.3.9/bin:/usr/local/bin:/usr/bin:/bin:/usr/sbin:/sbin:/Library/Java/JavaVirtualMachines/jdk1.7.0_79.jdk/Contents/Home/bin:/usr/local/mysql-5.7.13-osx10.11-x86_64/bin
[DEBUG] env: PWD=/Users/timwhelan/Documents/workspace/giftcard-service-test-pack
[DEBUG] env: SECURITYSESSIONID=186a9
[DEBUG] env: SHELL=/bin/bash
[DEBUG] env: SHLVL=1
[DEBUG] env: SSH_AUTH_SOCK=/private/tmp/com.apple.launchd.CiPPEsD5uW/Listeners
[DEBUG] env: TERM=xterm-256color
[DEBUG] env: TERM_PROGRAM=Apple_Terminal
[DEBUG] env: TERM_PROGRAM_VERSION=361.1
[DEBUG] env: TERM_SESSION_ID=06CF1B1E-F4DE-44AF-BFB5-921A70726031
[DEBUG] env: TMPDIR=/var/folders/xt/bgqcr_6j5h732_8p0cqb6qqh0000gn/T/
[DEBUG] env: USER=timwhelan
[DEBUG] env: XPC_FLAGS=0x0
[DEBUG] env: XPC_SERVICE_NAME=0
[DEBUG] env: __CF_USER_TEXT_ENCODING=0x1F5:0x0:0x0
[DEBUG] Executing command line: [sh, run.sh, /Users/timwhelan/Documents/workspace/giftcard-service-test-pack]
1) Copy hugo files to target so that we can add some "build time" content

2) Add swagger.yaml to hugo static content

3) Chop the markdown file into separate files for each of the summary stuff at the top, the operations, and the definitions

4) Generate a markdown file that contains the swagger spec "source"

5) Add hugo front matter


  + Ensure docker-machine is started [only required for mac]

Starting "default"...
(default) Check network to re-create if needed...
(default) Waiting for an IP...
Machine "default" was started.
Waiting for SSH to be available...
Detecting the provisioner...
Started machines may have new IP addresses. You may need to re-run the `docker-machine env` command.


  + Running hugo build

HUGO_WATCH: false
HUGO_REFRESH_TIME: -1
HUGO_THEME: hugo-material-docs
HUGO_BASEURL /
Building one time...
Started building site
0 draft content
0 future content
6 pages created
0 non-page files copied
0 paginator pages created
0 tags created
0 categories created
in 131 ms

  + Remove box and stop docker-machine [only required for mac]

Stopping "default"...
Machine "default" was stopped.
[INFO] 
[INFO] --- maven-install-plugin:2.4:install (default-install) @ giftcard-service-test-pack ---
[DEBUG] Dependency collection stats: {ConflictMarker.analyzeTime=0, ConflictMarker.markTime=0, ConflictMarker.nodeCount=38, ConflictIdSorter.graphTime=0, ConflictIdSorter.topsortTime=0, ConflictIdSorter.conflictIdCount=15, ConflictIdSorter.conflictIdCycleCount=0, ConflictResolver.totalTime=1, ConflictResolver.conflictItemCount=35, DefaultDependencyCollector.collectTime=5, DefaultDependencyCollector.transformTime=1}
[DEBUG] org.apache.maven.plugins:maven-install-plugin:jar:2.4:
[DEBUG]    org.apache.maven:maven-plugin-api:jar:2.0.6:compile
[DEBUG]    org.apache.maven:maven-project:jar:2.0.6:compile
[DEBUG]       org.apache.maven:maven-settings:jar:2.0.6:compile
[DEBUG]       org.apache.maven:maven-profile:jar:2.0.6:compile
[DEBUG]       org.apache.maven:maven-plugin-registry:jar:2.0.6:compile
[DEBUG]       org.codehaus.plexus:plexus-container-default:jar:1.0-alpha-9-stable-1:compile
[DEBUG]          junit:junit:jar:3.8.1:compile
[DEBUG]          classworlds:classworlds:jar:1.1-alpha-2:compile
[DEBUG]    org.apache.maven:maven-model:jar:2.0.6:compile
[DEBUG]    org.apache.maven:maven-artifact-manager:jar:2.0.6:compile
[DEBUG]       org.apache.maven:maven-repository-metadata:jar:2.0.6:compile
[DEBUG]    org.apache.maven:maven-artifact:jar:2.0.6:compile
[DEBUG]    org.codehaus.plexus:plexus-utils:jar:3.0.5:compile
[DEBUG]    org.codehaus.plexus:plexus-digest:jar:1.0:compile
[DEBUG] Created new class realm plugin>org.apache.maven.plugins:maven-install-plugin:2.4
[DEBUG] Importing foreign packages into class realm plugin>org.apache.maven.plugins:maven-install-plugin:2.4
[DEBUG]   Imported:  < maven.api
[DEBUG] Populating class realm plugin>org.apache.maven.plugins:maven-install-plugin:2.4
[DEBUG]   Included: org.apache.maven.plugins:maven-install-plugin:jar:2.4
[DEBUG]   Included: junit:junit:jar:3.8.1
[DEBUG]   Included: org.codehaus.plexus:plexus-utils:jar:3.0.5
[DEBUG]   Included: org.codehaus.plexus:plexus-digest:jar:1.0
[DEBUG] Configuring mojo org.apache.maven.plugins:maven-install-plugin:2.4:install from plugin realm ClassRealm[plugin>org.apache.maven.plugins:maven-install-plugin:2.4, parent: sun.misc.Launcher$AppClassLoader@2f78743b]
[DEBUG] Configuring mojo 'org.apache.maven.plugins:maven-install-plugin:2.4:install' with basic configurator -->
[DEBUG]   (f) artifact = io.electrum:giftcard-service-test-pack:jar:1.0.0
[DEBUG]   (f) attachedArtifacts = [io.electrum:giftcard-service-test-pack:jar:jar-with-dependencies:1.0.0, io.electrum:giftcard-service-test-pack:java-source:sources:1.0.0, io.electrum:giftcard-service-test-pack:javadoc:javadoc:1.0.0]
[DEBUG]   (f) createChecksum = false
[DEBUG]   (f) localRepository =       id: local
      url: file:///Users/timwhelan/.m2/repository/
   layout: default
snapshots: [enabled => true, update => always]
 releases: [enabled => true, update => always]

[DEBUG]   (f) packaging = jar
[DEBUG]   (f) pomFile = /Users/timwhelan/Documents/workspace/giftcard-service-test-pack/pom.xml
[DEBUG]   (s) skip = false
[DEBUG]   (f) updateReleaseInfo = false
[DEBUG] -- end configuration --
[INFO] Installing /Users/timwhelan/Documents/workspace/giftcard-service-test-pack/target/giftcard-service-test-pack-1.0.0.jar to /Users/timwhelan/.m2/repository/io/electrum/giftcard-service-test-pack/1.0.0/giftcard-service-test-pack-1.0.0.jar
[DEBUG] Writing tracking file /Users/timwhelan/.m2/repository/io/electrum/giftcard-service-test-pack/1.0.0/_remote.repositories
[INFO] Installing /Users/timwhelan/Documents/workspace/giftcard-service-test-pack/pom.xml to /Users/timwhelan/.m2/repository/io/electrum/giftcard-service-test-pack/1.0.0/giftcard-service-test-pack-1.0.0.pom
[DEBUG] Writing tracking file /Users/timwhelan/.m2/repository/io/electrum/giftcard-service-test-pack/1.0.0/_remote.repositories
[DEBUG] Installing io.electrum:giftcard-service-test-pack/maven-metadata.xml to /Users/timwhelan/.m2/repository/io/electrum/giftcard-service-test-pack/maven-metadata-local.xml
[INFO] Installing /Users/timwhelan/Documents/workspace/giftcard-service-test-pack/target/giftcard-service-test-pack-1.0.0-jar-with-dependencies.jar to /Users/timwhelan/.m2/repository/io/electrum/giftcard-service-test-pack/1.0.0/giftcard-service-test-pack-1.0.0-jar-with-dependencies.jar
[DEBUG] Writing tracking file /Users/timwhelan/.m2/repository/io/electrum/giftcard-service-test-pack/1.0.0/_remote.repositories
[DEBUG] Installing io.electrum:giftcard-service-test-pack/maven-metadata.xml to /Users/timwhelan/.m2/repository/io/electrum/giftcard-service-test-pack/maven-metadata-local.xml
[INFO] Installing /Users/timwhelan/Documents/workspace/giftcard-service-test-pack/target/giftcard-service-test-pack-1.0.0-sources.jar to /Users/timwhelan/.m2/repository/io/electrum/giftcard-service-test-pack/1.0.0/giftcard-service-test-pack-1.0.0-sources.jar
[DEBUG] Writing tracking file /Users/timwhelan/.m2/repository/io/electrum/giftcard-service-test-pack/1.0.0/_remote.repositories
[DEBUG] Installing io.electrum:giftcard-service-test-pack/maven-metadata.xml to /Users/timwhelan/.m2/repository/io/electrum/giftcard-service-test-pack/maven-metadata-local.xml
[INFO] Installing /Users/timwhelan/Documents/workspace/giftcard-service-test-pack/target/giftcard-service-test-pack-1.0.0-javadoc.jar to /Users/timwhelan/.m2/repository/io/electrum/giftcard-service-test-pack/1.0.0/giftcard-service-test-pack-1.0.0-javadoc.jar
[DEBUG] Writing tracking file /Users/timwhelan/.m2/repository/io/electrum/giftcard-service-test-pack/1.0.0/_remote.repositories
[DEBUG] Installing io.electrum:giftcard-service-test-pack/maven-metadata.xml to /Users/timwhelan/.m2/repository/io/electrum/giftcard-service-test-pack/maven-metadata-local.xml
[INFO] 
[INFO] --- maven-resources-plugin:2.7:copy-resources (copy-resource-docker) @ giftcard-service-test-pack ---
[DEBUG] Configuring mojo org.apache.maven.plugins:maven-resources-plugin:2.7:copy-resources from plugin realm ClassRealm[plugin>org.apache.maven.plugins:maven-resources-plugin:2.7, parent: sun.misc.Launcher$AppClassLoader@2f78743b]
[DEBUG] Configuring mojo 'org.apache.maven.plugins:maven-resources-plugin:2.7:copy-resources' with basic configurator -->
[DEBUG]   (f) buildFilters = []
[DEBUG]   (f) encoding = UTF-8
[DEBUG]   (f) escapeWindowsPaths = true
[DEBUG]   (s) includeEmptyDirs = false
[DEBUG]   (s) outputDirectory = /Users/timwhelan/Documents/workspace/giftcard-service-test-pack/target
[DEBUG]   (s) overwrite = false
[DEBUG]   (f) project = MavenProject: io.electrum:giftcard-service-test-pack:1.0.0 @ /Users/timwhelan/Documents/workspace/giftcard-service-test-pack/pom.xml
[DEBUG]   (s) directory = /Users/timwhelan/Documents/workspace/giftcard-service-test-pack/target/classes
[DEBUG]   (s) includes = [Dockerfile]
[DEBUG]   (s) resources = [Resource {targetPath: null, filtering: false, FileSet {directory: /Users/timwhelan/Documents/workspace/giftcard-service-test-pack/target/classes, PatternSet [includes: {Dockerfile}, excludes: {}]}}]
[DEBUG]   (f) session = org.apache.maven.execution.MavenSession@a820829
[DEBUG]   (f) supportMultiLineFiltering = false
[DEBUG]   (f) useBuildFilters = true
[DEBUG]   (s) useDefaultDelimiters = true
[DEBUG] -- end configuration --
[DEBUG] properties used {java.vendor=Oracle Corporation, sun.java.launcher=SUN_STANDARD, env.XPC_SERVICE_NAME=0, sun.management.compiler=HotSpot 64-Bit Tiered Compilers, env.SECURITYSESSIONID=186a9, os.name=Mac OS X, sun.boot.class.path=/Library/Java/JavaVirtualMachines/jdk1.7.0_79.jdk/Contents/Home/jre/lib/resources.jar:/Library/Java/JavaVirtualMachines/jdk1.7.0_79.jdk/Contents/Home/jre/lib/rt.jar:/Library/Java/JavaVirtualMachines/jdk1.7.0_79.jdk/Contents/Home/jre/lib/sunrsasign.jar:/Library/Java/JavaVirtualMachines/jdk1.7.0_79.jdk/Contents/Home/jre/lib/jsse.jar:/Library/Java/JavaVirtualMachines/jdk1.7.0_79.jdk/Contents/Home/jre/lib/jce.jar:/Library/Java/JavaVirtualMachines/jdk1.7.0_79.jdk/Contents/Home/jre/lib/charsets.jar:/Library/Java/JavaVirtualMachines/jdk1.7.0_79.jdk/Contents/Home/jre/lib/jfr.jar:/Library/Java/JavaVirtualMachines/jdk1.7.0_79.jdk/Contents/Home/jre/classes, env.TMPDIR=/var/folders/xt/bgqcr_6j5h732_8p0cqb6qqh0000gn/T/, env.PWD=/Users/timwhelan/Documents/workspace/giftcard-service-test-pack, swagger-maven-plugin-version=3.1.3, user.country.format=ZA, java.vm.specification.vendor=Oracle Corporation, java.runtime.version=1.7.0_79-b15, jersey-version=2.22.1, slf4j-version=1.7.5, env.Apple_PubSub_Socket_Render=/private/tmp/com.apple.launchd.pThrQ13B4b/Render, project.build.sourceEncoding=UTF-8, user.name=timwhelan, maven.build.version=Apache Maven 3.3.9 (bb52d8502b132ec0a5a3f4c09453c07478323dc5; 2015-11-10T18:41:47+02:00), env.USER=timwhelan, env.SHELL=/bin/bash, env.__CF_USER_TEXT_ENCODING=0x1F5:0x0:0x0, jetty-version=9.2.14.v20151106, env.PATH=/Users/timwhelan/apache-maven-3.3.9/bin:/usr/local/bin:/usr/bin:/bin:/usr/sbin:/sbin:/Library/Java/JavaVirtualMachines/jdk1.7.0_79.jdk/Contents/Home/bin:/usr/local/mysql-5.7.13-osx10.11-x86_64/bin, user.language=en, sun.boot.library.path=/Library/Java/JavaVirtualMachines/jdk1.7.0_79.jdk/Contents/Home/jre/lib, classworlds.conf=/Users/timwhelan/apache-maven-3.3.9/bin/m2.conf, env.XPC_FLAGS=0x0, env.LC_CTYPE=UTF-8, java.version=1.7.0_79, user.timezone=Africa/Johannesburg, sun.arch.data.model=64, swagger-version=1.5.9, http.nonProxyHosts=local|*.local|169.254/16|*.169.254/16, java.endorsed.dirs=/Library/Java/JavaVirtualMachines/jdk1.7.0_79.jdk/Contents/Home/jre/lib/endorsed, sun.cpu.isalist=, sun.jnu.encoding=UTF-8, file.encoding.pkg=sun.io, env.SHLVL=1, file.separator=/, java.specification.name=Java Platform API Specification, java.class.version=51.0, org.slf4j.simpleLogger.defaultLogLevel=debug, el-version=2.2.4, user.country=US, java.home=/Library/Java/JavaVirtualMachines/jdk1.7.0_79.jdk/Contents/Home/jre, java.vm.info=mixed mode, env.LOGNAME=timwhelan, env.JAVA_MAIN_CLASS_4384=org.codehaus.plexus.classworlds.launcher.Launcher, os.version=10.11.3, env.TERM_PROGRAM_VERSION=361.1, path.separator=:, hibernate-validator-version=5.2.2.Final, java.vm.version=24.79-b02, env.JAVA_HOME=/Library/Java/JavaVirtualMachines/jdk1.7.0_79.jdk/Contents/Home, java.awt.printerjob=sun.lwawt.macosx.CPrinterJob, env.TERM=xterm-256color, sun.io.unicode.encoding=UnicodeBig, awt.toolkit=sun.lwawt.macosx.LWCToolkit, socksNonProxyHosts=local|*.local|169.254/16|*.169.254/16, ftp.nonProxyHosts=local|*.local|169.254/16|*.169.254/16, user.home=/Users/timwhelan, env.OLDPWD=/Users/timwhelan/Documents/workspace/giftcard-service-test-pack, java.specification.vendor=Oracle Corporation, env.TERM_PROGRAM=Apple_Terminal, java.library.path=/Users/timwhelan/Library/Java/Extensions:/Library/Java/Extensions:/Network/Library/Java/Extensions:/System/Library/Java/Extensions:/usr/lib/java:., java.vendor.url=http://java.oracle.com/, env.MAVEN_CMD_LINE_ARGS= -e -X clean install, java.vm.vendor=Oracle Corporation, gopherProxySet=false, maven.home=/Users/timwhelan/apache-maven-3.3.9, java.runtime.name=Java(TM) SE Runtime Environment, sun.java.command=org.codehaus.plexus.classworlds.launcher.Launcher -e -X clean install, java.class.path=/Users/timwhelan/apache-maven-3.3.9/boot/plexus-classworlds-2.5.2.jar, env.TERM_SESSION_ID=06CF1B1E-F4DE-44AF-BFB5-921A70726031, maven.version=3.3.9, java.vm.specification.name=Java Virtual Machine Specification, java.vm.specification.version=1.7, sun.cpu.endian=little, sun.os.patch.level=unknown, logback-version=1.0.13, env.HOME=/Users/timwhelan, java.io.tmpdir=/var/folders/xt/bgqcr_6j5h732_8p0cqb6qqh0000gn/T/, java.vendor.url.bug=http://bugreport.sun.com/bugreport/, maven.multiModuleProjectDirectory=/Users/timwhelan/Documents/workspace/giftcard-service-test-pack, env.SSH_AUTH_SOCK=/private/tmp/com.apple.launchd.CiPPEsD5uW/Listeners, os.arch=x86_64, java.awt.graphicsenv=sun.awt.CGraphicsEnvironment, java.ext.dirs=/Users/timwhelan/Library/Java/Extensions:/Library/Java/JavaVirtualMachines/jdk1.7.0_79.jdk/Contents/Home/jre/lib/ext:/Library/Java/Extensions:/Network/Library/Java/Extensions:/System/Library/Java/Extensions:/usr/lib/java, user.dir=/Users/timwhelan/Documents/workspace/giftcard-service-test-pack, line.separator=
, giftcard-version=2.0.0, java.vm.name=Java HotSpot(TM) 64-Bit Server VM, file.encoding=UTF-8, giftcard-major-version=2, java.specification.version=1.7, joda-time-version=2.9.4, env.MAVEN_PROJECTBASEDIR=/Users/timwhelan/Documents/workspace/giftcard-service-test-pack}
[INFO] Using 'UTF-8' encoding to copy filtered resources.
[DEBUG] resource with targetPath null
directory /Users/timwhelan/Documents/workspace/giftcard-service-test-pack/target/classes
excludes []
includes [Dockerfile]
[DEBUG] ignoreDelta true
[INFO] Copying 1 resource
[DEBUG] file Dockerfile has a filtered file extension
[DEBUG] copy /Users/timwhelan/Documents/workspace/giftcard-service-test-pack/target/classes/Dockerfile to /Users/timwhelan/Documents/workspace/giftcard-service-test-pack/target/Dockerfile
[DEBUG] no use filter components
[INFO] 
[INFO] --- maven-resources-plugin:2.7:copy-resources (copy-resource-heroku) @ giftcard-service-test-pack ---
[DEBUG] Configuring mojo org.apache.maven.plugins:maven-resources-plugin:2.7:copy-resources from plugin realm ClassRealm[plugin>org.apache.maven.plugins:maven-resources-plugin:2.7, parent: sun.misc.Launcher$AppClassLoader@2f78743b]
[DEBUG] Configuring mojo 'org.apache.maven.plugins:maven-resources-plugin:2.7:copy-resources' with basic configurator -->
[DEBUG]   (f) buildFilters = []
[DEBUG]   (f) encoding = UTF-8
[DEBUG]   (f) escapeWindowsPaths = true
[DEBUG]   (s) includeEmptyDirs = false
[DEBUG]   (s) outputDirectory = /Users/timwhelan/Documents/workspace/giftcard-service-test-pack
[DEBUG]   (s) overwrite = false
[DEBUG]   (f) project = MavenProject: io.electrum:giftcard-service-test-pack:1.0.0 @ /Users/timwhelan/Documents/workspace/giftcard-service-test-pack/pom.xml
[DEBUG]   (s) directory = /Users/timwhelan/Documents/workspace/giftcard-service-test-pack/target/classes
[DEBUG]   (s) includes = [heroku_run.sh, Procfile]
[DEBUG]   (s) resources = [Resource {targetPath: null, filtering: false, FileSet {directory: /Users/timwhelan/Documents/workspace/giftcard-service-test-pack/target/classes, PatternSet [includes: {heroku_run.sh, Procfile}, excludes: {}]}}]
[DEBUG]   (f) session = org.apache.maven.execution.MavenSession@a820829
[DEBUG]   (f) supportMultiLineFiltering = false
[DEBUG]   (f) useBuildFilters = true
[DEBUG]   (s) useDefaultDelimiters = true
[DEBUG] -- end configuration --
[DEBUG] properties used {java.vendor=Oracle Corporation, sun.java.launcher=SUN_STANDARD, env.XPC_SERVICE_NAME=0, sun.management.compiler=HotSpot 64-Bit Tiered Compilers, env.SECURITYSESSIONID=186a9, os.name=Mac OS X, sun.boot.class.path=/Library/Java/JavaVirtualMachines/jdk1.7.0_79.jdk/Contents/Home/jre/lib/resources.jar:/Library/Java/JavaVirtualMachines/jdk1.7.0_79.jdk/Contents/Home/jre/lib/rt.jar:/Library/Java/JavaVirtualMachines/jdk1.7.0_79.jdk/Contents/Home/jre/lib/sunrsasign.jar:/Library/Java/JavaVirtualMachines/jdk1.7.0_79.jdk/Contents/Home/jre/lib/jsse.jar:/Library/Java/JavaVirtualMachines/jdk1.7.0_79.jdk/Contents/Home/jre/lib/jce.jar:/Library/Java/JavaVirtualMachines/jdk1.7.0_79.jdk/Contents/Home/jre/lib/charsets.jar:/Library/Java/JavaVirtualMachines/jdk1.7.0_79.jdk/Contents/Home/jre/lib/jfr.jar:/Library/Java/JavaVirtualMachines/jdk1.7.0_79.jdk/Contents/Home/jre/classes, env.TMPDIR=/var/folders/xt/bgqcr_6j5h732_8p0cqb6qqh0000gn/T/, env.PWD=/Users/timwhelan/Documents/workspace/giftcard-service-test-pack, swagger-maven-plugin-version=3.1.3, user.country.format=ZA, java.vm.specification.vendor=Oracle Corporation, java.runtime.version=1.7.0_79-b15, jersey-version=2.22.1, slf4j-version=1.7.5, env.Apple_PubSub_Socket_Render=/private/tmp/com.apple.launchd.pThrQ13B4b/Render, project.build.sourceEncoding=UTF-8, user.name=timwhelan, maven.build.version=Apache Maven 3.3.9 (bb52d8502b132ec0a5a3f4c09453c07478323dc5; 2015-11-10T18:41:47+02:00), env.USER=timwhelan, env.SHELL=/bin/bash, env.__CF_USER_TEXT_ENCODING=0x1F5:0x0:0x0, jetty-version=9.2.14.v20151106, env.PATH=/Users/timwhelan/apache-maven-3.3.9/bin:/usr/local/bin:/usr/bin:/bin:/usr/sbin:/sbin:/Library/Java/JavaVirtualMachines/jdk1.7.0_79.jdk/Contents/Home/bin:/usr/local/mysql-5.7.13-osx10.11-x86_64/bin, user.language=en, sun.boot.library.path=/Library/Java/JavaVirtualMachines/jdk1.7.0_79.jdk/Contents/Home/jre/lib, classworlds.conf=/Users/timwhelan/apache-maven-3.3.9/bin/m2.conf, env.XPC_FLAGS=0x0, env.LC_CTYPE=UTF-8, java.version=1.7.0_79, user.timezone=Africa/Johannesburg, sun.arch.data.model=64, swagger-version=1.5.9, http.nonProxyHosts=local|*.local|169.254/16|*.169.254/16, java.endorsed.dirs=/Library/Java/JavaVirtualMachines/jdk1.7.0_79.jdk/Contents/Home/jre/lib/endorsed, sun.cpu.isalist=, sun.jnu.encoding=UTF-8, file.encoding.pkg=sun.io, env.SHLVL=1, file.separator=/, java.specification.name=Java Platform API Specification, java.class.version=51.0, org.slf4j.simpleLogger.defaultLogLevel=debug, el-version=2.2.4, user.country=US, java.home=/Library/Java/JavaVirtualMachines/jdk1.7.0_79.jdk/Contents/Home/jre, java.vm.info=mixed mode, env.LOGNAME=timwhelan, env.JAVA_MAIN_CLASS_4384=org.codehaus.plexus.classworlds.launcher.Launcher, os.version=10.11.3, env.TERM_PROGRAM_VERSION=361.1, path.separator=:, hibernate-validator-version=5.2.2.Final, java.vm.version=24.79-b02, env.JAVA_HOME=/Library/Java/JavaVirtualMachines/jdk1.7.0_79.jdk/Contents/Home, java.awt.printerjob=sun.lwawt.macosx.CPrinterJob, env.TERM=xterm-256color, sun.io.unicode.encoding=UnicodeBig, awt.toolkit=sun.lwawt.macosx.LWCToolkit, socksNonProxyHosts=local|*.local|169.254/16|*.169.254/16, ftp.nonProxyHosts=local|*.local|169.254/16|*.169.254/16, user.home=/Users/timwhelan, env.OLDPWD=/Users/timwhelan/Documents/workspace/giftcard-service-test-pack, java.specification.vendor=Oracle Corporation, env.TERM_PROGRAM=Apple_Terminal, java.library.path=/Users/timwhelan/Library/Java/Extensions:/Library/Java/Extensions:/Network/Library/Java/Extensions:/System/Library/Java/Extensions:/usr/lib/java:., java.vendor.url=http://java.oracle.com/, env.MAVEN_CMD_LINE_ARGS= -e -X clean install, java.vm.vendor=Oracle Corporation, gopherProxySet=false, maven.home=/Users/timwhelan/apache-maven-3.3.9, java.runtime.name=Java(TM) SE Runtime Environment, sun.java.command=org.codehaus.plexus.classworlds.launcher.Launcher -e -X clean install, java.class.path=/Users/timwhelan/apache-maven-3.3.9/boot/plexus-classworlds-2.5.2.jar, env.TERM_SESSION_ID=06CF1B1E-F4DE-44AF-BFB5-921A70726031, maven.version=3.3.9, java.vm.specification.name=Java Virtual Machine Specification, java.vm.specification.version=1.7, sun.cpu.endian=little, sun.os.patch.level=unknown, logback-version=1.0.13, env.HOME=/Users/timwhelan, java.io.tmpdir=/var/folders/xt/bgqcr_6j5h732_8p0cqb6qqh0000gn/T/, java.vendor.url.bug=http://bugreport.sun.com/bugreport/, maven.multiModuleProjectDirectory=/Users/timwhelan/Documents/workspace/giftcard-service-test-pack, env.SSH_AUTH_SOCK=/private/tmp/com.apple.launchd.CiPPEsD5uW/Listeners, os.arch=x86_64, java.awt.graphicsenv=sun.awt.CGraphicsEnvironment, java.ext.dirs=/Users/timwhelan/Library/Java/Extensions:/Library/Java/JavaVirtualMachines/jdk1.7.0_79.jdk/Contents/Home/jre/lib/ext:/Library/Java/Extensions:/Network/Library/Java/Extensions:/System/Library/Java/Extensions:/usr/lib/java, user.dir=/Users/timwhelan/Documents/workspace/giftcard-service-test-pack, line.separator=
, giftcard-version=2.0.0, java.vm.name=Java HotSpot(TM) 64-Bit Server VM, file.encoding=UTF-8, giftcard-major-version=2, java.specification.version=1.7, joda-time-version=2.9.4, env.MAVEN_PROJECTBASEDIR=/Users/timwhelan/Documents/workspace/giftcard-service-test-pack}
[INFO] Using 'UTF-8' encoding to copy filtered resources.
[DEBUG] resource with targetPath null
directory /Users/timwhelan/Documents/workspace/giftcard-service-test-pack/target/classes
excludes []
includes [heroku_run.sh, Procfile]
[DEBUG] ignoreDelta true
[INFO] Copying 2 resources
[DEBUG] file heroku_run.sh has a filtered file extension
[DEBUG] copy /Users/timwhelan/Documents/workspace/giftcard-service-test-pack/target/classes/heroku_run.sh to /Users/timwhelan/Documents/workspace/giftcard-service-test-pack/heroku_run.sh
[DEBUG] file Procfile has a filtered file extension
[DEBUG] copy /Users/timwhelan/Documents/workspace/giftcard-service-test-pack/target/classes/Procfile to /Users/timwhelan/Documents/workspace/giftcard-service-test-pack/Procfile
[DEBUG] no use filter components
[INFO] 
[INFO] --- maven-antrun-plugin:1.3:run (default) @ giftcard-service-test-pack ---
[DEBUG] Dependency collection stats: {ConflictMarker.analyzeTime=0, ConflictMarker.markTime=0, ConflictMarker.nodeCount=31, ConflictIdSorter.graphTime=0, ConflictIdSorter.topsortTime=0, ConflictIdSorter.conflictIdCount=15, ConflictIdSorter.conflictIdCycleCount=0, ConflictResolver.totalTime=0, ConflictResolver.conflictItemCount=31, DefaultDependencyCollector.collectTime=6, DefaultDependencyCollector.transformTime=0}
[DEBUG] org.apache.maven.plugins:maven-antrun-plugin:jar:1.3:
[DEBUG]    org.apache.maven:maven-plugin-api:jar:2.0.4:compile
[DEBUG]    org.apache.maven:maven-project:jar:2.0.4:compile
[DEBUG]       org.apache.maven:maven-settings:jar:2.0.4:compile
[DEBUG]       org.apache.maven:maven-profile:jar:2.0.4:compile
[DEBUG]       org.apache.maven:maven-model:jar:2.0.4:compile
[DEBUG]       org.apache.maven:maven-artifact-manager:jar:2.0.4:compile
[DEBUG]          org.apache.maven:maven-repository-metadata:jar:2.0.4:compile
[DEBUG]       org.codehaus.plexus:plexus-container-default:jar:1.0-alpha-9:compile
[DEBUG]          junit:junit:jar:3.8.1:compile
[DEBUG]          classworlds:classworlds:jar:1.1-alpha-2:compile
[DEBUG]    org.apache.maven:maven-artifact:jar:2.0.4:compile
[DEBUG]    org.codehaus.plexus:plexus-utils:jar:1.5.6:compile
[DEBUG]    org.apache.ant:ant-launcher:jar:1.7.1:runtime
[DEBUG]    org.apache.ant:ant:jar:1.7.1:compile
[DEBUG] Created new class realm plugin>org.apache.maven.plugins:maven-antrun-plugin:1.3
[DEBUG] Importing foreign packages into class realm plugin>org.apache.maven.plugins:maven-antrun-plugin:1.3
[DEBUG]   Imported:  < maven.api
[DEBUG] Populating class realm plugin>org.apache.maven.plugins:maven-antrun-plugin:1.3
[DEBUG]   Included: org.apache.maven.plugins:maven-antrun-plugin:jar:1.3
[DEBUG]   Included: junit:junit:jar:3.8.1
[DEBUG]   Included: org.codehaus.plexus:plexus-utils:jar:1.5.6
[DEBUG]   Included: org.apache.ant:ant-launcher:jar:1.7.1
[DEBUG]   Included: org.apache.ant:ant:jar:1.7.1
[DEBUG] Configuring mojo org.apache.maven.plugins:maven-antrun-plugin:1.3:run from plugin realm ClassRealm[plugin>org.apache.maven.plugins:maven-antrun-plugin:1.3, parent: sun.misc.Launcher$AppClassLoader@2f78743b]
[DEBUG] Configuring mojo 'org.apache.maven.plugins:maven-antrun-plugin:1.3:run' with override configurator -->
[DEBUG]   (f) pluginArtifacts = [org.apache.maven.plugins:maven-antrun-plugin:maven-plugin:1.3:, org.apache.maven:maven-plugin-api:jar:2.0.4:compile, org.apache.maven:maven-project:jar:2.0.4:compile, org.apache.maven:maven-settings:jar:2.0.4:compile, org.apache.maven:maven-profile:jar:2.0.4:compile, org.apache.maven:maven-model:jar:2.0.4:compile, org.apache.maven:maven-artifact-manager:jar:2.0.4:compile, org.apache.maven:maven-repository-metadata:jar:2.0.4:compile, org.codehaus.plexus:plexus-container-default:jar:1.0-alpha-9:compile, junit:junit:jar:3.8.1:compile, classworlds:classworlds:jar:1.1-alpha-2:compile, org.apache.maven:maven-artifact:jar:2.0.4:compile, org.codehaus.plexus:plexus-utils:jar:1.5.6:compile, org.apache.ant:ant-launcher:jar:1.7.1:runtime, org.apache.ant:ant:jar:1.7.1:compile]
[DEBUG]   (f) project = MavenProject: io.electrum:giftcard-service-test-pack:1.0.0 @ /Users/timwhelan/Documents/workspace/giftcard-service-test-pack/pom.xml
[DEBUG]   (f) tasks = 
[DEBUG] -- end configuration --
[DEBUG] Storing: maven.dependency.net.sourceforge.javacsv.javacsv.jar.path=/Users/timwhelan/.m2/repository/net/sourceforge/javacsv/javacsv/2.0/javacsv-2.0.jar
[DEBUG] Storing: maven.dependency.joda-time.joda-time.jar.path=/Users/timwhelan/.m2/repository/joda-time/joda-time/2.9.4/joda-time-2.9.4.jar
[DEBUG] Storing: maven.dependency.org.eclipse.jetty.jetty-server.jar.path=/Users/timwhelan/.m2/repository/org/eclipse/jetty/jetty-server/9.2.14.v20151106/jetty-server-9.2.14.v20151106.jar
[DEBUG] Storing: maven.dependency.javax.servlet.javax.servlet-api.jar.path=/Users/timwhelan/.m2/repository/javax/servlet/javax.servlet-api/3.1.0/javax.servlet-api-3.1.0.jar
[DEBUG] Storing: maven.dependency.org.eclipse.jetty.jetty-http.jar.path=/Users/timwhelan/.m2/repository/org/eclipse/jetty/jetty-http/9.2.14.v20151106/jetty-http-9.2.14.v20151106.jar
[DEBUG] Storing: maven.dependency.org.eclipse.jetty.jetty-util.jar.path=/Users/timwhelan/.m2/repository/org/eclipse/jetty/jetty-util/9.2.14.v20151106/jetty-util-9.2.14.v20151106.jar
[DEBUG] Storing: maven.dependency.org.eclipse.jetty.jetty-io.jar.path=/Users/timwhelan/.m2/repository/org/eclipse/jetty/jetty-io/9.2.14.v20151106/jetty-io-9.2.14.v20151106.jar
[DEBUG] Storing: maven.dependency.org.glassfish.jersey.core.jersey-common.jar.path=/Users/timwhelan/.m2/repository/org/glassfish/jersey/core/jersey-common/2.22.1/jersey-common-2.22.1.jar
[DEBUG] Storing: maven.dependency.javax.ws.rs.javax.ws.rs-api.jar.path=/Users/timwhelan/.m2/repository/javax/ws/rs/javax.ws.rs-api/2.0.1/javax.ws.rs-api-2.0.1.jar
[DEBUG] Storing: maven.dependency.javax.annotation.javax.annotation-api.jar.path=/Users/timwhelan/.m2/repository/javax/annotation/javax.annotation-api/1.2/javax.annotation-api-1.2.jar
[DEBUG] Storing: maven.dependency.org.glassfish.jersey.bundles.repackaged.jersey-guava.jar.path=/Users/timwhelan/.m2/repository/org/glassfish/jersey/bundles/repackaged/jersey-guava/2.22.1/jersey-guava-2.22.1.jar
[DEBUG] Storing: maven.dependency.org.glassfish.hk2.hk2-api.jar.path=/Users/timwhelan/.m2/repository/org/glassfish/hk2/hk2-api/2.4.0-b31/hk2-api-2.4.0-b31.jar
[DEBUG] Storing: maven.dependency.org.glassfish.hk2.hk2-utils.jar.path=/Users/timwhelan/.m2/repository/org/glassfish/hk2/hk2-utils/2.4.0-b31/hk2-utils-2.4.0-b31.jar
[DEBUG] Storing: maven.dependency.org.glassfish.hk2.external.aopalliance-repackaged.jar.path=/Users/timwhelan/.m2/repository/org/glassfish/hk2/external/aopalliance-repackaged/2.4.0-b31/aopalliance-repackaged-2.4.0-b31.jar
[DEBUG] Storing: maven.dependency.org.glassfish.hk2.external.javax.inject.jar.path=/Users/timwhelan/.m2/repository/org/glassfish/hk2/external/javax.inject/2.4.0-b31/javax.inject-2.4.0-b31.jar
[DEBUG] Storing: maven.dependency.org.glassfish.hk2.hk2-locator.jar.path=/Users/timwhelan/.m2/repository/org/glassfish/hk2/hk2-locator/2.4.0-b31/hk2-locator-2.4.0-b31.jar
[DEBUG] Storing: maven.dependency.org.javassist.javassist.jar.path=/Users/timwhelan/.m2/repository/org/javassist/javassist/3.18.1-GA/javassist-3.18.1-GA.jar
[DEBUG] Storing: maven.dependency.org.glassfish.hk2.osgi-resource-locator.jar.path=/Users/timwhelan/.m2/repository/org/glassfish/hk2/osgi-resource-locator/1.0.1/osgi-resource-locator-1.0.1.jar
[DEBUG] Storing: maven.dependency.org.glassfish.jersey.media.jersey-media-json-jackson.jar.path=/Users/timwhelan/.m2/repository/org/glassfish/jersey/media/jersey-media-json-jackson/2.22.1/jersey-media-json-jackson-2.22.1.jar
[DEBUG] Storing: maven.dependency.org.glassfish.jersey.ext.jersey-entity-filtering.jar.path=/Users/timwhelan/.m2/repository/org/glassfish/jersey/ext/jersey-entity-filtering/2.22.1/jersey-entity-filtering-2.22.1.jar
[DEBUG] Storing: maven.dependency.com.fasterxml.jackson.jaxrs.jackson-jaxrs-base.jar.path=/Users/timwhelan/.m2/repository/com/fasterxml/jackson/jaxrs/jackson-jaxrs-base/2.5.4/jackson-jaxrs-base-2.5.4.jar
[DEBUG] Storing: maven.dependency.com.fasterxml.jackson.core.jackson-core.jar.path=/Users/timwhelan/.m2/repository/com/fasterxml/jackson/core/jackson-core/2.5.4/jackson-core-2.5.4.jar
[DEBUG] Storing: maven.dependency.com.fasterxml.jackson.core.jackson-databind.jar.path=/Users/timwhelan/.m2/repository/com/fasterxml/jackson/core/jackson-databind/2.5.4/jackson-databind-2.5.4.jar
[DEBUG] Storing: maven.dependency.com.fasterxml.jackson.jaxrs.jackson-jaxrs-json-provider.jar.path=/Users/timwhelan/.m2/repository/com/fasterxml/jackson/jaxrs/jackson-jaxrs-json-provider/2.5.4/jackson-jaxrs-json-provider-2.5.4.jar
[DEBUG] Storing: maven.dependency.com.fasterxml.jackson.module.jackson-module-jaxb-annotations.jar.path=/Users/timwhelan/.m2/repository/com/fasterxml/jackson/module/jackson-module-jaxb-annotations/2.5.4/jackson-module-jaxb-annotations-2.5.4.jar
[DEBUG] Storing: maven.dependency.com.fasterxml.jackson.core.jackson-annotations.jar.path=/Users/timwhelan/.m2/repository/com/fasterxml/jackson/core/jackson-annotations/2.5.4/jackson-annotations-2.5.4.jar
[DEBUG] Storing: maven.dependency.org.hibernate.hibernate-validator.jar.path=/Users/timwhelan/.m2/repository/org/hibernate/hibernate-validator/5.2.2.Final/hibernate-validator-5.2.2.Final.jar
[DEBUG] Storing: maven.dependency.javax.validation.validation-api.jar.path=/Users/timwhelan/.m2/repository/javax/validation/validation-api/1.1.0.Final/validation-api-1.1.0.Final.jar
[DEBUG] Storing: maven.dependency.org.jboss.logging.jboss-logging.jar.path=/Users/timwhelan/.m2/repository/org/jboss/logging/jboss-logging/3.2.1.Final/jboss-logging-3.2.1.Final.jar
[DEBUG] Storing: maven.dependency.com.fasterxml.classmate.jar.path=/Users/timwhelan/.m2/repository/com/fasterxml/classmate/1.1.0/classmate-1.1.0.jar
[DEBUG] Storing: maven.dependency.javax.el.javax.el-api.jar.path=/Users/timwhelan/.m2/repository/javax/el/javax.el-api/2.2.4/javax.el-api-2.2.4.jar
[DEBUG] Storing: maven.dependency.org.glassfish.web.javax.el.jar.path=/Users/timwhelan/.m2/repository/org/glassfish/web/javax.el/2.2.4/javax.el-2.2.4.jar
[DEBUG] Storing: maven.dependency.org.slf4j.slf4j-api.jar.path=/Users/timwhelan/.m2/repository/org/slf4j/slf4j-api/1.7.5/slf4j-api-1.7.5.jar
[DEBUG] Storing: maven.dependency.org.eclipse.jetty.jetty-webapp.jar.path=/Users/timwhelan/.m2/repository/org/eclipse/jetty/jetty-webapp/9.2.14.v20151106/jetty-webapp-9.2.14.v20151106.jar
[DEBUG] Storing: maven.dependency.org.eclipse.jetty.jetty-xml.jar.path=/Users/timwhelan/.m2/repository/org/eclipse/jetty/jetty-xml/9.2.14.v20151106/jetty-xml-9.2.14.v20151106.jar
[DEBUG] Storing: maven.dependency.org.eclipse.jetty.jetty-servlet.jar.path=/Users/timwhelan/.m2/repository/org/eclipse/jetty/jetty-servlet/9.2.14.v20151106/jetty-servlet-9.2.14.v20151106.jar
[DEBUG] Storing: maven.dependency.org.eclipse.jetty.jetty-security.jar.path=/Users/timwhelan/.m2/repository/org/eclipse/jetty/jetty-security/9.2.14.v20151106/jetty-security-9.2.14.v20151106.jar
[DEBUG] Storing: maven.dependency.org.glassfish.jersey.containers.jersey-container-servlet.jar.path=/Users/timwhelan/.m2/repository/org/glassfish/jersey/containers/jersey-container-servlet/2.22.1/jersey-container-servlet-2.22.1.jar
[DEBUG] Storing: maven.dependency.org.glassfish.jersey.containers.jersey-container-servlet-core.jar.path=/Users/timwhelan/.m2/repository/org/glassfish/jersey/containers/jersey-container-servlet-core/2.22.1/jersey-container-servlet-core-2.22.1.jar
[DEBUG] Storing: maven.dependency.org.glassfish.jersey.core.jersey-client.jar.path=/Users/timwhelan/.m2/repository/org/glassfish/jersey/core/jersey-client/2.22.1/jersey-client-2.22.1.jar
[DEBUG] Storing: maven.dependency.org.glassfish.jersey.core.jersey-server.jar.path=/Users/timwhelan/.m2/repository/org/glassfish/jersey/core/jersey-server/2.22.1/jersey-server-2.22.1.jar
[DEBUG] Storing: maven.dependency.org.glassfish.jersey.media.jersey-media-jaxb.jar.path=/Users/timwhelan/.m2/repository/org/glassfish/jersey/media/jersey-media-jaxb/2.22.1/jersey-media-jaxb-2.22.1.jar
[DEBUG] Storing: maven.dependency.io.electrum.giftcard-service-interface.jar.path=/Users/timwhelan/.m2/repository/io/electrum/giftcard-service-interface/2.0.0/giftcard-service-interface-2.0.0.jar
[DEBUG] Storing: maven.dependency.io.electrum.service-interface-base.jar.path=/Users/timwhelan/.m2/repository/io/electrum/service-interface-base/2.0.9/service-interface-base-2.0.9.jar
[DEBUG] Storing: maven.dependency.io.swagger.swagger-hibernate-validations.jar.path=/Users/timwhelan/.m2/repository/io/swagger/swagger-hibernate-validations/1.5.9/swagger-hibernate-validations-1.5.9.jar
[DEBUG] Storing: maven.dependency.ch.qos.logback.logback-classic.jar.path=/Users/timwhelan/.m2/repository/ch/qos/logback/logback-classic/1.0.13/logback-classic-1.0.13.jar
[DEBUG] Storing: maven.dependency.ch.qos.logback.logback-core.jar.path=/Users/timwhelan/.m2/repository/ch/qos/logback/logback-core/1.0.13/logback-core-1.0.13.jar
[DEBUG] Storing: maven.dependency.io.swagger.swagger-jersey2-jaxrs.jar.path=/Users/timwhelan/.m2/repository/io/swagger/swagger-jersey2-jaxrs/1.5.9/swagger-jersey2-jaxrs-1.5.9.jar
[DEBUG] Storing: maven.dependency.io.swagger.swagger-jaxrs.jar.path=/Users/timwhelan/.m2/repository/io/swagger/swagger-jaxrs/1.5.9/swagger-jaxrs-1.5.9.jar
[DEBUG] Storing: maven.dependency.com.fasterxml.jackson.dataformat.jackson-dataformat-yaml.jar.path=/Users/timwhelan/.m2/repository/com/fasterxml/jackson/dataformat/jackson-dataformat-yaml/2.4.5/jackson-dataformat-yaml-2.4.5.jar
[DEBUG] Storing: maven.dependency.org.yaml.snakeyaml.jar.path=/Users/timwhelan/.m2/repository/org/yaml/snakeyaml/1.12/snakeyaml-1.12.jar
[DEBUG] Storing: maven.dependency.com.fasterxml.jackson.dataformat.jackson-dataformat-xml.jar.path=/Users/timwhelan/.m2/repository/com/fasterxml/jackson/dataformat/jackson-dataformat-xml/2.4.5/jackson-dataformat-xml-2.4.5.jar
[DEBUG] Storing: maven.dependency.org.codehaus.woodstox.stax2-api.jar.path=/Users/timwhelan/.m2/repository/org/codehaus/woodstox/stax2-api/3.1.4/stax2-api-3.1.4.jar
[DEBUG] Storing: maven.dependency.io.swagger.swagger-core.jar.path=/Users/timwhelan/.m2/repository/io/swagger/swagger-core/1.5.9/swagger-core-1.5.9.jar
[DEBUG] Storing: maven.dependency.org.apache.commons.commons-lang3.jar.path=/Users/timwhelan/.m2/repository/org/apache/commons/commons-lang3/3.2.1/commons-lang3-3.2.1.jar
[DEBUG] Storing: maven.dependency.com.fasterxml.jackson.datatype.jackson-datatype-joda.jar.path=/Users/timwhelan/.m2/repository/com/fasterxml/jackson/datatype/jackson-datatype-joda/2.4.5/jackson-datatype-joda-2.4.5.jar
[DEBUG] Storing: maven.dependency.io.swagger.swagger-models.jar.path=/Users/timwhelan/.m2/repository/io/swagger/swagger-models/1.5.9/swagger-models-1.5.9.jar
[DEBUG] Storing: maven.dependency.io.swagger.swagger-annotations.jar.path=/Users/timwhelan/.m2/repository/io/swagger/swagger-annotations/1.5.9/swagger-annotations-1.5.9.jar
[DEBUG] Storing: maven.dependency.org.reflections.reflections.jar.path=/Users/timwhelan/.m2/repository/org/reflections/reflections/0.9.10/reflections-0.9.10.jar
[DEBUG] Storing: maven.dependency.com.google.code.findbugs.annotations.jar.path=/Users/timwhelan/.m2/repository/com/google/code/findbugs/annotations/2.0.1/annotations-2.0.1.jar
[DEBUG] Storing: maven.dependency.com.google.guava.guava.jar.path=/Users/timwhelan/.m2/repository/com/google/guava/guava/18.0/guava-18.0.jar
[DEBUG] Storing: maven.dependency.org.glassfish.jersey.media.jersey-media-multipart.jar.path=/Users/timwhelan/.m2/repository/org/glassfish/jersey/media/jersey-media-multipart/2.1/jersey-media-multipart-2.1.jar
[DEBUG] Storing: maven.dependency.org.jvnet.mimepull.mimepull.jar.path=/Users/timwhelan/.m2/repository/org/jvnet/mimepull/mimepull/1.8/mimepull-1.8.jar
Project base dir set to: /Users/timwhelan/Documents/workspace/giftcard-service-test-pack
Adding reference: maven.dependency.classpath
Adding reference: maven.compile.classpath
Adding reference: maven.runtime.classpath
Adding reference: maven.test.classpath
Adding reference: maven.plugin.classpath
[INFO] Executing tasks
[DEBUG] getProperty(ns=null, name=newman.test, user=false)
[DEBUG] getProperty(ns=null, name=newman.test, user=false)
Skipped because property 'newman.test' not set.
[INFO] Executed tasks
[INFO] ------------------------------------------------------------------------
[INFO] BUILD SUCCESS
[INFO] ------------------------------------------------------------------------
[INFO] Total time: 58.526 s
[INFO] Finished at: 2016-09-19T15:36:09+02:00
[INFO] Final Memory: 83M/1022M
[INFO] ------------------------------------------------------------------------
